2026-09-17 22:29:40,885 - INFO - Save log to /autodl-fs/data/swa_exp/logs/ucf_2026-09-17-22-29-40
2026-09-17 22:29:40,886 - INFO - --------------- Configuration ---------------
2026-09-17 22:29:40,886 - INFO - Parameters: 
log_dir: /autodl-fs/data/swa_exp/logs
pretrained: ./training/pretrained/xception-b5690688.pth
model_name: ucf
backbone_name: xception
encoder_feat_dim: 512
backbone_config: {'mode': 'adjust_channel', 'num_classes': 2, 'inc': 3, 'dropout': False}
all_dataset: ['FaceForensics++', 'FF-F2F', 'FF-DF', 'FF-FS', 'FF-NT', 'FaceShifter', 'DeepFakeDetection', 'Celeb-DF-v1', 'Celeb-DF-v2', 'DFDCP', 'DFDC', 'DeeperForensics-1.0', 'UADFV']
train_dataset: ['FF-F2F', 'FF-DF', 'FF-FS', 'FF-NT']
test_dataset: ['Celeb-DF-v2']
dataset_type: pair
compression: c23
train_batchSize: 16
test_batchSize: 32
workers: 8
frame_num: {'train': 32, 'test': 32}
resolution: 256
with_mask: False
with_landmark: False
save_feat: True
label_dict: {'DFD_fake': 1, 'DFD_real': 0, 'FaceShifter': 1, 'FF-FH': 1, 'FF-DF': 1, 'FF-F2F': 2, 'FF-FS': 3, 'FF-NT': 4, 'FF-real': 0, 'CelebDFv1_real': 0, 'CelebDFv1_fake': 1, 'CelebDFv2_real': 0, 'CelebDFv2_fake': 1, 'DFDCP_Real': 0, 'DFDCP_FakeA': 1, 'DFDCP_FakeB': 1, 'DFDC_Fake': 1, 'DFDC_Real': 0, 'DF_fake': 1, 'DF_real': 0, 'UADFV_Fake': 1, 'UADFV_Real': 0, 'roop_Fake': 1, 'roop_Real': 0}
use_data_augmentation: True
data_aug: {'flip_prob': 0.5, 'rotate_prob': 0.5, 'rotate_limit': [-10, 10], 'blur_prob': 0.5, 'blur_limit': [3, 7], 'brightness_prob': 0.5, 'brightness_limit': [-0.1, 0.1], 'contrast_limit': [-0.1, 0.1], 'quality_lower': 40, 'quality_upper': 100}
mean: [0.5, 0.5, 0.5]
std: [0.5, 0.5, 0.5]
optimizer: {'type': 'adam', 'adam': {'lr': 0.0002, 'beta1': 0.9, 'beta2': 0.999, 'eps': 1e-08, 'weight_decay': 0.0005, 'amsgrad': False}, 'sgd': {'lr': 0.0002, 'momentum': 0.9, 'weight_decay': 0.0005}}
lr_scheduler: cosine
nEpochs: 3
start_epoch: 0
save_epoch: 1
rec_iter: 100
logdir: ./logs
manualSeed: 2048
save_ckpt: True
loss_func: {'cls_loss': 'cross_entropy', 'spe_loss': 'cross_entropy', 'con_loss': 'contrastive_regularization', 'rec_loss': 'l1loss', 'cons2_loss': 'cross_method_consistency'}
cross_method_consistency: False
consistency_weight: 0.1
consistency_temperature: 0.1
losstype: None
metric_scoring: auc
cuda: True
cudnn: False
lr_T_max: 3
lr_eta_min: 1e-06
SWA: True
swa_start: 2
spsa: False
rng_neutral_build: True
spsa_mode: spsa
swa_ws: [1.0, 0.5, 0.25, 0.125, 0.0625]
probe_every: 300
probe_grad_every: 1500
test_times_per_epoch: 6
bn_recalib_batches: 100
tail_lam: 0.2
mode: train
lmdb: False
dry_run: False
rgb_dir: ./datasets/rgb
lmdb_dir: ./datasets/lmdb
dataset_json_folder: ./preprocessing/dataset_json
save_avg: True
local_rank: 0
ddp: False

2026-09-17 22:29:42,903 - INFO - Load pretrained model successfully!
2026-09-17 22:29:44,643 - INFO - Load pretrained model successfully!
2026-09-17 22:29:49,102 - INFO - SWA window widths: 0.0625,0.125,0.25,0.5,1
2026-09-17 22:29:49,154 - INFO - ===> Epoch[0] start!
2026-09-17 22:29:49,394 - INFO - data_dict saved to /autodl-fs/data/swa_exp/logs/ucf_2026-09-17-22-29-40/train/FF-F2F,FF-DF,FF-FS,FF-NT/data_dict_train.pickle
2026-09-17 22:29:51,115 - INFO - MEMDBG iter0 start alloc=1.06GB reserved=1.11GB
2026-09-17 22:29:52,886 - INFO - Iter: 0    training-loss, overall: 2.0360140800476074    training-loss, common: 0.6927101612091064    training-loss, specific: 1.6210964918136597    training-loss, reconstruction: 1.9672528505325317    training-loss, contrastive: 11.820367813110352    
2026-09-17 22:29:52,933 - INFO - Iter: 0    training-metric, acc: 0.53125    training-metric, acc_spe: 0.09375    training-metric, auc: 0.56640625    training-metric, eer: 0.5    training-metric, ap: 0.639390252444688    
2026-09-17 22:29:52,934 - INFO - MEMDBG iter0 end alloc=1.72GB peak=12.67GB
2026-09-17 22:29:52,938 - INFO - MEMDBG iter1 start alloc=1.72GB reserved=13.66GB
2026-09-17 22:29:53,579 - INFO - MEMDBG iter1 end alloc=1.75GB peak=13.28GB
2026-09-17 22:29:53,583 - INFO - MEMDBG iter2 start alloc=1.70GB reserved=14.08GB
2026-09-17 22:29:54,154 - INFO - MEMDBG iter2 end alloc=1.73GB peak=13.28GB
2026-09-17 22:29:54,158 - INFO - MEMDBG iter3 start alloc=1.73GB reserved=14.08GB
2026-09-17 22:29:54,710 - INFO - MEMDBG iter3 end alloc=1.75GB peak=13.28GB
2026-09-17 22:32:49,788 - INFO - Iter: 300    training-loss, overall: 1.5544100999832153    training-loss, common: 0.5873382091522217    training-loss, specific: 1.3140740394592285    training-loss, reconstruction: 1.204884648323059    training-loss, contrastive: 9.483976364135742    
2026-09-17 22:32:49,789 - INFO - Iter: 300    training-metric, acc: 0.6841666666666667    training-metric, acc_spe: 0.52375    training-metric, auc: 0.7439583333333334    training-metric, eer: 0.3102083333333333    training-metric, ap: 0.760380413647316    
2026-09-17 22:35:47,688 - INFO - Iter: 600    training-loss, overall: 1.1217443943023682    training-loss, common: 0.4357745945453644    training-loss, specific: 1.1186217069625854    training-loss, reconstruction: 0.7988908290863037    training-loss, contrastive: 6.688806533813477    
2026-09-17 22:35:47,689 - INFO - Iter: 600    training-metric, acc: 0.8014583333333334    training-metric, acc_spe: 0.5716666666666667    training-metric, auc: 0.8795963541666667    training-metric, eer: 0.18770833333333334    training-metric, ap: 0.8906418060114072    
2026-09-17 22:38:45,178 - INFO - Iter: 900    training-loss, overall: 0.9738301634788513    training-loss, common: 0.3817906379699707    training-loss, specific: 1.0389409065246582    training-loss, reconstruction: 0.6953246593475342    training-loss, contrastive: 5.590964317321777    
2026-09-17 22:38:45,179 - INFO - Iter: 900    training-metric, acc: 0.8310416666666667    training-metric, acc_spe: 0.59875    training-metric, auc: 0.9100065104166667    training-metric, eer: 0.15604166666666666    training-metric, ap: 0.9211718024611449    
2026-09-17 22:39:18,226 - INFO - ===> Test start!
2026-09-17 22:39:18,261 - INFO - data_dict saved to /autodl-fs/data/swa_exp/logs/ucf_2026-09-17-22-29-40/test/Celeb-DF-v2/data_dict_test.pickle
2026-09-17 22:39:49,305 - INFO - Checkpoint saved to /autodl-fs/data/swa_exp/logs/ucf_2026-09-17-22-29-40/test/Celeb-DF-v2/ckpt_best.pth, current ckpt is 0+956
2026-09-17 22:39:49,317 - INFO - Metrics saved to /autodl-fs/data/swa_exp/logs/ucf_2026-09-17-22-29-40/test/Celeb-DF-v2/metric_dict_best.pickle
2026-09-17 22:39:49,326 - INFO - dataset: Celeb-DF-v2    step: 956    testing-loss, common: 1.1175907850265503    
2026-09-17 22:39:49,375 - INFO - dataset: Celeb-DF-v2    step: 956    testing-metric, acc: 0.5379415347137637    testing-metric, auc: 0.7199073003163305    testing-metric, eer: 0.34395017793594307    testing-metric, ap: 0.8213686207372037    testing-metric, video_auc: 0.7727362855254463    testing-metric, acc_real:0.8685053380782918; acc_fake:0.36592592592592593
2026-09-17 22:39:51,135 - INFO - Checkpoint saved to /autodl-fs/data/swa_exp/logs/ucf_2026-09-17-22-29-40/test/avg/ckpt_best.pth, current ckpt is 0+956
2026-09-17 22:39:51,142 - INFO - Metrics saved to /autodl-fs/data/swa_exp/logs/ucf_2026-09-17-22-29-40/test/avg/metric_dict_best.pickle
2026-09-17 22:39:51,206 - INFO - dataset: avg    step: 956    testing-metric, acc: 0.5379415347137637    testing-metric, auc: 0.7199073003163305    testing-metric, eer: 0.34395017793594307    testing-metric, ap: 0.8213686207372037    testing-metric, video_auc: 0.7727362855254463    
2026-09-17 22:39:51,207 - INFO - ===> Test Done!
2026-09-17 22:39:52,947 - INFO - Step ckpt saved: step_956.pth
2026-09-17 22:42:17,772 - INFO - Iter: 1200    training-loss, overall: 0.8557950258255005    training-loss, common: 0.3348742425441742    training-loss, specific: 0.9345987439155579    training-loss, reconstruction: 0.6294763088226318    training-loss, contrastive: 4.772359848022461    
2026-09-17 22:42:17,773 - INFO - Iter: 1200    training-metric, acc: 0.8541666666666666    training-metric, acc_spe: 0.6514583333333334    training-metric, auc: 0.9316015625    training-metric, eer: 0.12604166666666666    training-metric, ap: 0.939239838344458    
2026-09-17 22:45:15,515 - INFO - Iter: 1500    training-loss, overall: 0.7913690209388733    training-loss, common: 0.31027060747146606    training-loss, specific: 0.8799541592597961    training-loss, reconstruction: 0.5982503294944763    training-loss, contrastive: 4.272554874420166    
2026-09-17 22:45:15,515 - INFO - Iter: 1500    training-metric, acc: 0.8683333333333333    training-metric, acc_spe: 0.6741666666666667    training-metric, auc: 0.9397005208333333    training-metric, eer: 0.113125    training-metric, ap: 0.9453780253666323    
2026-09-17 22:48:12,613 - INFO - Iter: 1800    training-loss, overall: 0.733089029788971    training-loss, common: 0.2891617715358734    training-loss, specific: 0.810895562171936    training-loss, reconstruction: 0.5626189112663269    training-loss, contrastive: 3.881042242050171    
2026-09-17 22:48:12,614 - INFO - Iter: 1800    training-metric, acc: 0.8775    training-metric, acc_spe: 0.7054166666666667    training-metric, auc: 0.9480013020833333    training-metric, eer: 0.10041666666666667    training-metric, ap: 0.9540945917982748    
2026-09-17 22:49:19,752 - INFO - ===> Test start!
2026-09-17 22:49:19,790 - INFO - data_dict saved to /autodl-fs/data/swa_exp/logs/ucf_2026-09-17-22-29-40/test/Celeb-DF-v2/data_dict_test.pickle
2026-09-17 22:49:48,456 - INFO - dataset: Celeb-DF-v2    step: 1913    testing-loss, common: 1.4512616395950317    
2026-09-17 22:49:48,458 - INFO - dataset: Celeb-DF-v2    step: 1913    testing-metric, acc: 0.48721071863581    testing-metric, auc: 0.7098291567813365    testing-metric, eer: 0.34679715302491104    testing-metric, ap: 0.8068975015466924    testing-metric, video_auc: 0.7606576338400528    testing-metric, acc_real:0.9097864768683274; acc_fake:0.26731481481481484
2026-09-17 22:49:48,458 - INFO - dataset: avg    step: 1913    testing-metric, acc: 0.48721071863581    testing-metric, auc: 0.7098291567813365    testing-metric, eer: 0.34679715302491104    testing-metric, ap: 0.8068975015466924    testing-metric, video_auc: 0.7606576338400528    
2026-09-17 22:49:48,459 - INFO - ===> Test Done!
2026-09-17 22:49:50,222 - INFO - Step ckpt saved: step_1913.pth
2026-09-17 22:51:41,067 - INFO - Iter: 2100    training-loss, overall: 0.6632835268974304    training-loss, common: 0.25886672735214233    training-loss, specific: 0.747100293636322    training-loss, reconstruction: 0.5349197387695312    training-loss, contrastive: 3.3846142292022705    
2026-09-17 22:51:41,067 - INFO - Iter: 2100    training-metric, acc: 0.8917708333333333    training-metric, acc_spe: 0.7310416666666667    training-metric, auc: 0.9566080729166667    training-metric, eer: 0.09458333333333334    training-metric, ap: 0.9612747769525142    
2026-09-17 22:54:39,212 - INFO - Iter: 2400    training-loss, overall: 0.6471863985061646    training-loss, common: 0.2572415769100189    training-loss, specific: 0.7141390442848206    training-loss, reconstruction: 0.5260307192802429    training-loss, contrastive: 3.2144315242767334    
2026-09-17 22:54:39,212 - INFO - Iter: 2400    training-metric, acc: 0.8941666666666667    training-metric, acc_spe: 0.7554166666666666    training-metric, auc: 0.9580208333333333    training-metric, eer: 0.08770833333333333    training-metric, ap: 0.9635621269311498    
2026-09-17 22:57:36,998 - INFO - Iter: 2700    training-loss, overall: 0.6089739799499512    training-loss, common: 0.24009782075881958    training-loss, specific: 0.6562468409538269    training-loss, reconstruction: 0.5124314427375793    training-loss, contrastive: 2.9904415607452393    
2026-09-17 22:57:36,999 - INFO - Iter: 2700    training-metric, acc: 0.9003125    training-metric, acc_spe: 0.7752083333333334    training-metric, auc: 0.9627083333333334    training-metric, eer: 0.08583333333333333    training-metric, ap: 0.9676542057037453    
2026-09-17 22:59:17,525 - INFO - ===> Test start!
2026-09-17 22:59:17,561 - INFO - data_dict saved to /autodl-fs/data/swa_exp/logs/ucf_2026-09-17-22-29-40/test/Celeb-DF-v2/data_dict_test.pickle
2026-09-17 22:59:48,217 - INFO - Checkpoint saved to /autodl-fs/data/swa_exp/logs/ucf_2026-09-17-22-29-40/test/Celeb-DF-v2/ckpt_best.pth, current ckpt is 0+2870
2026-09-17 22:59:48,231 - INFO - Metrics saved to /autodl-fs/data/swa_exp/logs/ucf_2026-09-17-22-29-40/test/Celeb-DF-v2/metric_dict_best.pickle
2026-09-17 22:59:48,234 - INFO - dataset: Celeb-DF-v2    step: 2870    testing-loss, common: 1.1922074556350708    
2026-09-17 22:59:48,237 - INFO - dataset: Celeb-DF-v2    step: 2870    testing-metric, acc: 0.5451278928136419    testing-metric, auc: 0.7264476983656254    testing-metric, eer: 0.3373665480427046    testing-metric, ap: 0.8245789192455504    testing-metric, video_auc: 0.7767514871116986    testing-metric, acc_real:0.8619217081850534; acc_fake:0.38027777777777777
2026-09-17 22:59:50,007 - INFO - Checkpoint saved to /autodl-fs/data/swa_exp/logs/ucf_2026-09-17-22-29-40/test/avg/ckpt_best.pth, current ckpt is 0+2870
2026-09-17 22:59:50,015 - INFO - Metrics saved to /autodl-fs/data/swa_exp/logs/ucf_2026-09-17-22-29-40/test/avg/metric_dict_best.pickle
2026-09-17 22:59:50,015 - INFO - dataset: avg    step: 2870    testing-metric, acc: 0.5451278928136419    testing-metric, auc: 0.7264476983656254    testing-metric, eer: 0.3373665480427046    testing-metric, ap: 0.8245789192455504    testing-metric, video_auc: 0.7767514871116986    
2026-09-17 22:59:50,017 - INFO - ===> Test Done!
2026-09-17 22:59:51,792 - INFO - Step ckpt saved: step_2870.pth
2026-09-17 23:01:10,067 - INFO - Iter: 3000    training-loss, overall: 0.5903277397155762    training-loss, common: 0.23207977414131165    training-loss, specific: 0.6451875567436218    training-loss, reconstruction: 0.4990421533584595    training-loss, contrastive: 2.8803300857543945    
2026-09-17 23:01:10,068 - INFO - Iter: 3000    training-metric, acc: 0.9059375    training-metric, acc_spe: 0.7822916666666667    training-metric, auc: 0.9662955729166667    training-metric, eer: 0.0775    training-metric, ap: 0.9711646687599532    
2026-09-17 23:04:07,673 - INFO - Iter: 3300    training-loss, overall: 0.5631126165390015    training-loss, common: 0.22136899828910828    training-loss, specific: 0.596316933631897    training-loss, reconstruction: 0.49342331290245056    training-loss, contrastive: 2.6816956996917725    
2026-09-17 23:04:07,673 - INFO - Iter: 3300    training-metric, acc: 0.9057291666666667    training-metric, acc_spe: 0.7997916666666667    training-metric, auc: 0.9678645833333334    training-metric, eer: 0.07520833333333334    training-metric, ap: 0.9721816097227342    
2026-09-17 23:07:03,707 - INFO - Iter: 3600    training-loss, overall: 0.5570293068885803    training-loss, common: 0.21928639709949493    training-loss, specific: 0.5685433745384216    training-loss, reconstruction: 0.48899903893470764    training-loss, contrastive: 2.683774471282959    
2026-09-17 23:07:03,707 - INFO - Iter: 3600    training-metric, acc: 0.9102083333333333    training-metric, acc_spe: 0.8186458333333333    training-metric, auc: 0.96818359375    training-metric, eer: 0.076875    training-metric, ap: 0.972226680520483    
2026-09-17 23:09:16,497 - INFO - ===> Test start!
2026-09-17 23:09:16,534 - INFO - data_dict saved to /autodl-fs/data/swa_exp/logs/ucf_2026-09-17-22-29-40/test/Celeb-DF-v2/data_dict_test.pickle
2026-09-17 23:09:45,502 - INFO - dataset: Celeb-DF-v2    step: 3827    testing-loss, common: 0.8808839321136475    
2026-09-17 23:09:45,504 - INFO - dataset: Celeb-DF-v2    step: 3827    testing-metric, acc: 0.6323386114494519    testing-metric, auc: 0.7185818670093581    testing-metric, eer: 0.34466192170818505    testing-metric, ap: 0.8223738141027175    testing-metric, video_auc: 0.7748512888301389    testing-metric, acc_real:0.708185053380783; acc_fake:0.5928703703703704
2026-09-17 23:09:45,504 - INFO - dataset: avg    step: 3827    testing-metric, acc: 0.6323386114494519    testing-metric, auc: 0.7185818670093581    testing-metric, eer: 0.34466192170818505    testing-metric, ap: 0.8223738141027175    testing-metric, video_auc: 0.7748512888301389    
2026-09-17 23:09:45,505 - INFO - ===> Test Done!
2026-09-17 23:09:47,274 - INFO - Step ckpt saved: step_3827.pth
2026-09-17 23:10:30,253 - INFO - Iter: 3900    training-loss, overall: 0.5439059138298035    training-loss, common: 0.21309790015220642    training-loss, specific: 0.5601093769073486    training-loss, reconstruction: 0.48041245341300964    training-loss, contrastive: 2.6134650707244873    
2026-09-17 23:10:30,253 - INFO - Iter: 3900    training-metric, acc: 0.9115625    training-metric, acc_spe: 0.8195833333333333    training-metric, auc: 0.9704231770833334    training-metric, eer: 0.07    training-metric, ap: 0.9741350577170432    
2026-09-17 23:13:26,552 - INFO - Iter: 4200    training-loss, overall: 0.5129345059394836    training-loss, common: 0.20368340611457825    training-loss, specific: 0.5202593207359314    training-loss, reconstruction: 0.4680536985397339    training-loss, contrastive: 2.3361823558807373    
2026-09-17 23:13:26,553 - INFO - Iter: 4200    training-metric, acc: 0.9148958333333334    training-metric, acc_spe: 0.8380208333333333    training-metric, auc: 0.9734375    training-metric, eer: 0.06208333333333333    training-metric, ap: 0.9760967763863715    
2026-09-17 23:16:20,877 - INFO - Iter: 4500    training-loss, overall: 0.5048193335533142    training-loss, common: 0.19811247289180756    training-loss, specific: 0.5068460702896118    training-loss, reconstruction: 0.4702138900756836    training-loss, contrastive: 2.2991621494293213    
2026-09-17 23:16:20,878 - INFO - Iter: 4500    training-metric, acc: 0.9190625    training-metric, acc_spe: 0.8389583333333334    training-metric, auc: 0.9756184895833333    training-metric, eer: 0.06145833333333333    training-metric, ap: 0.9778690386713165    
2026-09-17 23:19:05,976 - INFO - ===> Test start!
2026-09-17 23:19:06,011 - INFO - data_dict saved to /autodl-fs/data/swa_exp/logs/ucf_2026-09-17-22-29-40/test/Celeb-DF-v2/data_dict_test.pickle
2026-09-17 23:19:34,484 - INFO - dataset: Celeb-DF-v2    step: 4784    testing-loss, common: 1.3827013969421387    
2026-09-17 23:19:34,485 - INFO - dataset: Celeb-DF-v2    step: 4784    testing-metric, acc: 0.5472594397076735    testing-metric, auc: 0.6988367684855674    testing-metric, eer: 0.3601423487544484    testing-metric, ap: 0.8085608693043301    testing-metric, video_auc: 0.7588235294117647    testing-metric, acc_real:0.8361209964412811; acc_fake:0.39694444444444443
2026-09-17 23:19:34,486 - INFO - dataset: avg    step: 4784    testing-metric, acc: 0.5472594397076735    testing-metric, auc: 0.6988367684855674    testing-metric, eer: 0.3601423487544484    testing-metric, ap: 0.8085608693043301    testing-metric, video_auc: 0.7588235294117647    
2026-09-17 23:19:34,486 - INFO - ===> Test Done!
2026-09-17 23:19:36,301 - INFO - Step ckpt saved: step_4784.pth
2026-09-17 23:19:45,626 - INFO - Iter: 4800    training-loss, overall: 0.4840984642505646    training-loss, common: 0.18946313858032227    training-loss, specific: 0.4769987463951111    training-loss, reconstruction: 0.4577448070049286    training-loss, contrastive: 2.1922407150268555    
2026-09-17 23:19:45,626 - INFO - Iter: 4800    training-metric, acc: 0.9215625    training-metric, acc_spe: 0.85125    training-metric, auc: 0.9761653645833334    training-metric, eer: 0.060625    training-metric, ap: 0.9785656212180159    
2026-09-17 23:22:42,814 - INFO - Iter: 5100    training-loss, overall: 0.5015683174133301    training-loss, common: 0.20023761689662933    training-loss, specific: 0.5077874660491943    training-loss, reconstruction: 0.4493069648742676    training-loss, contrastive: 2.315199136734009    
2026-09-17 23:22:42,814 - INFO - Iter: 5100    training-metric, acc: 0.916875    training-metric, acc_spe: 0.8389583333333334    training-metric, auc: 0.9744661458333334    training-metric, eer: 0.06125    training-metric, ap: 0.9772674117759874    
2026-09-17 23:25:38,690 - INFO - Iter: 5400    training-loss, overall: 0.48214951157569885    training-loss, common: 0.19311028718948364    training-loss, specific: 0.4650968909263611    training-loss, reconstruction: 0.444518506526947    training-loss, contrastive: 2.1834824085235596    
2026-09-17 23:25:38,691 - INFO - Iter: 5400    training-metric, acc: 0.9185416666666667    training-metric, acc_spe: 0.8571875    training-metric, auc: 0.97525390625    training-metric, eer: 0.059583333333333335    training-metric, ap: 0.9784929265295388    
2026-09-17 23:28:34,135 - INFO - Iter: 5700    training-loss, overall: 0.4801159203052521    training-loss, common: 0.19070443511009216    training-loss, specific: 0.45179516077041626    training-loss, reconstruction: 0.44852301478385925    training-loss, contrastive: 2.193500280380249    
2026-09-17 23:28:34,136 - INFO - Iter: 5700    training-metric, acc: 0.9222916666666666    training-metric, acc_spe: 0.861875    training-metric, auc: 0.976484375    training-metric, eer: 0.057291666666666664    training-metric, ap: 0.9800396853578908    
2026-09-17 23:28:58,594 - INFO - ===> Test start!
2026-09-17 23:28:58,629 - INFO - data_dict saved to /autodl-fs/data/swa_exp/logs/ucf_2026-09-17-22-29-40/test/Celeb-DF-v2/data_dict_test.pickle
2026-09-17 23:29:27,343 - INFO - dataset: Celeb-DF-v2    step: 5741    testing-loss, common: 2.2319400310516357    
2026-09-17 23:29:27,345 - INFO - dataset: Celeb-DF-v2    step: 5741    testing-metric, acc: 0.4417783191230207    testing-metric, auc: 0.6752320169368656    testing-metric, eer: 0.3763345195729537    testing-metric, ap: 0.7857584371299855    testing-metric, video_auc: 0.7156146728354263    testing-metric, acc_real:0.9350533807829181; acc_fake:0.1850925925925926
2026-09-17 23:29:27,346 - INFO - dataset: avg    step: 5741    testing-metric, acc: 0.4417783191230207    testing-metric, auc: 0.6752320169368656    testing-metric, eer: 0.3763345195729537    testing-metric, ap: 0.7857584371299855    testing-metric, video_auc: 0.7156146728354263    
2026-09-17 23:29:27,347 - INFO - ===> Test Done!
2026-09-17 23:29:29,520 - INFO - Step ckpt saved: step_5741.pth
2026-09-17 23:29:30,965 - INFO - ===> Epoch[0] end with testing auc: 
================================ Each dataset best metric ================================ 
| Celeb-DF-v2:  auc=0.7264476983656254 | 
============================================================================================= 
================================== Average best metric ====================================== 
| avg auc: 0.7264476983656254 | 
| Celeb-DF-v2: 0.7264476983656254 | 
=============================================================================================!
2026-09-17 23:29:30,966 - INFO - ===> Epoch[0] end, current lr = 0.000200
2026-09-17 23:29:30,967 - INFO - ===> Epoch[1] start!
2026-09-17 23:29:31,223 - INFO - data_dict saved to /autodl-fs/data/swa_exp/logs/ucf_2026-09-17-22-29-40/train/FF-F2F,FF-DF,FF-FS,FF-NT/data_dict_train.pickle
2026-09-17 23:29:33,123 - INFO - MEMDBG iter0 start alloc=1.66GB reserved=14.11GB
2026-09-17 23:29:34,045 - INFO - Iter: 5744    training-loss, overall: 0.3326190412044525    training-loss, common: 0.12832623720169067    training-loss, specific: 0.4915444850921631    training-loss, reconstruction: 0.39563074707984924    training-loss, contrastive: 0.7289826273918152    
2026-09-17 23:29:34,046 - INFO - Iter: 5744    training-metric, acc: 0.9375    training-metric, acc_spe: 0.8125    training-metric, auc: 0.9921875    training-metric, eer: 0.0    training-metric, ap: 0.9930555555555556    
2026-09-17 23:29:34,048 - INFO - MEMDBG iter0 end alloc=1.73GB peak=13.29GB
2026-09-17 23:29:34,053 - INFO - MEMDBG iter1 start alloc=1.73GB reserved=14.11GB
2026-09-17 23:29:34,635 - INFO - MEMDBG iter1 end alloc=1.75GB peak=13.29GB
2026-09-17 23:29:34,639 - INFO - MEMDBG iter2 start alloc=1.70GB reserved=14.11GB
2026-09-17 23:29:35,219 - INFO - MEMDBG iter2 end alloc=1.73GB peak=13.29GB
2026-09-17 23:29:35,225 - INFO - MEMDBG iter3 start alloc=1.73GB reserved=14.11GB
2026-09-17 23:29:35,808 - INFO - MEMDBG iter3 end alloc=1.75GB peak=13.29GB
2026-09-17 23:32:31,514 - INFO - Iter: 6044    training-loss, overall: 0.4239220917224884    training-loss, common: 0.16274094581604004    training-loss, specific: 0.4086768329143524    training-loss, reconstruction: 0.42891988158226013    training-loss, contrastive: 1.8327497243881226    
2026-09-17 23:32:31,515 - INFO - Iter: 6044    training-metric, acc: 0.9307291666666667    training-metric, acc_spe: 0.8772916666666667    training-metric, auc: 0.98205078125    training-metric, eer: 0.05    training-metric, ap: 0.9848499166486306    
2026-09-17 23:35:28,256 - INFO - Iter: 6344    training-loss, overall: 0.43113937973976135    training-loss, common: 0.16849951446056366    training-loss, specific: 0.40630242228507996    training-loss, reconstruction: 0.4258572459220886    training-loss, contrastive: 1.885047197341919    
2026-09-17 23:35:28,257 - INFO - Iter: 6344    training-metric, acc: 0.9269791666666667    training-metric, acc_spe: 0.8720833333333333    training-metric, auc: 0.9810026041666666    training-metric, eer: 0.05479166666666667    training-metric, ap: 0.9829961138457108    
2026-09-17 23:38:25,495 - INFO - Iter: 6644    training-loss, overall: 0.4248262047767639    training-loss, common: 0.16735853254795074    training-loss, specific: 0.3937273323535919    training-loss, reconstruction: 0.41407859325408936    training-loss, contrastive: 1.8774280548095703    
2026-09-17 23:38:25,496 - INFO - Iter: 6644    training-metric, acc: 0.9291666666666667    training-metric, acc_spe: 0.8791666666666667    training-metric, auc: 0.9816145833333333    training-metric, eer: 0.049791666666666665    training-metric, ap: 0.9838172824195103    
2026-09-17 23:38:57,351 - INFO - ===> Test start!
2026-09-17 23:38:57,388 - INFO - data_dict saved to /autodl-fs/data/swa_exp/logs/ucf_2026-09-17-22-29-40/test/Celeb-DF-v2/data_dict_test.pickle
2026-09-17 23:39:26,021 - INFO - dataset: Celeb-DF-v2    step: 6698    testing-loss, common: 1.6404430866241455    
2026-09-17 23:39:26,023 - INFO - dataset: Celeb-DF-v2    step: 6698    testing-metric, acc: 0.4930572472594397    testing-metric, auc: 0.6973602214313958    testing-metric, eer: 0.3620996441281139    testing-metric, ap: 0.7962006202862371    testing-metric, video_auc: 0.7354263053536021    testing-metric, acc_real:0.8806049822064057; acc_fake:0.29138888888888886
2026-09-17 23:39:26,023 - INFO - dataset: avg    step: 6698    testing-metric, acc: 0.4930572472594397    testing-metric, auc: 0.6973602214313958    testing-metric, eer: 0.3620996441281139    testing-metric, ap: 0.7962006202862371    testing-metric, video_auc: 0.7354263053536021    
2026-09-17 23:39:26,024 - INFO - ===> Test Done!
2026-09-17 23:39:28,149 - INFO - Step ckpt saved: step_6698.pth
2026-09-17 23:41:52,493 - INFO - Iter: 6944    training-loss, overall: 0.4166635572910309    training-loss, common: 0.16464494168758392    training-loss, specific: 0.40002524852752686    training-loss, reconstruction: 0.4047814905643463    training-loss, contrastive: 1.811635136604309    
2026-09-17 23:41:52,493 - INFO - Iter: 6944    training-metric, acc: 0.9313541666666667    training-metric, acc_spe: 0.8738541666666667    training-metric, auc: 0.9814908854166666    training-metric, eer: 0.04791666666666667    training-metric, ap: 0.9837724385195351    
2026-09-17 23:44:49,596 - INFO - Iter: 7244    training-loss, overall: 0.3905514180660248    training-loss, common: 0.15293101966381073    training-loss, specific: 0.36626601219177246    training-loss, reconstruction: 0.4081660807132721    training-loss, contrastive: 1.5708811283111572    
2026-09-17 23:44:49,597 - INFO - Iter: 7244    training-metric, acc: 0.9333333333333333    training-metric, acc_spe: 0.8892708333333333    training-metric, auc: 0.9843619791666667    training-metric, eer: 0.04708333333333333    training-metric, ap: 0.9856861444892354    
2026-09-17 23:47:47,109 - INFO - Iter: 7544    training-loss, overall: 0.39466047286987305    training-loss, common: 0.15411150455474854    training-loss, specific: 0.38099467754364014    training-loss, reconstruction: 0.40285685658454895    training-loss, contrastive: 1.631848692893982    
2026-09-17 23:47:47,110 - INFO - Iter: 7544    training-metric, acc: 0.9347916666666667    training-metric, acc_spe: 0.8866666666666667    training-metric, auc: 0.9839583333333334    training-metric, eer: 0.0475    training-metric, ap: 0.985825755105288    
2026-09-17 23:48:52,242 - INFO - ===> Test start!
2026-09-17 23:48:52,278 - INFO - data_dict saved to /autodl-fs/data/swa_exp/logs/ucf_2026-09-17-22-29-40/test/Celeb-DF-v2/data_dict_test.pickle
2026-09-17 23:49:20,683 - INFO - dataset: Celeb-DF-v2    step: 7655    testing-loss, common: 1.9991576671600342    
2026-09-17 23:49:20,685 - INFO - dataset: Celeb-DF-v2    step: 7655    testing-metric, acc: 0.4641291108404385    testing-metric, auc: 0.7098448085541057    testing-metric, eer: 0.3508896797153025    testing-metric, ap: 0.8031266069285448    testing-metric, video_auc: 0.7406311962987442    testing-metric, acc_real:0.9147686832740214; acc_fake:0.22962962962962963
2026-09-17 23:49:20,685 - INFO - dataset: avg    step: 7655    testing-metric, acc: 0.4641291108404385    testing-metric, auc: 0.7098448085541057    testing-metric, eer: 0.3508896797153025    testing-metric, ap: 0.8031266069285448    testing-metric, video_auc: 0.7406311962987442    
2026-09-17 23:49:20,686 - INFO - ===> Test Done!
2026-09-17 23:49:22,894 - INFO - Step ckpt saved: step_7655.pth
2026-09-17 23:51:13,642 - INFO - Iter: 7844    training-loss, overall: 0.39082396030426025    training-loss, common: 0.15365789830684662    training-loss, specific: 0.3633500635623932    training-loss, reconstruction: 0.3986770808696747    training-loss, contrastive: 1.624556303024292    
2026-09-17 23:51:13,642 - INFO - Iter: 7844    training-metric, acc: 0.9363541666666667    training-metric, acc_spe: 0.8917708333333333    training-metric, auc: 0.9840755208333334    training-metric, eer: 0.045    training-metric, ap: 0.9862505826166362    
2026-09-17 23:54:10,610 - INFO - Iter: 8144    training-loss, overall: 0.40108874440193176    training-loss, common: 0.16021457314491272    training-loss, specific: 0.3802989721298218    training-loss, reconstruction: 0.39483562111854553    training-loss, contrastive: 1.687868356704712    
2026-09-17 23:54:10,611 - INFO - Iter: 8144    training-metric, acc: 0.9326041666666667    training-metric, acc_spe: 0.885    training-metric, auc: 0.9830924479166666    training-metric, eer: 0.049166666666666664    training-metric, ap: 0.9849693982852116    
2026-09-17 23:57:05,732 - INFO - Iter: 8444    training-loss, overall: 0.3664223849773407    training-loss, common: 0.14254839718341827    training-loss, specific: 0.3425532877445221    training-loss, reconstruction: 0.393818199634552    training-loss, contrastive: 1.4294629096984863    
2026-09-17 23:57:05,733 - INFO - Iter: 8444    training-metric, acc: 0.9398958333333334    training-metric, acc_spe: 0.8957291666666667    training-metric, auc: 0.9858854166666666    training-metric, eer: 0.03916666666666667    training-metric, ap: 0.9876740029715543    
2026-09-17 23:58:41,991 - INFO - ===> Test start!
2026-09-17 23:58:42,027 - INFO - data_dict saved to /autodl-fs/data/swa_exp/logs/ucf_2026-09-17-22-29-40/test/Celeb-DF-v2/data_dict_test.pickle
2026-09-17 23:59:12,857 - INFO - Checkpoint saved to /autodl-fs/data/swa_exp/logs/ucf_2026-09-17-22-29-40/test/Celeb-DF-v2/ckpt_best.pth, current ckpt is 1+2868
2026-09-17 23:59:12,870 - INFO - Metrics saved to /autodl-fs/data/swa_exp/logs/ucf_2026-09-17-22-29-40/test/Celeb-DF-v2/metric_dict_best.pickle
2026-09-17 23:59:12,872 - INFO - dataset: Celeb-DF-v2    step: 8612    testing-loss, common: 1.0909849405288696    
2026-09-17 23:59:12,875 - INFO - dataset: Celeb-DF-v2    step: 8612    testing-metric, acc: 0.5670523751522534    testing-metric, auc: 0.7717882891788586    testing-metric, eer: 0.30177935943060497    testing-metric, ap: 0.8477188625502537    testing-metric, video_auc: 0.8288830138797092    testing-metric, acc_real:0.8829181494661922; acc_fake:0.4026851851851852
2026-09-17 23:59:15,208 - INFO - Checkpoint saved to /autodl-fs/data/swa_exp/logs/ucf_2026-09-17-22-29-40/test/avg/ckpt_best.pth, current ckpt is 1+2868
2026-09-17 23:59:15,216 - INFO - Metrics saved to /autodl-fs/data/swa_exp/logs/ucf_2026-09-17-22-29-40/test/avg/metric_dict_best.pickle
2026-09-17 23:59:15,217 - INFO - dataset: avg    step: 8612    testing-metric, acc: 0.5670523751522534    testing-metric, auc: 0.7717882891788586    testing-metric, eer: 0.30177935943060497    testing-metric, ap: 0.8477188625502537    testing-metric, video_auc: 0.8288830138797092    
2026-09-17 23:59:15,218 - INFO - ===> Test Done!
2026-09-17 23:59:17,540 - INFO - Step ckpt saved: step_8612.pth
2026-09-18 00:00:35,758 - INFO - Iter: 8744    training-loss, overall: 0.3794139325618744    training-loss, common: 0.14803467690944672    training-loss, specific: 0.350345641374588    training-loss, reconstruction: 0.38824939727783203    training-loss, contrastive: 1.597395420074463    
2026-09-18 00:00:35,759 - INFO - Iter: 8744    training-metric, acc: 0.9383333333333334    training-metric, acc_spe: 0.8957291666666667    training-metric, auc: 0.9854166666666667    training-metric, eer: 0.043541666666666666    training-metric, ap: 0.9867390288009497    
2026-09-18 00:03:32,033 - INFO - Iter: 9044    training-loss, overall: 0.3701302111148834    training-loss, common: 0.1443968266248703    training-loss, specific: 0.3464661240577698    training-loss, reconstruction: 0.3905886709690094    training-loss, contrastive: 1.4782050848007202    
2026-09-18 00:03:32,034 - INFO - Iter: 9044    training-metric, acc: 0.9347916666666667    training-metric, acc_spe: 0.8932291666666666    training-metric, auc: 0.9862434895833333    training-metric, eer: 0.048541666666666664    training-metric, ap: 0.9873698384301463    
2026-09-18 00:06:29,174 - INFO - Iter: 9344    training-loss, overall: 0.3582231104373932    training-loss, common: 0.13910652697086334    training-loss, specific: 0.34238189458847046    training-loss, reconstruction: 0.3829326331615448    training-loss, contrastive: 1.3999688625335693    
2026-09-18 00:06:29,175 - INFO - Iter: 9344    training-metric, acc: 0.9445833333333333    training-metric, acc_spe: 0.8936458333333334    training-metric, auc: 0.9871809895833333    training-metric, eer: 0.037083333333333336    training-metric, ap: 0.9883282857979261    
2026-09-18 00:08:41,458 - INFO - ===> Test start!
2026-09-18 00:08:41,498 - INFO - data_dict saved to /autodl-fs/data/swa_exp/logs/ucf_2026-09-17-22-29-40/test/Celeb-DF-v2/data_dict_test.pickle
2026-09-18 00:09:10,086 - INFO - dataset: Celeb-DF-v2    step: 9569    testing-loss, common: 2.115651845932007    
2026-09-18 00:09:10,088 - INFO - dataset: Celeb-DF-v2    step: 9569    testing-metric, acc: 0.4957978075517661    testing-metric, auc: 0.7096731745090286    testing-metric, eer: 0.35480427046263346    testing-metric, ap: 0.8122696648731725    testing-metric, video_auc: 0.7600297422339722    testing-metric, acc_real:0.903202846975089; acc_fake:0.28379629629629627
2026-09-18 00:09:10,088 - INFO - dataset: avg    step: 9569    testing-metric, acc: 0.4957978075517661    testing-metric, auc: 0.7096731745090286    testing-metric, eer: 0.35480427046263346    testing-metric, ap: 0.8122696648731725    testing-metric, video_auc: 0.7600297422339722    
2026-09-18 00:09:10,089 - INFO - ===> Test Done!
2026-09-18 00:09:12,415 - INFO - Step ckpt saved: step_9569.pth
2026-09-18 00:09:56,355 - INFO - Iter: 9644    training-loss, overall: 0.35955145955085754    training-loss, common: 0.13932180404663086    training-loss, specific: 0.3321612477302551    training-loss, reconstruction: 0.3864867687225342    training-loss, contrastive: 1.4213526248931885    
2026-09-18 00:09:56,356 - INFO - Iter: 9644    training-metric, acc: 0.9427083333333334    training-metric, acc_spe: 0.8964583333333334    training-metric, auc: 0.98693359375    training-metric, eer: 0.038125    training-metric, ap: 0.9877919208097582    
2026-09-18 00:12:53,422 - INFO - Iter: 9944    training-loss, overall: 0.36625561118125916    training-loss, common: 0.14083170890808105    training-loss, specific: 0.3455873131752014    training-loss, reconstruction: 0.38745617866516113    training-loss, contrastive: 1.4925663471221924    
2026-09-18 00:12:53,423 - INFO - Iter: 9944    training-metric, acc: 0.9380208333333333    training-metric, acc_spe: 0.89375    training-metric, auc: 0.9864973958333333    training-metric, eer: 0.043333333333333335    training-metric, ap: 0.9873828775463941    
2026-09-18 00:15:50,034 - INFO - Iter: 10244    training-loss, overall: 0.37132659554481506    training-loss, common: 0.14735913276672363    training-loss, specific: 0.34286150336265564    training-loss, reconstruction: 0.38147491216659546    training-loss, contrastive: 1.5047751665115356    
2026-09-18 00:15:50,035 - INFO - Iter: 10244    training-metric, acc: 0.9390625    training-metric, acc_spe: 0.8997916666666667    training-metric, auc: 0.9851497395833333    training-metric, eer: 0.04145833333333333    training-metric, ap: 0.9869689172691997    
2026-09-18 00:18:35,548 - INFO - ===> Test start!
2026-09-18 00:18:35,583 - INFO - data_dict saved to /autodl-fs/data/swa_exp/logs/ucf_2026-09-17-22-29-40/test/Celeb-DF-v2/data_dict_test.pickle
2026-09-18 00:19:03,949 - INFO - dataset: Celeb-DF-v2    step: 10526    testing-loss, common: 1.1218621730804443    
2026-09-18 00:19:03,951 - INFO - dataset: Celeb-DF-v2    step: 10526    testing-metric, acc: 0.584774665042631    testing-metric, auc: 0.6805315589165678    testing-metric, eer: 0.3708185053380783    testing-metric, ap: 0.789414835997341    testing-metric, video_auc: 0.7352610707204229    testing-metric, acc_real:0.7245551601423488; acc_fake:0.5120370370370371
2026-09-18 00:19:03,951 - INFO - dataset: avg    step: 10526    testing-metric, acc: 0.584774665042631    testing-metric, auc: 0.6805315589165678    testing-metric, eer: 0.3708185053380783    testing-metric, ap: 0.789414835997341    testing-metric, video_auc: 0.7352610707204229    
2026-09-18 00:19:03,952 - INFO - ===> Test Done!
2026-09-18 00:19:06,298 - INFO - Step ckpt saved: step_10526.pth
2026-09-18 00:19:17,267 - INFO - Iter: 10544    training-loss, overall: 0.35976701974868774    training-loss, common: 0.13998456299304962    training-loss, specific: 0.3303459584712982    training-loss, reconstruction: 0.3804892599582672    training-loss, contrastive: 1.452021598815918    
2026-09-18 00:19:17,268 - INFO - Iter: 10544    training-metric, acc: 0.9414583333333333    training-metric, acc_spe: 0.896875    training-metric, auc: 0.9865885416666667    training-metric, eer: 0.041041666666666664    training-metric, ap: 0.9882434664040247    
2026-09-18 00:22:14,455 - INFO - Iter: 10844    training-loss, overall: 0.3598192632198334    training-loss, common: 0.14069761335849762    training-loss, specific: 0.3432126045227051    training-loss, reconstruction: 0.37357819080352783    training-loss, contrastive: 1.4545369148254395    
2026-09-18 00:22:14,456 - INFO - Iter: 10844    training-metric, acc: 0.9407291666666666    training-metric, acc_spe: 0.8945833333333333    training-metric, auc: 0.9867578125    training-metric, eer: 0.042291666666666665    training-metric, ap: 0.9875950871838889    
2026-09-18 00:25:09,941 - INFO - Iter: 11144    training-loss, overall: 0.34672999382019043    training-loss, common: 0.13311944901943207    training-loss, specific: 0.3191216289997101    training-loss, reconstruction: 0.3816677927970886    training-loss, contrastive: 1.3439637422561646    
2026-09-18 00:25:09,942 - INFO - Iter: 11144    training-metric, acc: 0.940625    training-metric, acc_spe: 0.8983333333333333    training-metric, auc: 0.9871744791666667    training-metric, eer: 0.03895833333333333    training-metric, ap: 0.9886518102087244    
2026-09-18 00:28:07,188 - INFO - Iter: 11444    training-loss, overall: 0.33744531869888306    training-loss, common: 0.1335494965314865    training-loss, specific: 0.3091484606266022    training-loss, reconstruction: 0.3756134808063507    training-loss, contrastive: 1.2059379816055298    
2026-09-18 00:28:07,189 - INFO - Iter: 11444    training-metric, acc: 0.9459375    training-metric, acc_spe: 0.90625    training-metric, auc: 0.9878255208333333    training-metric, eer: 0.037083333333333336    training-metric, ap: 0.9891285428662858    
2026-09-18 00:28:30,693 - INFO - ===> Test start!
2026-09-18 00:28:30,728 - INFO - data_dict saved to /autodl-fs/data/swa_exp/logs/ucf_2026-09-17-22-29-40/test/Celeb-DF-v2/data_dict_test.pickle
2026-09-18 00:28:59,354 - INFO - dataset: Celeb-DF-v2    step: 11483    testing-loss, common: 1.203183650970459    
2026-09-18 00:28:59,356 - INFO - dataset: Celeb-DF-v2    step: 11483    testing-metric, acc: 0.5775274056029233    testing-metric, auc: 0.7152990312376433    testing-metric, eer: 0.3412811387900356    testing-metric, ap: 0.8081845666260498    testing-metric, video_auc: 0.7658955717118308    testing-metric, acc_real:0.7998220640569395; acc_fake:0.46185185185185185
2026-09-18 00:28:59,357 - INFO - dataset: avg    step: 11483    testing-metric, acc: 0.5775274056029233    testing-metric, auc: 0.7152990312376433    testing-metric, eer: 0.3412811387900356    testing-metric, ap: 0.8081845666260498    testing-metric, video_auc: 0.7658955717118308    
2026-09-18 00:28:59,358 - INFO - ===> Test Done!
2026-09-18 00:29:01,685 - INFO - Step ckpt saved: step_11483.pth
2026-09-18 00:29:04,699 - INFO - ===> Epoch[1] end with testing auc: 
================================ Each dataset best metric ================================ 
| Celeb-DF-v2:  auc=0.7717882891788586 | 
============================================================================================= 
================================== Average best metric ====================================== 
| avg auc: 0.7717882891788586 | 
| Celeb-DF-v2: 0.7717882891788586 | 
=============================================================================================!
2026-09-18 00:29:04,701 - INFO - ===> Epoch[1] end, current lr = 0.000150
2026-09-18 00:29:04,702 - INFO - ===> Epoch[2] start!
2026-09-18 00:29:04,953 - INFO - data_dict saved to /autodl-fs/data/swa_exp/logs/ucf_2026-09-17-22-29-40/train/FF-F2F,FF-DF,FF-FS,FF-NT/data_dict_train.pickle
2026-09-18 00:29:06,820 - INFO - MEMDBG iter0 start alloc=1.67GB reserved=14.11GB
2026-09-18 00:29:07,834 - INFO - Iter: 11488    training-loss, overall: 0.2603801190853119    training-loss, common: 0.08453238010406494    training-loss, specific: 0.23316049575805664    training-loss, reconstruction: 0.384713351726532    training-loss, contrastive: 0.7423535585403442    
2026-09-18 00:29:07,835 - INFO - Iter: 11488    training-metric, acc: 0.96875    training-metric, acc_spe: 0.875    training-metric, auc: 0.9921875    training-metric, eer: 0.0    training-metric, ap: 0.9930555555555556    
2026-09-18 00:29:07,837 - INFO - MEMDBG iter0 end alloc=1.73GB peak=13.29GB
2026-09-18 00:29:07,846 - INFO - MEMDBG iter1 start alloc=1.73GB reserved=14.11GB
2026-09-18 00:29:08,432 - INFO - MEMDBG iter1 end alloc=1.75GB peak=13.29GB
2026-09-18 00:29:08,441 - INFO - MEMDBG iter2 start alloc=1.70GB reserved=14.11GB
2026-09-18 00:29:09,059 - INFO - MEMDBG iter2 end alloc=1.73GB peak=13.29GB
2026-09-18 00:29:09,063 - INFO - MEMDBG iter3 start alloc=1.73GB reserved=14.11GB
2026-09-18 00:29:09,653 - INFO - MEMDBG iter3 end alloc=1.75GB peak=13.29GB
2026-09-18 00:32:04,074 - INFO - Iter: 11788    training-loss, overall: 0.2813810408115387    training-loss, common: 0.1027563139796257    training-loss, specific: 0.27265211939811707    training-loss, reconstruction: 0.352231502532959    training-loss, contrastive: 0.9137996435165405    
2026-09-18 00:32:04,074 - INFO - Iter: 11788    training-metric, acc: 0.9526041666666667    training-metric, acc_spe: 0.9170833333333334    training-metric, auc: 0.99177734375    training-metric, eer: 0.0275    training-metric, ap: 0.9922986413462443    
2026-09-18 00:35:00,136 - INFO - Iter: 12088    training-loss, overall: 0.2723747491836548    training-loss, common: 0.0997597873210907    training-loss, specific: 0.24820618331432343    training-loss, reconstruction: 0.34950512647628784    training-loss, contrastive: 0.8588557243347168    
2026-09-18 00:35:00,136 - INFO - Iter: 12088    training-metric, acc: 0.95375    training-metric, acc_spe: 0.9192708333333334    training-metric, auc: 0.99240234375    training-metric, eer: 0.024791666666666667    training-metric, ap: 0.9927888702463289    
2026-09-18 00:37:56,084 - INFO - Iter: 12388    training-loss, overall: 0.26684707403182983    training-loss, common: 0.0955805703997612    training-loss, specific: 0.24101626873016357    training-loss, reconstruction: 0.3456951975822449    training-loss, contrastive: 0.869123637676239    
2026-09-18 00:37:56,085 - INFO - Iter: 12388    training-metric, acc: 0.9557291666666666    training-metric, acc_spe: 0.9251041666666666    training-metric, auc: 0.9932421875    training-metric, eer: 0.027708333333333335    training-metric, ap: 0.993324834524726    
2026-09-18 00:38:27,844 - INFO - ===> Test start!
2026-09-18 00:38:27,878 - INFO - data_dict saved to /autodl-fs/data/swa_exp/logs/ucf_2026-09-17-22-29-40/test/Celeb-DF-v2/data_dict_test.pickle
2026-09-18 00:38:56,197 - INFO - dataset: Celeb-DF-v2    step: 12440    testing-loss, common: 1.6251300573349    
2026-09-18 00:38:56,198 - INFO - dataset: Celeb-DF-v2    step: 12440    testing-metric, acc: 0.5578562728380024    testing-metric, auc: 0.7348070383550811    testing-metric, eer: 0.3311387900355872    testing-metric, ap: 0.8302944013745003    testing-metric, video_auc: 0.782452081956378    testing-metric, acc_real:0.8565836298932384; acc_fake:0.4024074074074074
2026-09-18 00:38:56,199 - INFO - dataset: avg    step: 12440    testing-metric, acc: 0.5578562728380024    testing-metric, auc: 0.7348070383550811    testing-metric, eer: 0.3311387900355872    testing-metric, ap: 0.8302944013745003    testing-metric, video_auc: 0.782452081956378    
2026-09-18 00:38:56,200 - INFO - ===> Test Done!
2026-09-18 00:38:58,801 - INFO - Step ckpt saved: step_12440.pth
2026-09-18 00:41:24,029 - INFO - Iter: 12688    training-loss, overall: 0.2776089310646057    training-loss, common: 0.1042255088686943    training-loss, specific: 0.2524677515029907    training-loss, reconstruction: 0.34676986932754517    training-loss, contrastive: 0.8821150660514832    
2026-09-18 00:41:24,030 - INFO - Iter: 12688    training-metric, acc: 0.955    training-metric, acc_spe: 0.9211458333333333    training-metric, auc: 0.9918815104166666    training-metric, eer: 0.0275    training-metric, ap: 0.9923131048236951    
2026-09-18 00:44:19,640 - INFO - Iter: 12988    training-loss, overall: 0.2649269700050354    training-loss, common: 0.09800747781991959    training-loss, specific: 0.24109739065170288    training-loss, reconstruction: 0.34424668550491333    training-loss, contrastive: 0.7907173037528992    
2026-09-18 00:44:19,640 - INFO - Iter: 12988    training-metric, acc: 0.9580208333333333    training-metric, acc_spe: 0.9227083333333334    training-metric, auc: 0.99298828125    training-metric, eer: 0.025625    training-metric, ap: 0.9934107814573769    
2026-09-18 00:47:15,488 - INFO - Iter: 13288    training-loss, overall: 0.26344311237335205    training-loss, common: 0.09249962866306305    training-loss, specific: 0.23927827179431915    training-loss, reconstruction: 0.346873015165329    training-loss, contrastive: 0.8590726852416992    
2026-09-18 00:47:15,489 - INFO - Iter: 13288    training-metric, acc: 0.9588541666666667    training-metric, acc_spe: 0.9220833333333334    training-metric, auc: 0.9941015625    training-metric, eer: 0.024166666666666666    training-metric, ap: 0.99430080645437    
2026-09-18 00:48:19,584 - INFO - ===> Test start!
2026-09-18 00:48:19,618 - INFO - data_dict saved to /autodl-fs/data/swa_exp/logs/ucf_2026-09-17-22-29-40/test/Celeb-DF-v2/data_dict_test.pickle
2026-09-18 00:48:48,206 - INFO - dataset: Celeb-DF-v2    step: 13397    testing-loss, common: 1.8327540159225464    
2026-09-18 00:48:48,208 - INFO - dataset: Celeb-DF-v2    step: 13397    testing-metric, acc: 0.5314250913520098    testing-metric, auc: 0.7219323761038619    testing-metric, eer: 0.3371886120996441    testing-metric, ap: 0.8173479192305437    testing-metric, video_auc: 0.7651520158625247    testing-metric, acc_real:0.8679715302491103; acc_fake:0.3562962962962963
2026-09-18 00:48:48,208 - INFO - dataset: avg    step: 13397    testing-metric, acc: 0.5314250913520098    testing-metric, auc: 0.7219323761038619    testing-metric, eer: 0.3371886120996441    testing-metric, ap: 0.8173479192305437    testing-metric, video_auc: 0.7651520158625247    
2026-09-18 00:48:48,209 - INFO - ===> Test Done!
2026-09-18 00:48:50,577 - INFO - Step ckpt saved: step_13397.pth
2026-09-18 00:50:42,143 - INFO - Iter: 13588    training-loss, overall: 0.25163501501083374    training-loss, common: 0.09002929925918579    training-loss, specific: 0.2290908396244049    training-loss, reconstruction: 0.345517635345459    training-loss, contrastive: 0.7008246183395386    
2026-09-18 00:50:42,143 - INFO - Iter: 13588    training-metric, acc: 0.959375    training-metric, acc_spe: 0.928125    training-metric, auc: 0.9936848958333333    training-metric, eer: 0.022916666666666665    training-metric, ap: 0.993810705974462    
2026-09-18 00:53:38,760 - INFO - Iter: 13888    training-loss, overall: 0.26040104031562805    training-loss, common: 0.093848817050457    training-loss, specific: 0.23295937478542328    training-loss, reconstruction: 0.3475177586078644    training-loss, contrastive: 0.780016303062439    
2026-09-18 00:53:38,760 - INFO - Iter: 13888    training-metric, acc: 0.9570833333333333    training-metric, acc_spe: 0.9246875    training-metric, auc: 0.9934049479166667    training-metric, eer: 0.024583333333333332    training-metric, ap: 0.9932983300968302    
2026-09-18 00:56:34,824 - INFO - Iter: 14188    training-loss, overall: 0.2574007213115692    training-loss, common: 0.09064879268407822    training-loss, specific: 0.23689588904380798    training-loss, reconstruction: 0.3453340232372284    training-loss, contrastive: 0.7892396450042725    
2026-09-18 00:56:34,824 - INFO - Iter: 14188    training-metric, acc: 0.9561458333333334    training-metric, acc_spe: 0.9253125    training-metric, auc: 0.9940104166666667    training-metric, eer: 0.025625    training-metric, ap: 0.9939696069591291    
2026-09-18 00:58:11,977 - INFO - ===> Test start!
2026-09-18 00:58:12,012 - INFO - data_dict saved to /autodl-fs/data/swa_exp/logs/ucf_2026-09-17-22-29-40/test/Celeb-DF-v2/data_dict_test.pickle
2026-09-18 00:58:40,408 - INFO - dataset: Celeb-DF-v2    step: 14354    testing-loss, common: 2.262205123901367    
2026-09-18 00:58:40,410 - INFO - dataset: Celeb-DF-v2    step: 14354    testing-metric, acc: 0.49372716199756395    testing-metric, auc: 0.7001377685514696    testing-metric, eer: 0.34893238434163704    testing-metric, ap: 0.8071987675285803    testing-metric, video_auc: 0.7472405816259088    testing-metric, acc_real:0.9001779359430605; acc_fake:0.2822222222222222
2026-09-18 00:58:40,410 - INFO - dataset: avg    step: 14354    testing-metric, acc: 0.49372716199756395    testing-metric, auc: 0.7001377685514696    testing-metric, eer: 0.34893238434163704    testing-metric, ap: 0.8071987675285803    testing-metric, video_auc: 0.7472405816259088    
2026-09-18 00:58:40,411 - INFO - ===> Test Done!
2026-09-18 00:58:42,936 - INFO - Step ckpt saved: step_14354.pth
2026-09-18 01:00:00,418 - INFO - Iter: 14488    training-loss, overall: 0.25971993803977966    training-loss, common: 0.09366637468338013    training-loss, specific: 0.24008023738861084    training-loss, reconstruction: 0.3410325050354004    training-loss, contrastive: 0.7947160005569458    
2026-09-18 01:00:00,418 - INFO - Iter: 14488    training-metric, acc: 0.958125    training-metric, acc_spe: 0.9245833333333333    training-metric, auc: 0.9930078125    training-metric, eer: 0.024375    training-metric, ap: 0.9931919874964458    
2026-09-18 01:02:57,159 - INFO - Iter: 14788    training-loss, overall: 0.26352018117904663    training-loss, common: 0.09526252746582031    training-loss, specific: 0.2388988584280014    training-loss, reconstruction: 0.3426428437232971    training-loss, contrastive: 0.8314998745918274    
2026-09-18 01:02:57,160 - INFO - Iter: 14788    training-metric, acc: 0.9588541666666667    training-metric, acc_spe: 0.9247916666666667    training-metric, auc: 0.9929361979166667    training-metric, eer: 0.0225    training-metric, ap: 0.9934535848912343    
2026-09-18 01:05:53,261 - INFO - Iter: 15088    training-loss, overall: 0.23572953045368195    training-loss, common: 0.07991699129343033    training-loss, specific: 0.22213633358478546    training-loss, reconstruction: 0.3399910628795624    training-loss, contrastive: 0.6320279240608215    
2026-09-18 01:05:53,261 - INFO - Iter: 15088    training-metric, acc: 0.9625    training-metric, acc_spe: 0.9308333333333333    training-metric, auc: 0.9950911458333334    training-metric, eer: 0.02020833333333333    training-metric, ap: 0.9953378944861523    
2026-09-18 01:08:04,600 - INFO - ===> Test start!
2026-09-18 01:08:04,634 - INFO - data_dict saved to /autodl-fs/data/swa_exp/logs/ucf_2026-09-17-22-29-40/test/Celeb-DF-v2/data_dict_test.pickle
2026-09-18 01:08:32,918 - INFO - dataset: Celeb-DF-v2    step: 15311    testing-loss, common: 1.7402669191360474    
2026-09-18 01:08:32,920 - INFO - dataset: Celeb-DF-v2    step: 15311    testing-metric, acc: 0.529415347137637    testing-metric, auc: 0.7174314452352709    testing-metric, eer: 0.347153024911032    testing-metric, ap: 0.8150229403428526    testing-metric, video_auc: 0.7585261070720423    testing-metric, acc_real:0.8642348754448399; acc_fake:0.35518518518518516
2026-09-18 01:08:32,920 - INFO - dataset: avg    step: 15311    testing-metric, acc: 0.529415347137637    testing-metric, auc: 0.7174314452352709    testing-metric, eer: 0.347153024911032    testing-metric, ap: 0.8150229403428526    testing-metric, video_auc: 0.7585261070720423    
2026-09-18 01:08:32,921 - INFO - ===> Test Done!
2026-09-18 01:08:35,416 - INFO - Step ckpt saved: step_15311.pth
2026-09-18 01:09:20,780 - INFO - Iter: 15388    training-loss, overall: 0.2520692050457001    training-loss, common: 0.09063082933425903    training-loss, specific: 0.23067714273929596    training-loss, reconstruction: 0.33884191513061523    training-loss, contrastive: 0.7343589663505554    
2026-09-18 01:09:20,780 - INFO - Iter: 15388    training-metric, acc: 0.9588541666666667    training-metric, acc_spe: 0.925    training-metric, auc: 0.9935091145833334    training-metric, eer: 0.023125    training-metric, ap: 0.9937275675326112    
2026-09-18 01:12:16,637 - INFO - Iter: 15688    training-loss, overall: 0.2524682283401489    training-loss, common: 0.09352042526006699    training-loss, specific: 0.21710950136184692    training-loss, reconstruction: 0.3377225697040558    training-loss, contrastive: 0.7184010744094849    
2026-09-18 01:12:16,638 - INFO - Iter: 15688    training-metric, acc: 0.9589583333333334    training-metric, acc_spe: 0.9316666666666666    training-metric, auc: 0.9929947916666667    training-metric, eer: 0.020416666666666666    training-metric, ap: 0.9931950759168184    
2026-09-18 01:15:12,574 - INFO - Iter: 15988    training-loss, overall: 0.2477346658706665    training-loss, common: 0.08750088512897491    training-loss, specific: 0.228394016623497    training-loss, reconstruction: 0.3392055630683899    training-loss, contrastive: 0.7126566171646118    
2026-09-18 01:15:12,574 - INFO - Iter: 15988    training-metric, acc: 0.96125    training-metric, acc_spe: 0.9222916666666666    training-metric, auc: 0.99388671875    training-metric, eer: 0.02375    training-metric, ap: 0.9939015389180845    
2026-09-18 01:17:56,471 - INFO - ===> Test start!
2026-09-18 01:17:56,505 - INFO - data_dict saved to /autodl-fs/data/swa_exp/logs/ucf_2026-09-17-22-29-40/test/Celeb-DF-v2/data_dict_test.pickle
2026-09-18 01:18:25,168 - INFO - dataset: Celeb-DF-v2    step: 16268    testing-loss, common: 2.3281545639038086    
2026-09-18 01:18:25,169 - INFO - dataset: Celeb-DF-v2    step: 16268    testing-metric, acc: 0.5105968331303289    testing-metric, auc: 0.680570235270858    testing-metric, eer: 0.3676156583629893    testing-metric, ap: 0.7845127568185044    testing-metric, video_auc: 0.7180270984798414    testing-metric, acc_real:0.847508896797153; acc_fake:0.3352777777777778
2026-09-18 01:18:25,170 - INFO - dataset: avg    step: 16268    testing-metric, acc: 0.5105968331303289    testing-metric, auc: 0.680570235270858    testing-metric, eer: 0.3676156583629893    testing-metric, ap: 0.7845127568185044    testing-metric, video_auc: 0.7180270984798414    
2026-09-18 01:18:25,170 - INFO - ===> Test Done!
2026-09-18 01:18:27,622 - INFO - Step ckpt saved: step_16268.pth
2026-09-18 01:18:39,830 - INFO - Iter: 16288    training-loss, overall: 0.24872548878192902    training-loss, common: 0.08820239454507828    training-loss, specific: 0.22221794724464417    training-loss, reconstruction: 0.3396803140640259    training-loss, contrastive: 0.7279455065727234    
2026-09-18 01:18:39,831 - INFO - Iter: 16288    training-metric, acc: 0.9584375    training-metric, acc_spe: 0.9270833333333334    training-metric, auc: 0.9941731770833333    training-metric, eer: 0.027083333333333334    training-metric, ap: 0.9941533790669335    
2026-09-18 01:21:36,686 - INFO - Iter: 16588    training-loss, overall: 0.2513715624809265    training-loss, common: 0.08904260396957397    training-loss, specific: 0.23179660737514496    training-loss, reconstruction: 0.33838707208633423    training-loss, contrastive: 0.7526636719703674    
2026-09-18 01:21:36,687 - INFO - Iter: 16588    training-metric, acc: 0.9582291666666667    training-metric, acc_spe: 0.929375    training-metric, auc: 0.9938736979166667    training-metric, eer: 0.025    training-metric, ap: 0.9939402885696335    
2026-09-18 01:24:34,233 - INFO - Iter: 16888    training-loss, overall: 0.24913300573825836    training-loss, common: 0.08848614245653152    training-loss, specific: 0.2303828001022339    training-loss, reconstruction: 0.3377034068107605    training-loss, contrastive: 0.7259504199028015    
2026-09-18 01:24:34,233 - INFO - Iter: 16888    training-metric, acc: 0.9572916666666667    training-metric, acc_spe: 0.9230208333333333    training-metric, auc: 0.9942317708333334    training-metric, eer: 0.021458333333333333    training-metric, ap: 0.9943081665744021    
2026-09-18 01:27:29,985 - INFO - Iter: 17188    training-loss, overall: 0.2505582273006439    training-loss, common: 0.08910464495420456    training-loss, specific: 0.22209501266479492    training-loss, reconstruction: 0.335942804813385    training-loss, contrastive: 0.7692234516143799    
2026-09-18 01:27:29,985 - INFO - Iter: 17188    training-metric, acc: 0.9578125    training-metric, acc_spe: 0.9317708333333333    training-metric, auc: 0.9936653645833333    training-metric, eer: 0.02375    training-metric, ap: 0.9939248294192627    
2026-09-18 01:27:51,486 - INFO - ===> Test start!
2026-09-18 01:27:51,523 - INFO - data_dict saved to /autodl-fs/data/swa_exp/logs/ucf_2026-09-17-22-29-40/test/Celeb-DF-v2/data_dict_test.pickle
2026-09-18 01:28:20,327 - INFO - dataset: Celeb-DF-v2    step: 17225    testing-loss, common: 1.6848764419555664    
2026-09-18 01:28:20,329 - INFO - dataset: Celeb-DF-v2    step: 17225    testing-metric, acc: 0.5233861144945189    testing-metric, auc: 0.7166607272307896    testing-metric, eer: 0.34288256227758007    testing-metric, ap: 0.8079396293823446    testing-metric, video_auc: 0.765862524785195    testing-metric, acc_real:0.8768683274021353; acc_fake:0.33944444444444444
2026-09-18 01:28:20,329 - INFO - dataset: avg    step: 17225    testing-metric, acc: 0.5233861144945189    testing-metric, auc: 0.7166607272307896    testing-metric, eer: 0.34288256227758007    testing-metric, ap: 0.8079396293823446    testing-metric, video_auc: 0.765862524785195    
2026-09-18 01:28:20,330 - INFO - ===> Test Done!
2026-09-18 01:28:22,978 - INFO - Step ckpt saved: step_17225.pth
2026-09-18 01:28:26,814 - INFO - ===> Epoch[2] end with testing auc: 
================================ Each dataset best metric ================================ 
| Celeb-DF-v2:  auc=0.7717882891788586 | 
============================================================================================= 
================================== Average best metric ====================================== 
| avg auc: 0.7717882891788586 | 
| Celeb-DF-v2: 0.7717882891788586 | 
=============================================================================================!
2026-09-18 01:28:26,816 - INFO - ===> Epoch[2] end, current lr = 0.000051
2026-09-18 01:28:26,818 - INFO - ===> Epoch[3] start!
2026-09-18 01:28:27,095 - INFO - data_dict saved to /autodl-fs/data/swa_exp/logs/ucf_2026-09-17-22-29-40/train/FF-F2F,FF-DF,FF-FS,FF-NT/data_dict_train.pickle
2026-09-18 01:28:29,085 - INFO - MEMDBG iter0 start alloc=1.66GB reserved=14.11GB
2026-09-18 01:28:30,018 - INFO - ===> SWA window open at step 17232 (len=5744 = 1 epochs x 5744, w=0.0625,0.125,0.25,0.5,1)
2026-09-18 01:28:31,034 - INFO - ===> probe batch captured: image(32, 3, 256, 256), label(32,), label_spe(32,)
2026-09-18 01:28:31,772 - INFO - ===> tail_lam=0.2 ACTIVE from step 17232 (lr 0.0002 -> 4e-05)
2026-09-18 01:28:32,679 - INFO - Iter: 17232    training-loss, overall: 0.2784256041049957    training-loss, common: 0.12149522453546524    training-loss, specific: 0.2556321322917938    training-loss, reconstruction: 0.3513825535774231    training-loss, contrastive: 0.5190480947494507    
2026-09-18 01:28:32,681 - INFO - Iter: 17232    training-metric, acc: 0.875    training-metric, acc_spe: 0.9375    training-metric, auc: 0.98046875    training-metric, eer: 0.125    training-metric, ap: 0.9783496732026143    
2026-09-18 01:28:32,683 - INFO - MEMDBG iter0 end alloc=1.75GB peak=13.29GB
2026-09-18 01:28:32,691 - INFO - MEMDBG iter1 start alloc=1.75GB reserved=14.11GB
2026-09-18 01:28:33,335 - INFO - MEMDBG iter1 end alloc=1.95GB peak=13.31GB
2026-09-18 01:28:33,340 - INFO - MEMDBG iter2 start alloc=1.90GB reserved=14.11GB
2026-09-18 01:28:33,945 - INFO - MEMDBG iter2 end alloc=1.93GB peak=13.46GB
2026-09-18 01:28:33,949 - INFO - MEMDBG iter3 start alloc=1.93GB reserved=14.11GB
2026-09-18 01:28:34,567 - INFO - MEMDBG iter3 end alloc=1.95GB peak=13.48GB
2026-09-18 01:31:43,088 - INFO - Iter: 17532    training-loss, overall: 0.23548640310764313    training-loss, common: 0.08138944208621979    training-loss, specific: 0.2193680852651596    training-loss, reconstruction: 0.33175143599510193    training-loss, contrastive: 0.6526961326599121    
2026-09-18 01:31:43,089 - INFO - Iter: 17532    training-metric, acc: 0.9611458333333334    training-metric, acc_spe: 0.9298958333333334    training-metric, auc: 0.995078125    training-metric, eer: 0.020833333333333332    training-metric, ap: 0.9948600351088567    
2026-09-18 01:34:53,990 - INFO - Iter: 17832    training-loss, overall: 0.22178231179714203    training-loss, common: 0.07466757297515869    training-loss, specific: 0.2025410532951355    training-loss, reconstruction: 0.3319207727909088    training-loss, contrastive: 0.5456870198249817    
2026-09-18 01:34:53,990 - INFO - Iter: 17832    training-metric, acc: 0.9664583333333333    training-metric, acc_spe: 0.9333333333333333    training-metric, auc: 0.9954947916666667    training-metric, eer: 0.017916666666666668    training-metric, ap: 0.9953196832124562    
2026-09-18 01:38:01,974 - INFO - Iter: 18132    training-loss, overall: 0.2207590490579605    training-loss, common: 0.07382792979478836    training-loss, specific: 0.20516131818294525    training-loss, reconstruction: 0.33029866218566895    training-loss, contrastive: 0.5465067028999329    
2026-09-18 01:38:01,975 - INFO - Iter: 18132    training-metric, acc: 0.9666666666666667    training-metric, acc_spe: 0.9353125    training-metric, auc: 0.9956640625    training-metric, eer: 0.014791666666666667    training-metric, ap: 0.9956153114267486    
2026-09-18 01:38:34,531 - INFO - ===> Test start!
2026-09-18 01:38:34,565 - INFO - data_dict saved to /autodl-fs/data/swa_exp/logs/ucf_2026-09-17-22-29-40/test/Celeb-DF-v2/data_dict_test.pickle
2026-09-18 01:39:03,674 - INFO - dataset: Celeb-DF-v2    step: 18182    testing-loss, common: 2.056488275527954    
2026-09-18 01:39:03,676 - INFO - dataset: Celeb-DF-v2    step: 18182    testing-metric, acc: 0.48727161997563945    testing-metric, auc: 0.7040579033214709    testing-metric, eer: 0.3405693950177936    testing-metric, ap: 0.8003478713635834    testing-metric, video_auc: 0.7482319894249836    testing-metric, acc_real:0.900355871886121; acc_fake:0.2723148148148148
2026-09-18 01:39:03,676 - INFO - dataset: avg    step: 18182    testing-metric, acc: 0.48727161997563945    testing-metric, auc: 0.7040579033214709    testing-metric, eer: 0.3405693950177936    testing-metric, ap: 0.8003478713635834    testing-metric, video_auc: 0.7482319894249836    
2026-09-18 01:39:03,677 - INFO - ===> Test Done!
2026-09-18 01:39:06,287 - INFO - Step ckpt saved: step_18182.pth
2026-09-18 01:41:45,893 - INFO - Iter: 18432    training-loss, overall: 0.23937904834747314    training-loss, common: 0.08475124835968018    training-loss, specific: 0.21571378409862518    training-loss, reconstruction: 0.32985547184944153    training-loss, contrastive: 0.6819970011711121    
2026-09-18 01:41:45,975 - INFO - Iter: 18432    training-metric, acc: 0.960625    training-metric, acc_spe: 0.9294791666666666    training-metric, auc: 0.9945638020833333    training-metric, eer: 0.020625    training-metric, ap: 0.9946653150997683    
2026-09-18 01:44:58,794 - INFO - Iter: 18732    training-loss, overall: 0.22913773357868195    training-loss, common: 0.078207828104496    training-loss, specific: 0.2108345329761505    training-loss, reconstruction: 0.32985490560531616    training-loss, contrastive: 0.6178006529808044    
2026-09-18 01:44:58,795 - INFO - Iter: 18732    training-metric, acc: 0.9620833333333333    training-metric, acc_spe: 0.93    training-metric, auc: 0.9950716145833334    training-metric, eer: 0.018958333333333334    training-metric, ap: 0.9950821950207778    
2026-09-18 01:48:09,394 - INFO - Iter: 19032    training-loss, overall: 0.2275545597076416    training-loss, common: 0.07797986268997192    training-loss, specific: 0.2109234482049942    training-loss, reconstruction: 0.3328888416290283    training-loss, contrastive: 0.572311282157898    
2026-09-18 01:48:09,474 - INFO - Iter: 19032    training-metric, acc: 0.9602083333333333    training-metric, acc_spe: 0.9288541666666666    training-metric, auc: 0.9953255208333334    training-metric, eer: 0.02020833333333333    training-metric, ap: 0.995138446687183    
2026-09-18 01:49:17,604 - INFO - ===> Test start!
2026-09-18 01:49:17,635 - INFO - data_dict saved to /autodl-fs/data/swa_exp/logs/ucf_2026-09-17-22-29-40/test/Celeb-DF-v2/data_dict_test.pickle
2026-09-18 01:49:46,075 - INFO - dataset: Celeb-DF-v2    step: 19139    testing-loss, common: 1.7284822463989258    
2026-09-18 01:49:46,077 - INFO - dataset: Celeb-DF-v2    step: 19139    testing-metric, acc: 0.5442752740560293    testing-metric, auc: 0.7342542589297483    testing-metric, eer: 0.3314946619217082    testing-metric, ap: 0.8216431390864644    testing-metric, video_auc: 0.779857898215466    testing-metric, acc_real:0.8674377224199288; acc_fake:0.3761111111111111
2026-09-18 01:49:46,078 - INFO - dataset: avg    step: 19139    testing-metric, acc: 0.5442752740560293    testing-metric, auc: 0.7342542589297483    testing-metric, eer: 0.3314946619217082    testing-metric, ap: 0.8216431390864644    testing-metric, video_auc: 0.779857898215466    
2026-09-18 01:49:46,078 - INFO - ===> Test Done!
2026-09-18 01:49:48,795 - INFO - Step ckpt saved: step_19139.pth
2026-09-18 01:51:52,976 - INFO - Iter: 19332    training-loss, overall: 0.22012753784656525    training-loss, common: 0.07419227063655853    training-loss, specific: 0.20271624624729156    training-loss, reconstruction: 0.32781174778938293    training-loss, contrastive: 0.5464029312133789    
2026-09-18 01:51:52,977 - INFO - Iter: 19332    training-metric, acc: 0.9636458333333333    training-metric, acc_spe: 0.9344791666666666    training-metric, auc: 0.9955924479166667    training-metric, eer: 0.019375    training-metric, ap: 0.9955393220698102    
2026-09-18 01:55:05,292 - INFO - Iter: 19632    training-loss, overall: 0.22301608324050903    training-loss, common: 0.0749349296092987    training-loss, specific: 0.21539881825447083    training-loss, reconstruction: 0.329572468996048    training-loss, contrastive: 0.5533925890922546    
2026-09-18 01:55:05,299 - INFO - Iter: 19632    training-metric, acc: 0.9648958333333333    training-metric, acc_spe: 0.9285416666666667    training-metric, auc: 0.9953515625    training-metric, eer: 0.018958333333333334    training-metric, ap: 0.9953796980492449    
2026-09-18 01:58:17,099 - INFO - Iter: 19932    training-loss, overall: 0.22223810851573944    training-loss, common: 0.07620829343795776    training-loss, specific: 0.2021792083978653    training-loss, reconstruction: 0.328859806060791    training-loss, contrastive: 0.5430809855461121    
2026-09-18 01:58:17,174 - INFO - Iter: 19932    training-metric, acc: 0.9634375    training-metric, acc_spe: 0.9333333333333333    training-metric, auc: 0.9953125    training-metric, eer: 0.019791666666666666    training-metric, ap: 0.9949710279783166    
2026-09-18 02:00:02,042 - INFO - ===> Test start!
2026-09-18 02:00:02,076 - INFO - data_dict saved to /autodl-fs/data/swa_exp/logs/ucf_2026-09-17-22-29-40/test/Celeb-DF-v2/data_dict_test.pickle
2026-09-18 02:00:30,705 - INFO - dataset: Celeb-DF-v2    step: 20096    testing-loss, common: 2.317133665084839    
2026-09-18 02:00:30,706 - INFO - dataset: Celeb-DF-v2    step: 20096    testing-metric, acc: 0.5220462850182704    testing-metric, auc: 0.6952326430077765    testing-metric, eer: 0.3590747330960854    testing-metric, ap: 0.7995939493308871    testing-metric, video_auc: 0.7334104428288168    testing-metric, acc_real:0.852846975088968; acc_fake:0.3499074074074074
2026-09-18 02:00:30,707 - INFO - dataset: avg    step: 20096    testing-metric, acc: 0.5220462850182704    testing-metric, auc: 0.6952326430077765    testing-metric, eer: 0.3590747330960854    testing-metric, ap: 0.7995939493308871    testing-metric, video_auc: 0.7334104428288168    
2026-09-18 02:00:30,708 - INFO - ===> Test Done!
2026-09-18 02:00:33,372 - INFO - Step ckpt saved: step_20096.pth
2026-09-18 02:02:05,296 - INFO - Iter: 20232    training-loss, overall: 0.22457093000411987    training-loss, common: 0.07605099678039551    training-loss, specific: 0.21580742299556732    training-loss, reconstruction: 0.3300061523914337    training-loss, contrastive: 0.5587469935417175    
2026-09-18 02:02:05,297 - INFO - Iter: 20232    training-metric, acc: 0.9619791666666667    training-metric, acc_spe: 0.9301041666666666    training-metric, auc: 0.9955208333333333    training-metric, eer: 0.019791666666666666    training-metric, ap: 0.9954007596419484    
2026-09-18 02:05:23,079 - INFO - Iter: 20532    training-loss, overall: 0.22979304194450378    training-loss, common: 0.07919306308031082    training-loss, specific: 0.21524536609649658    training-loss, reconstruction: 0.3259473741054535    training-loss, contrastive: 0.6258243918418884    
2026-09-18 02:05:23,080 - INFO - Iter: 20532    training-metric, acc: 0.9621875    training-metric, acc_spe: 0.9314583333333334    training-metric, auc: 0.9954752604166667    training-metric, eer: 0.018333333333333333    training-metric, ap: 0.9955898017791273    
2026-09-18 02:08:41,177 - INFO - Iter: 20832    training-loss, overall: 0.2205336093902588    training-loss, common: 0.07583732157945633    training-loss, specific: 0.19944427907466888    training-loss, reconstruction: 0.3261656165122986    training-loss, contrastive: 0.5380431413650513    
2026-09-18 02:08:41,178 - INFO - Iter: 20832    training-metric, acc: 0.9625    training-metric, acc_spe: 0.9357291666666666    training-metric, auc: 0.9957161458333333    training-metric, eer: 0.019791666666666666    training-metric, ap: 0.9955784800347074    
2026-09-18 02:11:05,149 - INFO - ===> Test start!
2026-09-18 02:11:05,183 - INFO - data_dict saved to /autodl-fs/data/swa_exp/logs/ucf_2026-09-17-22-29-40/test/Celeb-DF-v2/data_dict_test.pickle
2026-09-18 02:11:34,349 - INFO - dataset: Celeb-DF-v2    step: 21053    testing-loss, common: 2.072831630706787    
2026-09-18 02:11:34,351 - INFO - dataset: Celeb-DF-v2    step: 21053    testing-metric, acc: 0.533373934226553    testing-metric, auc: 0.7101493426255437    testing-metric, eer: 0.34252669039145905    testing-metric, ap: 0.807068868358789    testing-metric, video_auc: 0.7547257105089227    testing-metric, acc_real:0.8622775800711744; acc_fake:0.3622222222222222
2026-09-18 02:11:34,351 - INFO - dataset: avg    step: 21053    testing-metric, acc: 0.533373934226553    testing-metric, auc: 0.7101493426255437    testing-metric, eer: 0.34252669039145905    testing-metric, ap: 0.807068868358789    testing-metric, video_auc: 0.7547257105089227    
2026-09-18 02:11:34,352 - INFO - ===> Test Done!
2026-09-18 02:11:37,007 - INFO - Step ckpt saved: step_21053.pth
2026-09-18 02:12:30,975 - INFO - Iter: 21132    training-loss, overall: 0.22290922701358795    training-loss, common: 0.07685991376638412    training-loss, specific: 0.19774678349494934    training-loss, reconstruction: 0.32863056659698486    training-loss, contrastive: 0.5537058711051941    
2026-09-18 02:12:30,976 - INFO - Iter: 21132    training-metric, acc: 0.9633333333333334    training-metric, acc_spe: 0.9376041666666667    training-metric, auc: 0.99552734375    training-metric, eer: 0.019583333333333335    training-metric, ap: 0.9951778197653285    
2026-09-18 02:15:48,478 - INFO - Iter: 21432    training-loss, overall: 0.22203156352043152    training-loss, common: 0.07672875374555588    training-loss, specific: 0.20051348209381104    training-loss, reconstruction: 0.3241932988166809    training-loss, contrastive: 0.5598691701889038    
2026-09-18 02:15:48,479 - INFO - Iter: 21432    training-metric, acc: 0.9639583333333334    training-metric, acc_spe: 0.9344791666666666    training-metric, auc: 0.99509765625    training-metric, eer: 0.019375    training-metric, ap: 0.9950491054265032    
2026-09-18 02:19:13,593 - INFO - Iter: 21732    training-loss, overall: 0.21589533984661102    training-loss, common: 0.07273400574922562    training-loss, specific: 0.20336775481700897    training-loss, reconstruction: 0.3255634605884552    training-loss, contrastive: 0.5031108856201172    
2026-09-18 02:19:13,674 - INFO - Iter: 21732    training-metric, acc: 0.9669791666666666    training-metric, acc_spe: 0.9329166666666666    training-metric, auc: 0.99578125    training-metric, eer: 0.01375    training-metric, ap: 0.9958843748675211    
2026-09-18 02:22:20,379 - INFO - ===> Test start!
2026-09-18 02:22:20,413 - INFO - data_dict saved to /autodl-fs/data/swa_exp/logs/ucf_2026-09-17-22-29-40/test/Celeb-DF-v2/data_dict_test.pickle
2026-09-18 02:22:49,119 - INFO - dataset: Celeb-DF-v2    step: 22010    testing-loss, common: 2.6684625148773193    
2026-09-18 02:22:49,121 - INFO - dataset: Celeb-DF-v2    step: 22010    testing-metric, acc: 0.479415347137637    testing-metric, auc: 0.6620600204296823    testing-metric, eer: 0.37455516014234874    testing-metric, ap: 0.791912884645995    testing-metric, video_auc: 0.7396067415730337    testing-metric, acc_real:0.9154804270462633; acc_fake:0.2525
2026-09-18 02:22:49,121 - INFO - dataset: avg    step: 22010    testing-metric, acc: 0.479415347137637    testing-metric, auc: 0.6620600204296823    testing-metric, eer: 0.37455516014234874    testing-metric, ap: 0.791912884645995    testing-metric, video_auc: 0.7396067415730337    
2026-09-18 02:22:49,122 - INFO - ===> Test Done!
2026-09-18 02:22:51,960 - INFO - Step ckpt saved: step_22010.pth
2026-09-18 02:23:10,898 - INFO - Iter: 22032    training-loss, overall: 0.22412356734275818    training-loss, common: 0.07823894917964935    training-loss, specific: 0.2044500857591629    training-loss, reconstruction: 0.32560059428215027    training-loss, contrastive: 0.5551896095275879    
2026-09-18 02:23:10,975 - INFO - Iter: 22032    training-metric, acc: 0.9625    training-metric, acc_spe: 0.9304166666666667    training-metric, auc: 0.9952473958333333    training-metric, eer: 0.018125    training-metric, ap: 0.9951749936898886    
2026-09-18 02:26:40,879 - INFO - Iter: 22332    training-loss, overall: 0.21408043801784515    training-loss, common: 0.07246048003435135    training-loss, specific: 0.19914908707141876    training-loss, reconstruction: 0.32413628697395325    training-loss, contrastive: 0.48928284645080566    
2026-09-18 02:26:40,880 - INFO - Iter: 22332    training-metric, acc: 0.9657291666666666    training-metric, acc_spe: 0.934375    training-metric, auc: 0.9956315104166666    training-metric, eer: 0.016666666666666666    training-metric, ap: 0.9954532757541239    
2026-09-18 02:30:14,594 - INFO - Iter: 22632    training-loss, overall: 0.211965411901474    training-loss, common: 0.07022681832313538    training-loss, specific: 0.18943054974079132    training-loss, reconstruction: 0.3245067298412323    training-loss, contrastive: 0.5088710188865662    
2026-09-18 02:30:14,674 - INFO - Iter: 22632    training-metric, acc: 0.96375    training-metric, acc_spe: 0.9382291666666667    training-metric, auc: 0.9959830729166667    training-metric, eer: 0.018541666666666668    training-metric, ap: 0.9958053636849529    
2026-09-18 02:33:53,277 - INFO - Iter: 22932    training-loss, overall: 0.2244735211133957    training-loss, common: 0.07802528887987137    training-loss, specific: 0.20800042152404785    training-loss, reconstruction: 0.32486847043037415    training-loss, contrastive: 0.5637537837028503    
2026-09-18 02:33:53,279 - INFO - Iter: 22932    training-metric, acc: 0.9654166666666667    training-metric, acc_spe: 0.9307291666666667    training-metric, auc: 0.9953125    training-metric, eer: 0.016875    training-metric, ap: 0.995313458651459    
2026-09-18 02:34:19,295 - INFO - ===> Test start!
2026-09-18 02:34:19,330 - INFO - data_dict saved to /autodl-fs/data/swa_exp/logs/ucf_2026-09-17-22-29-40/test/Celeb-DF-v2/data_dict_test.pickle
2026-09-18 02:34:47,782 - INFO - dataset: Celeb-DF-v2    step: 22967    testing-loss, common: 2.246687889099121    
2026-09-18 02:34:47,784 - INFO - dataset: Celeb-DF-v2    step: 22967    testing-metric, acc: 0.52557856272838    testing-metric, auc: 0.7022959008830896    testing-metric, eer: 0.34679715302491104    testing-metric, ap: 0.8055294892498464    testing-metric, video_auc: 0.7470918704560476    testing-metric, acc_real:0.8676156583629894; acc_fake:0.3475925925925926
2026-09-18 02:34:47,785 - INFO - dataset: avg    step: 22967    testing-metric, acc: 0.52557856272838    testing-metric, auc: 0.7022959008830896    testing-metric, eer: 0.34679715302491104    testing-metric, ap: 0.8055294892498464    testing-metric, video_auc: 0.7470918704560476    
2026-09-18 02:34:47,786 - INFO - ===> Test Done!
2026-09-18 02:34:50,418 - INFO - Step ckpt saved: step_22967.pth
2026-09-18 02:34:56,327 - INFO - ===> Epoch[3] end with testing auc: 
================================ Each dataset best metric ================================ 
| Celeb-DF-v2:  auc=0.7717882891788586 | 
============================================================================================= 
================================== Average best metric ====================================== 
| avg auc: 0.7717882891788586 | 
| Celeb-DF-v2: 0.7717882891788586 | 
=============================================================================================!
2026-09-18 02:34:56,330 - INFO - ===> Epoch[3] end, current lr = 0.000001
2026-09-18 02:34:56,332 - INFO - Stop Training on best Testing metric 
================================ Each dataset best metric ================================ 
| Celeb-DF-v2:  auc=0.7717882891788586 | 
============================================================================================= 
================================== Average best metric ====================================== 
| avg auc: 0.7717882891788586 | 
| Celeb-DF-v2: 0.7717882891788586 | 
=============================================================================================
2026-09-18 02:35:10,164 - INFO - ===> BN recalibrated over 100 batches
2026-09-18 02:35:23,529 - INFO - ===> BN recalibrated over 100 batches
2026-09-18 02:35:36,920 - INFO - ===> BN recalibrated over 100 batches
2026-09-18 02:35:50,334 - INFO - ===> BN recalibrated over 100 batches
2026-09-18 02:36:03,645 - INFO - ===> BN recalibrated over 100 batches
2026-09-18 02:36:31,316 - INFO - ===> window_end_probe written: J={'0.0625': 0.010896, '0.125': 0.014907, '0.25': 0.001392, '0.5': -0.02769, '1': -0.111465} B=0.024986
2026-09-18 02:36:33,613 - INFO - SWA Checkpoint saved to /autodl-fs/data/swa_exp/logs/ucf_2026-09-17-22-29-40/swa_w0.0625.pth
2026-09-18 02:36:35,798 - INFO - SWA Checkpoint saved to /autodl-fs/data/swa_exp/logs/ucf_2026-09-17-22-29-40/swa_w0.125.pth
2026-09-18 02:36:37,970 - INFO - SWA Checkpoint saved to /autodl-fs/data/swa_exp/logs/ucf_2026-09-17-22-29-40/swa_w0.25.pth
2026-09-18 02:36:40,162 - INFO - SWA Checkpoint saved to /autodl-fs/data/swa_exp/logs/ucf_2026-09-17-22-29-40/swa_w0.5.pth
2026-09-18 02:36:42,517 - INFO - SWA Checkpoint saved to /autodl-fs/data/swa_exp/logs/ucf_2026-09-17-22-29-40/swa_w1.pth
2026-09-18 02:36:42,560 - INFO - data_dict saved to /autodl-fs/data/swa_exp/logs/ucf_2026-09-17-22-29-40/test/Celeb-DF-v2/data_dict_test.pickle
2026-09-18 02:37:11,694 - INFO - Iter Final for SWA (w=0.0625):    testing-metric, acc: 0.5534713763702801    testing-metric, auc: 0.7142598441412943    testing-metric, eer: 0.3389679715302491    testing-metric, ap: 0.8105177171118733    testing-metric, pred: [0.00153781 0.99843544 0.22003242 ... 0.17381562 0.12879705 0.45849693]    testing-metric, video_auc: 0.7666391275611368    testing-metric, label: [0 1 0 ... 1 1 1]    
2026-09-18 02:37:11,702 - INFO - dataset: avg    step: 0    testing-metric, acc: 0.5534713763702801    testing-metric, auc: 0.7142598441412943    testing-metric, eer: 0.3389679715302491    testing-metric, ap: 0.8105177171118733    testing-metric, video_auc: 0.7666391275611368    
2026-09-18 02:37:11,703 - INFO - ===> Test Done!
2026-09-18 02:37:11,703 - INFO - ===> Final SWA testing done! (w=0.0625)
2026-09-18 02:37:11,742 - INFO - data_dict saved to /autodl-fs/data/swa_exp/logs/ucf_2026-09-17-22-29-40/test/Celeb-DF-v2/data_dict_test.pickle
2026-09-18 02:37:40,936 - INFO - Iter Final for SWA (w=0.125):    testing-metric, acc: 0.5363580998781973    testing-metric, auc: 0.7089556642941874    testing-metric, eer: 0.3407473309608541    testing-metric, ap: 0.8107636108875443    testing-metric, pred: [9.4624097e-04 9.9732071e-01 1.0917819e-01 ... 2.2390772e-02 9.1419801e-02
 4.6623504e-01]    testing-metric, video_auc: 0.7634831460674157    testing-metric, label: [0 1 0 ... 1 1 1]    
2026-09-18 02:37:40,944 - INFO - dataset: avg    step: 0    testing-metric, acc: 0.5363580998781973    testing-metric, auc: 0.7089556642941874    testing-metric, eer: 0.3407473309608541    testing-metric, ap: 0.8107636108875443    testing-metric, video_auc: 0.7634831460674157    
2026-09-18 02:37:40,945 - INFO - ===> Test Done!
2026-09-18 02:37:40,945 - INFO - ===> Final SWA testing done! (w=0.125)
2026-09-18 02:37:40,987 - INFO - data_dict saved to /autodl-fs/data/swa_exp/logs/ucf_2026-09-17-22-29-40/test/Celeb-DF-v2/data_dict_test.pickle
2026-09-18 02:38:09,932 - INFO - Iter Final for SWA (w=0.25):    testing-metric, acc: 0.5604141291108404    testing-metric, auc: 0.7119854191379992    testing-metric, eer: 0.3379003558718861    testing-metric, ap: 0.8134671258997868    testing-metric, pred: [0.00249792 0.9992367  0.16996147 ... 0.00907418 0.05195317 0.6687449 ]    testing-metric, video_auc: 0.7674487772637144    testing-metric, label: [0 1 0 ... 1 1 1]    
2026-09-18 02:38:09,946 - INFO - dataset: avg    step: 0    testing-metric, acc: 0.5604141291108404    testing-metric, auc: 0.7119854191379992    testing-metric, eer: 0.3379003558718861    testing-metric, ap: 0.8134671258997868    testing-metric, video_auc: 0.7674487772637144    
2026-09-18 02:38:09,947 - INFO - ===> Test Done!
2026-09-18 02:38:09,947 - INFO - ===> Final SWA testing done! (w=0.25)
2026-09-18 02:38:09,994 - INFO - data_dict saved to /autodl-fs/data/swa_exp/logs/ucf_2026-09-17-22-29-40/test/Celeb-DF-v2/data_dict_test.pickle
2026-09-18 02:38:38,784 - INFO - Iter Final for SWA (w=0.5):    testing-metric, acc: 0.5713763702801462    testing-metric, auc: 0.7069703357717148    testing-metric, eer: 0.34199288256227756    testing-metric, ap: 0.8096220525552049    testing-metric, pred: [0.00313871 0.9998572  0.06431707 ... 0.00538774 0.04307943 0.54562193]    testing-metric, video_auc: 0.7652181097157964    testing-metric, label: [0 1 0 ... 1 1 1]    
2026-09-18 02:38:38,791 - INFO - dataset: avg    step: 0    testing-metric, acc: 0.5713763702801462    testing-metric, auc: 0.7069703357717148    testing-metric, eer: 0.34199288256227756    testing-metric, ap: 0.8096220525552049    testing-metric, video_auc: 0.7652181097157964    
2026-09-18 02:38:38,792 - INFO - ===> Test Done!
2026-09-18 02:38:38,792 - INFO - ===> Final SWA testing done! (w=0.5)
2026-09-18 02:38:38,824 - INFO - data_dict saved to /autodl-fs/data/swa_exp/logs/ucf_2026-09-17-22-29-40/test/Celeb-DF-v2/data_dict_test.pickle
2026-09-18 02:39:08,122 - INFO - Iter Final for SWA (w=1):    testing-metric, acc: 0.5758830694275274    testing-metric, auc: 0.7021167704626334    testing-metric, eer: 0.34395017793594307    testing-metric, ap: 0.8071626966867921    testing-metric, pred: [0.00140754 0.9998703  0.00383331 ... 0.00290894 0.17257817 0.58494705]    testing-metric, video_auc: 0.7630370125578321    testing-metric, label: [0 1 0 ... 1 1 1]    
2026-09-18 02:39:08,129 - INFO - dataset: avg    step: 0    testing-metric, acc: 0.5758830694275274    testing-metric, auc: 0.7021167704626334    testing-metric, eer: 0.34395017793594307    testing-metric, ap: 0.8071626966867921    testing-metric, video_auc: 0.7630370125578321    
2026-09-18 02:39:08,130 - INFO - ===> Test Done!
2026-09-18 02:39:08,130 - INFO - ===> Final SWA testing done! (w=1)
2026-09-18 02:39:08,365 - INFO - data_dict saved to /autodl-fs/data/swa_exp/logs/ucf_2026-09-17-22-29-40/test/Celeb-DF-v2/data_dict_test.pickle
2026-09-18 02:39:37,783 - INFO - Iter Final for SWA (w=0.0625, BN recalibrated):    testing-metric, acc: 0.5233252131546894    testing-metric, auc: 0.7034882364570977    testing-metric, eer: 0.34644128113879    testing-metric, ap: 0.8046704107552701    testing-metric, pred: [0.00264669 0.99367625 0.08863794 ... 0.04770046 0.13522199 0.18943293]    testing-metric, video_auc: 0.7540812954395241    testing-metric, label: [0 1 0 ... 1 1 1]    
2026-09-18 02:39:37,790 - INFO - dataset: avg    step: 0    testing-metric, acc: 0.5233252131546894    testing-metric, auc: 0.7034882364570977    testing-metric, eer: 0.34644128113879    testing-metric, ap: 0.8046704107552701    testing-metric, video_auc: 0.7540812954395241    
2026-09-18 02:39:37,791 - INFO - ===> Test Done!
2026-09-18 02:39:37,791 - INFO - ===> Final SWA testing done! (w=0.0625, BN recalibrated)
2026-09-18 02:39:37,934 - INFO - data_dict saved to /autodl-fs/data/swa_exp/logs/ucf_2026-09-17-22-29-40/test/Celeb-DF-v2/data_dict_test.pickle
2026-09-18 02:40:07,410 - INFO - Iter Final for SWA (w=0.125, BN recalibrated):    testing-metric, acc: 0.5185140073081608    testing-metric, auc: 0.7001552079214446    testing-metric, eer: 0.34644128113879    testing-metric, ap: 0.8057357176672472    testing-metric, pred: [0.00389657 0.99055594 0.0645339  ... 0.01469403 0.18306217 0.18000245]    testing-metric, video_auc: 0.7527263714474555    testing-metric, label: [0 1 0 ... 1 1 1]    
2026-09-18 02:40:07,417 - INFO - dataset: avg    step: 0    testing-metric, acc: 0.5185140073081608    testing-metric, auc: 0.7001552079214446    testing-metric, eer: 0.34644128113879    testing-metric, ap: 0.8057357176672472    testing-metric, video_auc: 0.7527263714474555    
2026-09-18 02:40:07,418 - INFO - ===> Test Done!
2026-09-18 02:40:07,419 - INFO - ===> Final SWA testing done! (w=0.125, BN recalibrated)
2026-09-18 02:40:07,562 - INFO - data_dict saved to /autodl-fs/data/swa_exp/logs/ucf_2026-09-17-22-29-40/test/Celeb-DF-v2/data_dict_test.pickle
2026-09-18 02:40:36,692 - INFO - Iter Final for SWA (w=0.25, BN recalibrated):    testing-metric, acc: 0.5200974421437271    testing-metric, auc: 0.7028590351917754    testing-metric, eer: 0.34466192170818505    testing-metric, ap: 0.8087095338586594    testing-metric, pred: [0.00551247 0.9882045  0.03348337 ... 0.00575493 0.03662068 0.14393489]    testing-metric, video_auc: 0.7552709847984138    testing-metric, label: [0 1 0 ... 1 1 1]    
2026-09-18 02:40:36,700 - INFO - dataset: avg    step: 0    testing-metric, acc: 0.5200974421437271    testing-metric, auc: 0.7028590351917754    testing-metric, eer: 0.34466192170818505    testing-metric, ap: 0.8087095338586594    testing-metric, video_auc: 0.7552709847984138    
2026-09-18 02:40:36,701 - INFO - ===> Test Done!
2026-09-18 02:40:36,701 - INFO - ===> Final SWA testing done! (w=0.25, BN recalibrated)
2026-09-18 02:40:36,876 - INFO - data_dict saved to /autodl-fs/data/swa_exp/logs/ucf_2026-09-17-22-29-40/test/Celeb-DF-v2/data_dict_test.pickle
2026-09-18 02:41:05,996 - INFO - Iter Final for SWA (w=0.5, BN recalibrated):    testing-metric, acc: 0.5200365408038977    testing-metric, auc: 0.705726102214314    testing-metric, eer: 0.3427046263345196    testing-metric, ap: 0.8087271536192068    testing-metric, pred: [0.00432044 0.99302506 0.01954132 ... 0.00428009 0.01622443 0.0352781 ]    testing-metric, video_auc: 0.7549570389953735    testing-metric, label: [0 1 0 ... 1 1 1]    
2026-09-18 02:41:06,003 - INFO - dataset: avg    step: 0    testing-metric, acc: 0.5200365408038977    testing-metric, auc: 0.705726102214314    testing-metric, eer: 0.3427046263345196    testing-metric, ap: 0.8087271536192068    testing-metric, video_auc: 0.7549570389953735    
2026-09-18 02:41:06,004 - INFO - ===> Test Done!
2026-09-18 02:41:06,004 - INFO - ===> Final SWA testing done! (w=0.5, BN recalibrated)
2026-09-18 02:41:06,084 - INFO - data_dict saved to /autodl-fs/data/swa_exp/logs/ucf_2026-09-17-22-29-40/test/Celeb-DF-v2/data_dict_test.pickle
2026-09-18 02:41:35,843 - INFO - Iter Final for SWA (w=1, BN recalibrated):    testing-metric, acc: 0.51278928136419    testing-metric, auc: 0.7080843301041255    testing-metric, eer: 0.34412811387900355    testing-metric, ap: 0.8077096759140495    testing-metric, pred: [0.00341476 0.9782857  0.01715285 ... 0.00536581 0.01594584 0.05149134]    testing-metric, video_auc: 0.7509087904824852    testing-metric, label: [0 1 0 ... 1 1 1]    
2026-09-18 02:41:35,850 - INFO - dataset: avg    step: 0    testing-metric, acc: 0.51278928136419    testing-metric, auc: 0.7080843301041255    testing-metric, eer: 0.34412811387900355    testing-metric, ap: 0.8077096759140495    testing-metric, video_auc: 0.7509087904824852    
2026-09-18 02:41:35,852 - INFO - ===> Test Done!
2026-09-18 02:41:35,852 - INFO - ===> Final SWA testing done! (w=1, BN recalibrated)
