2026-09-18 20:42:40,212 - INFO - Save log to /autodl-fs/data/swa_exp/logs/ucf_2026-09-18-20-42-40
2026-09-18 20:42:40,212 - INFO - --------------- Configuration ---------------
2026-09-18 20:42:40,213 - INFO - Parameters: 
log_dir: /autodl-fs/data/swa_exp/logs
pretrained: ./training/pretrained/xception-b5690688.pth
model_name: ucf
backbone_name: xception
encoder_feat_dim: 512
backbone_config: {'mode': 'adjust_channel', 'num_classes': 2, 'inc': 3, 'dropout': False}
all_dataset: ['FaceForensics++', 'FF-F2F', 'FF-DF', 'FF-FS', 'FF-NT', 'FaceShifter', 'DeepFakeDetection', 'Celeb-DF-v1', 'Celeb-DF-v2', 'DFDCP', 'DFDC', 'DeeperForensics-1.0', 'UADFV']
train_dataset: ['FF-F2F', 'FF-DF', 'FF-FS', 'FF-NT']
test_dataset: ['Celeb-DF-v2']
dataset_type: pair
compression: c23
train_batchSize: 16
test_batchSize: 32
workers: 8
frame_num: {'train': 32, 'test': 32}
resolution: 256
with_mask: False
with_landmark: False
save_feat: True
label_dict: {'DFD_fake': 1, 'DFD_real': 0, 'FaceShifter': 1, 'FF-FH': 1, 'FF-DF': 1, 'FF-F2F': 2, 'FF-FS': 3, 'FF-NT': 4, 'FF-real': 0, 'CelebDFv1_real': 0, 'CelebDFv1_fake': 1, 'CelebDFv2_real': 0, 'CelebDFv2_fake': 1, 'DFDCP_Real': 0, 'DFDCP_FakeA': 1, 'DFDCP_FakeB': 1, 'DFDC_Fake': 1, 'DFDC_Real': 0, 'DF_fake': 1, 'DF_real': 0, 'UADFV_Fake': 1, 'UADFV_Real': 0, 'roop_Fake': 1, 'roop_Real': 0}
use_data_augmentation: True
data_aug: {'flip_prob': 0.5, 'rotate_prob': 0.5, 'rotate_limit': [-10, 10], 'blur_prob': 0.5, 'blur_limit': [3, 7], 'brightness_prob': 0.5, 'brightness_limit': [-0.1, 0.1], 'contrast_limit': [-0.1, 0.1], 'quality_lower': 40, 'quality_upper': 100}
mean: [0.5, 0.5, 0.5]
std: [0.5, 0.5, 0.5]
optimizer: {'type': 'adam', 'adam': {'lr': 0.0002, 'beta1': 0.9, 'beta2': 0.999, 'eps': 1e-08, 'weight_decay': 0.0005, 'amsgrad': False}, 'sgd': {'lr': 0.0002, 'momentum': 0.9, 'weight_decay': 0.0005}}
lr_scheduler: cosine
nEpochs: 3
start_epoch: 0
save_epoch: 1
rec_iter: 100
logdir: ./logs
manualSeed: 2048
save_ckpt: True
loss_func: {'cls_loss': 'cross_entropy', 'spe_loss': 'cross_entropy', 'con_loss': 'contrastive_regularization', 'rec_loss': 'l1loss', 'cons2_loss': 'cross_method_consistency'}
cross_method_consistency: False
consistency_weight: 0.1
consistency_temperature: 0.1
losstype: None
metric_scoring: auc
cuda: True
cudnn: False
lr_T_max: 3
lr_eta_min: 1e-06
SWA: True
swa_start: 2
spsa: True
rng_neutral_build: True
spsa_mode: spsa
swa_ws: [1.0, 0.5, 0.25, 0.125, 0.0625]
probe_every: 300
probe_grad_every: 1500
test_times_per_epoch: 6
bn_recalib_batches: 100
tail_lam: 0.5
mode: train
lmdb: False
dry_run: False
rgb_dir: ./datasets/rgb
lmdb_dir: ./datasets/lmdb
dataset_json_folder: ./preprocessing/dataset_json
save_avg: True
local_rank: 0
ddp: False

2026-09-18 20:42:42,478 - INFO - Load pretrained model successfully!
2026-09-18 20:42:43,783 - INFO - Load pretrained model successfully!
2026-09-18 20:42:47,535 - INFO - SWA window widths: 0.0625,0.125,0.25,0.5,1
2026-09-18 20:42:47,590 - INFO - ===> Epoch[0] start!
2026-09-18 20:42:47,863 - INFO - data_dict saved to /autodl-fs/data/swa_exp/logs/ucf_2026-09-18-20-42-40/train/FF-F2F,FF-DF,FF-FS,FF-NT/data_dict_train.pickle
2026-09-18 20:42:49,409 - INFO - MEMDBG iter0 start alloc=1.06GB reserved=1.11GB
2026-09-18 20:42:51,334 - INFO - Iter: 0    training-loss, overall: 2.010537624359131    training-loss, common: 0.6922780275344849    training-loss, specific: 1.6161878108978271    training-loss, reconstruction: 1.8863199949264526    training-loss, contrastive: 11.814895629882812    
2026-09-18 20:42:51,372 - INFO - Iter: 0    training-metric, acc: 0.5    training-metric, acc_spe: 0.125    training-metric, auc: 0.51953125    training-metric, eer: 0.5    training-metric, ap: 0.5243358823444555    
2026-09-18 20:42:51,373 - INFO - MEMDBG iter0 end alloc=1.73GB peak=14.49GB
2026-09-18 20:42:51,395 - INFO - MEMDBG iter1 start alloc=1.73GB reserved=15.14GB
2026-09-18 20:42:52,029 - INFO - MEMDBG iter1 end alloc=1.75GB peak=14.92GB
2026-09-18 20:42:52,032 - INFO - MEMDBG iter2 start alloc=1.71GB reserved=15.64GB
2026-09-18 20:42:52,639 - INFO - MEMDBG iter2 end alloc=1.73GB peak=14.92GB
2026-09-18 20:42:52,642 - INFO - MEMDBG iter3 start alloc=1.73GB reserved=15.64GB
2026-09-18 20:42:53,285 - INFO - MEMDBG iter3 end alloc=1.75GB peak=14.92GB
2026-09-18 20:46:06,557 - INFO - Iter: 300    training-loss, overall: 1.5774470567703247    training-loss, common: 0.6123821139335632    training-loss, specific: 1.3402087688446045    training-loss, reconstruction: 1.1306390762329102    training-loss, contrastive: 9.837040901184082    
2026-09-18 20:46:06,558 - INFO - Iter: 300    training-metric, acc: 0.6560416666666666    training-metric, acc_spe: 0.521875    training-metric, auc: 0.7069010416666667    training-metric, eer: 0.33645833333333336    training-metric, ap: 0.7304515245609169    
2026-09-18 20:49:22,888 - INFO - Iter: 600    training-loss, overall: 1.145017147064209    training-loss, common: 0.4469691514968872    training-loss, specific: 1.138922929763794    training-loss, reconstruction: 0.7951961159706116    training-loss, contrastive: 6.9119157791137695    
2026-09-18 20:49:22,889 - INFO - Iter: 600    training-metric, acc: 0.7991666666666667    training-metric, acc_spe: 0.5707291666666666    training-metric, auc: 0.8730338541666667    training-metric, eer: 0.189375    training-metric, ap: 0.8864441390568364    
2026-09-18 20:52:37,400 - INFO - Iter: 900    training-loss, overall: 0.9681426286697388    training-loss, common: 0.38059496879577637    training-loss, specific: 1.0158981084823608    training-loss, reconstruction: 0.6929112076759338    training-loss, contrastive: 5.561689853668213    
2026-09-18 20:52:37,401 - INFO - Iter: 900    training-metric, acc: 0.8307291666666666    training-metric, acc_spe: 0.624375    training-metric, auc: 0.9108138020833333    training-metric, eer: 0.15125    training-metric, ap: 0.9216027208151252    
2026-09-18 20:53:13,359 - INFO - ===> Test start!
2026-09-18 20:53:13,398 - INFO - data_dict saved to /autodl-fs/data/swa_exp/logs/ucf_2026-09-18-20-42-40/test/Celeb-DF-v2/data_dict_test.pickle
2026-09-18 20:53:44,455 - INFO - Checkpoint saved to /autodl-fs/data/swa_exp/logs/ucf_2026-09-18-20-42-40/test/Celeb-DF-v2/ckpt_best.pth, current ckpt is 0+956
2026-09-18 20:53:44,469 - INFO - Metrics saved to /autodl-fs/data/swa_exp/logs/ucf_2026-09-18-20-42-40/test/Celeb-DF-v2/metric_dict_best.pickle
2026-09-18 20:53:44,479 - INFO - dataset: Celeb-DF-v2    step: 956    testing-loss, common: 0.8164221048355103    
2026-09-18 20:53:44,541 - INFO - dataset: Celeb-DF-v2    step: 956    testing-metric, acc: 0.5493300852618758    testing-metric, auc: 0.7250156847238698    testing-metric, eer: 0.34306049822064055    testing-metric, ap: 0.819584765909426    testing-metric, video_auc: 0.7779081295439524    testing-metric, acc_real:0.8491103202846975; acc_fake:0.3933333333333333
2026-09-18 20:53:47,087 - INFO - Checkpoint saved to /autodl-fs/data/swa_exp/logs/ucf_2026-09-18-20-42-40/test/avg/ckpt_best.pth, current ckpt is 0+956
2026-09-18 20:53:47,094 - INFO - Metrics saved to /autodl-fs/data/swa_exp/logs/ucf_2026-09-18-20-42-40/test/avg/metric_dict_best.pickle
2026-09-18 20:53:47,317 - INFO - dataset: avg    step: 956    testing-metric, acc: 0.5493300852618758    testing-metric, auc: 0.7250156847238698    testing-metric, eer: 0.34306049822064055    testing-metric, ap: 0.819584765909426    testing-metric, video_auc: 0.7779081295439524    
2026-09-18 20:53:47,317 - INFO - ===> Test Done!
2026-09-18 20:53:49,286 - INFO - Step ckpt saved: step_956.pth
2026-09-18 20:56:29,834 - INFO - Iter: 1200    training-loss, overall: 0.8661296963691711    training-loss, common: 0.34555840492248535    training-loss, specific: 0.8913638591766357    training-loss, reconstruction: 0.6375970840454102    training-loss, contrastive: 4.803115367889404    
2026-09-18 20:56:29,834 - INFO - Iter: 1200    training-metric, acc: 0.8509375    training-metric, acc_spe: 0.6791666666666667    training-metric, auc: 0.9268619791666667    training-metric, eer: 0.13291666666666666    training-metric, ap: 0.9351845971807192    
2026-09-18 20:59:44,137 - INFO - Iter: 1500    training-loss, overall: 0.7792404890060425    training-loss, common: 0.3079063892364502    training-loss, specific: 0.782398521900177    training-loss, reconstruction: 0.5973455309867859    training-loss, contrastive: 4.277822494506836    
2026-09-18 20:59:44,138 - INFO - Iter: 1500    training-metric, acc: 0.8675    training-metric, acc_spe: 0.7282291666666667    training-metric, auc: 0.9400651041666667    training-metric, eer: 0.11375    training-metric, ap: 0.9477375877016991    
2026-09-18 21:03:00,591 - INFO - Iter: 1800    training-loss, overall: 0.7113658785820007    training-loss, common: 0.283128947019577    training-loss, specific: 0.7049606442451477    training-loss, reconstruction: 0.5674047470092773    training-loss, contrastive: 3.750384569168091    
2026-09-18 21:03:00,592 - INFO - Iter: 1800    training-metric, acc: 0.8810416666666666    training-metric, acc_spe: 0.7638541666666666    training-metric, auc: 0.9505533854166667    training-metric, eer: 0.10645833333333334    training-metric, ap: 0.9571445165171434    
2026-09-18 21:04:15,092 - INFO - ===> Test start!
2026-09-18 21:04:15,129 - INFO - data_dict saved to /autodl-fs/data/swa_exp/logs/ucf_2026-09-18-20-42-40/test/Celeb-DF-v2/data_dict_test.pickle
2026-09-18 21:04:43,854 - INFO - dataset: Celeb-DF-v2    step: 1913    testing-loss, common: 0.9340012669563293    
2026-09-18 21:04:43,856 - INFO - dataset: Celeb-DF-v2    step: 1913    testing-metric, acc: 0.515468940316687    testing-metric, auc: 0.7041367882562278    testing-metric, eer: 0.351423487544484    testing-metric, ap: 0.7933935891924442    testing-metric, video_auc: 0.7635327164573694    testing-metric, acc_real:0.8560498220640569; acc_fake:0.33824074074074073
2026-09-18 21:04:43,856 - INFO - dataset: avg    step: 1913    testing-metric, acc: 0.515468940316687    testing-metric, auc: 0.7041367882562278    testing-metric, eer: 0.351423487544484    testing-metric, ap: 0.7933935891924442    testing-metric, video_auc: 0.7635327164573694    
2026-09-18 21:04:43,857 - INFO - ===> Test Done!
2026-09-18 21:04:45,884 - INFO - Step ckpt saved: step_1913.pth
2026-09-18 21:06:47,187 - INFO - Iter: 2100    training-loss, overall: 0.655652642250061    training-loss, common: 0.2625759243965149    training-loss, specific: 0.6522170901298523    training-loss, reconstruction: 0.5355379581451416    training-loss, contrastive: 3.3438785076141357    
2026-09-18 21:06:47,187 - INFO - Iter: 2100    training-metric, acc: 0.8954166666666666    training-metric, acc_spe: 0.7875    training-metric, auc: 0.9568033854166667    training-metric, eer: 0.09166666666666666    training-metric, ap: 0.9625653730555748    
2026-09-18 21:10:04,860 - INFO - Iter: 2400    training-loss, overall: 0.6387453079223633    training-loss, common: 0.257172167301178    training-loss, specific: 0.6075016856193542    training-loss, reconstruction: 0.5274261236190796    training-loss, contrastive: 3.251901865005493    
2026-09-18 21:10:04,860 - INFO - Iter: 2400    training-metric, acc: 0.8938541666666666    training-metric, acc_spe: 0.8060416666666667    training-metric, auc: 0.9584375    training-metric, eer: 0.08875    training-metric, ap: 0.9640959232704234    
2026-09-18 21:13:19,903 - INFO - Iter: 2700    training-loss, overall: 0.6028364896774292    training-loss, common: 0.24378131330013275    training-loss, specific: 0.5598011016845703    training-loss, reconstruction: 0.50864177942276    training-loss, contrastive: 3.0096521377563477    
2026-09-18 21:13:19,904 - INFO - Iter: 2700    training-metric, acc: 0.899375    training-metric, acc_spe: 0.8172916666666666    training-metric, auc: 0.9622526041666667    training-metric, eer: 0.08416666666666667    training-metric, ap: 0.9673884153883646    
2026-09-18 21:15:09,283 - INFO - ===> Test start!
2026-09-18 21:15:09,319 - INFO - data_dict saved to /autodl-fs/data/swa_exp/logs/ucf_2026-09-18-20-42-40/test/Celeb-DF-v2/data_dict_test.pickle
2026-09-18 21:15:37,790 - INFO - dataset: Celeb-DF-v2    step: 2870    testing-loss, common: 1.289903998374939    
2026-09-18 21:15:37,791 - INFO - dataset: Celeb-DF-v2    step: 2870    testing-metric, acc: 0.53836784409257    testing-metric, auc: 0.6767673652299986    testing-metric, eer: 0.37704626334519575    testing-metric, ap: 0.7913830816017549    testing-metric, video_auc: 0.7177792465300726    testing-metric, acc_real:0.8058718861209965; acc_fake:0.39916666666666667
2026-09-18 21:15:37,792 - INFO - dataset: avg    step: 2870    testing-metric, acc: 0.53836784409257    testing-metric, auc: 0.6767673652299986    testing-metric, eer: 0.37704626334519575    testing-metric, ap: 0.7913830816017549    testing-metric, video_auc: 0.7177792465300726    
2026-09-18 21:15:37,792 - INFO - ===> Test Done!
2026-09-18 21:15:40,717 - INFO - Step ckpt saved: step_2870.pth
2026-09-18 21:17:04,559 - INFO - Iter: 3000    training-loss, overall: 0.5894497036933899    training-loss, common: 0.2364996075630188    training-loss, specific: 0.5509982705116272    training-loss, reconstruction: 0.4987306296825409    training-loss, contrastive: 2.9646198749542236    
2026-09-18 21:17:04,560 - INFO - Iter: 3000    training-metric, acc: 0.9004166666666666    training-metric, acc_spe: 0.826875    training-metric, auc: 0.96498046875    training-metric, eer: 0.08041666666666666    training-metric, ap: 0.9697121292791119    
2026-09-18 21:20:18,968 - INFO - Iter: 3300    training-loss, overall: 0.5646350979804993    training-loss, common: 0.22669446468353271    training-loss, specific: 0.5160810947418213    training-loss, reconstruction: 0.49181067943573    training-loss, contrastive: 2.7757856845855713    
2026-09-18 21:20:18,968 - INFO - Iter: 3300    training-metric, acc: 0.9054166666666666    training-metric, acc_spe: 0.8347916666666667    training-metric, auc: 0.9668619791666667    training-metric, eer: 0.07583333333333334    training-metric, ap: 0.970938227547436    
2026-09-18 21:23:33,703 - INFO - Iter: 3600    training-loss, overall: 0.5436136722564697    training-loss, common: 0.21622902154922485    training-loss, specific: 0.48243480920791626    training-loss, reconstruction: 0.492168128490448    training-loss, contrastive: 2.6298105716705322    
2026-09-18 21:23:33,704 - INFO - Iter: 3600    training-metric, acc: 0.9102083333333333    training-metric, acc_spe: 0.8440625    training-metric, auc: 0.9692903645833333    training-metric, eer: 0.07375    training-metric, ap: 0.9740143178718971    
2026-09-18 21:25:59,751 - INFO - ===> Test start!
2026-09-18 21:25:59,788 - INFO - data_dict saved to /autodl-fs/data/swa_exp/logs/ucf_2026-09-18-20-42-40/test/Celeb-DF-v2/data_dict_test.pickle
2026-09-18 21:26:28,284 - INFO - dataset: Celeb-DF-v2    step: 3827    testing-loss, common: 0.9415053725242615    
2026-09-18 21:26:28,285 - INFO - dataset: Celeb-DF-v2    step: 3827    testing-metric, acc: 0.5816686967113277    testing-metric, auc: 0.7161132776459733    testing-metric, eer: 0.3469750889679715    testing-metric, ap: 0.8206070055738224    testing-metric, video_auc: 0.7624752148050231    testing-metric, acc_real:0.8142348754448399; acc_fake:0.46064814814814814
2026-09-18 21:26:28,285 - INFO - dataset: avg    step: 3827    testing-metric, acc: 0.5816686967113277    testing-metric, auc: 0.7161132776459733    testing-metric, eer: 0.3469750889679715    testing-metric, ap: 0.8206070055738224    testing-metric, video_auc: 0.7624752148050231    
2026-09-18 21:26:28,286 - INFO - ===> Test Done!
2026-09-18 21:26:30,131 - INFO - Step ckpt saved: step_3827.pth
2026-09-18 21:27:17,018 - INFO - Iter: 3900    training-loss, overall: 0.5311034321784973    training-loss, common: 0.21142178773880005    training-loss, specific: 0.47830089926719666    training-loss, reconstruction: 0.4825316071510315    training-loss, contrastive: 2.541843891143799    
2026-09-18 21:27:17,019 - INFO - Iter: 3900    training-metric, acc: 0.9105208333333333    training-metric, acc_spe: 0.851875    training-metric, auc: 0.97126953125    training-metric, eer: 0.0725    training-metric, ap: 0.9754585252942101    
2026-09-18 21:30:29,599 - INFO - Iter: 4200    training-loss, overall: 0.517051100730896    training-loss, common: 0.20751456916332245    training-loss, specific: 0.458318293094635    training-loss, reconstruction: 0.47529277205467224    training-loss, contrastive: 2.422335147857666    
2026-09-18 21:30:29,600 - INFO - Iter: 4200    training-metric, acc: 0.915    training-metric, acc_spe: 0.8588541666666667    training-metric, auc: 0.9721484375    training-metric, eer: 0.06416666666666666    training-metric, ap: 0.9759618008193043    
2026-09-18 21:33:41,826 - INFO - Iter: 4500    training-loss, overall: 0.49584418535232544    training-loss, common: 0.19666869938373566    training-loss, specific: 0.4392355978488922    training-loss, reconstruction: 0.4756256639957428    training-loss, contrastive: 2.2512848377227783    
2026-09-18 21:33:41,827 - INFO - Iter: 4500    training-metric, acc: 0.9179166666666667    training-metric, acc_spe: 0.8636458333333333    training-metric, auc: 0.97548828125    training-metric, eer: 0.06479166666666666    training-metric, ap: 0.9777663842531581    
2026-09-18 21:36:43,579 - INFO - ===> Test start!
2026-09-18 21:36:43,764 - INFO - data_dict saved to /autodl-fs/data/swa_exp/logs/ucf_2026-09-18-20-42-40/test/Celeb-DF-v2/data_dict_test.pickle
2026-09-18 21:37:15,767 - INFO - Checkpoint saved to /autodl-fs/data/swa_exp/logs/ucf_2026-09-18-20-42-40/test/Celeb-DF-v2/ckpt_best.pth, current ckpt is 0+4784
2026-09-18 21:37:15,992 - INFO - Metrics saved to /autodl-fs/data/swa_exp/logs/ucf_2026-09-18-20-42-40/test/Celeb-DF-v2/metric_dict_best.pickle
2026-09-18 21:37:15,995 - INFO - dataset: Celeb-DF-v2    step: 4784    testing-loss, common: 0.7694973945617676    
2026-09-18 21:37:15,998 - INFO - dataset: Celeb-DF-v2    step: 4784    testing-metric, acc: 0.6403775883069428    testing-metric, auc: 0.7471927392249902    testing-metric, eer: 0.3217081850533808    testing-metric, ap: 0.8477192332228944    testing-metric, video_auc: 0.8137640449438203    testing-metric, acc_real:0.7866548042704626; acc_fake:0.5642592592592592
2026-09-18 21:37:19,820 - INFO - Checkpoint saved to /autodl-fs/data/swa_exp/logs/ucf_2026-09-18-20-42-40/test/avg/ckpt_best.pth, current ckpt is 0+4784
2026-09-18 21:37:19,971 - INFO - Metrics saved to /autodl-fs/data/swa_exp/logs/ucf_2026-09-18-20-42-40/test/avg/metric_dict_best.pickle
2026-09-18 21:37:19,972 - INFO - dataset: avg    step: 4784    testing-metric, acc: 0.6403775883069428    testing-metric, auc: 0.7471927392249902    testing-metric, eer: 0.3217081850533808    testing-metric, ap: 0.8477192332228944    testing-metric, video_auc: 0.8137640449438203    
2026-09-18 21:37:19,973 - INFO - ===> Test Done!
2026-09-18 21:37:22,890 - INFO - Step ckpt saved: step_4784.pth
2026-09-18 21:37:33,187 - INFO - Iter: 4800    training-loss, overall: 0.4866252839565277    training-loss, common: 0.19409355521202087    training-loss, specific: 0.41308167576789856    training-loss, reconstruction: 0.46545013785362244    training-loss, contrastive: 2.231771230697632    
2026-09-18 21:37:33,188 - INFO - Iter: 4800    training-metric, acc: 0.9198958333333334    training-metric, acc_spe: 0.8703125    training-metric, auc: 0.97505859375    training-metric, eer: 0.06333333333333334    training-metric, ap: 0.9781979378836699    
2026-09-18 21:40:49,363 - INFO - Iter: 5100    training-loss, overall: 0.49048686027526855    training-loss, common: 0.19447816908359528    training-loss, specific: 0.4328942596912384    training-loss, reconstruction: 0.45825883746147156    training-loss, contrastive: 2.304832935333252    
2026-09-18 21:40:49,364 - INFO - Iter: 5100    training-metric, acc: 0.9190625    training-metric, acc_spe: 0.8646875    training-metric, auc: 0.9764453125    training-metric, eer: 0.059166666666666666    training-metric, ap: 0.9798326540301967    
2026-09-18 21:44:08,337 - INFO - Iter: 5400    training-loss, overall: 0.481767475605011    training-loss, common: 0.19334612786769867    training-loss, specific: 0.41769975423812866    training-loss, reconstruction: 0.4528573155403137    training-loss, contrastive: 2.215888261795044    
2026-09-18 21:44:08,338 - INFO - Iter: 5400    training-metric, acc: 0.9179166666666667    training-metric, acc_spe: 0.8692708333333333    training-metric, auc: 0.97556640625    training-metric, eer: 0.06    training-metric, ap: 0.9790527398563861    
2026-09-18 21:47:23,359 - INFO - Iter: 5700    training-loss, overall: 0.48360997438430786    training-loss, common: 0.19658192992210388    training-loss, specific: 0.42320701479911804    training-loss, reconstruction: 0.45351630449295044    training-loss, contrastive: 2.173046350479126    
2026-09-18 21:47:23,359 - INFO - Iter: 5700    training-metric, acc: 0.9217708333333333    training-metric, acc_spe: 0.8676041666666666    training-metric, auc: 0.9753255208333333    training-metric, eer: 0.060625    training-metric, ap: 0.9789924881218286    
2026-09-18 21:47:50,287 - INFO - ===> Test start!
2026-09-18 21:47:50,325 - INFO - data_dict saved to /autodl-fs/data/swa_exp/logs/ucf_2026-09-18-20-42-40/test/Celeb-DF-v2/data_dict_test.pickle
2026-09-18 21:48:19,049 - INFO - dataset: Celeb-DF-v2    step: 5741    testing-loss, common: 1.7386207580566406    
2026-09-18 21:48:19,051 - INFO - dataset: Celeb-DF-v2    step: 5741    testing-metric, acc: 0.4945188794153471    testing-metric, auc: 0.6940278848688546    testing-metric, eer: 0.3615658362989324    testing-metric, ap: 0.798539934466125    testing-metric, video_auc: 0.7491738268341044    testing-metric, acc_real:0.8937722419928825; acc_fake:0.28675925925925927
2026-09-18 21:48:19,051 - INFO - dataset: avg    step: 5741    testing-metric, acc: 0.4945188794153471    testing-metric, auc: 0.6940278848688546    testing-metric, eer: 0.3615658362989324    testing-metric, ap: 0.798539934466125    testing-metric, video_auc: 0.7491738268341044    
2026-09-18 21:48:19,052 - INFO - ===> Test Done!
2026-09-18 21:48:22,245 - INFO - Step ckpt saved: step_5741.pth
2026-09-18 21:48:23,855 - INFO - ===> Epoch[0] end with testing auc: 
================================ Each dataset best metric ================================ 
| Celeb-DF-v2:  auc=0.7471927392249902 | 
============================================================================================= 
================================== Average best metric ====================================== 
| avg auc: 0.7471927392249902 | 
| Celeb-DF-v2: 0.7471927392249902 | 
=============================================================================================!
2026-09-18 21:48:23,857 - INFO - ===> Epoch[0] end, current lr = 0.000200
2026-09-18 21:48:23,858 - INFO - ===> Epoch[1] start!
2026-09-18 21:48:24,103 - INFO - data_dict saved to /autodl-fs/data/swa_exp/logs/ucf_2026-09-18-20-42-40/train/FF-F2F,FF-DF,FF-FS,FF-NT/data_dict_train.pickle
2026-09-18 21:48:26,101 - INFO - MEMDBG iter0 start alloc=1.67GB reserved=15.70GB
2026-09-18 21:48:27,161 - INFO - Iter: 5744    training-loss, overall: 0.44539594650268555    training-loss, common: 0.17806360125541687    training-loss, specific: 0.47075003385543823    training-loss, reconstruction: 0.4036584496498108    training-loss, contrastive: 1.9831962585449219    
2026-09-18 21:48:27,162 - INFO - Iter: 5744    training-metric, acc: 0.9375    training-metric, acc_spe: 0.84375    training-metric, auc: 0.984375    training-metric, eer: 0.0625    training-metric, ap: 0.9849826388888889    
2026-09-18 21:48:27,164 - INFO - MEMDBG iter0 end alloc=1.73GB peak=14.92GB
2026-09-18 21:48:27,178 - INFO - MEMDBG iter1 start alloc=1.73GB reserved=15.70GB
2026-09-18 21:48:27,834 - INFO - MEMDBG iter1 end alloc=1.75GB peak=14.92GB
2026-09-18 21:48:27,837 - INFO - MEMDBG iter2 start alloc=1.71GB reserved=15.70GB
2026-09-18 21:48:28,492 - INFO - MEMDBG iter2 end alloc=1.73GB peak=14.92GB
2026-09-18 21:48:28,496 - INFO - MEMDBG iter3 start alloc=1.73GB reserved=15.70GB
2026-09-18 21:48:29,158 - INFO - MEMDBG iter3 end alloc=1.75GB peak=14.92GB
2026-09-18 21:51:43,569 - INFO - Iter: 6044    training-loss, overall: 0.4229096472263336    training-loss, common: 0.16748422384262085    training-loss, specific: 0.36614489555358887    training-loss, reconstruction: 0.4330889582633972    training-loss, contrastive: 1.777686357498169    
2026-09-18 21:51:43,570 - INFO - Iter: 6044    training-metric, acc: 0.9305208333333334    training-metric, acc_spe: 0.8872916666666667    training-metric, auc: 0.9819856770833333    training-metric, eer: 0.04958333333333333    training-metric, ap: 0.9843682412045786    
2026-09-18 21:54:58,578 - INFO - Iter: 6344    training-loss, overall: 0.4250977635383606    training-loss, common: 0.16983261704444885    training-loss, specific: 0.36753129959106445    training-loss, reconstruction: 0.4322790205478668    training-loss, contrastive: 1.7765657901763916    
2026-09-18 21:54:58,578 - INFO - Iter: 6344    training-metric, acc: 0.9301041666666666    training-metric, acc_spe: 0.8825    training-metric, auc: 0.9809244791666667    training-metric, eer: 0.05333333333333334    training-metric, ap: 0.9832085186001946    
2026-09-18 21:58:13,507 - INFO - Iter: 6644    training-loss, overall: 0.40800005197525024    training-loss, common: 0.16050992906093597    training-loss, specific: 0.35060763359069824    training-loss, reconstruction: 0.4214891493320465    training-loss, contrastive: 1.7196496725082397    
2026-09-18 21:58:13,508 - INFO - Iter: 6644    training-metric, acc: 0.93    training-metric, acc_spe: 0.8873958333333334    training-metric, auc: 0.9828385416666666    training-metric, eer: 0.050208333333333334    training-metric, ap: 0.9846523041233282    
2026-09-18 21:58:49,610 - INFO - ===> Test start!
2026-09-18 21:58:49,650 - INFO - data_dict saved to /autodl-fs/data/swa_exp/logs/ucf_2026-09-18-20-42-40/test/Celeb-DF-v2/data_dict_test.pickle
2026-09-18 21:59:18,269 - INFO - dataset: Celeb-DF-v2    step: 6698    testing-loss, common: 2.077108860015869    
2026-09-18 21:59:18,271 - INFO - dataset: Celeb-DF-v2    step: 6698    testing-metric, acc: 0.4649208282582217    testing-metric, auc: 0.7035491959931461    testing-metric, eer: 0.3574733096085409    testing-metric, ap: 0.7993350572044404    testing-metric, video_auc: 0.737491738268341    testing-metric, acc_real:0.9122775800711744; acc_fake:0.23212962962962963
2026-09-18 21:59:18,271 - INFO - dataset: avg    step: 6698    testing-metric, acc: 0.4649208282582217    testing-metric, auc: 0.7035491959931461    testing-metric, eer: 0.3574733096085409    testing-metric, ap: 0.7993350572044404    testing-metric, video_auc: 0.737491738268341    
2026-09-18 21:59:18,272 - INFO - ===> Test Done!
2026-09-18 21:59:20,772 - INFO - Step ckpt saved: step_6698.pth
2026-09-18 22:02:00,447 - INFO - Iter: 6944    training-loss, overall: 0.41121721267700195    training-loss, common: 0.16388361155986786    training-loss, specific: 0.35591626167297363    training-loss, reconstruction: 0.41261616349220276    training-loss, contrastive: 1.7591431140899658    
2026-09-18 22:02:00,448 - INFO - Iter: 6944    training-metric, acc: 0.9314583333333334    training-metric, acc_spe: 0.8895833333333333    training-metric, auc: 0.9815169270833334    training-metric, eer: 0.05395833333333333    training-metric, ap: 0.9833580731736932    
2026-09-18 22:05:14,107 - INFO - Iter: 7244    training-loss, overall: 0.3956330418586731    training-loss, common: 0.15707942843437195    training-loss, specific: 0.3455043435096741    training-loss, reconstruction: 0.41164854168891907    training-loss, contrastive: 1.610174298286438    
2026-09-18 22:05:14,108 - INFO - Iter: 7244    training-metric, acc: 0.9314583333333334    training-metric, acc_spe: 0.8941666666666667    training-metric, auc: 0.983671875    training-metric, eer: 0.04770833333333333    training-metric, ap: 0.9851833339326623    
2026-09-18 22:08:27,690 - INFO - Iter: 7544    training-loss, overall: 0.3853020966053009    training-loss, common: 0.15182043612003326    training-loss, specific: 0.33269214630126953    training-loss, reconstruction: 0.40702831745147705    training-loss, contrastive: 1.5620783567428589    
2026-09-18 22:08:27,691 - INFO - Iter: 7544    training-metric, acc: 0.9370833333333334    training-metric, acc_spe: 0.89875    training-metric, auc: 0.9848958333333333    training-metric, eer: 0.043958333333333335    training-metric, ap: 0.9865924368424698    
2026-09-18 22:09:40,081 - INFO - ===> Test start!
2026-09-18 22:09:40,163 - INFO - data_dict saved to /autodl-fs/data/swa_exp/logs/ucf_2026-09-18-20-42-40/test/Celeb-DF-v2/data_dict_test.pickle
2026-09-18 22:10:09,171 - INFO - dataset: Celeb-DF-v2    step: 7655    testing-loss, common: 2.1168909072875977    
2026-09-18 22:10:09,173 - INFO - dataset: Celeb-DF-v2    step: 7655    testing-metric, acc: 0.4919610231425091    testing-metric, auc: 0.6850424245419797    testing-metric, eer: 0.3718861209964413    testing-metric, ap: 0.7915046025065939    testing-metric, video_auc: 0.7087574355584931    testing-metric, acc_real:0.8832740213523131; acc_fake:0.28833333333333333
2026-09-18 22:10:09,174 - INFO - dataset: avg    step: 7655    testing-metric, acc: 0.4919610231425091    testing-metric, auc: 0.6850424245419797    testing-metric, eer: 0.3718861209964413    testing-metric, ap: 0.7915046025065939    testing-metric, video_auc: 0.7087574355584931    
2026-09-18 22:10:09,175 - INFO - ===> Test Done!
2026-09-18 22:10:11,791 - INFO - Step ckpt saved: step_7655.pth
2026-09-18 22:12:13,979 - INFO - Iter: 7844    training-loss, overall: 0.38730043172836304    training-loss, common: 0.15168777108192444    training-loss, specific: 0.33731016516685486    training-loss, reconstruction: 0.40340614318847656    training-loss, contrastive: 1.6171941757202148    
2026-09-18 22:12:13,980 - INFO - Iter: 7844    training-metric, acc: 0.935625    training-metric, acc_spe: 0.8961458333333333    training-metric, auc: 0.9844921875    training-metric, eer: 0.044375    training-metric, ap: 0.9864254676401343    
2026-09-18 22:15:28,613 - INFO - Iter: 8144    training-loss, overall: 0.39666593074798584    training-loss, common: 0.15968018770217896    training-loss, specific: 0.3436543345451355    training-loss, reconstruction: 0.3968695402145386    training-loss, contrastive: 1.6711883544921875    
2026-09-18 22:15:28,613 - INFO - Iter: 8144    training-metric, acc: 0.9338541666666667    training-metric, acc_spe: 0.8936458333333334    training-metric, auc: 0.9830794270833333    training-metric, eer: 0.050833333333333335    training-metric, ap: 0.9851367219131187    
2026-09-18 22:18:42,095 - INFO - Iter: 8444    training-loss, overall: 0.37235915660858154    training-loss, common: 0.14727357029914856    training-loss, specific: 0.32744988799095154    training-loss, reconstruction: 0.3993598520755768    training-loss, contrastive: 1.4506511688232422    
2026-09-18 22:18:42,096 - INFO - Iter: 8444    training-metric, acc: 0.9373958333333333    training-metric, acc_spe: 0.895625    training-metric, auc: 0.9854166666666667    training-metric, eer: 0.043958333333333335    training-metric, ap: 0.9871437628736393    
2026-09-18 22:20:30,817 - INFO - ===> Test start!
2026-09-18 22:20:30,853 - INFO - data_dict saved to /autodl-fs/data/swa_exp/logs/ucf_2026-09-18-20-42-40/test/Celeb-DF-v2/data_dict_test.pickle
2026-09-18 22:20:58,885 - INFO - dataset: Celeb-DF-v2    step: 8612    testing-loss, common: 1.3258482217788696    
2026-09-18 22:20:58,886 - INFO - dataset: Celeb-DF-v2    step: 8612    testing-metric, acc: 0.5123020706455542    testing-metric, auc: 0.7222332855542375    testing-metric, eer: 0.34199288256227756    testing-metric, ap: 0.8107110550556437    testing-metric, video_auc: 0.7674653007270323    testing-metric, acc_real:0.8822064056939501; acc_fake:0.31981481481481483
2026-09-18 22:20:58,887 - INFO - dataset: avg    step: 8612    testing-metric, acc: 0.5123020706455542    testing-metric, auc: 0.7222332855542375    testing-metric, eer: 0.34199288256227756    testing-metric, ap: 0.8107110550556437    testing-metric, video_auc: 0.7674653007270323    
2026-09-18 22:20:58,887 - INFO - ===> Test Done!
2026-09-18 22:21:01,060 - INFO - Step ckpt saved: step_8612.pth
2026-09-18 22:22:26,249 - INFO - Iter: 8744    training-loss, overall: 0.37676894664764404    training-loss, common: 0.14655111730098724    training-loss, specific: 0.3358040153980255    training-loss, reconstruction: 0.3909769356250763    training-loss, contrastive: 1.5868825912475586    
2026-09-18 22:22:26,249 - INFO - Iter: 8744    training-metric, acc: 0.9359375    training-metric, acc_spe: 0.8977083333333333    training-metric, auc: 0.9850651041666667    training-metric, eer: 0.04645833333333333    training-metric, ap: 0.9868817657172275    
2026-09-18 22:25:40,625 - INFO - Iter: 9044    training-loss, overall: 0.3707364499568939    training-loss, common: 0.1455335021018982    training-loss, specific: 0.3167433738708496    training-loss, reconstruction: 0.3943386375904083    training-loss, contrastive: 1.5045408010482788    
2026-09-18 22:25:40,626 - INFO - Iter: 9044    training-metric, acc: 0.9360416666666667    training-metric, acc_spe: 0.9015625    training-metric, auc: 0.98587890625    training-metric, eer: 0.043958333333333335    training-metric, ap: 0.9868834522393951    
2026-09-18 22:28:55,294 - INFO - Iter: 9344    training-loss, overall: 0.3589117228984833    training-loss, common: 0.14036571979522705    training-loss, specific: 0.31569430232048035    training-loss, reconstruction: 0.3858141303062439    training-loss, contrastive: 1.4246482849121094    
2026-09-18 22:28:55,295 - INFO - Iter: 9344    training-metric, acc: 0.94125    training-metric, acc_spe: 0.8988541666666666    training-metric, auc: 0.9866341145833334    training-metric, eer: 0.03958333333333333    training-metric, ap: 0.9880424148040955    
2026-09-18 22:31:21,058 - INFO - ===> Test start!
2026-09-18 22:31:21,095 - INFO - data_dict saved to /autodl-fs/data/swa_exp/logs/ucf_2026-09-18-20-42-40/test/Celeb-DF-v2/data_dict_test.pickle
2026-09-18 22:31:49,477 - INFO - dataset: Celeb-DF-v2    step: 9569    testing-loss, common: 2.0952000617980957    
2026-09-18 22:31:49,478 - INFO - dataset: Celeb-DF-v2    step: 9569    testing-metric, acc: 0.48635809987819734    testing-metric, auc: 0.6645260972716489    testing-metric, eer: 0.38202846975088967    testing-metric, ap: 0.777390082324761    testing-metric, video_auc: 0.7144910773298083    testing-metric, acc_real:0.8695729537366548; acc_fake:0.28694444444444445
2026-09-18 22:31:49,478 - INFO - dataset: avg    step: 9569    testing-metric, acc: 0.48635809987819734    testing-metric, auc: 0.6645260972716489    testing-metric, eer: 0.38202846975088967    testing-metric, ap: 0.777390082324761    testing-metric, video_auc: 0.7144910773298083    
2026-09-18 22:31:49,479 - INFO - ===> Test Done!
2026-09-18 22:31:51,746 - INFO - Step ckpt saved: step_9569.pth
2026-09-18 22:32:40,354 - INFO - Iter: 9644    training-loss, overall: 0.3438419699668884    training-loss, common: 0.13184206187725067    training-loss, specific: 0.2956125736236572    training-loss, reconstruction: 0.3908379077911377    training-loss, contrastive: 1.3037455081939697    
2026-09-18 22:32:40,354 - INFO - Iter: 9644    training-metric, acc: 0.9427083333333334    training-metric, acc_spe: 0.9029166666666667    training-metric, auc: 0.9880794270833333    training-metric, eer: 0.03895833333333333    training-metric, ap: 0.989197831225045    
2026-09-18 22:35:55,639 - INFO - Iter: 9944    training-loss, overall: 0.363759309053421    training-loss, common: 0.14063653349876404    training-loss, specific: 0.33702653646469116    training-loss, reconstruction: 0.3855653405189514    training-loss, contrastive: 1.4750053882598877    
2026-09-18 22:35:55,640 - INFO - Iter: 9944    training-metric, acc: 0.936875    training-metric, acc_spe: 0.895    training-metric, auc: 0.9859635416666667    training-metric, eer: 0.04479166666666667    training-metric, ap: 0.9876274610341291    
2026-09-18 22:39:09,473 - INFO - Iter: 10244    training-loss, overall: 0.35800328850746155    training-loss, common: 0.14250892400741577    training-loss, specific: 0.30543652176856995    training-loss, reconstruction: 0.3816937208175659    training-loss, contrastive: 1.4088481664657593    
2026-09-18 22:39:09,474 - INFO - Iter: 10244    training-metric, acc: 0.9415625    training-metric, acc_spe: 0.9064583333333334    training-metric, auc: 0.9859830729166666    training-metric, eer: 0.039375    training-metric, ap: 0.9876443966683701    
2026-09-18 22:42:14,666 - INFO - ===> Test start!
2026-09-18 22:42:14,701 - INFO - data_dict saved to /autodl-fs/data/swa_exp/logs/ucf_2026-09-18-20-42-40/test/Celeb-DF-v2/data_dict_test.pickle
2026-09-18 22:42:43,137 - INFO - dataset: Celeb-DF-v2    step: 10526    testing-loss, common: 1.378765344619751    
2026-09-18 22:42:43,139 - INFO - dataset: Celeb-DF-v2    step: 10526    testing-metric, acc: 0.560109622411693    testing-metric, auc: 0.7105333794648742    testing-metric, eer: 0.350355871886121    testing-metric, ap: 0.8026975860387168    testing-metric, video_auc: 0.7523463317911434    testing-metric, acc_real:0.804626334519573; acc_fake:0.43287037037037035
2026-09-18 22:42:43,139 - INFO - dataset: avg    step: 10526    testing-metric, acc: 0.560109622411693    testing-metric, auc: 0.7105333794648742    testing-metric, eer: 0.350355871886121    testing-metric, ap: 0.8026975860387168    testing-metric, video_auc: 0.7523463317911434    
2026-09-18 22:42:43,140 - INFO - ===> Test Done!
2026-09-18 22:42:45,297 - INFO - Step ckpt saved: step_10526.pth
2026-09-18 22:42:56,951 - INFO - Iter: 10544    training-loss, overall: 0.3471345603466034    training-loss, common: 0.13418740034103394    training-loss, specific: 0.30408385396003723    training-loss, reconstruction: 0.37803322076797485    training-loss, contrastive: 1.3825750350952148    
2026-09-18 22:42:56,952 - INFO - Iter: 10544    training-metric, acc: 0.9438541666666667    training-metric, acc_spe: 0.9044791666666666    training-metric, auc: 0.9873567708333333    training-metric, eer: 0.03770833333333334    training-metric, ap: 0.9886385153116559    
2026-09-18 22:46:13,748 - INFO - Iter: 10844    training-loss, overall: 0.3442733585834503    training-loss, common: 0.13396494090557098    training-loss, specific: 0.30457791686058044    training-loss, reconstruction: 0.3754350543022156    training-loss, contrastive: 1.3444035053253174    
2026-09-18 22:46:13,748 - INFO - Iter: 10844    training-metric, acc: 0.9434375    training-metric, acc_spe: 0.904375    training-metric, auc: 0.9880338541666667    training-metric, eer: 0.04020833333333333    training-metric, ap: 0.9889903953865917    
2026-09-18 22:49:30,614 - INFO - Iter: 11144    training-loss, overall: 0.3466988503932953    training-loss, common: 0.13481558859348297    training-loss, specific: 0.30309903621673584    training-loss, reconstruction: 0.37855198979377747    training-loss, contrastive: 1.3601542711257935    
2026-09-18 22:49:30,615 - INFO - Iter: 11144    training-metric, acc: 0.9388541666666667    training-metric, acc_spe: 0.9008333333333334    training-metric, auc: 0.9879817708333334    training-metric, eer: 0.042083333333333334    training-metric, ap: 0.9889630630675044    
2026-09-18 22:52:45,410 - INFO - Iter: 11444    training-loss, overall: 0.33986032009124756    training-loss, common: 0.13550898432731628    training-loss, specific: 0.299073725938797    training-loss, reconstruction: 0.3728214502334595    training-loss, contrastive: 1.251952886581421    
2026-09-18 22:52:45,411 - INFO - Iter: 11444    training-metric, acc: 0.9427083333333334    training-metric, acc_spe: 0.9064583333333334    training-metric, auc: 0.9866666666666667    training-metric, eer: 0.037083333333333336    training-metric, ap: 0.9883095103521881    
2026-09-18 22:53:10,269 - INFO - ===> Test start!
2026-09-18 22:53:10,305 - INFO - data_dict saved to /autodl-fs/data/swa_exp/logs/ucf_2026-09-18-20-42-40/test/Celeb-DF-v2/data_dict_test.pickle
2026-09-18 22:53:39,066 - INFO - dataset: Celeb-DF-v2    step: 11483    testing-loss, common: 1.3896727561950684    
2026-09-18 22:53:39,068 - INFO - dataset: Celeb-DF-v2    step: 11483    testing-metric, acc: 0.5590133982947625    testing-metric, auc: 0.7291517892447608    testing-metric, eer: 0.3389679715302491    testing-metric, ap: 0.8142353912485614    testing-metric, video_auc: 0.7749339061467283    testing-metric, acc_real:0.8419928825622776; acc_fake:0.41175925925925927
2026-09-18 22:53:39,069 - INFO - dataset: avg    step: 11483    testing-metric, acc: 0.5590133982947625    testing-metric, auc: 0.7291517892447608    testing-metric, eer: 0.3389679715302491    testing-metric, ap: 0.8142353912485614    testing-metric, video_auc: 0.7749339061467283    
2026-09-18 22:53:39,070 - INFO - ===> Test Done!
2026-09-18 22:53:41,272 - INFO - Step ckpt saved: step_11483.pth
2026-09-18 22:53:44,100 - INFO - ===> Epoch[1] end with testing auc: 
================================ Each dataset best metric ================================ 
| Celeb-DF-v2:  auc=0.7471927392249902 | 
============================================================================================= 
================================== Average best metric ====================================== 
| avg auc: 0.7471927392249902 | 
| Celeb-DF-v2: 0.7471927392249902 | 
=============================================================================================!
2026-09-18 22:53:44,101 - INFO - ===> Epoch[1] end, current lr = 0.000150
2026-09-18 22:53:44,101 - INFO - ===> Epoch[2] start!
2026-09-18 22:53:44,357 - INFO - data_dict saved to /autodl-fs/data/swa_exp/logs/ucf_2026-09-18-20-42-40/train/FF-F2F,FF-DF,FF-FS,FF-NT/data_dict_train.pickle
2026-09-18 22:53:46,203 - INFO - MEMDBG iter0 start alloc=1.67GB reserved=15.70GB
2026-09-18 22:53:47,256 - INFO - Iter: 11488    training-loss, overall: 0.25566184520721436    training-loss, common: 0.06833169609308243    training-loss, specific: 0.2353897988796234    training-loss, reconstruction: 0.40432828664779663    training-loss, contrastive: 0.8498536348342896    
2026-09-18 22:53:47,257 - INFO - Iter: 11488    training-metric, acc: 0.96875    training-metric, acc_spe: 0.90625    training-metric, auc: 0.99609375    training-metric, eer: 0.0625    training-metric, ap: 0.9963235294117647    
2026-09-18 22:53:47,259 - INFO - MEMDBG iter0 end alloc=1.73GB peak=14.92GB
2026-09-18 22:53:47,268 - INFO - MEMDBG iter1 start alloc=1.73GB reserved=15.70GB
2026-09-18 22:53:47,928 - INFO - MEMDBG iter1 end alloc=1.75GB peak=14.92GB
2026-09-18 22:53:47,938 - INFO - MEMDBG iter2 start alloc=1.71GB reserved=15.70GB
2026-09-18 22:53:48,591 - INFO - MEMDBG iter2 end alloc=1.73GB peak=14.92GB
2026-09-18 22:53:48,594 - INFO - MEMDBG iter3 start alloc=1.73GB reserved=15.70GB
2026-09-18 22:53:49,237 - INFO - MEMDBG iter3 end alloc=1.75GB peak=14.92GB
2026-09-18 22:57:03,467 - INFO - Iter: 11788    training-loss, overall: 0.289920449256897    training-loss, common: 0.11073772609233856    training-loss, specific: 0.2571852207183838    training-loss, reconstruction: 0.3487938642501831    training-loss, contrastive: 0.976518452167511    
2026-09-18 22:57:03,467 - INFO - Iter: 11788    training-metric, acc: 0.95125    training-metric, acc_spe: 0.9176041666666667    training-metric, auc: 0.9910481770833334    training-metric, eer: 0.029791666666666668    training-metric, ap: 0.9916848072323678    
2026-09-18 23:00:20,542 - INFO - Iter: 12088    training-loss, overall: 0.26674556732177734    training-loss, common: 0.09858918935060501    training-loss, specific: 0.24176466464996338    training-loss, reconstruction: 0.3461548388004303    training-loss, contrastive: 0.8026701211929321    
2026-09-18 23:00:20,542 - INFO - Iter: 12088    training-metric, acc: 0.9565625    training-metric, acc_spe: 0.9204166666666667    training-metric, auc: 0.99263671875    training-metric, eer: 0.025208333333333333    training-metric, ap: 0.993204860069863    
2026-09-18 23:03:38,826 - INFO - Iter: 12388    training-loss, overall: 0.2655816078186035    training-loss, common: 0.09685654193162918    training-loss, specific: 0.23455676436424255    training-loss, reconstruction: 0.3432197868824005    training-loss, contrastive: 0.8460667729377747    
2026-09-18 23:03:38,826 - INFO - Iter: 12388    training-metric, acc: 0.9552083333333333    training-metric, acc_spe: 0.9264583333333334    training-metric, auc: 0.992890625    training-metric, eer: 0.025625    training-metric, ap: 0.9930810042180739    
2026-09-18 23:04:14,007 - INFO - ===> Test start!
2026-09-18 23:04:14,044 - INFO - data_dict saved to /autodl-fs/data/swa_exp/logs/ucf_2026-09-18-20-42-40/test/Celeb-DF-v2/data_dict_test.pickle
2026-09-18 23:04:43,296 - INFO - dataset: Celeb-DF-v2    step: 12440    testing-loss, common: 1.746288776397705    
2026-09-18 23:04:43,297 - INFO - dataset: Celeb-DF-v2    step: 12440    testing-metric, acc: 0.530816077953715    testing-metric, auc: 0.7226305357848951    testing-metric, eer: 0.34412811387900355    testing-metric, ap: 0.8183418310907719    testing-metric, video_auc: 0.7702908129543953    testing-metric, acc_real:0.8791814946619217; acc_fake:0.34953703703703703
2026-09-18 23:04:43,298 - INFO - dataset: avg    step: 12440    testing-metric, acc: 0.530816077953715    testing-metric, auc: 0.7226305357848951    testing-metric, eer: 0.34412811387900355    testing-metric, ap: 0.8183418310907719    testing-metric, video_auc: 0.7702908129543953    
2026-09-18 23:04:43,299 - INFO - ===> Test Done!
2026-09-18 23:04:45,370 - INFO - Step ckpt saved: step_12440.pth
2026-09-18 23:07:29,629 - INFO - Iter: 12688    training-loss, overall: 0.2651055157184601    training-loss, common: 0.09856754541397095    training-loss, specific: 0.23525601625442505    training-loss, reconstruction: 0.3436134159564972    training-loss, contrastive: 0.7985685467720032    
2026-09-18 23:07:29,629 - INFO - Iter: 12688    training-metric, acc: 0.956875    training-metric, acc_spe: 0.925625    training-metric, auc: 0.99224609375    training-metric, eer: 0.025    training-metric, ap: 0.9928041911764947    
2026-09-18 23:10:49,545 - INFO - Iter: 12988    training-loss, overall: 0.2611846625804901    training-loss, common: 0.09700427949428558    training-loss, specific: 0.2233951836824417    training-loss, reconstruction: 0.3425631821155548    training-loss, contrastive: 0.781437873840332    
2026-09-18 23:10:49,546 - INFO - Iter: 12988    training-metric, acc: 0.9563541666666666    training-metric, acc_spe: 0.9254166666666667    training-metric, auc: 0.99322265625    training-metric, eer: 0.024583333333333332    training-metric, ap: 0.9936611887247434    
2026-09-18 23:14:08,908 - INFO - Iter: 13288    training-loss, overall: 0.25595623254776    training-loss, common: 0.09110933542251587    training-loss, specific: 0.22095482051372528    training-loss, reconstruction: 0.3430871367454529    training-loss, contrastive: 0.796503484249115    
2026-09-18 23:14:08,909 - INFO - Iter: 13288    training-metric, acc: 0.9576041666666667    training-metric, acc_spe: 0.9258333333333333    training-metric, auc: 0.99359375    training-metric, eer: 0.02625    training-metric, ap: 0.99373175668349    
2026-09-18 23:15:21,795 - INFO - ===> Test start!
2026-09-18 23:15:21,831 - INFO - data_dict saved to /autodl-fs/data/swa_exp/logs/ucf_2026-09-18-20-42-40/test/Celeb-DF-v2/data_dict_test.pickle
2026-09-18 23:15:51,104 - INFO - dataset: Celeb-DF-v2    step: 13397    testing-loss, common: 2.2408459186553955    
2026-09-18 23:15:51,107 - INFO - dataset: Celeb-DF-v2    step: 13397    testing-metric, acc: 0.5367235079171742    testing-metric, auc: 0.7234180588506657    testing-metric, eer: 0.34430604982206403    testing-metric, ap: 0.8238260081205582    testing-metric, video_auc: 0.7661103767349637    testing-metric, acc_real:0.8766903914590747; acc_fake:0.3598148148148148
2026-09-18 23:15:51,108 - INFO - dataset: avg    step: 13397    testing-metric, acc: 0.5367235079171742    testing-metric, auc: 0.7234180588506657    testing-metric, eer: 0.34430604982206403    testing-metric, ap: 0.8238260081205582    testing-metric, video_auc: 0.7661103767349637    
2026-09-18 23:15:51,109 - INFO - ===> Test Done!
2026-09-18 23:15:53,272 - INFO - Step ckpt saved: step_13397.pth
2026-09-18 23:18:00,822 - INFO - Iter: 13588    training-loss, overall: 0.24436812102794647    training-loss, common: 0.08722905069589615    training-loss, specific: 0.2159976214170456    training-loss, reconstruction: 0.3432904779911041    training-loss, contrastive: 0.6510428786277771    
2026-09-18 23:18:00,823 - INFO - Iter: 13588    training-metric, acc: 0.9613541666666666    training-metric, acc_spe: 0.9311458333333333    training-metric, auc: 0.9943880208333333    training-metric, eer: 0.021666666666666667    training-metric, ap: 0.9943434321385966    
2026-09-18 23:21:20,615 - INFO - Iter: 13888    training-loss, overall: 0.2537879943847656    training-loss, common: 0.09175437688827515    training-loss, specific: 0.22019410133361816    training-loss, reconstruction: 0.34273549914360046    training-loss, contrastive: 0.7438696026802063    
2026-09-18 23:21:20,615 - INFO - Iter: 13888    training-metric, acc: 0.9584375    training-metric, acc_spe: 0.92625    training-metric, auc: 0.9937109375    training-metric, eer: 0.02125    training-metric, ap: 0.9939701271820031    
2026-09-18 23:24:39,098 - INFO - Iter: 14188    training-loss, overall: 0.25452718138694763    training-loss, common: 0.09147734194993973    training-loss, specific: 0.22818949818611145    training-loss, reconstruction: 0.3421935737133026    training-loss, contrastive: 0.751455545425415    
2026-09-18 23:24:39,099 - INFO - Iter: 14188    training-metric, acc: 0.9576041666666667    training-metric, acc_spe: 0.9264583333333334    training-metric, auc: 0.9938541666666667    training-metric, eer: 0.023958333333333335    training-metric, ap: 0.9939724376919524    
2026-09-18 23:26:30,251 - INFO - ===> Test start!
2026-09-18 23:26:30,290 - INFO - data_dict saved to /autodl-fs/data/swa_exp/logs/ucf_2026-09-18-20-42-40/test/Celeb-DF-v2/data_dict_test.pickle
2026-09-18 23:26:59,475 - INFO - dataset: Celeb-DF-v2    step: 14354    testing-loss, common: 2.5350029468536377    
2026-09-18 23:26:59,477 - INFO - dataset: Celeb-DF-v2    step: 14354    testing-metric, acc: 0.44561510353227773    testing-metric, auc: 0.6995143419665217    testing-metric, eer: 0.35444839857651245    testing-metric, ap: 0.7958832397221222    testing-metric, video_auc: 0.7279576999339061    testing-metric, acc_real:0.9345195729537367; acc_fake:0.1912037037037037
2026-09-18 23:26:59,478 - INFO - dataset: avg    step: 14354    testing-metric, acc: 0.44561510353227773    testing-metric, auc: 0.6995143419665217    testing-metric, eer: 0.35444839857651245    testing-metric, ap: 0.7958832397221222    testing-metric, video_auc: 0.7279576999339061    
2026-09-18 23:26:59,479 - INFO - ===> Test Done!
2026-09-18 23:27:01,799 - INFO - Step ckpt saved: step_14354.pth
2026-09-18 23:28:31,320 - INFO - Iter: 14488    training-loss, overall: 0.2533515691757202    training-loss, common: 0.09004593640565872    training-loss, specific: 0.2277766764163971    training-loss, reconstruction: 0.34032517671585083    training-loss, contrastive: 0.768611490726471    
2026-09-18 23:28:31,321 - INFO - Iter: 14488    training-metric, acc: 0.9579166666666666    training-metric, acc_spe: 0.9260416666666667    training-metric, auc: 0.9938020833333333    training-metric, eer: 0.025    training-metric, ap: 0.9938727580714017    
2026-09-18 23:31:51,716 - INFO - Iter: 14788    training-loss, overall: 0.2532380521297455    training-loss, common: 0.09134647995233536    training-loss, specific: 0.219876229763031    training-loss, reconstruction: 0.3401542603969574    training-loss, contrastive: 0.7571535706520081    
2026-09-18 23:31:51,717 - INFO - Iter: 14788    training-metric, acc: 0.9561458333333334    training-metric, acc_spe: 0.9259375    training-metric, auc: 0.9933658854166667    training-metric, eer: 0.024583333333333332    training-metric, ap: 0.9935619619919576    
2026-09-18 23:35:10,271 - INFO - Iter: 15088    training-loss, overall: 0.22918333113193512    training-loss, common: 0.0768357515335083    training-loss, specific: 0.21055541932582855    training-loss, reconstruction: 0.3382441997528076    training-loss, contrastive: 0.5963758230209351    
2026-09-18 23:35:10,272 - INFO - Iter: 15088    training-metric, acc: 0.9638541666666667    training-metric, acc_spe: 0.9327083333333334    training-metric, auc: 0.9950390625    training-metric, eer: 0.017916666666666668    training-metric, ap: 0.9949696354333897    
2026-09-18 23:37:37,948 - INFO - ===> Test start!
2026-09-18 23:37:37,984 - INFO - data_dict saved to /autodl-fs/data/swa_exp/logs/ucf_2026-09-18-20-42-40/test/Celeb-DF-v2/data_dict_test.pickle
2026-09-18 23:38:06,800 - INFO - dataset: Celeb-DF-v2    step: 15311    testing-loss, common: 1.6174437999725342    
2026-09-18 23:38:06,802 - INFO - dataset: Celeb-DF-v2    step: 15311    testing-metric, acc: 0.5688185140073082    testing-metric, auc: 0.7392411526294977    testing-metric, eer: 0.33416370106761567    testing-metric, ap: 0.8280818572154944    testing-metric, video_auc: 0.7820059484467944    testing-metric, acc_real:0.848576512455516; acc_fake:0.42324074074074075
2026-09-18 23:38:06,802 - INFO - dataset: avg    step: 15311    testing-metric, acc: 0.5688185140073082    testing-metric, auc: 0.7392411526294977    testing-metric, eer: 0.33416370106761567    testing-metric, ap: 0.8280818572154944    testing-metric, video_auc: 0.7820059484467944    
2026-09-18 23:38:06,803 - INFO - ===> Test Done!
2026-09-18 23:38:08,979 - INFO - Step ckpt saved: step_15311.pth
2026-09-18 23:38:59,947 - INFO - Iter: 15388    training-loss, overall: 0.24602490663528442    training-loss, common: 0.08859411627054214    training-loss, specific: 0.2117122858762741    training-loss, reconstruction: 0.3368639349937439    training-loss, contrastive: 0.7040084600448608    
2026-09-18 23:38:59,948 - INFO - Iter: 15388    training-metric, acc: 0.959375    training-metric, acc_spe: 0.9272916666666666    training-metric, auc: 0.9935872395833333    training-metric, eer: 0.023125    training-metric, ap: 0.9936093954137707    
2026-09-18 23:42:18,713 - INFO - Iter: 15688    training-loss, overall: 0.2522789239883423    training-loss, common: 0.09341903775930405    training-loss, specific: 0.215194433927536    training-loss, reconstruction: 0.3362683057785034    training-loss, contrastive: 0.7291998267173767    
2026-09-18 23:42:18,714 - INFO - Iter: 15688    training-metric, acc: 0.9586458333333333    training-metric, acc_spe: 0.9325    training-metric, auc: 0.9928125    training-metric, eer: 0.022708333333333334    training-metric, ap: 0.9928877955211237    
2026-09-18 23:45:37,957 - INFO - Iter: 15988    training-loss, overall: 0.24858510494232178    training-loss, common: 0.08995446562767029    training-loss, specific: 0.22454451024532318    training-loss, reconstruction: 0.33620914816856384    training-loss, contrastive: 0.7062680125236511    
2026-09-18 23:45:37,958 - INFO - Iter: 15988    training-metric, acc: 0.9607291666666666    training-metric, acc_spe: 0.9233333333333333    training-metric, auc: 0.9935091145833334    training-metric, eer: 0.024791666666666667    training-metric, ap: 0.9936772623089034    
2026-09-18 23:48:42,599 - INFO - ===> Test start!
2026-09-18 23:48:42,633 - INFO - data_dict saved to /autodl-fs/data/swa_exp/logs/ucf_2026-09-18-20-42-40/test/Celeb-DF-v2/data_dict_test.pickle
2026-09-18 23:49:11,753 - INFO - dataset: Celeb-DF-v2    step: 16268    testing-loss, common: 2.01690411567688    
2026-09-18 23:49:11,754 - INFO - dataset: Celeb-DF-v2    step: 16268    testing-metric, acc: 0.5387941534713764    testing-metric, auc: 0.7068499818768947    testing-metric, eer: 0.3556939501779359    testing-metric, ap: 0.8038732952325883    testing-metric, video_auc: 0.7465796430931924    testing-metric, acc_real:0.843238434163701; acc_fake:0.38037037037037036
2026-09-18 23:49:11,755 - INFO - dataset: avg    step: 16268    testing-metric, acc: 0.5387941534713764    testing-metric, auc: 0.7068499818768947    testing-metric, eer: 0.3556939501779359    testing-metric, ap: 0.8038732952325883    testing-metric, video_auc: 0.7465796430931924    
2026-09-18 23:49:11,756 - INFO - ===> Test Done!
2026-09-18 23:49:14,144 - INFO - Step ckpt saved: step_16268.pth
2026-09-18 23:49:27,299 - INFO - Iter: 16288    training-loss, overall: 0.24058297276496887    training-loss, common: 0.08561736345291138    training-loss, specific: 0.2110748589038849    training-loss, reconstruction: 0.3371334373950958    training-loss, contrastive: 0.6543607711791992    
2026-09-18 23:49:27,299 - INFO - Iter: 16288    training-metric, acc: 0.9591666666666666    training-metric, acc_spe: 0.9289583333333333    training-metric, auc: 0.9943684895833333    training-metric, eer: 0.021875    training-metric, ap: 0.9943171990780261    
2026-09-18 23:52:46,882 - INFO - Iter: 16588    training-loss, overall: 0.24196426570415497    training-loss, common: 0.08452195674180984    training-loss, specific: 0.2197335660457611    training-loss, reconstruction: 0.33568447828292847    training-loss, contrastive: 0.6952705979347229    
2026-09-18 23:52:46,883 - INFO - Iter: 16588    training-metric, acc: 0.9598958333333333    training-metric, acc_spe: 0.9332291666666667    training-metric, auc: 0.99439453125    training-metric, eer: 0.022708333333333334    training-metric, ap: 0.9943894301464647    
2026-09-18 23:56:06,509 - INFO - Iter: 16888    training-loss, overall: 0.2453240007162094    training-loss, common: 0.0881471186876297    training-loss, specific: 0.21902349591255188    training-loss, reconstruction: 0.33430662751197815    training-loss, contrastive: 0.6996514797210693    
2026-09-18 23:56:06,509 - INFO - Iter: 16888    training-metric, acc: 0.9588541666666667    training-metric, acc_spe: 0.9291666666666667    training-metric, auc: 0.9943489583333334    training-metric, eer: 0.021875    training-metric, ap: 0.9945802997448031    
2026-09-18 23:59:24,859 - INFO - Iter: 17188    training-loss, overall: 0.24079328775405884    training-loss, common: 0.08350309729576111    training-loss, specific: 0.21101926267147064    training-loss, reconstruction: 0.3352759778499603    training-loss, contrastive: 0.7121098637580872    
2026-09-18 23:59:24,860 - INFO - Iter: 17188    training-metric, acc: 0.9583333333333334    training-metric, acc_spe: 0.9333333333333333    training-metric, auc: 0.9943294270833334    training-metric, eer: 0.024166666666666666    training-metric, ap: 0.9943758122330888    
2026-09-18 23:59:50,032 - INFO - ===> Test start!
2026-09-18 23:59:50,068 - INFO - data_dict saved to /autodl-fs/data/swa_exp/logs/ucf_2026-09-18-20-42-40/test/Celeb-DF-v2/data_dict_test.pickle
2026-09-19 00:00:19,051 - INFO - dataset: Celeb-DF-v2    step: 17225    testing-loss, common: 2.0899388790130615    
2026-09-19 00:00:19,053 - INFO - dataset: Celeb-DF-v2    step: 17225    testing-metric, acc: 0.4940925700365408    testing-metric, auc: 0.7158190819823382    testing-metric, eer: 0.350355871886121    testing-metric, ap: 0.8108547650953826    testing-metric, video_auc: 0.7563780568407137    testing-metric, acc_real:0.9072953736654804; acc_fake:0.2790740740740741
2026-09-19 00:00:19,053 - INFO - dataset: avg    step: 17225    testing-metric, acc: 0.4940925700365408    testing-metric, auc: 0.7158190819823382    testing-metric, eer: 0.350355871886121    testing-metric, ap: 0.8108547650953826    testing-metric, video_auc: 0.7563780568407137    
2026-09-19 00:00:19,054 - INFO - ===> Test Done!
2026-09-19 00:00:21,349 - INFO - Step ckpt saved: step_17225.pth
2026-09-19 00:00:25,752 - INFO - ===> Epoch[2] end with testing auc: 
================================ Each dataset best metric ================================ 
| Celeb-DF-v2:  auc=0.7471927392249902 | 
============================================================================================= 
================================== Average best metric ====================================== 
| avg auc: 0.7471927392249902 | 
| Celeb-DF-v2: 0.7471927392249902 | 
=============================================================================================!
2026-09-19 00:00:25,756 - INFO - ===> Epoch[2] end, current lr = 0.000051
2026-09-19 00:00:25,760 - INFO - ===> Epoch[3] start!
2026-09-19 00:00:26,024 - INFO - data_dict saved to /autodl-fs/data/swa_exp/logs/ucf_2026-09-18-20-42-40/train/FF-F2F,FF-DF,FF-FS,FF-NT/data_dict_train.pickle
2026-09-19 00:00:28,025 - INFO - MEMDBG iter0 start alloc=1.67GB reserved=15.70GB
2026-09-19 00:00:29,129 - INFO - ===> SWA window open at step 17232 (len=5744 = 1 epochs x 5744, w=0.0625,0.125,0.25,0.5,1)
2026-09-19 00:00:30,147 - INFO - ===> probe batch captured: image(32, 3, 256, 256), label(32,), label_spe(32,)
2026-09-19 00:00:31,001 - INFO - ===> tail_lam=0.5 ACTIVE from step 17232 (lr 0.0002 -> 0.0001)
2026-09-19 00:00:31,875 - INFO - Iter: 17232    training-loss, overall: 0.2522452771663666    training-loss, common: 0.11012192815542221    training-loss, specific: 0.22528424859046936    training-loss, reconstruction: 0.3476075828075409    training-loss, contrastive: 0.3062528073787689    
2026-09-19 00:00:31,876 - INFO - Iter: 17232    training-metric, acc: 0.90625    training-metric, acc_spe: 0.9375    training-metric, auc: 0.98828125    training-metric, eer: 0.0625    training-metric, ap: 0.9861111111111112    
2026-09-19 00:00:31,879 - INFO - MEMDBG iter0 end alloc=1.75GB peak=15.03GB
2026-09-19 00:00:31,887 - INFO - MEMDBG iter1 start alloc=1.75GB reserved=15.70GB
2026-09-19 00:00:32,608 - INFO - MEMDBG iter1 end alloc=1.95GB peak=15.12GB
2026-09-19 00:00:32,616 - INFO - MEMDBG iter2 start alloc=1.90GB reserved=15.95GB
2026-09-19 00:00:33,318 - INFO - MEMDBG iter2 end alloc=1.93GB peak=15.12GB
2026-09-19 00:00:33,323 - INFO - MEMDBG iter3 start alloc=1.93GB reserved=15.95GB
2026-09-19 00:00:34,023 - INFO - MEMDBG iter3 end alloc=1.95GB peak=15.12GB
2026-09-19 00:04:05,296 - INFO - Iter: 17532    training-loss, overall: 0.2700710594654083    training-loss, common: 0.09932302683591843    training-loss, specific: 0.2452102154493332    training-loss, reconstruction: 0.3479761481285095    training-loss, contrastive: 0.8366833925247192    
2026-09-19 00:04:05,297 - INFO - Iter: 17532    training-metric, acc: 0.9563541666666666    training-metric, acc_spe: 0.9230208333333333    training-metric, auc: 0.9931510416666667    training-metric, eer: 0.025416666666666667    training-metric, ap: 0.9930229696894987    
2026-09-19 00:07:39,676 - INFO - Iter: 17832    training-loss, overall: 0.2683950960636139    training-loss, common: 0.09903879463672638    training-loss, specific: 0.236393004655838    training-loss, reconstruction: 0.34515121579170227    training-loss, contrastive: 0.8434326648712158    
2026-09-19 00:07:39,677 - INFO - Iter: 17832    training-metric, acc: 0.9571875    training-metric, acc_spe: 0.9227083333333334    training-metric, auc: 0.9928255208333333    training-metric, eer: 0.027083333333333334    training-metric, ap: 0.9931665702751767    
2026-09-19 00:11:12,592 - INFO - Iter: 18132    training-loss, overall: 0.26700204610824585    training-loss, common: 0.0972975343465805    training-loss, specific: 0.24921347200870514    training-loss, reconstruction: 0.3450126647949219    training-loss, contrastive: 0.8255892395973206    
2026-09-19 00:11:12,592 - INFO - Iter: 18132    training-metric, acc: 0.9585416666666666    training-metric, acc_spe: 0.9230208333333333    training-metric, auc: 0.99265625    training-metric, eer: 0.023333333333333334    training-metric, ap: 0.9930662041912365    
2026-09-19 00:11:48,474 - INFO - ===> Test start!
2026-09-19 00:11:48,511 - INFO - data_dict saved to /autodl-fs/data/swa_exp/logs/ucf_2026-09-18-20-42-40/test/Celeb-DF-v2/data_dict_test.pickle
2026-09-19 00:12:17,841 - INFO - dataset: Celeb-DF-v2    step: 18182    testing-loss, common: 1.9841060638427734    
2026-09-19 00:12:17,843 - INFO - dataset: Celeb-DF-v2    step: 18182    testing-metric, acc: 0.497442143727162    testing-metric, auc: 0.6898835919994728    testing-metric, eer: 0.36423487544483985    testing-metric, ap: 0.7946301851012167    testing-metric, video_auc: 0.7182253800396563    testing-metric, acc_real:0.8759786476868328; acc_fake:0.300462962962963
2026-09-19 00:12:17,843 - INFO - dataset: avg    step: 18182    testing-metric, acc: 0.497442143727162    testing-metric, auc: 0.6898835919994728    testing-metric, eer: 0.36423487544483985    testing-metric, ap: 0.7946301851012167    testing-metric, video_auc: 0.7182253800396563    
2026-09-19 00:12:17,844 - INFO - ===> Test Done!
2026-09-19 00:12:20,165 - INFO - Step ckpt saved: step_18182.pth
2026-09-19 00:15:17,991 - INFO - Iter: 18432    training-loss, overall: 0.2861108183860779    training-loss, common: 0.10756387561559677    training-loss, specific: 0.2538059949874878    training-loss, reconstruction: 0.34060603380203247    training-loss, contrastive: 1.0196913480758667    
2026-09-19 00:15:17,992 - INFO - Iter: 18432    training-metric, acc: 0.9495833333333333    training-metric, acc_spe: 0.9167708333333333    training-metric, auc: 0.99134765625    training-metric, eer: 0.03125    training-metric, ap: 0.9917236640791104    
2026-09-19 00:18:54,277 - INFO - Iter: 18732    training-loss, overall: 0.2684389054775238    training-loss, common: 0.09864774346351624    training-loss, specific: 0.24351179599761963    training-loss, reconstruction: 0.340425044298172    training-loss, contrastive: 0.8662463426589966    
2026-09-19 00:18:54,279 - INFO - Iter: 18732    training-metric, acc: 0.9561458333333334    training-metric, acc_spe: 0.9226041666666667    training-metric, auc: 0.9930013020833334    training-metric, eer: 0.024583333333333332    training-metric, ap: 0.9935695572371649    
2026-09-19 00:22:28,977 - INFO - Iter: 19032    training-loss, overall: 0.27419498562812805    training-loss, common: 0.1033630222082138    training-loss, specific: 0.24421943724155426    training-loss, reconstruction: 0.3446595072746277    training-loss, contrastive: 0.8602445721626282    
2026-09-19 00:22:28,977 - INFO - Iter: 19032    training-metric, acc: 0.9536458333333333    training-metric, acc_spe: 0.9221875    training-metric, auc: 0.9920572916666667    training-metric, eer: 0.025208333333333333    training-metric, ap: 0.9923547852387836    
2026-09-19 00:23:45,188 - INFO - ===> Test start!
2026-09-19 00:23:45,221 - INFO - data_dict saved to /autodl-fs/data/swa_exp/logs/ucf_2026-09-18-20-42-40/test/Celeb-DF-v2/data_dict_test.pickle
2026-09-19 00:24:14,113 - INFO - dataset: Celeb-DF-v2    step: 19139    testing-loss, common: 1.6704325675964355    
2026-09-19 00:24:14,115 - INFO - dataset: Celeb-DF-v2    step: 19139    testing-metric, acc: 0.5239342265529842    testing-metric, auc: 0.7155272835112694    testing-metric, eer: 0.3412811387900356    testing-metric, ap: 0.8113468335983516    testing-metric, video_auc: 0.7593027098479842    testing-metric, acc_real:0.8729537366548042; acc_fake:0.3423148148148148
2026-09-19 00:24:14,115 - INFO - dataset: avg    step: 19139    testing-metric, acc: 0.5239342265529842    testing-metric, auc: 0.7155272835112694    testing-metric, eer: 0.3412811387900356    testing-metric, ap: 0.8113468335983516    testing-metric, video_auc: 0.7593027098479842    
2026-09-19 00:24:14,116 - INFO - ===> Test Done!
2026-09-19 00:24:16,509 - INFO - Step ckpt saved: step_19139.pth
2026-09-19 00:26:35,097 - INFO - Iter: 19332    training-loss, overall: 0.27358248829841614    training-loss, common: 0.10329096019268036    training-loss, specific: 0.2363506555557251    training-loss, reconstruction: 0.33807265758514404    training-loss, contrastive: 0.9046963453292847    
2026-09-19 00:26:35,175 - INFO - Iter: 19332    training-metric, acc: 0.9538541666666667    training-metric, acc_spe: 0.9244791666666666    training-metric, auc: 0.9925065104166667    training-metric, eer: 0.027291666666666665    training-metric, ap: 0.9927145872393631    
2026-09-19 00:30:10,979 - INFO - Iter: 19632    training-loss, overall: 0.26844680309295654    training-loss, common: 0.1007065698504448    training-loss, specific: 0.2427150309085846    training-loss, reconstruction: 0.34027397632598877    training-loss, contrastive: 0.8277283310890198    
2026-09-19 00:30:10,980 - INFO - Iter: 19632    training-metric, acc: 0.9553125    training-metric, acc_spe: 0.9201041666666666    training-metric, auc: 0.9922526041666667    training-metric, eer: 0.027083333333333334    training-metric, ap: 0.9927688128845537    
2026-09-19 00:33:48,776 - INFO - Iter: 19932    training-loss, overall: 0.27731263637542725    training-loss, common: 0.1041279286146164    training-loss, specific: 0.24538855254650116    training-loss, reconstruction: 0.34232187271118164    training-loss, contrastive: 0.9189837574958801    
2026-09-19 00:33:48,777 - INFO - Iter: 19932    training-metric, acc: 0.9534375    training-metric, acc_spe: 0.9195833333333333    training-metric, auc: 0.9920963541666666    training-metric, eer: 0.030208333333333334    training-metric, ap: 0.9922632344467284    
2026-09-19 00:35:50,171 - INFO - ===> Test start!
2026-09-19 00:35:50,212 - INFO - data_dict saved to /autodl-fs/data/swa_exp/logs/ucf_2026-09-18-20-42-40/test/Celeb-DF-v2/data_dict_test.pickle
2026-09-19 00:36:19,755 - INFO - dataset: Celeb-DF-v2    step: 20096    testing-loss, common: 1.8287628889083862    
2026-09-19 00:36:19,757 - INFO - dataset: Celeb-DF-v2    step: 20096    testing-metric, acc: 0.5250304506699147    testing-metric, auc: 0.7114829807565572    testing-metric, eer: 0.35533807829181496    testing-metric, ap: 0.8088539540379586    testing-metric, video_auc: 0.7361368142762723    testing-metric, acc_real:0.853914590747331; acc_fake:0.35388888888888886
2026-09-19 00:36:19,757 - INFO - dataset: avg    step: 20096    testing-metric, acc: 0.5250304506699147    testing-metric, auc: 0.7114829807565572    testing-metric, eer: 0.35533807829181496    testing-metric, ap: 0.8088539540379586    testing-metric, video_auc: 0.7361368142762723    
2026-09-19 00:36:19,759 - INFO - ===> Test Done!
2026-09-19 00:36:22,177 - INFO - Step ckpt saved: step_20096.pth
2026-09-19 00:38:06,494 - INFO - Iter: 20232    training-loss, overall: 0.2717733681201935    training-loss, common: 0.10148445516824722    training-loss, specific: 0.2458849847316742    training-loss, reconstruction: 0.34064334630966187    training-loss, contrastive: 0.8701485395431519    
2026-09-19 00:38:06,500 - INFO - Iter: 20232    training-metric, acc: 0.9545833333333333    training-metric, acc_spe: 0.92    training-metric, auc: 0.9924088541666667    training-metric, eer: 0.028333333333333332    training-metric, ap: 0.992877292089175    
2026-09-19 00:41:46,577 - INFO - Iter: 20532    training-loss, overall: 0.27897870540618896    training-loss, common: 0.10672536492347717    training-loss, specific: 0.2469237893819809    training-loss, reconstruction: 0.3346557319164276    training-loss, contrastive: 0.9432834386825562    
2026-09-19 00:41:46,578 - INFO - Iter: 20532    training-metric, acc: 0.9522916666666666    training-metric, acc_spe: 0.92125    training-metric, auc: 0.99185546875    training-metric, eer: 0.030625    training-metric, ap: 0.9922084921172422    
2026-09-19 00:45:27,176 - INFO - Iter: 20832    training-loss, overall: 0.26496344804763794    training-loss, common: 0.10091663897037506    training-loss, specific: 0.228910431265831    training-loss, reconstruction: 0.34067144989967346    training-loss, contrastive: 0.7790866494178772    
2026-09-19 00:45:27,177 - INFO - Iter: 20832    training-metric, acc: 0.955    training-metric, acc_spe: 0.9273958333333333    training-metric, auc: 0.9923958333333334    training-metric, eer: 0.025416666666666667    training-metric, ap: 0.9927370907155066    
2026-09-19 00:48:06,528 - INFO - ===> Test start!
2026-09-19 00:48:06,563 - INFO - data_dict saved to /autodl-fs/data/swa_exp/logs/ucf_2026-09-18-20-42-40/test/Celeb-DF-v2/data_dict_test.pickle
2026-09-19 00:48:35,786 - INFO - dataset: Celeb-DF-v2    step: 21053    testing-loss, common: 1.2577509880065918    
2026-09-19 00:48:35,788 - INFO - dataset: Celeb-DF-v2    step: 21053    testing-metric, acc: 0.5901948842874544    testing-metric, auc: 0.7218379135363121    testing-metric, eer: 0.34395017793594307    testing-metric, ap: 0.8212149720447884    testing-metric, video_auc: 0.7742894910773298    testing-metric, acc_real:0.7983985765124555; acc_fake:0.48185185185185186
2026-09-19 00:48:35,788 - INFO - dataset: avg    step: 21053    testing-metric, acc: 0.5901948842874544    testing-metric, auc: 0.7218379135363121    testing-metric, eer: 0.34395017793594307    testing-metric, ap: 0.8212149720447884    testing-metric, video_auc: 0.7742894910773298    
2026-09-19 00:48:35,789 - INFO - ===> Test Done!
2026-09-19 00:48:38,194 - INFO - Step ckpt saved: step_21053.pth
2026-09-19 00:49:37,391 - INFO - Iter: 21132    training-loss, overall: 0.25812503695487976    training-loss, common: 0.09592734277248383    training-loss, specific: 0.22085897624492645    training-loss, reconstruction: 0.3383103311061859    training-loss, contrastive: 0.7723721861839294    
2026-09-19 00:49:37,392 - INFO - Iter: 21132    training-metric, acc: 0.955625    training-metric, acc_spe: 0.9301041666666666    training-metric, auc: 0.9929752604166666    training-metric, eer: 0.02625    training-metric, ap: 0.9929636297314226    
2026-09-19 00:53:17,078 - INFO - Iter: 21432    training-loss, overall: 0.271696537733078    training-loss, common: 0.10290390998125076    training-loss, specific: 0.2395584136247635    training-loss, reconstruction: 0.3373873829841614    training-loss, contrastive: 0.8724101185798645    
2026-09-19 00:53:17,079 - INFO - Iter: 21432    training-metric, acc: 0.9545833333333333    training-metric, acc_spe: 0.9211458333333333    training-metric, auc: 0.9917903645833334    training-metric, eer: 0.030416666666666668    training-metric, ap: 0.9921350003258673    
2026-09-19 00:57:02,494 - INFO - Iter: 21732    training-loss, overall: 0.26068511605262756    training-loss, common: 0.09535206854343414    training-loss, specific: 0.23936475813388824    training-loss, reconstruction: 0.3363955318927765    training-loss, contrastive: 0.809560239315033    
2026-09-19 00:57:02,495 - INFO - Iter: 21732    training-metric, acc: 0.9586458333333333    training-metric, acc_spe: 0.9225    training-metric, auc: 0.9930208333333334    training-metric, eer: 0.025625    training-metric, ap: 0.9935268006705426    
2026-09-19 01:00:29,639 - INFO - ===> Test start!
2026-09-19 01:00:29,674 - INFO - data_dict saved to /autodl-fs/data/swa_exp/logs/ucf_2026-09-18-20-42-40/test/Celeb-DF-v2/data_dict_test.pickle
2026-09-19 01:00:58,517 - INFO - dataset: Celeb-DF-v2    step: 22010    testing-loss, common: 1.8791630268096924    
2026-09-19 01:00:58,519 - INFO - dataset: Celeb-DF-v2    step: 22010    testing-metric, acc: 0.5225943970767357    testing-metric, auc: 0.7055685382891789    testing-metric, eer: 0.35871886120996443    testing-metric, ap: 0.8090062657731225    testing-metric, video_auc: 0.7560475875743556    testing-metric, acc_real:0.8686832740213523; acc_fake:0.3425
2026-09-19 01:00:58,519 - INFO - dataset: avg    step: 22010    testing-metric, acc: 0.5225943970767357    testing-metric, auc: 0.7055685382891789    testing-metric, eer: 0.35871886120996443    testing-metric, ap: 0.8090062657731225    testing-metric, video_auc: 0.7560475875743556    
2026-09-19 01:00:58,521 - INFO - ===> Test Done!
2026-09-19 01:01:01,146 - INFO - Step ckpt saved: step_22010.pth
2026-09-19 01:01:20,186 - INFO - Iter: 22032    training-loss, overall: 0.2796264886856079    training-loss, common: 0.10639823973178864    training-loss, specific: 0.2529822587966919    training-loss, reconstruction: 0.33632683753967285    training-loss, contrastive: 0.9406380653381348    
2026-09-19 01:01:20,187 - INFO - Iter: 22032    training-metric, acc: 0.95    training-metric, acc_spe: 0.9146875    training-metric, auc: 0.9914192708333334    training-metric, eer: 0.029791666666666668    training-metric, ap: 0.9919257753961677    
2026-09-19 01:05:07,980 - INFO - Iter: 22332    training-loss, overall: 0.2554300129413605    training-loss, common: 0.09552884101867676    training-loss, specific: 0.22832754254341125    training-loss, reconstruction: 0.33381369709968567    training-loss, contrastive: 0.7384871244430542    
2026-09-19 01:05:07,981 - INFO - Iter: 22332    training-metric, acc: 0.9592708333333333    training-metric, acc_spe: 0.9247916666666667    training-metric, auc: 0.9930013020833334    training-metric, eer: 0.023125    training-metric, ap: 0.9932176519522674    
2026-09-19 01:09:02,481 - INFO - Iter: 22632    training-loss, overall: 0.266388475894928    training-loss, common: 0.1005045548081398    training-loss, specific: 0.23409001529216766    training-loss, reconstruction: 0.3315368890762329    training-loss, contrastive: 0.8602772951126099    
2026-09-19 01:09:02,482 - INFO - Iter: 22632    training-metric, acc: 0.9526041666666667    training-metric, acc_spe: 0.9244791666666666    training-metric, auc: 0.9924544270833333    training-metric, eer: 0.030208333333333334    training-metric, ap: 0.9928147609863284    
2026-09-19 01:13:02,780 - INFO - Iter: 22932    training-loss, overall: 0.2640765905380249    training-loss, common: 0.09873361140489578    training-loss, specific: 0.23672494292259216    training-loss, reconstruction: 0.33714812994003296    training-loss, contrastive: 0.810519278049469    
2026-09-19 01:13:02,781 - INFO - Iter: 22932    training-metric, acc: 0.9560416666666667    training-metric, acc_spe: 0.920625    training-metric, auc: 0.9927604166666667    training-metric, eer: 0.025833333333333333    training-metric, ap: 0.9929325587512902    
2026-09-19 01:13:31,753 - INFO - ===> Test start!
2026-09-19 01:13:31,791 - INFO - data_dict saved to /autodl-fs/data/swa_exp/logs/ucf_2026-09-18-20-42-40/test/Celeb-DF-v2/data_dict_test.pickle
2026-09-19 01:14:01,300 - INFO - dataset: Celeb-DF-v2    step: 22967    testing-loss, common: 2.1684482097625732    
2026-09-19 01:14:01,303 - INFO - dataset: Celeb-DF-v2    step: 22967    testing-metric, acc: 0.4945188794153471    testing-metric, auc: 0.7006278749835245    testing-metric, eer: 0.3606761565836299    testing-metric, ap: 0.7968332489740609    testing-metric, video_auc: 0.7277263714474553    testing-metric, acc_real:0.8806049822064057; acc_fake:0.2936111111111111
2026-09-19 01:14:01,303 - INFO - dataset: avg    step: 22967    testing-metric, acc: 0.4945188794153471    testing-metric, auc: 0.7006278749835245    testing-metric, eer: 0.3606761565836299    testing-metric, ap: 0.7968332489740609    testing-metric, video_auc: 0.7277263714474553    
2026-09-19 01:14:01,304 - INFO - ===> Test Done!
2026-09-19 01:14:03,686 - INFO - Step ckpt saved: step_22967.pth
2026-09-19 01:14:10,369 - INFO - ===> Epoch[3] end with testing auc: 
================================ Each dataset best metric ================================ 
| Celeb-DF-v2:  auc=0.7471927392249902 | 
============================================================================================= 
================================== Average best metric ====================================== 
| avg auc: 0.7471927392249902 | 
| Celeb-DF-v2: 0.7471927392249902 | 
=============================================================================================!
2026-09-19 01:14:10,374 - INFO - ===> Epoch[3] end, current lr = 0.000001
2026-09-19 01:14:10,377 - INFO - Stop Training on best Testing metric 
================================ Each dataset best metric ================================ 
| Celeb-DF-v2:  auc=0.7471927392249902 | 
============================================================================================= 
================================== Average best metric ====================================== 
| avg auc: 0.7471927392249902 | 
| Celeb-DF-v2: 0.7471927392249902 | 
=============================================================================================
2026-09-19 01:14:25,298 - INFO - ===> BN recalibrated over 100 batches
2026-09-19 01:14:39,262 - INFO - ===> BN recalibrated over 100 batches
2026-09-19 01:14:53,325 - INFO - ===> BN recalibrated over 100 batches
2026-09-19 01:15:07,515 - INFO - ===> BN recalibrated over 100 batches
2026-09-19 01:15:21,674 - INFO - ===> BN recalibrated over 100 batches
2026-09-19 01:15:51,526 - INFO - ===> window_end_probe written: J={'0.0625': -0.008021, '0.125': -0.021545, '0.25': -0.082407, '0.5': -0.08592, '1': -0.218869} B=0.002982
2026-09-19 01:15:54,155 - INFO - SWA Checkpoint saved to /autodl-fs/data/swa_exp/logs/ucf_2026-09-18-20-42-40/swa_w0.0625.pth
2026-09-19 01:15:56,760 - INFO - SWA Checkpoint saved to /autodl-fs/data/swa_exp/logs/ucf_2026-09-18-20-42-40/swa_w0.125.pth
2026-09-19 01:15:59,357 - INFO - SWA Checkpoint saved to /autodl-fs/data/swa_exp/logs/ucf_2026-09-18-20-42-40/swa_w0.25.pth
2026-09-19 01:16:01,915 - INFO - SWA Checkpoint saved to /autodl-fs/data/swa_exp/logs/ucf_2026-09-18-20-42-40/swa_w0.5.pth
2026-09-19 01:16:04,409 - INFO - SWA Checkpoint saved to /autodl-fs/data/swa_exp/logs/ucf_2026-09-18-20-42-40/swa_w1.pth
2026-09-19 01:16:04,452 - INFO - data_dict saved to /autodl-fs/data/swa_exp/logs/ucf_2026-09-18-20-42-40/test/Celeb-DF-v2/data_dict_test.pickle
2026-09-19 01:16:34,076 - INFO - Iter Final for SWA (w=0.0625):    testing-metric, acc: 0.5552984165651644    testing-metric, auc: 0.7182182845657046    testing-metric, eer: 0.34608540925266906    testing-metric, ap: 0.808359835275405    testing-metric, pred: [0.00123557 0.9950021  0.9893022  ... 0.29621127 0.06390467 0.47781023]    testing-metric, video_auc: 0.7543621943159287    testing-metric, label: [0 1 0 ... 1 1 1]    
2026-09-19 01:16:34,084 - INFO - dataset: avg    step: 0    testing-metric, acc: 0.5552984165651644    testing-metric, auc: 0.7182182845657046    testing-metric, eer: 0.34608540925266906    testing-metric, ap: 0.808359835275405    testing-metric, video_auc: 0.7543621943159287    
2026-09-19 01:16:34,085 - INFO - ===> Test Done!
2026-09-19 01:16:34,085 - INFO - ===> Final SWA testing done! (w=0.0625)
2026-09-19 01:16:34,119 - INFO - data_dict saved to /autodl-fs/data/swa_exp/logs/ucf_2026-09-18-20-42-40/test/Celeb-DF-v2/data_dict_test.pickle
2026-09-19 01:17:03,465 - INFO - Iter Final for SWA (w=0.125):    testing-metric, acc: 0.5506699147381242    testing-metric, auc: 0.7197983063134308    testing-metric, eer: 0.34608540925266906    testing-metric, ap: 0.8135691683427931    testing-metric, pred: [0.00262581 0.99347746 0.98863286 ... 0.3185532  0.37100428 0.48420525]    testing-metric, video_auc: 0.7573859881031063    testing-metric, label: [0 1 0 ... 1 1 1]    
2026-09-19 01:17:03,472 - INFO - dataset: avg    step: 0    testing-metric, acc: 0.5506699147381242    testing-metric, auc: 0.7197983063134308    testing-metric, eer: 0.34608540925266906    testing-metric, ap: 0.8135691683427931    testing-metric, video_auc: 0.7573859881031063    
2026-09-19 01:17:03,474 - INFO - ===> Test Done!
2026-09-19 01:17:03,474 - INFO - ===> Final SWA testing done! (w=0.125)
2026-09-19 01:17:03,560 - INFO - data_dict saved to /autodl-fs/data/swa_exp/logs/ucf_2026-09-18-20-42-40/test/Celeb-DF-v2/data_dict_test.pickle
2026-09-19 01:17:32,823 - INFO - Iter Final for SWA (w=0.25):    testing-metric, acc: 0.5711327649208282    testing-metric, auc: 0.7118432928034797    testing-metric, eer: 0.3546263345195729    testing-metric, ap: 0.8111925737505056    testing-metric, pred: [0.00414961 0.9946572  0.9953159  ... 0.24063401 0.6291096  0.66126215]    testing-metric, video_auc: 0.7556345009914078    testing-metric, label: [0 1 0 ... 1 1 1]    
2026-09-19 01:17:32,830 - INFO - dataset: avg    step: 0    testing-metric, acc: 0.5711327649208282    testing-metric, auc: 0.7118432928034797    testing-metric, eer: 0.3546263345195729    testing-metric, ap: 0.8111925737505056    testing-metric, video_auc: 0.7556345009914078    
2026-09-19 01:17:32,831 - INFO - ===> Test Done!
2026-09-19 01:17:32,831 - INFO - ===> Final SWA testing done! (w=0.25)
2026-09-19 01:17:32,873 - INFO - data_dict saved to /autodl-fs/data/swa_exp/logs/ucf_2026-09-18-20-42-40/test/Celeb-DF-v2/data_dict_test.pickle
2026-09-19 01:18:03,143 - INFO - Iter Final for SWA (w=0.5):    testing-metric, acc: 0.5772228989037759    testing-metric, auc: 0.6902100303150125    testing-metric, eer: 0.3638790035587189    testing-metric, ap: 0.7993049172396467    testing-metric, pred: [0.01162761 0.9985814  0.99681985 ... 0.09190344 0.30081534 0.8362219 ]    testing-metric, video_auc: 0.7417052214144085    testing-metric, label: [0 1 0 ... 1 1 1]    
2026-09-19 01:18:03,150 - INFO - dataset: avg    step: 0    testing-metric, acc: 0.5772228989037759    testing-metric, auc: 0.6902100303150125    testing-metric, eer: 0.3638790035587189    testing-metric, ap: 0.7993049172396467    testing-metric, video_auc: 0.7417052214144085    
2026-09-19 01:18:03,151 - INFO - ===> Test Done!
2026-09-19 01:18:03,151 - INFO - ===> Final SWA testing done! (w=0.5)
2026-09-19 01:18:03,190 - INFO - data_dict saved to /autodl-fs/data/swa_exp/logs/ucf_2026-09-18-20-42-40/test/Celeb-DF-v2/data_dict_test.pickle
2026-09-19 01:18:32,943 - INFO - Iter Final for SWA (w=1):    testing-metric, acc: 0.5806333739342265    testing-metric, auc: 0.6526994282984052    testing-metric, eer: 0.398220640569395    testing-metric, ap: 0.7805255058484746    testing-metric, pred: [0.19757484 0.99810934 0.9869293  ... 0.16886109 0.55931455 0.765226  ]    testing-metric, video_auc: 0.7172504957038995    testing-metric, label: [0 1 0 ... 1 1 1]    
2026-09-19 01:18:32,951 - INFO - dataset: avg    step: 0    testing-metric, acc: 0.5806333739342265    testing-metric, auc: 0.6526994282984052    testing-metric, eer: 0.398220640569395    testing-metric, ap: 0.7805255058484746    testing-metric, video_auc: 0.7172504957038995    
2026-09-19 01:18:32,952 - INFO - ===> Test Done!
2026-09-19 01:18:32,952 - INFO - ===> Final SWA testing done! (w=1)
2026-09-19 01:18:33,177 - INFO - data_dict saved to /autodl-fs/data/swa_exp/logs/ucf_2026-09-18-20-42-40/test/Celeb-DF-v2/data_dict_test.pickle
2026-09-19 01:19:03,448 - INFO - Iter Final for SWA (w=0.0625, BN recalibrated):    testing-metric, acc: 0.5159561510353228    testing-metric, auc: 0.7093317928693819    testing-metric, eer: 0.35338078291814945    testing-metric, ap: 0.8055418651705613    testing-metric, pred: [0.00111761 0.9719616  0.96276563 ... 0.11389501 0.02576632 0.16504869]    testing-metric, video_auc: 0.744233311302049    testing-metric, label: [0 1 0 ... 1 1 1]    
2026-09-19 01:19:03,455 - INFO - dataset: avg    step: 0    testing-metric, acc: 0.5159561510353228    testing-metric, auc: 0.7093317928693819    testing-metric, eer: 0.35338078291814945    testing-metric, ap: 0.8055418651705613    testing-metric, video_auc: 0.744233311302049    
2026-09-19 01:19:03,456 - INFO - ===> Test Done!
2026-09-19 01:19:03,456 - INFO - ===> Final SWA testing done! (w=0.0625, BN recalibrated)
2026-09-19 01:19:03,591 - INFO - data_dict saved to /autodl-fs/data/swa_exp/logs/ucf_2026-09-18-20-42-40/test/Celeb-DF-v2/data_dict_test.pickle
2026-09-19 01:19:33,923 - INFO - Iter Final for SWA (w=0.125, BN recalibrated):    testing-metric, acc: 0.5126674786845311    testing-metric, auc: 0.710733137274285    testing-metric, eer: 0.352491103202847    testing-metric, ap: 0.8097562110296981    testing-metric, pred: [0.0017578  0.95990765 0.969827   ... 0.13577452 0.12813152 0.18058375]    testing-metric, video_auc: 0.7478354263053537    testing-metric, label: [0 1 0 ... 1 1 1]    
2026-09-19 01:19:33,931 - INFO - dataset: avg    step: 0    testing-metric, acc: 0.5126674786845311    testing-metric, auc: 0.710733137274285    testing-metric, eer: 0.352491103202847    testing-metric, ap: 0.8097562110296981    testing-metric, video_auc: 0.7478354263053537    
2026-09-19 01:19:33,932 - INFO - ===> Test Done!
2026-09-19 01:19:33,932 - INFO - ===> Final SWA testing done! (w=0.125, BN recalibrated)
2026-09-19 01:19:34,132 - INFO - data_dict saved to /autodl-fs/data/swa_exp/logs/ucf_2026-09-18-20-42-40/test/Celeb-DF-v2/data_dict_test.pickle
2026-09-19 01:20:04,664 - INFO - Iter Final for SWA (w=0.25, BN recalibrated):    testing-metric, acc: 0.5140073081607796    testing-metric, auc: 0.7089870007908263    testing-metric, eer: 0.35711743772241994    testing-metric, ap: 0.810805852153516    testing-metric, pred: [0.00178001 0.95772237 0.97968674 ... 0.02475561 0.14341518 0.14001384]    testing-metric, video_auc: 0.7489755452742896    testing-metric, label: [0 1 0 ... 1 1 1]    
2026-09-19 01:20:04,673 - INFO - dataset: avg    step: 0    testing-metric, acc: 0.5140073081607796    testing-metric, auc: 0.7089870007908263    testing-metric, eer: 0.35711743772241994    testing-metric, ap: 0.810805852153516    testing-metric, video_auc: 0.7489755452742896    
2026-09-19 01:20:04,674 - INFO - ===> Test Done!
2026-09-19 01:20:04,674 - INFO - ===> Final SWA testing done! (w=0.25, BN recalibrated)
2026-09-19 01:20:04,809 - INFO - data_dict saved to /autodl-fs/data/swa_exp/logs/ucf_2026-09-18-20-42-40/test/Celeb-DF-v2/data_dict_test.pickle
2026-09-19 01:20:35,514 - INFO - Iter Final for SWA (w=0.5, BN recalibrated):    testing-metric, acc: 0.5218635809987819    testing-metric, auc: 0.7107750263608805    testing-metric, eer: 0.35587188612099646    testing-metric, ap: 0.81050639811724    testing-metric, pred: [0.00150753 0.98369366 0.9847342  ... 0.01868964 0.03128033 0.21398161]    testing-metric, video_auc: 0.7504296100462655    testing-metric, label: [0 1 0 ... 1 1 1]    
2026-09-19 01:20:35,522 - INFO - dataset: avg    step: 0    testing-metric, acc: 0.5218635809987819    testing-metric, auc: 0.7107750263608805    testing-metric, eer: 0.35587188612099646    testing-metric, ap: 0.81050639811724    testing-metric, video_auc: 0.7504296100462655    
2026-09-19 01:20:35,523 - INFO - ===> Test Done!
2026-09-19 01:20:35,523 - INFO - ===> Final SWA testing done! (w=0.5, BN recalibrated)
2026-09-19 01:20:35,605 - INFO - data_dict saved to /autodl-fs/data/swa_exp/logs/ucf_2026-09-18-20-42-40/test/Celeb-DF-v2/data_dict_test.pickle
2026-09-19 01:21:05,795 - INFO - Iter Final for SWA (w=1, BN recalibrated):    testing-metric, acc: 0.520584652862363    testing-metric, auc: 0.7145135511401082    testing-metric, eer: 0.352491103202847    testing-metric, ap: 0.8102757296775696    testing-metric, pred: [0.00122471 0.9830337  0.98430365 ... 0.02079167 0.02332651 0.34606144]    testing-metric, video_auc: 0.7515862524785195    testing-metric, label: [0 1 0 ... 1 1 1]    
2026-09-19 01:21:05,804 - INFO - dataset: avg    step: 0    testing-metric, acc: 0.520584652862363    testing-metric, auc: 0.7145135511401082    testing-metric, eer: 0.352491103202847    testing-metric, ap: 0.8102757296775696    testing-metric, video_auc: 0.7515862524785195    
2026-09-19 01:21:05,805 - INFO - ===> Test Done!
2026-09-19 01:21:05,806 - INFO - ===> Final SWA testing done! (w=1, BN recalibrated)
