2026-08-24 13:04:19,753 - INFO - Save log to ./logs/training/ucf_2026-08-24-13-04-19
2026-08-24 13:04:19,753 - INFO - --------------- Configuration ---------------
2026-08-24 13:04:19,753 - INFO - Parameters: 
log_dir: ./logs/training/
pretrained: ./training/pretrained/xception-b5690688.pth
model_name: ucf
backbone_name: xception
encoder_feat_dim: 512
backbone_config: {'mode': 'adjust_channel', 'num_classes': 2, 'inc': 3, 'dropout': False}
all_dataset: ['FaceForensics++', 'FF-F2F', 'FF-DF', 'FF-FS', 'FF-NT', 'FaceShifter', 'DeepFakeDetection', 'Celeb-DF-v1', 'Celeb-DF-v2', 'DFDCP', 'DFDC', 'DeeperForensics-1.0', 'UADFV']
train_dataset: ['FF-F2F', 'FF-DF', 'FF-FS', 'FF-NT']
test_dataset: ['Celeb-DF-v2']
dataset_type: pair
compression: c23
train_batchSize: 16
test_batchSize: 32
workers: 8
frame_num: {'train': 32, 'test': 32}
resolution: 256
with_mask: False
with_landmark: False
save_feat: True
label_dict: {'DFD_fake': 1, 'DFD_real': 0, 'FaceShifter': 1, 'FF-FH': 1, 'FF-DF': 1, 'FF-F2F': 2, 'FF-FS': 3, 'FF-NT': 4, 'FF-real': 0, 'CelebDFv1_real': 0, 'CelebDFv1_fake': 1, 'CelebDFv2_real': 0, 'CelebDFv2_fake': 1, 'DFDCP_Real': 0, 'DFDCP_FakeA': 1, 'DFDCP_FakeB': 1, 'DFDC_Fake': 1, 'DFDC_Real': 0, 'DF_fake': 1, 'DF_real': 0, 'UADFV_Fake': 1, 'UADFV_Real': 0, 'roop_Fake': 1, 'roop_Real': 0}
use_data_augmentation: True
data_aug: {'flip_prob': 0.5, 'rotate_prob': 0.5, 'rotate_limit': [-10, 10], 'blur_prob': 0.5, 'blur_limit': [3, 7], 'brightness_prob': 0.5, 'brightness_limit': [-0.1, 0.1], 'contrast_limit': [-0.1, 0.1], 'quality_lower': 40, 'quality_upper': 100}
mean: [0.5, 0.5, 0.5]
std: [0.5, 0.5, 0.5]
optimizer: {'type': 'adam', 'adam': {'lr': 0.0002, 'beta1': 0.9, 'beta2': 0.999, 'eps': 1e-08, 'weight_decay': 0.0005, 'amsgrad': False}, 'sgd': {'lr': 0.0002, 'momentum': 0.9, 'weight_decay': 0.0005}}
lr_scheduler: cosine
nEpochs: 3
start_epoch: 0
save_epoch: 1
rec_iter: 100
logdir: ./logs
manualSeed: 1024
save_ckpt: True
loss_func: {'cls_loss': 'cross_entropy', 'spe_loss': 'cross_entropy', 'con_loss': 'contrastive_regularization', 'rec_loss': 'l1loss', 'cons2_loss': 'cross_method_consistency'}
cross_method_consistency: False
consistency_weight: 0.1
consistency_temperature: 0.1
losstype: None
metric_scoring: auc
cuda: True
cudnn: True
lr_T_max: 3
lr_eta_min: 1e-06
SWA: True
swa_start: 2
spsa: False
mode: train
lmdb: False
dry_run: False
rgb_dir: ./datasets/rgb
lmdb_dir: ./datasets/lmdb
dataset_json_folder: ./preprocessing/dataset_json
save_avg: True
local_rank: 0
ddp: False

2026-08-24 13:04:20,719 - INFO - Load pretrained model successfully!
2026-08-24 13:04:21,201 - INFO - Load pretrained model successfully!
2026-08-24 13:04:21,623 - INFO - ===> Epoch[0] start!
2026-08-24 13:04:21,656 - INFO - data_dict saved to ./logs/training/ucf_2026-08-24-13-04-19/train/FF-F2F,FF-DF,FF-FS,FF-NT/data_dict_train.pickle
2026-08-24 13:04:22,489 - INFO - MEMDBG iter0 start alloc=0.35GB reserved=0.37GB
2026-08-24 13:04:24,868 - INFO - Iter: 0    training-loss, overall: 2.0246074199676514    training-loss, common: 0.6934811472892761    training-loss, specific: 1.6243910789489746    training-loss, reconstruction: 1.9261598587036133    training-loss, contrastive: 11.816783905029297    
2026-08-24 13:04:24,871 - INFO - Iter: 0    training-metric, acc: 0.5    training-metric, acc_spe: 0.09375    training-metric, auc: 0.4609375    training-metric, eer: 0.5625    training-metric, ap: 0.57690652551979    
2026-08-24 13:04:24,871 - INFO - MEMDBG iter0 end alloc=0.97GB peak=17.74GB
2026-08-24 13:04:24,880 - INFO - MEMDBG iter1 start alloc=0.97GB reserved=6.97GB
2026-08-24 13:04:25,218 - INFO - MEMDBG iter1 end alloc=1.00GB peak=17.74GB
2026-08-24 13:04:25,220 - INFO - MEMDBG iter2 start alloc=0.95GB reserved=13.60GB
2026-08-24 13:04:25,531 - INFO - MEMDBG iter2 end alloc=0.97GB peak=17.74GB
2026-08-24 13:04:25,532 - INFO - MEMDBG iter3 start alloc=0.97GB reserved=13.60GB
2026-08-24 13:04:25,842 - INFO - MEMDBG iter3 end alloc=0.99GB peak=17.74GB
2026-08-24 13:06:31,039 - INFO - Iter: 300    training-loss, overall: 1.6063306331634521    training-loss, common: 0.6162998080253601    training-loss, specific: 1.3448426723480225    training-loss, reconstruction: 1.1857115030288696    training-loss, contrastive: 9.996639251708984    
2026-08-24 13:06:31,040 - INFO - Iter: 300    training-metric, acc: 0.6402083333333334    training-metric, acc_spe: 0.5146875    training-metric, auc: 0.6878645833333333    training-metric, eer: 0.3489583333333333    training-metric, ap: 0.71033433551795    
2026-08-24 13:10:02,374 - INFO - Iter: 600    training-loss, overall: 1.1650123596191406    training-loss, common: 0.4590679407119751    training-loss, specific: 1.1550339460372925    training-loss, reconstruction: 0.7888275980949402    training-loss, contrastive: 7.075855255126953    
2026-08-24 13:10:02,374 - INFO - Iter: 600    training-metric, acc: 0.7879166666666667    training-metric, acc_spe: 0.5646875    training-metric, auc: 0.8639973958333333    training-metric, eer: 0.199375    training-metric, ap: 0.880210697224102    
2026-08-24 13:11:46,848 - INFO - Iter: 900    training-loss, overall: 0.9838554263114929    training-loss, common: 0.38575342297554016    training-loss, specific: 1.0643898248672485    training-loss, reconstruction: 0.6819738149642944    training-loss, contrastive: 5.741419315338135    
2026-08-24 13:11:46,848 - INFO - Iter: 900    training-metric, acc: 0.830625    training-metric, acc_spe: 0.5798958333333334    training-metric, auc: 0.90552734375    training-metric, eer: 0.15354166666666666    training-metric, ap: 0.9171363246992702    
2026-08-24 13:13:31,332 - INFO - Iter: 1200    training-loss, overall: 0.8714586496353149    training-loss, common: 0.33636072278022766    training-loss, specific: 1.0151185989379883    training-loss, reconstruction: 0.6264294385910034    training-loss, contrastive: 4.913137912750244    
2026-08-24 13:13:31,332 - INFO - Iter: 1200    training-metric, acc: 0.8535416666666666    training-metric, acc_spe: 0.5996875    training-metric, auc: 0.9306575520833333    training-metric, eer: 0.13166666666666665    training-metric, ap: 0.9387235222831358    
2026-08-24 13:15:15,348 - INFO - Iter: 1500    training-loss, overall: 0.8085460066795349    training-loss, common: 0.3123854398727417    training-loss, specific: 0.9802027344703674    training-loss, reconstruction: 0.5843538641929626    training-loss, contrastive: 4.456676006317139    
2026-08-24 13:15:15,349 - INFO - Iter: 1500    training-metric, acc: 0.8628125    training-metric, acc_spe: 0.6157291666666667    training-metric, auc: 0.9378255208333334    training-metric, eer: 0.11916666666666667    training-metric, ap: 0.9460040989252496    
2026-08-24 13:16:59,804 - INFO - Iter: 1800    training-loss, overall: 0.7451766133308411    training-loss, common: 0.289530873298645    training-loss, specific: 0.9148072600364685    training-loss, reconstruction: 0.5534957647323608    training-loss, contrastive: 3.9623262882232666    
2026-08-24 13:16:59,804 - INFO - Iter: 1800    training-metric, acc: 0.8785416666666667    training-metric, acc_spe: 0.6467708333333333    training-metric, auc: 0.94654296875    training-metric, eer: 0.10791666666666666    training-metric, ap: 0.9533729338217144    
2026-08-24 13:18:43,624 - INFO - Iter: 2100    training-loss, overall: 0.7070740461349487    training-loss, common: 0.2735089957714081    training-loss, specific: 0.8618128895759583    training-loss, reconstruction: 0.5425083041191101    training-loss, contrastive: 3.6926193237304688    
2026-08-24 13:18:43,624 - INFO - Iter: 2100    training-metric, acc: 0.8851041666666667    training-metric, acc_spe: 0.675625    training-metric, auc: 0.9534114583333333    training-metric, eer: 0.09541666666666666    training-metric, ap: 0.9606101718081106    
2026-08-24 13:20:28,447 - INFO - Iter: 2400    training-loss, overall: 0.6733756065368652    training-loss, common: 0.26152631640434265    training-loss, specific: 0.8041631579399109    training-loss, reconstruction: 0.5296640992164612    training-loss, contrastive: 3.4506680965423584    
2026-08-24 13:20:28,448 - INFO - Iter: 2400    training-metric, acc: 0.8927083333333333    training-metric, acc_spe: 0.7059375    training-metric, auc: 0.9572591145833333    training-metric, eer: 0.089375    training-metric, ap: 0.9629414713101062    
2026-08-24 13:22:12,880 - INFO - Iter: 2700    training-loss, overall: 0.6254022121429443    training-loss, common: 0.24339383840560913    training-loss, specific: 0.7395836114883423    training-loss, reconstruction: 0.5035904049873352    training-loss, contrastive: 3.1394577026367188    
2026-08-24 13:22:12,880 - INFO - Iter: 2700    training-metric, acc: 0.8984375    training-metric, acc_spe: 0.7325    training-metric, auc: 0.9627083333333334    training-metric, eer: 0.081875    training-metric, ap: 0.9676794188250625    
2026-08-24 13:23:57,354 - INFO - Iter: 3000    training-loss, overall: 0.600999653339386    training-loss, common: 0.2307993322610855    training-loss, specific: 0.6974396705627441    training-loss, reconstruction: 0.4981848895549774    training-loss, contrastive: 3.0200138092041016    
2026-08-24 13:23:57,355 - INFO - Iter: 3000    training-metric, acc: 0.9053125    training-metric, acc_spe: 0.75125    training-metric, auc: 0.9656901041666667    training-metric, eer: 0.08333333333333333    training-metric, ap: 0.9709314730743565    
2026-08-24 13:25:41,384 - INFO - Iter: 3300    training-loss, overall: 0.584697961807251    training-loss, common: 0.227311909198761    training-loss, specific: 0.660080075263977    training-loss, reconstruction: 0.4930403232574463    training-loss, contrastive: 2.86932110786438    
2026-08-24 13:25:41,385 - INFO - Iter: 3300    training-metric, acc: 0.9057291666666667    training-metric, acc_spe: 0.7691666666666667    training-metric, auc: 0.96775390625    training-metric, eer: 0.07395833333333333    training-metric, ap: 0.9715888626466267    
2026-08-24 13:27:25,366 - INFO - Iter: 3600    training-loss, overall: 0.5591909885406494    training-loss, common: 0.21681417524814606    training-loss, specific: 0.607236385345459    training-loss, reconstruction: 0.48995062708854675    training-loss, contrastive: 2.693357467651367    
2026-08-24 13:27:25,367 - INFO - Iter: 3600    training-metric, acc: 0.905    training-metric, acc_spe: 0.7871875    training-metric, auc: 0.9696940104166667    training-metric, eer: 0.07791666666666666    training-metric, ap: 0.9727347468496932    
2026-08-24 13:29:08,673 - INFO - Iter: 3900    training-loss, overall: 0.5380427837371826    training-loss, common: 0.21284519135951996    training-loss, specific: 0.5738822817802429    training-loss, reconstruction: 0.47072601318359375    training-loss, contrastive: 2.531827926635742    
2026-08-24 13:29:08,673 - INFO - Iter: 3900    training-metric, acc: 0.9105208333333333    training-metric, acc_spe: 0.80375    training-metric, auc: 0.9717838541666667    training-metric, eer: 0.07104166666666667    training-metric, ap: 0.9744668911288028    
2026-08-24 13:30:52,233 - INFO - Iter: 4200    training-loss, overall: 0.5225830674171448    training-loss, common: 0.2034730315208435    training-loss, specific: 0.5775443911552429    training-loss, reconstruction: 0.46999964118003845    training-loss, contrastive: 2.4071097373962402    
2026-08-24 13:30:52,234 - INFO - Iter: 4200    training-metric, acc: 0.9197916666666667    training-metric, acc_spe: 0.8127083333333334    training-metric, auc: 0.9727799479166667    training-metric, eer: 0.06854166666666667    training-metric, ap: 0.9768384205504016    
2026-08-24 13:32:36,368 - INFO - Iter: 4500    training-loss, overall: 0.5039584636688232    training-loss, common: 0.19662517309188843    training-loss, specific: 0.5438288450241089    training-loss, reconstruction: 0.4617919921875    training-loss, contrastive: 2.2882564067840576    
2026-08-24 13:32:36,368 - INFO - Iter: 4500    training-metric, acc: 0.9188541666666666    training-metric, acc_spe: 0.8275    training-metric, auc: 0.9747591145833333    training-metric, eer: 0.06333333333333334    training-metric, ap: 0.9782416877593977    
2026-08-24 13:34:20,303 - INFO - Iter: 4800    training-loss, overall: 0.4945499897003174    training-loss, common: 0.1907043308019638    training-loss, specific: 0.5217780470848083    training-loss, reconstruction: 0.4551491439342499    training-loss, contrastive: 2.302459478378296    
2026-08-24 13:34:20,304 - INFO - Iter: 4800    training-metric, acc: 0.9204166666666667    training-metric, acc_spe: 0.8357291666666666    training-metric, auc: 0.9760416666666667    training-metric, eer: 0.06375    training-metric, ap: 0.9797053012385438    
2026-08-24 13:36:04,023 - INFO - Iter: 5100    training-loss, overall: 0.48814600706100464    training-loss, common: 0.1910863071680069    training-loss, specific: 0.5076709389686584    training-loss, reconstruction: 0.4514675438404083    training-loss, contrastive: 2.2170462608337402    
2026-08-24 13:36:04,023 - INFO - Iter: 5100    training-metric, acc: 0.9203125    training-metric, acc_spe: 0.843125    training-metric, auc: 0.9759700520833333    training-metric, eer: 0.057916666666666665    training-metric, ap: 0.9788839977954056    
2026-08-24 13:37:48,150 - INFO - Iter: 5400    training-loss, overall: 0.4827350378036499    training-loss, common: 0.1911759376525879    training-loss, specific: 0.5001659989356995    training-loss, reconstruction: 0.44200196862220764    training-loss, contrastive: 2.1788394451141357    
2026-08-24 13:37:48,150 - INFO - Iter: 5400    training-metric, acc: 0.9225    training-metric, acc_spe: 0.8413541666666666    training-metric, auc: 0.9767838541666667    training-metric, eer: 0.060625    training-metric, ap: 0.9791372371207913    
2026-08-24 13:39:32,597 - INFO - Iter: 5700    training-loss, overall: 0.4930371344089508    training-loss, common: 0.19855862855911255    training-loss, specific: 0.47927573323249817    training-loss, reconstruction: 0.4398612976074219    training-loss, contrastive: 2.291853189468384    
2026-08-24 13:39:32,597 - INFO - Iter: 5700    training-metric, acc: 0.9171875    training-metric, acc_spe: 0.8516666666666667    training-metric, auc: 0.9741861979166667    training-metric, eer: 0.068125    training-metric, ap: 0.9776621066405179    
2026-08-24 13:39:47,888 - INFO - ===> Test start!
2026-08-24 13:39:47,892 - INFO - data_dict saved to ./logs/training/ucf_2026-08-24-13-04-19/test/Celeb-DF-v2/data_dict_test.pickle
2026-08-24 13:40:08,075 - INFO - Checkpoint saved to ./logs/training/ucf_2026-08-24-13-04-19/test/Celeb-DF-v2/ckpt_best.pth, current ckpt is 0+5743
2026-08-24 13:40:08,075 - INFO - Metrics saved to ./logs/training/ucf_2026-08-24-13-04-19/test/Celeb-DF-v2/metric_dict_best.pickle
2026-08-24 13:40:08,076 - INFO - dataset: Celeb-DF-v2    step: 5743    testing-loss, common: 1.2261073589324951    
2026-08-24 13:40:08,079 - INFO - dataset: Celeb-DF-v2    step: 5743    testing-metric, acc: 0.5482947624847747    testing-metric, auc: 0.7300735633320153    testing-metric, eer: 0.3293594306049822    testing-metric, ap: 0.8190155079223209    testing-metric, video_auc: 0.786004626569729    testing-metric, acc_real:0.8572953736654805; acc_fake:0.3875
2026-08-24 13:40:08,213 - INFO - Checkpoint saved to ./logs/training/ucf_2026-08-24-13-04-19/test/avg/ckpt_best.pth, current ckpt is 0+5743
2026-08-24 13:40:08,214 - INFO - Metrics saved to ./logs/training/ucf_2026-08-24-13-04-19/test/avg/metric_dict_best.pickle
2026-08-24 13:40:08,217 - INFO - dataset: avg    step: 5743    testing-metric, acc: 0.5482947624847747    testing-metric, auc: 0.7300735633320153    testing-metric, eer: 0.3293594306049822    testing-metric, ap: 0.8190155079223209    testing-metric, video_auc: 0.786004626569729    
2026-08-24 13:40:08,217 - INFO - ===> Test Done!
2026-08-24 13:40:08,428 - INFO - ===> Epoch[0] end with testing auc: 
================================ Each dataset best metric ================================ 
| Celeb-DF-v2:  auc=0.7300735633320153 | 
============================================================================================= 
================================== Average best metric ====================================== 
| avg auc: 0.7300735633320153 | 
| Celeb-DF-v2: 0.7300735633320153 | 
=============================================================================================!
2026-08-24 13:40:08,429 - INFO - ===> Epoch[0] end, current lr = 0.000200
2026-08-24 13:40:08,430 - INFO - ===> Epoch[1] start!
2026-08-24 13:40:08,493 - INFO - data_dict saved to ./logs/training/ucf_2026-08-24-13-04-19/train/FF-F2F,FF-DF,FF-FS,FF-NT/data_dict_train.pickle
2026-08-24 13:40:09,674 - INFO - MEMDBG iter0 start alloc=0.91GB reserved=2.20GB
2026-08-24 13:40:10,446 - INFO - Iter: 5744    training-loss, overall: 0.33021461963653564    training-loss, common: 0.11533710360527039    training-loss, specific: 0.378507137298584    training-loss, reconstruction: 0.4353795349597931    training-loss, contrastive: 0.9282590746879578    
2026-08-24 13:40:10,446 - INFO - Iter: 5744    training-metric, acc: 0.9375    training-metric, acc_spe: 0.8125    training-metric, auc: 0.99609375    training-metric, eer: 0.0625    training-metric, ap: 0.9963235294117647    
2026-08-24 13:40:10,448 - INFO - MEMDBG iter0 end alloc=0.97GB peak=17.74GB
2026-08-24 13:40:10,449 - INFO - MEMDBG iter1 start alloc=0.97GB reserved=13.57GB
2026-08-24 13:40:10,802 - INFO - MEMDBG iter1 end alloc=1.00GB peak=17.74GB
2026-08-24 13:40:10,812 - INFO - MEMDBG iter2 start alloc=0.95GB reserved=13.57GB
2026-08-24 13:40:11,160 - INFO - MEMDBG iter2 end alloc=0.97GB peak=17.74GB
2026-08-24 13:40:11,164 - INFO - MEMDBG iter3 start alloc=0.97GB reserved=13.57GB
2026-08-24 13:40:11,520 - INFO - MEMDBG iter3 end alloc=1.00GB peak=17.74GB
2026-08-24 13:41:55,762 - INFO - Iter: 6044    training-loss, overall: 0.4147621691226959    training-loss, common: 0.16087810695171356    training-loss, specific: 0.42708638310432434    training-loss, reconstruction: 0.41876450181007385    training-loss, contrastive: 1.710920810699463    
2026-08-24 13:41:55,762 - INFO - Iter: 6044    training-metric, acc: 0.9336458333333333    training-metric, acc_spe: 0.8719791666666666    training-metric, auc: 0.9829427083333333    training-metric, eer: 0.05125    training-metric, ap: 0.9847987417589015    
2026-08-24 13:43:42,069 - INFO - Iter: 6344    training-loss, overall: 0.4167323410511017    training-loss, common: 0.16255129873752594    training-loss, specific: 0.4083177149295807    training-loss, reconstruction: 0.4151464104652405    training-loss, contrastive: 1.7761045694351196    
2026-08-24 13:43:42,070 - INFO - Iter: 6344    training-metric, acc: 0.9295833333333333    training-metric, acc_spe: 0.8729166666666667    training-metric, auc: 0.9816731770833333    training-metric, eer: 0.049791666666666665    training-metric, ap: 0.9844446554380446    
2026-08-24 13:45:28,127 - INFO - Iter: 6644    training-loss, overall: 0.41501131653785706    training-loss, common: 0.1608128696680069    training-loss, specific: 0.41339001059532166    training-loss, reconstruction: 0.4078320860862732    training-loss, contrastive: 1.8101990222930908    
2026-08-24 13:45:28,128 - INFO - Iter: 6644    training-metric, acc: 0.9359375    training-metric, acc_spe: 0.873125    training-metric, auc: 0.98333984375    training-metric, eer: 0.043333333333333335    training-metric, ap: 0.9851015193692819    
2026-08-24 13:47:13,909 - INFO - Iter: 6944    training-loss, overall: 0.40589985251426697    training-loss, common: 0.15746472775936127    training-loss, specific: 0.40147092938423157    training-loss, reconstruction: 0.4057634174823761    training-loss, contrastive: 1.731178879737854    
2026-08-24 13:47:13,910 - INFO - Iter: 6944    training-metric, acc: 0.9319791666666667    training-metric, acc_spe: 0.8775    training-metric, auc: 0.9839453125    training-metric, eer: 0.05125    training-metric, ap: 0.9853544342392866    
2026-08-24 13:48:59,558 - INFO - Iter: 7244    training-loss, overall: 0.38838452100753784    training-loss, common: 0.1497211456298828    training-loss, specific: 0.39135098457336426    training-loss, reconstruction: 0.3986722230911255    training-loss, contrastive: 1.598533272743225    
2026-08-24 13:48:59,558 - INFO - Iter: 7244    training-metric, acc: 0.9367708333333333    training-metric, acc_spe: 0.8804166666666666    training-metric, auc: 0.98439453125    training-metric, eer: 0.045    training-metric, ap: 0.9861379817382205    
2026-08-24 13:50:45,222 - INFO - Iter: 7544    training-loss, overall: 0.4083104133605957    training-loss, common: 0.1613812893629074    training-loss, specific: 0.4033251404762268    training-loss, reconstruction: 0.39740434288978577    training-loss, contrastive: 1.7475064992904663    
2026-08-24 13:50:45,222 - INFO - Iter: 7544    training-metric, acc: 0.9323958333333333    training-metric, acc_spe: 0.8754166666666666    training-metric, auc: 0.9824479166666666    training-metric, eer: 0.04645833333333333    training-metric, ap: 0.9849058019732845    
2026-08-24 13:52:31,046 - INFO - Iter: 7844    training-loss, overall: 0.3918008506298065    training-loss, common: 0.1533697098493576    training-loss, specific: 0.3947864770889282    training-loss, reconstruction: 0.3960762917995453    training-loss, contrastive: 1.602594256401062    
2026-08-24 13:52:31,047 - INFO - Iter: 7844    training-metric, acc: 0.9364583333333333    training-metric, acc_spe: 0.8760416666666667    training-metric, auc: 0.9841731770833333    training-metric, eer: 0.04770833333333333    training-metric, ap: 0.9855073080743568    
2026-08-24 13:54:16,270 - INFO - Iter: 8144    training-loss, overall: 0.3762972354888916    training-loss, common: 0.14662016928195953    training-loss, specific: 0.36731284856796265    training-loss, reconstruction: 0.39056649804115295    training-loss, contrastive: 1.5155162811279297    
2026-08-24 13:54:16,271 - INFO - Iter: 8144    training-metric, acc: 0.9355208333333334    training-metric, acc_spe: 0.8876041666666666    training-metric, auc: 0.9852408854166667    training-metric, eer: 0.043958333333333335    training-metric, ap: 0.9867142779344359    
2026-08-24 13:56:01,575 - INFO - Iter: 8444    training-loss, overall: 0.3975854814052582    training-loss, common: 0.15709371864795685    training-loss, specific: 0.38630592823028564    training-loss, reconstruction: 0.394876092672348    training-loss, contrastive: 1.6679716110229492    
2026-08-24 13:56:01,576 - INFO - Iter: 8444    training-metric, acc: 0.9358333333333333    training-metric, acc_spe: 0.879375    training-metric, auc: 0.9835091145833333    training-metric, eer: 0.04645833333333333    training-metric, ap: 0.985689415229727    
2026-08-24 13:57:01,966 - INFO - ===> Test start!
2026-08-24 13:57:01,972 - INFO - data_dict saved to ./logs/training/ucf_2026-08-24-13-04-19/test/Celeb-DF-v2/data_dict_test.pickle
2026-08-24 13:57:22,227 - INFO - Checkpoint saved to ./logs/training/ucf_2026-08-24-13-04-19/test/Celeb-DF-v2/ckpt_best.pth, current ckpt is 1+2871
2026-08-24 13:57:22,228 - INFO - Metrics saved to ./logs/training/ucf_2026-08-24-13-04-19/test/Celeb-DF-v2/metric_dict_best.pickle
2026-08-24 13:57:22,228 - INFO - dataset: Celeb-DF-v2    step: 8615    testing-loss, common: 1.2232683897018433    
2026-08-24 13:57:22,230 - INFO - dataset: Celeb-DF-v2    step: 8615    testing-metric, acc: 0.5496345919610232    testing-metric, auc: 0.7308299311321999    testing-metric, eer: 0.33558718861209963    testing-metric, ap: 0.8225734861025449    testing-metric, video_auc: 0.7765036351619299    testing-metric, acc_real:0.8628113879003558; acc_fake:0.38666666666666666
2026-08-24 13:57:22,616 - INFO - Checkpoint saved to ./logs/training/ucf_2026-08-24-13-04-19/test/avg/ckpt_best.pth, current ckpt is 1+2871
2026-08-24 13:57:22,617 - INFO - Metrics saved to ./logs/training/ucf_2026-08-24-13-04-19/test/avg/metric_dict_best.pickle
2026-08-24 13:57:22,617 - INFO - dataset: avg    step: 8615    testing-metric, acc: 0.5496345919610232    testing-metric, auc: 0.7308299311321999    testing-metric, eer: 0.33558718861209963    testing-metric, ap: 0.8225734861025449    testing-metric, video_auc: 0.7765036351619299    
2026-08-24 13:57:22,617 - INFO - ===> Test Done!
2026-08-24 13:58:06,306 - INFO - Iter: 8744    training-loss, overall: 0.39014002680778503    training-loss, common: 0.1533644050359726    training-loss, specific: 0.387630432844162    training-loss, reconstruction: 0.3834323585033417    training-loss, contrastive: 1.6596596240997314    
2026-08-24 13:58:06,307 - INFO - Iter: 8744    training-metric, acc: 0.9366666666666666    training-metric, acc_spe: 0.8836458333333334    training-metric, auc: 0.983828125    training-metric, eer: 0.048541666666666664    training-metric, ap: 0.9856438568335009    
2026-08-24 13:59:49,794 - INFO - Iter: 9044    training-loss, overall: 0.36973506212234497    training-loss, common: 0.1438790112733841    training-loss, specific: 0.3580031394958496    training-loss, reconstruction: 0.38400956988334656    training-loss, contrastive: 1.4970568418502808    
2026-08-24 13:59:49,795 - INFO - Iter: 9044    training-metric, acc: 0.9369791666666667    training-metric, acc_spe: 0.8882291666666666    training-metric, auc: 0.985546875    training-metric, eer: 0.04083333333333333    training-metric, ap: 0.9868923425760979    
2026-08-24 14:01:33,085 - INFO - Iter: 9344    training-loss, overall: 0.3724724054336548    training-loss, common: 0.14440461993217468    training-loss, specific: 0.3583088517189026    training-loss, reconstruction: 0.3797595500946045    training-loss, contrastive: 1.5661821365356445    
2026-08-24 14:01:33,086 - INFO - Iter: 9344    training-metric, acc: 0.9386458333333333    training-metric, acc_spe: 0.8895833333333333    training-metric, auc: 0.9855078125    training-metric, eer: 0.042916666666666665    training-metric, ap: 0.9870693245133263    
2026-08-24 14:03:15,899 - INFO - Iter: 9644    training-loss, overall: 0.36598482728004456    training-loss, common: 0.14214640855789185    training-loss, specific: 0.34728509187698364    training-loss, reconstruction: 0.38192275166511536    training-loss, contrastive: 1.4906615018844604    
2026-08-24 14:03:15,900 - INFO - Iter: 9644    training-metric, acc: 0.9408333333333333    training-metric, acc_spe: 0.8961458333333333    training-metric, auc: 0.98611328125    training-metric, eer: 0.04375    training-metric, ap: 0.9874670417766074    
2026-08-24 14:04:58,604 - INFO - Iter: 9944    training-loss, overall: 0.37983211874961853    training-loss, common: 0.15016375482082367    training-loss, specific: 0.36730486154556274    training-loss, reconstruction: 0.3762681186199188    training-loss, contrastive: 1.6011484861373901    
2026-08-24 14:04:58,604 - INFO - Iter: 9944    training-metric, acc: 0.9366666666666666    training-metric, acc_spe: 0.8889583333333333    training-metric, auc: 0.9850716145833334    training-metric, eer: 0.04416666666666667    training-metric, ap: 0.9869048666321096    
2026-08-24 14:06:41,357 - INFO - Iter: 10244    training-loss, overall: 0.3762037456035614    training-loss, common: 0.14784874022006989    training-loss, specific: 0.36062151193618774    training-loss, reconstruction: 0.37840303778648376    training-loss, contrastive: 1.5754419565200806    
2026-08-24 14:06:41,357 - INFO - Iter: 10244    training-metric, acc: 0.939375    training-metric, acc_spe: 0.891875    training-metric, auc: 0.98509765625    training-metric, eer: 0.04041666666666666    training-metric, ap: 0.9869396151905167    
2026-08-24 14:08:24,038 - INFO - Iter: 10544    training-loss, overall: 0.37539780139923096    training-loss, common: 0.14997835457324982    training-loss, specific: 0.35272106528282166    training-loss, reconstruction: 0.37650060653686523    training-loss, contrastive: 1.5439423322677612    
2026-08-24 14:08:24,039 - INFO - Iter: 10544    training-metric, acc: 0.9361458333333333    training-metric, acc_spe: 0.8889583333333333    training-metric, auc: 0.98466796875    training-metric, eer: 0.04541666666666667    training-metric, ap: 0.9864755101762561    
2026-08-24 14:10:07,185 - INFO - Iter: 10844    training-loss, overall: 0.3495761752128601    training-loss, common: 0.13671205937862396    training-loss, specific: 0.3284469544887543    training-loss, reconstruction: 0.3732473850250244    training-loss, contrastive: 1.3609033823013306    
2026-08-24 14:10:07,186 - INFO - Iter: 10844    training-metric, acc: 0.9365625    training-metric, acc_spe: 0.8963541666666667    training-metric, auc: 0.9870442708333333    training-metric, eer: 0.04020833333333333    training-metric, ap: 0.9878063399500091    
2026-08-24 14:11:50,077 - INFO - Iter: 11144    training-loss, overall: 0.3699501156806946    training-loss, common: 0.14846310019493103    training-loss, specific: 0.35070133209228516    training-loss, reconstruction: 0.37519118189811707    training-loss, contrastive: 1.4771898984909058    
2026-08-24 14:11:50,078 - INFO - Iter: 11144    training-metric, acc: 0.9344791666666666    training-metric, acc_spe: 0.8915625    training-metric, auc: 0.9849153645833333    training-metric, eer: 0.043541666666666666    training-metric, ap: 0.9858219275375427    
2026-08-24 14:13:32,375 - INFO - Iter: 11444    training-loss, overall: 0.34706911444664    training-loss, common: 0.1366930902004242    training-loss, specific: 0.32667699456214905    training-loss, reconstruction: 0.3689146637916565    training-loss, contrastive: 1.3406789302825928    
2026-08-24 14:13:32,375 - INFO - Iter: 11444    training-metric, acc: 0.9420833333333334    training-metric, acc_spe: 0.8972916666666667    training-metric, auc: 0.9873372395833333    training-metric, eer: 0.0375    training-metric, ap: 0.9886979782278846    
2026-08-24 14:13:47,302 - INFO - ===> Test start!
2026-08-24 14:13:47,308 - INFO - data_dict saved to ./logs/training/ucf_2026-08-24-13-04-19/test/Celeb-DF-v2/data_dict_test.pickle
2026-08-24 14:14:07,276 - INFO - dataset: Celeb-DF-v2    step: 11487    testing-loss, common: 1.4696696996688843    
2026-08-24 14:14:07,278 - INFO - dataset: Celeb-DF-v2    step: 11487    testing-metric, acc: 0.5280755176613886    testing-metric, auc: 0.6874429369315935    testing-metric, eer: 0.3670818505338078    testing-metric, ap: 0.7937425772290065    testing-metric, video_auc: 0.7317746199603437    testing-metric, acc_real:0.8416370106761566; acc_fake:0.3649074074074074
2026-08-24 14:14:07,279 - INFO - dataset: avg    step: 11487    testing-metric, acc: 0.5280755176613886    testing-metric, auc: 0.6874429369315935    testing-metric, eer: 0.3670818505338078    testing-metric, ap: 0.7937425772290065    testing-metric, video_auc: 0.7317746199603437    
2026-08-24 14:14:07,279 - INFO - ===> Test Done!
2026-08-24 14:14:07,531 - INFO - ===> Epoch[1] end with testing auc: 
================================ Each dataset best metric ================================ 
| Celeb-DF-v2:  auc=0.7308299311321999 | 
============================================================================================= 
================================== Average best metric ====================================== 
| avg auc: 0.7308299311321999 | 
| Celeb-DF-v2: 0.7308299311321999 | 
=============================================================================================!
2026-08-24 14:14:07,531 - INFO - ===> Epoch[1] end, current lr = 0.000150
2026-08-24 14:14:07,532 - INFO - ===> Epoch[2] start!
2026-08-24 14:14:07,591 - INFO - data_dict saved to ./logs/training/ucf_2026-08-24-13-04-19/train/FF-F2F,FF-DF,FF-FS,FF-NT/data_dict_train.pickle
2026-08-24 14:14:08,709 - INFO - MEMDBG iter0 start alloc=0.91GB reserved=13.60GB
2026-08-24 14:14:09,351 - INFO - Iter: 11488    training-loss, overall: 0.3561106324195862    training-loss, common: 0.1044783815741539    training-loss, specific: 0.5149015188217163    training-loss, reconstruction: 0.46435660123825073    training-loss, contrastive: 1.2167022228240967    
2026-08-24 14:14:09,352 - INFO - Iter: 11488    training-metric, acc: 0.9375    training-metric, acc_spe: 0.84375    training-metric, auc: 1.0    training-metric, eer: 0.0    training-metric, ap: 1.0    
2026-08-24 14:14:09,354 - INFO - MEMDBG iter0 end alloc=0.97GB peak=17.74GB
2026-08-24 14:14:09,370 - INFO - MEMDBG iter1 start alloc=0.97GB reserved=13.60GB
2026-08-24 14:14:09,728 - INFO - MEMDBG iter1 end alloc=1.00GB peak=17.74GB
2026-08-24 14:14:09,729 - INFO - MEMDBG iter2 start alloc=0.95GB reserved=13.60GB
2026-08-24 14:14:10,038 - INFO - MEMDBG iter2 end alloc=0.97GB peak=17.74GB
2026-08-24 14:14:10,040 - INFO - MEMDBG iter3 start alloc=0.97GB reserved=13.60GB
2026-08-24 14:14:10,352 - INFO - MEMDBG iter3 end alloc=1.00GB peak=17.74GB
2026-08-24 14:15:52,470 - INFO - Iter: 11788    training-loss, overall: 0.2967296242713928    training-loss, common: 0.11205856502056122    training-loss, specific: 0.27896443009376526    training-loss, reconstruction: 0.34855613112449646    training-loss, contrastive: 1.044155240058899    
2026-08-24 14:15:52,471 - INFO - Iter: 11788    training-metric, acc: 0.9532291666666667    training-metric, acc_spe: 0.9140625    training-metric, auc: 0.9911263020833333    training-metric, eer: 0.027708333333333335    training-metric, ap: 0.9919769467630588    
2026-08-24 14:17:36,241 - INFO - Iter: 12088    training-loss, overall: 0.2836369574069977    training-loss, common: 0.1052149161696434    training-loss, specific: 0.26140326261520386    training-loss, reconstruction: 0.3456295430660248    training-loss, contrastive: 0.971856415271759    
2026-08-24 14:17:36,241 - INFO - Iter: 12088    training-metric, acc: 0.9510416666666667    training-metric, acc_spe: 0.9184375    training-metric, auc: 0.9916341145833333    training-metric, eer: 0.03125    training-metric, ap: 0.9918701656927383    
2026-08-24 14:19:19,659 - INFO - Iter: 12388    training-loss, overall: 0.27689075469970703    training-loss, common: 0.10502087324857712    training-loss, specific: 0.2610398530960083    training-loss, reconstruction: 0.3432219326496124    training-loss, contrastive: 0.8559847474098206    
2026-08-24 14:19:19,660 - INFO - Iter: 12388    training-metric, acc: 0.9541666666666667    training-metric, acc_spe: 0.9172916666666666    training-metric, auc: 0.9918815104166666    training-metric, eer: 0.027083333333333334    training-metric, ap: 0.9926508222477889    
2026-08-24 14:21:02,455 - INFO - Iter: 12688    training-loss, overall: 0.26907873153686523    training-loss, common: 0.0965794175863266    training-loss, specific: 0.2610340416431427    training-loss, reconstruction: 0.3441448211669922    training-loss, contrastive: 0.8630473017692566    
2026-08-24 14:21:02,455 - INFO - Iter: 12688    training-metric, acc: 0.955625    training-metric, acc_spe: 0.9175    training-metric, auc: 0.99296875    training-metric, eer: 0.02625    training-metric, ap: 0.9933302869620568    
2026-08-24 14:22:45,735 - INFO - Iter: 12988    training-loss, overall: 0.25856345891952515    training-loss, common: 0.09244169294834137    training-loss, specific: 0.24575519561767578    training-loss, reconstruction: 0.3430159091949463    training-loss, contrastive: 0.7728292942047119    
2026-08-24 14:22:45,735 - INFO - Iter: 12988    training-metric, acc: 0.9594791666666667    training-metric, acc_spe: 0.9263541666666667    training-metric, auc: 0.9937890625    training-metric, eer: 0.023541666666666666    training-metric, ap: 0.9939763444946941    
2026-08-24 14:24:28,582 - INFO - Iter: 13288    training-loss, overall: 0.2828983664512634    training-loss, common: 0.1064082607626915    training-loss, specific: 0.25606125593185425    training-loss, reconstruction: 0.34531864523887634    training-loss, contrastive: 0.9457646012306213    
2026-08-24 14:24:28,582 - INFO - Iter: 13288    training-metric, acc: 0.9536458333333333    training-metric, acc_spe: 0.9172916666666666    training-metric, auc: 0.9917838541666667    training-metric, eer: 0.027916666666666666    training-metric, ap: 0.9921398822785693    
2026-08-24 14:26:11,259 - INFO - Iter: 13588    training-loss, overall: 0.24353738129138947    training-loss, common: 0.08252183347940445    training-loss, specific: 0.23794764280319214    training-loss, reconstruction: 0.34345823526382446    training-loss, contrastive: 0.6836676597595215    
2026-08-24 14:26:11,259 - INFO - Iter: 13588    training-metric, acc: 0.9602083333333333    training-metric, acc_spe: 0.9270833333333334    training-metric, auc: 0.99517578125    training-metric, eer: 0.021666666666666667    training-metric, ap: 0.99513846979525    
2026-08-24 14:27:54,385 - INFO - Iter: 13888    training-loss, overall: 0.2556261718273163    training-loss, common: 0.09082411974668503    training-loss, specific: 0.2451360672712326    training-loss, reconstruction: 0.3419691026210785    training-loss, contrastive: 0.7539525032043457    
2026-08-24 14:27:54,386 - INFO - Iter: 13888    training-metric, acc: 0.9540625    training-metric, acc_spe: 0.92375    training-metric, auc: 0.9937890625    training-metric, eer: 0.029791666666666668    training-metric, ap: 0.9937698623537365    
2026-08-24 14:29:37,855 - INFO - Iter: 14188    training-loss, overall: 0.2620667815208435    training-loss, common: 0.09449722617864609    training-loss, specific: 0.2474227249622345    training-loss, reconstruction: 0.34211206436157227    training-loss, contrastive: 0.8038762807846069    
2026-08-24 14:29:37,856 - INFO - Iter: 14188    training-metric, acc: 0.9565625    training-metric, acc_spe: 0.9254166666666667    training-metric, auc: 0.9931315104166667    training-metric, eer: 0.025625    training-metric, ap: 0.9934372036969497    
2026-08-24 14:30:36,821 - INFO - ===> Test start!
2026-08-24 14:30:36,826 - INFO - data_dict saved to ./logs/training/ucf_2026-08-24-13-04-19/test/Celeb-DF-v2/data_dict_test.pickle
2026-08-24 14:30:56,548 - INFO - dataset: Celeb-DF-v2    step: 14359    testing-loss, common: 1.8005353212356567    
2026-08-24 14:30:56,550 - INFO - dataset: Celeb-DF-v2    step: 14359    testing-metric, acc: 0.5299025578562728    testing-metric, auc: 0.7133403024911033    testing-metric, eer: 0.3395017793594306    testing-metric, ap: 0.80593254637101    testing-metric, video_auc: 0.7718109715796431    testing-metric, acc_real:0.8709964412811388; acc_fake:0.3524074074074074
2026-08-24 14:30:56,550 - INFO - dataset: avg    step: 14359    testing-metric, acc: 0.5299025578562728    testing-metric, auc: 0.7133403024911033    testing-metric, eer: 0.3395017793594306    testing-metric, ap: 0.80593254637101    testing-metric, video_auc: 0.7718109715796431    
2026-08-24 14:30:56,550 - INFO - ===> Test Done!
2026-08-24 14:31:40,773 - INFO - Iter: 14488    training-loss, overall: 0.2653869688510895    training-loss, common: 0.09727847576141357    training-loss, specific: 0.2512741684913635    training-loss, reconstruction: 0.33999326825141907    training-loss, contrastive: 0.819661557674408    
2026-08-24 14:31:40,773 - INFO - Iter: 14488    training-metric, acc: 0.9571875    training-metric, acc_spe: 0.9184375    training-metric, auc: 0.9928059895833333    training-metric, eer: 0.02625    training-metric, ap: 0.9929588548067526    
2026-08-24 14:33:23,858 - INFO - Iter: 14788    training-loss, overall: 0.2564601004123688    training-loss, common: 0.09411390870809555    training-loss, specific: 0.23886853456497192    training-loss, reconstruction: 0.3394809663295746    training-loss, contrastive: 0.7322996258735657    
2026-08-24 14:33:23,858 - INFO - Iter: 14788    training-metric, acc: 0.9570833333333333    training-metric, acc_spe: 0.9264583333333334    training-metric, auc: 0.9932682291666667    training-metric, eer: 0.025208333333333333    training-metric, ap: 0.99349136862814    
2026-08-24 14:35:06,253 - INFO - Iter: 15088    training-loss, overall: 0.2535211443901062    training-loss, common: 0.0923977941274643    training-loss, specific: 0.23166994750499725    training-loss, reconstruction: 0.3386012017726898    training-loss, contrastive: 0.7275182604789734    
2026-08-24 14:35:06,253 - INFO - Iter: 15088    training-metric, acc: 0.9575    training-metric, acc_spe: 0.925625    training-metric, auc: 0.9937890625    training-metric, eer: 0.02375    training-metric, ap: 0.993859071597022    
2026-08-24 14:36:49,631 - INFO - Iter: 15388    training-loss, overall: 0.2459067851305008    training-loss, common: 0.08687610179185867    training-loss, specific: 0.2285611480474472    training-loss, reconstruction: 0.34053918719291687    training-loss, contrastive: 0.6802542209625244    
2026-08-24 14:36:49,631 - INFO - Iter: 15388    training-metric, acc: 0.95875    training-metric, acc_spe: 0.926875    training-metric, auc: 0.9942838541666666    training-metric, eer: 0.022708333333333334    training-metric, ap: 0.9944849521624557    
2026-08-24 14:38:32,686 - INFO - Iter: 15688    training-loss, overall: 0.252351313829422    training-loss, common: 0.09120118618011475    training-loss, specific: 0.23628441989421844    training-loss, reconstruction: 0.3365061581134796    training-loss, contrastive: 0.7313963174819946    
2026-08-24 14:38:32,686 - INFO - Iter: 15688    training-metric, acc: 0.9576041666666667    training-metric, acc_spe: 0.92375    training-metric, auc: 0.9936979166666666    training-metric, eer: 0.024583333333333332    training-metric, ap: 0.9937422301847476    
2026-08-24 14:40:15,804 - INFO - Iter: 15988    training-loss, overall: 0.2498653680086136    training-loss, common: 0.08743757754564285    training-loss, specific: 0.23473750054836273    training-loss, reconstruction: 0.33664214611053467    training-loss, contrastive: 0.7592270970344543    
2026-08-24 14:40:15,804 - INFO - Iter: 15988    training-metric, acc: 0.9569791666666667    training-metric, acc_spe: 0.924375    training-metric, auc: 0.9943294270833334    training-metric, eer: 0.026875    training-metric, ap: 0.9942043516577093    
2026-08-24 14:41:58,518 - INFO - Iter: 16288    training-loss, overall: 0.25704261660575867    training-loss, common: 0.09475293010473251    training-loss, specific: 0.24052025377750397    training-loss, reconstruction: 0.33350178599357605    training-loss, contrastive: 0.7637423276901245    
2026-08-24 14:41:58,518 - INFO - Iter: 16288    training-metric, acc: 0.9563541666666666    training-metric, acc_spe: 0.9248958333333334    training-metric, auc: 0.9931901041666666    training-metric, eer: 0.025833333333333333    training-metric, ap: 0.9931892758676867    
2026-08-24 14:43:41,330 - INFO - Iter: 16588    training-loss, overall: 0.2538202702999115    training-loss, common: 0.09242300689220428    training-loss, specific: 0.2368481457233429    training-loss, reconstruction: 0.3365440368652344    training-loss, contrastive: 0.7349856495857239    
2026-08-24 14:43:41,331 - INFO - Iter: 16588    training-metric, acc: 0.95875    training-metric, acc_spe: 0.9263541666666667    training-metric, auc: 0.9940690104166666    training-metric, eer: 0.021875    training-metric, ap: 0.994345886950516    
2026-08-24 14:45:24,014 - INFO - Iter: 16888    training-loss, overall: 0.24699199199676514    training-loss, common: 0.08553458750247955    training-loss, specific: 0.2407381534576416    training-loss, reconstruction: 0.33537912368774414    training-loss, contrastive: 0.7353957295417786    
2026-08-24 14:45:24,014 - INFO - Iter: 16888    training-metric, acc: 0.9608333333333333    training-metric, acc_spe: 0.9221875    training-metric, auc: 0.9945768229166667    training-metric, eer: 0.02    training-metric, ap: 0.9947719563316348    
2026-08-24 14:47:06,648 - INFO - Iter: 17188    training-loss, overall: 0.24402858316898346    training-loss, common: 0.08447040617465973    training-loss, specific: 0.23763751983642578    training-loss, reconstruction: 0.3333771526813507    training-loss, contrastive: 0.7156267762184143    
2026-08-24 14:47:06,648 - INFO - Iter: 17188    training-metric, acc: 0.9614583333333333    training-metric, acc_spe: 0.9229166666666667    training-metric, auc: 0.9945442708333333    training-metric, eer: 0.020833333333333332    training-metric, ap: 0.9948777059362601    
2026-08-24 14:47:21,522 - INFO - ===> Test start!
2026-08-24 14:47:21,528 - INFO - data_dict saved to ./logs/training/ucf_2026-08-24-13-04-19/test/Celeb-DF-v2/data_dict_test.pickle
2026-08-24 14:47:41,521 - INFO - dataset: Celeb-DF-v2    step: 17231    testing-loss, common: 2.4022738933563232    
2026-08-24 14:47:41,524 - INFO - dataset: Celeb-DF-v2    step: 17231    testing-metric, acc: 0.4912911084043849    testing-metric, auc: 0.6827068340582574    testing-metric, eer: 0.3660142348754448    testing-metric, ap: 0.7912597107476211    testing-metric, video_auc: 0.724454725710509    testing-metric, acc_real:0.8948398576512455; acc_fake:0.2812962962962963
2026-08-24 14:47:41,524 - INFO - dataset: avg    step: 17231    testing-metric, acc: 0.4912911084043849    testing-metric, auc: 0.6827068340582574    testing-metric, eer: 0.3660142348754448    testing-metric, ap: 0.7912597107476211    testing-metric, video_auc: 0.724454725710509    
2026-08-24 14:47:41,525 - INFO - ===> Test Done!
2026-08-24 14:47:41,810 - INFO - ===> Epoch[2] end with testing auc: 
================================ Each dataset best metric ================================ 
| Celeb-DF-v2:  auc=0.7308299311321999 | 
============================================================================================= 
================================== Average best metric ====================================== 
| avg auc: 0.7308299311321999 | 
| Celeb-DF-v2: 0.7308299311321999 | 
=============================================================================================!
2026-08-24 14:47:41,810 - INFO - ===> Epoch[2] end, current lr = 0.000051
2026-08-24 14:47:41,811 - INFO - ===> Epoch[3] start!
2026-08-24 14:47:41,872 - INFO - data_dict saved to ./logs/training/ucf_2026-08-24-13-04-19/train/FF-F2F,FF-DF,FF-FS,FF-NT/data_dict_train.pickle
2026-08-24 14:47:43,055 - INFO - MEMDBG iter0 start alloc=0.91GB reserved=13.60GB
2026-08-24 14:47:43,606 - INFO - Iter: 17232    training-loss, overall: 0.37341341376304626    training-loss, common: 0.13541531562805176    training-loss, specific: 0.32661086320877075    training-loss, reconstruction: 0.35066843032836914    training-loss, contrastive: 2.002729654312134    
2026-08-24 14:47:43,606 - INFO - Iter: 17232    training-metric, acc: 0.875    training-metric, acc_spe: 0.875    training-metric, auc: 0.98828125    training-metric, eer: 0.0625    training-metric, ap: 0.9882506127450981    
2026-08-24 14:47:43,608 - INFO - MEMDBG iter0 end alloc=0.98GB peak=17.74GB
2026-08-24 14:47:43,609 - INFO - MEMDBG iter1 start alloc=0.98GB reserved=13.60GB
2026-08-24 14:47:43,966 - INFO - MEMDBG iter1 end alloc=1.00GB peak=17.74GB
2026-08-24 14:47:43,968 - INFO - MEMDBG iter2 start alloc=0.95GB reserved=13.60GB
2026-08-24 14:47:44,290 - INFO - MEMDBG iter2 end alloc=0.97GB peak=17.74GB
2026-08-24 14:47:44,296 - INFO - MEMDBG iter3 start alloc=0.97GB reserved=13.60GB
2026-08-24 14:47:44,674 - INFO - MEMDBG iter3 end alloc=1.00GB peak=17.74GB
2026-08-24 14:49:27,045 - INFO - Iter: 17532    training-loss, overall: 0.23479312658309937    training-loss, common: 0.08029130846261978    training-loss, specific: 0.24722245335578918    training-loss, reconstruction: 0.3249199390411377    training-loss, contrastive: 0.6460724472999573    
2026-08-24 14:49:27,045 - INFO - Iter: 17532    training-metric, acc: 0.9602083333333333    training-metric, acc_spe: 0.9229166666666667    training-metric, auc: 0.9953515625    training-metric, eer: 0.020833333333333332    training-metric, ap: 0.9952341638589359    
2026-08-24 14:51:10,789 - INFO - Iter: 17832    training-loss, overall: 0.22906194627285004    training-loss, common: 0.07920125126838684    training-loss, specific: 0.220334991812706    training-loss, reconstruction: 0.32347533106803894    training-loss, contrastive: 0.6156914830207825    
2026-08-24 14:51:10,789 - INFO - Iter: 17832    training-metric, acc: 0.9614583333333333    training-metric, acc_spe: 0.9278125    training-metric, auc: 0.9951236979166667    training-metric, eer: 0.021458333333333333    training-metric, ap: 0.9948325494218242    
2026-08-24 14:52:54,707 - INFO - Iter: 18132    training-loss, overall: 0.2357638031244278    training-loss, common: 0.083286352455616    training-loss, specific: 0.2320277988910675    training-loss, reconstruction: 0.32051336765289307    training-loss, contrastive: 0.6624131798744202    
2026-08-24 14:52:54,707 - INFO - Iter: 18132    training-metric, acc: 0.9604166666666667    training-metric, acc_spe: 0.9259375    training-metric, auc: 0.99470703125    training-metric, eer: 0.020625    training-metric, ap: 0.9945428854268372    
2026-08-24 14:54:38,697 - INFO - Iter: 18432    training-loss, overall: 0.22965775430202484    training-loss, common: 0.0800289660692215    training-loss, specific: 0.22295144200325012    training-loss, reconstruction: 0.31975144147872925    training-loss, contrastive: 0.6281629204750061    
2026-08-24 14:54:38,697 - INFO - Iter: 18432    training-metric, acc: 0.9632291666666667    training-metric, acc_spe: 0.9290625    training-metric, auc: 0.9948046875    training-metric, eer: 0.019375    training-metric, ap: 0.9950442773640386    
2026-08-24 14:56:22,055 - INFO - Iter: 18732    training-loss, overall: 0.23492945730686188    training-loss, common: 0.08305167406797409    training-loss, specific: 0.2285018414258957    training-loss, reconstruction: 0.32143208384513855    training-loss, contrastive: 0.6519580483436584    
2026-08-24 14:56:22,056 - INFO - Iter: 18732    training-metric, acc: 0.9597916666666667    training-metric, acc_spe: 0.9280208333333333    training-metric, auc: 0.99466796875    training-metric, eer: 0.019375    training-metric, ap: 0.994659606882824    
2026-08-24 14:58:05,354 - INFO - Iter: 19032    training-loss, overall: 0.23163864016532898    training-loss, common: 0.08143022656440735    training-loss, specific: 0.21952171623706818    training-loss, reconstruction: 0.32082945108413696    training-loss, contrastive: 0.6401460766792297    
2026-08-24 14:58:05,354 - INFO - Iter: 19032    training-metric, acc: 0.9598958333333333    training-metric, acc_spe: 0.9286458333333333    training-metric, auc: 0.9943815104166667    training-metric, eer: 0.021041666666666667    training-metric, ap: 0.9946906759834981    
2026-08-24 14:59:48,861 - INFO - Iter: 19332    training-loss, overall: 0.21746692061424255    training-loss, common: 0.07458009570837021    training-loss, specific: 0.20926636457443237    training-loss, reconstruction: 0.3213091790676117    training-loss, contrastive: 0.5113488435745239    
2026-08-24 14:59:48,861 - INFO - Iter: 19332    training-metric, acc: 0.965    training-metric, acc_spe: 0.9314583333333334    training-metric, auc: 0.9958138020833334    training-metric, eer: 0.016041666666666666    training-metric, ap: 0.9957002847310692    
2026-08-24 15:01:31,966 - INFO - Iter: 19632    training-loss, overall: 0.22190409898757935    training-loss, common: 0.07584447413682938    training-loss, specific: 0.2187621146440506    training-loss, reconstruction: 0.32002487778663635    training-loss, contrastive: 0.5635203719139099    
2026-08-24 15:01:31,967 - INFO - Iter: 19632    training-metric, acc: 0.9644791666666667    training-metric, acc_spe: 0.92875    training-metric, auc: 0.9955924479166667    training-metric, eer: 0.018958333333333334    training-metric, ap: 0.9953979527180197    
2026-08-24 15:03:14,487 - INFO - Iter: 19932    training-loss, overall: 0.2149544507265091    training-loss, common: 0.07159040868282318    training-loss, specific: 0.20959852635860443    training-loss, reconstruction: 0.31927597522735596    training-loss, contrastive: 0.5324270725250244    
2026-08-24 15:03:14,488 - INFO - Iter: 19932    training-metric, acc: 0.9666666666666667    training-metric, acc_spe: 0.9326041666666667    training-metric, auc: 0.9955794270833334    training-metric, eer: 0.015208333333333334    training-metric, ap: 0.9956573812881118    
2026-08-24 15:04:12,814 - INFO - ===> Test start!
2026-08-24 15:04:12,819 - INFO - data_dict saved to ./logs/training/ucf_2026-08-24-13-04-19/test/Celeb-DF-v2/data_dict_test.pickle
2026-08-24 15:04:32,129 - INFO - dataset: Celeb-DF-v2    step: 20103    testing-loss, common: 2.108142137527466    
2026-08-24 15:04:32,130 - INFO - dataset: Celeb-DF-v2    step: 20103    testing-metric, acc: 0.5176004872107186    testing-metric, auc: 0.7003360517991302    testing-metric, eer: 0.3498220640569395    testing-metric, ap: 0.8028672475066894    testing-metric, video_auc: 0.7481658955717118    testing-metric, acc_real:0.8793594306049822; acc_fake:0.32935185185185184
2026-08-24 15:04:32,131 - INFO - dataset: avg    step: 20103    testing-metric, acc: 0.5176004872107186    testing-metric, auc: 0.7003360517991302    testing-metric, eer: 0.3498220640569395    testing-metric, ap: 0.8028672475066894    testing-metric, video_auc: 0.7481658955717118    
2026-08-24 15:04:32,131 - INFO - ===> Test Done!
2026-08-24 15:05:15,807 - INFO - Iter: 20232    training-loss, overall: 0.21603375673294067    training-loss, common: 0.07292436808347702    training-loss, specific: 0.20183654129505157    training-loss, reconstruction: 0.3196110129356384    training-loss, contrastive: 0.5408512949943542    
2026-08-24 15:05:15,808 - INFO - Iter: 20232    training-metric, acc: 0.9677083333333333    training-metric, acc_spe: 0.9361458333333333    training-metric, auc: 0.9960221354166666    training-metric, eer: 0.015833333333333335    training-metric, ap: 0.9959915555314808    
2026-08-24 15:06:58,408 - INFO - Iter: 20532    training-loss, overall: 0.21695291996002197    training-loss, common: 0.07217686623334885    training-loss, specific: 0.21193695068359375    training-loss, reconstruction: 0.32156047224998474    training-loss, contrastive: 0.5422840714454651    
2026-08-24 15:06:58,408 - INFO - Iter: 20532    training-metric, acc: 0.9651041666666667    training-metric, acc_spe: 0.9297916666666667    training-metric, auc: 0.99625    training-metric, eer: 0.016875    training-metric, ap: 0.996114647625076    
2026-08-24 15:08:40,666 - INFO - Iter: 20832    training-loss, overall: 0.2255716472864151    training-loss, common: 0.07785665988922119    training-loss, specific: 0.2070622444152832    training-loss, reconstruction: 0.32114407420158386    training-loss, contrastive: 0.6133124232292175    
2026-08-24 15:08:40,666 - INFO - Iter: 20832    training-metric, acc: 0.9630208333333333    training-metric, acc_spe: 0.935    training-metric, auc: 0.9956184895833333    training-metric, eer: 0.02    training-metric, ap: 0.9954855812824974    
2026-08-24 15:10:23,056 - INFO - Iter: 21132    training-loss, overall: 0.22937752306461334    training-loss, common: 0.08108794689178467    training-loss, specific: 0.22036178410053253    training-loss, reconstruction: 0.31793782114982605    training-loss, contrastive: 0.6174396276473999    
2026-08-24 15:10:23,057 - INFO - Iter: 21132    training-metric, acc: 0.9597916666666667    training-metric, acc_spe: 0.9291666666666667    training-metric, auc: 0.99482421875    training-metric, eer: 0.017708333333333333    training-metric, ap: 0.9947950776485824    
2026-08-24 15:12:05,930 - INFO - Iter: 21432    training-loss, overall: 0.21259108185768127    training-loss, common: 0.07212016731500626    training-loss, specific: 0.20104269683361053    training-loss, reconstruction: 0.3203516900539398    training-loss, contrastive: 0.48522400856018066    
2026-08-24 15:12:05,930 - INFO - Iter: 21432    training-metric, acc: 0.9641666666666666    training-metric, acc_spe: 0.933125    training-metric, auc: 0.9960221354166666    training-metric, eer: 0.016666666666666666    training-metric, ap: 0.9956838662224959    
2026-08-24 15:13:47,787 - INFO - Iter: 21732    training-loss, overall: 0.22455963492393494    training-loss, common: 0.07669956982135773    training-loss, specific: 0.21256104111671448    training-loss, reconstruction: 0.3203645944595337    training-loss, contrastive: 0.6098914742469788    
2026-08-24 15:13:47,787 - INFO - Iter: 21732    training-metric, acc: 0.9647916666666667    training-metric, acc_spe: 0.9326041666666667    training-metric, auc: 0.9951302083333333    training-metric, eer: 0.019375    training-metric, ap: 0.9951176113149146    
2026-08-24 15:15:29,879 - INFO - Iter: 22032    training-loss, overall: 0.2156393975019455    training-loss, common: 0.06980372965335846    training-loss, specific: 0.21363508701324463    training-loss, reconstruction: 0.3206740617752075    training-loss, contrastive: 0.5653966069221497    
2026-08-24 15:15:29,880 - INFO - Iter: 22032    training-metric, acc: 0.9634375    training-metric, acc_spe: 0.9304166666666667    training-metric, auc: 0.9961588541666667    training-metric, eer: 0.013958333333333333    training-metric, ap: 0.9958936619005228    
2026-08-24 15:17:11,911 - INFO - Iter: 22332    training-loss, overall: 0.22396767139434814    training-loss, common: 0.07632389664649963    training-loss, specific: 0.21549522876739502    training-loss, reconstruction: 0.31870928406715393    training-loss, contrastive: 0.609630823135376    
2026-08-24 15:17:11,911 - INFO - Iter: 22332    training-metric, acc: 0.964375    training-metric, acc_spe: 0.9325    training-metric, auc: 0.9954752604166667    training-metric, eer: 0.015833333333333335    training-metric, ap: 0.995510391426298    
2026-08-24 15:18:54,903 - INFO - Iter: 22632    training-loss, overall: 0.2185269147157669    training-loss, common: 0.0742548480629921    training-loss, specific: 0.20752133429050446    training-loss, reconstruction: 0.32049164175987244    training-loss, contrastive: 0.5474483370780945    
2026-08-24 15:18:54,903 - INFO - Iter: 22632    training-metric, acc: 0.9647916666666667    training-metric, acc_spe: 0.9313541666666667    training-metric, auc: 0.9957096354166667    training-metric, eer: 0.015208333333333334    training-metric, ap: 0.9955146166951913    
2026-08-24 15:20:36,627 - INFO - Iter: 22932    training-loss, overall: 0.20973138511180878    training-loss, common: 0.06735458970069885    training-loss, specific: 0.20240257680416107    training-loss, reconstruction: 0.32062047719955444    training-loss, contrastive: 0.5190087556838989    
2026-08-24 15:20:36,628 - INFO - Iter: 22932    training-metric, acc: 0.9669791666666666    training-metric, acc_spe: 0.9339583333333333    training-metric, auc: 0.9964322916666667    training-metric, eer: 0.015    training-metric, ap: 0.9962157453501738    
2026-08-24 15:20:51,629 - INFO - ===> Test start!
2026-08-24 15:20:51,635 - INFO - data_dict saved to ./logs/training/ucf_2026-08-24-13-04-19/test/Celeb-DF-v2/data_dict_test.pickle
2026-08-24 15:21:11,241 - INFO - dataset: Celeb-DF-v2    step: 22975    testing-loss, common: 2.1286404132843018    
2026-08-24 15:21:11,243 - INFO - dataset: Celeb-DF-v2    step: 22975    testing-metric, acc: 0.5228989037758831    testing-metric, auc: 0.7006705301832081    testing-metric, eer: 0.349288256227758    testing-metric, ap: 0.8017366327493032    testing-metric, video_auc: 0.7490912095175148    testing-metric, acc_real:0.8731316725978647; acc_fake:0.34064814814814814
2026-08-24 15:21:11,244 - INFO - dataset: avg    step: 22975    testing-metric, acc: 0.5228989037758831    testing-metric, auc: 0.7006705301832081    testing-metric, eer: 0.349288256227758    testing-metric, ap: 0.8017366327493032    testing-metric, video_auc: 0.7490912095175148    
2026-08-24 15:21:11,244 - INFO - ===> Test Done!
2026-08-24 15:21:11,514 - INFO - ===> Epoch[3] end with testing auc: 
================================ Each dataset best metric ================================ 
| Celeb-DF-v2:  auc=0.7308299311321999 | 
============================================================================================= 
================================== Average best metric ====================================== 
| avg auc: 0.7308299311321999 | 
| Celeb-DF-v2: 0.7308299311321999 | 
=============================================================================================!
2026-08-24 15:21:11,515 - INFO - ===> Epoch[3] end, current lr = 0.000001
2026-08-24 15:21:11,515 - INFO - Stop Training on best Testing metric 
================================ Each dataset best metric ================================ 
| Celeb-DF-v2:  auc=0.7308299311321999 | 
============================================================================================= 
================================== Average best metric ====================================== 
| avg auc: 0.7308299311321999 | 
| Celeb-DF-v2: 0.7308299311321999 | 
=============================================================================================
2026-08-24 15:21:11,666 - INFO - SWA Checkpoint saved to ./logs/training/ucf_2026-08-24-13-04-19/swa.pth
2026-08-24 15:21:11,672 - INFO - data_dict saved to ./logs/training/ucf_2026-08-24-13-04-19/test/Celeb-DF-v2/data_dict_test.pickle
2026-08-24 15:21:30,845 - INFO - Iter Final for SWA:    testing-metric, acc: 0.5104750304506699    testing-metric, auc: 0.6958041551337815    testing-metric, eer: 0.3512455516014235    testing-metric, ap: 0.7999584093615779    testing-metric, pred: [0.00158776 0.01140656 0.00035044 ... 0.0006553  0.17010513 0.0009024 ]    testing-metric, video_auc: 0.7438697951090548    testing-metric, label: [1 0 1 ... 1 1 1]    
2026-08-24 15:21:30,845 - INFO - dataset: avg    step: 0    testing-metric, acc: 0.5104750304506699    testing-metric, auc: 0.6958041551337815    testing-metric, eer: 0.3512455516014235    testing-metric, ap: 0.7999584093615779    testing-metric, video_auc: 0.7438697951090548    
2026-08-24 15:21:30,846 - INFO - ===> Test Done!
2026-08-24 15:21:30,846 - INFO - ===> Final SWA testing done!
