2026-08-23 11:56:09,183 - INFO - Save log to ./logs/training/ucf_2026-08-23-11-56-09
2026-08-23 11:56:09,183 - INFO - --------------- Configuration ---------------
2026-08-23 11:56:09,183 - INFO - Parameters: 
log_dir: ./logs/training/
pretrained: ./training/pretrained/xception-b5690688.pth
model_name: ucf
backbone_name: xception
encoder_feat_dim: 512
backbone_config: {'mode': 'adjust_channel', 'num_classes': 2, 'inc': 3, 'dropout': False}
all_dataset: ['FaceForensics++', 'FF-F2F', 'FF-DF', 'FF-FS', 'FF-NT', 'FaceShifter', 'DeepFakeDetection', 'Celeb-DF-v1', 'Celeb-DF-v2', 'DFDCP', 'DFDC', 'DeeperForensics-1.0', 'UADFV']
train_dataset: ['FF-F2F', 'FF-DF', 'FF-FS', 'FF-NT']
test_dataset: ['Celeb-DF-v2']
dataset_type: pair
compression: c23
train_batchSize: 16
test_batchSize: 32
workers: 8
frame_num: {'train': 32, 'test': 32}
resolution: 256
with_mask: False
with_landmark: False
save_feat: True
label_dict: {'DFD_fake': 1, 'DFD_real': 0, 'FaceShifter': 1, 'FF-FH': 1, 'FF-DF': 1, 'FF-F2F': 2, 'FF-FS': 3, 'FF-NT': 4, 'FF-real': 0, 'CelebDFv1_real': 0, 'CelebDFv1_fake': 1, 'CelebDFv2_real': 0, 'CelebDFv2_fake': 1, 'DFDCP_Real': 0, 'DFDCP_FakeA': 1, 'DFDCP_FakeB': 1, 'DFDC_Fake': 1, 'DFDC_Real': 0, 'DF_fake': 1, 'DF_real': 0, 'UADFV_Fake': 1, 'UADFV_Real': 0, 'roop_Fake': 1, 'roop_Real': 0}
use_data_augmentation: True
data_aug: {'flip_prob': 0.5, 'rotate_prob': 0.5, 'rotate_limit': [-10, 10], 'blur_prob': 0.5, 'blur_limit': [3, 7], 'brightness_prob': 0.5, 'brightness_limit': [-0.1, 0.1], 'contrast_limit': [-0.1, 0.1], 'quality_lower': 40, 'quality_upper': 100}
mean: [0.5, 0.5, 0.5]
std: [0.5, 0.5, 0.5]
optimizer: {'type': 'adam', 'adam': {'lr': 0.0002, 'beta1': 0.9, 'beta2': 0.999, 'eps': 1e-08, 'weight_decay': 0.0005, 'amsgrad': False}, 'sgd': {'lr': 0.0002, 'momentum': 0.9, 'weight_decay': 0.0005}}
lr_scheduler: cosine
nEpochs: 3
start_epoch: 0
save_epoch: 1
rec_iter: 100
logdir: ./logs
manualSeed: 4096
save_ckpt: True
loss_func: {'cls_loss': 'cross_entropy', 'spe_loss': 'cross_entropy', 'con_loss': 'contrastive_regularization', 'rec_loss': 'l1loss', 'cons2_loss': 'cross_method_consistency'}
cross_method_consistency: False
consistency_weight: 0.1
consistency_temperature: 0.1
losstype: None
metric_scoring: auc
cuda: True
cudnn: True
lr_T_max: 3
lr_eta_min: 1e-06
SWA: False
swa_start: 2
spsa: False
mode: train
lmdb: False
dry_run: False
rgb_dir: ./datasets/rgb
lmdb_dir: ./datasets/lmdb
dataset_json_folder: ./preprocessing/dataset_json
save_avg: True
local_rank: 0
ddp: False

2026-08-23 11:56:10,101 - INFO - Load pretrained model successfully!
2026-08-23 11:56:10,513 - INFO - Load pretrained model successfully!
2026-08-23 11:56:10,594 - INFO - ===> Epoch[0] start!
2026-08-23 11:56:10,626 - INFO - data_dict saved to ./logs/training/ucf_2026-08-23-11-56-09/train/FF-F2F,FF-DF,FF-FS,FF-NT/data_dict_train.pickle
2026-08-23 11:56:11,576 - INFO - MEMDBG iter0 start alloc=0.18GB reserved=0.20GB
2026-08-23 11:56:13,863 - INFO - Iter: 0    training-loss, overall: 1.968255639076233    training-loss, common: 0.6905932426452637    training-loss, specific: 1.6033134460449219    training-loss, reconstruction: 1.7460442781448364    training-loss, contrastive: 11.870352745056152    
2026-08-23 11:56:13,867 - INFO - Iter: 0    training-metric, acc: 0.5    training-metric, acc_spe: 0.46875    training-metric, auc: 0.765625    training-metric, eer: 0.4375    training-metric, ap: 0.825307958145256    
2026-08-23 11:56:13,868 - INFO - MEMDBG iter0 end alloc=0.79GB peak=17.57GB
2026-08-23 11:56:13,869 - INFO - MEMDBG iter1 start alloc=0.79GB reserved=6.80GB
2026-08-23 11:56:14,201 - INFO - MEMDBG iter1 end alloc=0.82GB peak=17.57GB
2026-08-23 11:56:14,213 - INFO - MEMDBG iter2 start alloc=0.77GB reserved=13.42GB
2026-08-23 11:56:14,565 - INFO - MEMDBG iter2 end alloc=0.79GB peak=17.57GB
2026-08-23 11:56:14,566 - INFO - MEMDBG iter3 start alloc=0.79GB reserved=13.42GB
2026-08-23 11:56:14,878 - INFO - MEMDBG iter3 end alloc=0.82GB peak=17.57GB
2026-08-23 11:57:57,020 - INFO - Iter: 300    training-loss, overall: 1.6196562051773071    training-loss, common: 0.6194415092468262    training-loss, specific: 1.3470587730407715    training-loss, reconstruction: 1.209495186805725    training-loss, contrastive: 10.053214073181152    
2026-08-23 11:57:57,020 - INFO - Iter: 300    training-metric, acc: 0.6421875    training-metric, acc_spe: 0.5134375    training-metric, auc: 0.6851041666666666    training-metric, eer: 0.355    training-metric, ap: 0.7093546918201378    
2026-08-23 11:59:40,641 - INFO - Iter: 600    training-loss, overall: 1.1517714262008667    training-loss, common: 0.4457264840602875    training-loss, specific: 1.1380211114883423    training-loss, reconstruction: 0.8247458338737488    training-loss, contrastive: 6.896387100219727    
2026-08-23 11:59:40,642 - INFO - Iter: 600    training-metric, acc: 0.7958333333333333    training-metric, acc_spe: 0.5608333333333333    training-metric, auc: 0.8728450520833333    training-metric, eer: 0.19520833333333334    training-metric, ap: 0.8872807934865576    
2026-08-23 12:01:24,313 - INFO - Iter: 900    training-loss, overall: 0.9611375331878662    training-loss, common: 0.3736269474029541    training-loss, specific: 1.0130606889724731    training-loss, reconstruction: 0.7137690186500549    training-loss, contrastive: 5.44148063659668    
2026-08-23 12:01:24,314 - INFO - Iter: 900    training-metric, acc: 0.8338541666666667    training-metric, acc_spe: 0.6121875    training-metric, auc: 0.9138020833333333    training-metric, eer: 0.149375    training-metric, ap: 0.9246550295394038    
2026-08-23 12:03:08,363 - INFO - Iter: 1200    training-loss, overall: 0.8623687028884888    training-loss, common: 0.3375154137611389    training-loss, specific: 0.9102457165718079    training-loss, reconstruction: 0.6600074768066406    training-loss, contrastive: 4.71652889251709    
2026-08-23 12:03:08,364 - INFO - Iter: 1200    training-metric, acc: 0.8544791666666667    training-metric, acc_spe: 0.6685416666666667    training-metric, auc: 0.92818359375    training-metric, eer: 0.12895833333333334    training-metric, ap: 0.9377403047201222    
2026-08-23 12:04:52,743 - INFO - Iter: 1500    training-loss, overall: 0.7822829484939575    training-loss, common: 0.3063874840736389    training-loss, specific: 0.8314408659934998    training-loss, reconstruction: 0.6091768741607666    training-loss, contrastive: 4.199963092803955    
2026-08-23 12:04:52,744 - INFO - Iter: 1500    training-metric, acc: 0.8682291666666667    training-metric, acc_spe: 0.694375    training-metric, auc: 0.9415690104166666    training-metric, eer: 0.11833333333333333    training-metric, ap: 0.9485770821262353    
2026-08-23 12:06:36,703 - INFO - Iter: 1800    training-loss, overall: 0.7103667855262756    training-loss, common: 0.2746554911136627    training-loss, specific: 0.7763421535491943    training-loss, reconstruction: 0.5775064826011658    training-loss, contrastive: 3.6965084075927734    
2026-08-23 12:06:36,704 - INFO - Iter: 1800    training-metric, acc: 0.8823958333333334    training-metric, acc_spe: 0.716875    training-metric, auc: 0.9524348958333333    training-metric, eer: 0.09729166666666667    training-metric, ap: 0.9589225130093875    
2026-08-23 12:08:20,418 - INFO - Iter: 2100    training-loss, overall: 0.6806387305259705    training-loss, common: 0.2673510015010834    training-loss, specific: 0.7287173867225647    training-loss, reconstruction: 0.561955451965332    training-loss, contrastive: 3.436589002609253    
2026-08-23 12:08:20,419 - INFO - Iter: 2100    training-metric, acc: 0.8834375    training-metric, acc_spe: 0.7404166666666666    training-metric, auc: 0.9562630208333334    training-metric, eer: 0.09416666666666666    training-metric, ap: 0.9615886871540292    
2026-08-23 12:10:04,595 - INFO - Iter: 2400    training-loss, overall: 0.6327214241027832    training-loss, common: 0.2480691373348236    training-loss, specific: 0.6789505481719971    training-loss, reconstruction: 0.5386929512023926    training-loss, contrastive: 3.102987766265869    
2026-08-23 12:10:04,596 - INFO - Iter: 2400    training-metric, acc: 0.895    training-metric, acc_spe: 0.7558333333333334    training-metric, auc: 0.961015625    training-metric, eer: 0.08833333333333333    training-metric, ap: 0.9663222868871632    
2026-08-23 12:11:47,949 - INFO - Iter: 2700    training-loss, overall: 0.6382971405982971    training-loss, common: 0.2498939335346222    training-loss, specific: 0.6706368327140808    training-loss, reconstruction: 0.528834879398346    training-loss, contrastive: 3.2537879943847656    
2026-08-23 12:11:47,950 - INFO - Iter: 2700    training-metric, acc: 0.891875    training-metric, acc_spe: 0.7627083333333333    training-metric, auc: 0.9605143229166667    training-metric, eer: 0.09625    training-metric, ap: 0.9652797447139778    
2026-08-23 12:13:31,421 - INFO - Iter: 3000    training-loss, overall: 0.5901283621788025    training-loss, common: 0.22588221728801727    training-loss, specific: 0.640478789806366    training-loss, reconstruction: 0.5253846645355225    training-loss, contrastive: 2.8516576290130615    
2026-08-23 12:13:31,422 - INFO - Iter: 3000    training-metric, acc: 0.906875    training-metric, acc_spe: 0.7801041666666667    training-metric, auc: 0.96775390625    training-metric, eer: 0.07375    training-metric, ap: 0.9722421337833816    
2026-08-23 12:15:14,489 - INFO - Iter: 3300    training-loss, overall: 0.5805957913398743    training-loss, common: 0.22720187902450562    training-loss, specific: 0.6085880398750305    training-loss, reconstruction: 0.5014598965644836    training-loss, contrastive: 2.841945171356201    
2026-08-23 12:15:14,489 - INFO - Iter: 3300    training-metric, acc: 0.9084375    training-metric, acc_spe: 0.7976041666666667    training-metric, auc: 0.9674153645833333    training-metric, eer: 0.07395833333333333    training-metric, ap: 0.9715519787349579    
2026-08-23 12:16:57,800 - INFO - Iter: 3600    training-loss, overall: 0.5855171084403992    training-loss, common: 0.23317693173885345    training-loss, specific: 0.5963892936706543    training-loss, reconstruction: 0.5011640787124634    training-loss, contrastive: 2.8470442295074463    
2026-08-23 12:16:57,800 - INFO - Iter: 3600    training-metric, acc: 0.9042708333333334    training-metric, acc_spe: 0.8001041666666666    training-metric, auc: 0.9657486979166666    training-metric, eer: 0.07916666666666666    training-metric, ap: 0.9707268911258602    
2026-08-23 12:18:40,472 - INFO - Iter: 3900    training-loss, overall: 0.5582058429718018    training-loss, common: 0.21981097757816315    training-loss, specific: 0.5641617178916931    training-loss, reconstruction: 0.4902722239494324    training-loss, contrastive: 2.697941541671753    
2026-08-23 12:18:40,472 - INFO - Iter: 3900    training-metric, acc: 0.9084375    training-metric, acc_spe: 0.8169791666666667    training-metric, auc: 0.9704296875    training-metric, eer: 0.07479166666666667    training-metric, ap: 0.9742321601647925    
2026-08-23 12:20:17,719 - INFO - Iter: 4200    training-loss, overall: 0.5320755839347839    training-loss, common: 0.20951224863529205    training-loss, specific: 0.5146573781967163    training-loss, reconstruction: 0.48242878913879395    training-loss, contrastive: 2.5273780822753906    
2026-08-23 12:20:17,719 - INFO - Iter: 4200    training-metric, acc: 0.9145833333333333    training-metric, acc_spe: 0.8334375    training-metric, auc: 0.9718359375    training-metric, eer: 0.06833333333333333    training-metric, ap: 0.9759099760031408    
2026-08-23 12:22:00,849 - INFO - Iter: 4500    training-loss, overall: 0.5101293325424194    training-loss, common: 0.20130325853824615    training-loss, specific: 0.4781011641025543    training-loss, reconstruction: 0.47974517941474915    training-loss, contrastive: 2.3418450355529785    
2026-08-23 12:22:00,850 - INFO - Iter: 4500    training-metric, acc: 0.9176041666666667    training-metric, acc_spe: 0.8497916666666666    training-metric, auc: 0.9739778645833334    training-metric, eer: 0.060208333333333336    training-metric, ap: 0.9775216592655102    
2026-08-23 12:23:46,003 - INFO - Iter: 4800    training-loss, overall: 0.500537633895874    training-loss, common: 0.19515785574913025    training-loss, specific: 0.4634888172149658    training-loss, reconstruction: 0.47584864497184753    training-loss, contrastive: 2.325526714324951    
2026-08-23 12:23:46,004 - INFO - Iter: 4800    training-metric, acc: 0.9164583333333334    training-metric, acc_spe: 0.8583333333333333    training-metric, auc: 0.9749609375    training-metric, eer: 0.06604166666666667    training-metric, ap: 0.977505244292728    
2026-08-23 12:25:30,116 - INFO - Iter: 5100    training-loss, overall: 0.5054346323013306    training-loss, common: 0.19999755918979645    training-loss, specific: 0.46571019291877747    training-loss, reconstruction: 0.46787095069885254    training-loss, contrastive: 2.370091199874878    
2026-08-23 12:25:30,116 - INFO - Iter: 5100    training-metric, acc: 0.9134375    training-metric, acc_spe: 0.8523958333333334    training-metric, auc: 0.97494140625    training-metric, eer: 0.06541666666666666    training-metric, ap: 0.9780829392894431    
2026-08-23 12:27:13,752 - INFO - Iter: 5400    training-loss, overall: 0.49433034658432007    training-loss, common: 0.1937486082315445    training-loss, specific: 0.4644327461719513    training-loss, reconstruction: 0.4593506455421448    training-loss, contrastive: 2.3266642093658447    
2026-08-23 12:27:13,753 - INFO - Iter: 5400    training-metric, acc: 0.9172916666666666    training-metric, acc_spe: 0.8567708333333334    training-metric, auc: 0.9749283854166667    training-metric, eer: 0.06104166666666667    training-metric, ap: 0.978090389781822    
2026-08-23 12:28:56,869 - INFO - Iter: 5700    training-loss, overall: 0.49172815680503845    training-loss, common: 0.1946529746055603    training-loss, specific: 0.4366685152053833    training-loss, reconstruction: 0.4585034251213074    training-loss, contrastive: 2.3171439170837402    
2026-08-23 12:28:56,869 - INFO - Iter: 5700    training-metric, acc: 0.919375    training-metric, acc_spe: 0.8609375    training-metric, auc: 0.97447265625    training-metric, eer: 0.06604166666666667    training-metric, ap: 0.9779864271659762    
2026-08-23 12:29:12,206 - INFO - ===> Test start!
2026-08-23 12:29:12,210 - INFO - data_dict saved to ./logs/training/ucf_2026-08-23-11-56-09/test/Celeb-DF-v2/data_dict_test.pickle
2026-08-23 12:29:31,970 - INFO - Checkpoint saved to ./logs/training/ucf_2026-08-23-11-56-09/test/Celeb-DF-v2/ckpt_best.pth, current ckpt is 0+5743
2026-08-23 12:29:31,970 - INFO - Metrics saved to ./logs/training/ucf_2026-08-23-11-56-09/test/Celeb-DF-v2/metric_dict_best.pickle
2026-08-23 12:29:31,971 - INFO - dataset: Celeb-DF-v2    step: 5743    testing-loss, common: 0.8416668176651001    
2026-08-23 12:29:31,975 - INFO - dataset: Celeb-DF-v2    step: 5743    testing-metric, acc: 0.6350182704019488    testing-metric, auc: 0.729144424673784    testing-metric, eer: 0.3391459074733096    testing-metric, ap: 0.8280089116274656    testing-metric, video_auc: 0.7851454064771977    testing-metric, acc_real:0.7218861209964412; acc_fake:0.5898148148148148
2026-08-23 12:29:32,117 - INFO - Checkpoint saved to ./logs/training/ucf_2026-08-23-11-56-09/test/avg/ckpt_best.pth, current ckpt is 0+5743
2026-08-23 12:29:32,117 - INFO - Metrics saved to ./logs/training/ucf_2026-08-23-11-56-09/test/avg/metric_dict_best.pickle
2026-08-23 12:29:32,120 - INFO - dataset: avg    step: 5743    testing-metric, acc: 0.6350182704019488    testing-metric, auc: 0.729144424673784    testing-metric, eer: 0.3391459074733096    testing-metric, ap: 0.8280089116274656    testing-metric, video_auc: 0.7851454064771977    
2026-08-23 12:29:32,120 - INFO - ===> Test Done!
2026-08-23 12:29:32,302 - INFO - ===> Epoch[0] end with testing auc: 
================================ Each dataset best metric ================================ 
| Celeb-DF-v2:  auc=0.729144424673784 | 
============================================================================================= 
================================== Average best metric ====================================== 
| avg auc: 0.729144424673784 | 
| Celeb-DF-v2: 0.729144424673784 | 
=============================================================================================!
2026-08-23 12:29:32,304 - INFO - ===> Epoch[0] end, current lr = 0.000200
2026-08-23 12:29:32,304 - INFO - ===> Epoch[1] start!
2026-08-23 12:29:32,369 - INFO - data_dict saved to ./logs/training/ucf_2026-08-23-11-56-09/train/FF-F2F,FF-DF,FF-FS,FF-NT/data_dict_train.pickle
2026-08-23 12:29:33,412 - INFO - MEMDBG iter0 start alloc=0.73GB reserved=1.84GB
2026-08-23 12:29:33,994 - INFO - Iter: 5744    training-loss, overall: 0.6025443077087402    training-loss, common: 0.2620683014392853    training-loss, specific: 0.7855314612388611    training-loss, reconstruction: 0.4556857645511627    training-loss, contrastive: 2.504342555999756    
2026-08-23 12:29:33,995 - INFO - Iter: 5744    training-metric, acc: 0.9375    training-metric, acc_spe: 0.8125    training-metric, auc: 0.96484375    training-metric, eer: 0.125    training-metric, ap: 0.9634098030237737    
2026-08-23 12:29:33,996 - INFO - MEMDBG iter0 end alloc=0.79GB peak=17.57GB
2026-08-23 12:29:34,004 - INFO - MEMDBG iter1 start alloc=0.79GB reserved=13.41GB
2026-08-23 12:29:34,316 - INFO - MEMDBG iter1 end alloc=0.82GB peak=17.57GB
2026-08-23 12:29:34,317 - INFO - MEMDBG iter2 start alloc=0.77GB reserved=13.41GB
2026-08-23 12:29:34,629 - INFO - MEMDBG iter2 end alloc=0.80GB peak=17.57GB
2026-08-23 12:29:34,633 - INFO - MEMDBG iter3 start alloc=0.80GB reserved=13.41GB
2026-08-23 12:29:34,977 - INFO - MEMDBG iter3 end alloc=0.82GB peak=17.57GB
2026-08-23 12:31:17,903 - INFO - Iter: 6044    training-loss, overall: 0.43977418541908264    training-loss, common: 0.17189300060272217    training-loss, specific: 0.38967999815940857    training-loss, reconstruction: 0.4503399729728699    training-loss, contrastive: 1.876224160194397    
2026-08-23 12:31:17,903 - INFO - Iter: 6044    training-metric, acc: 0.9294791666666666    training-metric, acc_spe: 0.8789583333333333    training-metric, auc: 0.9799934895833333    training-metric, eer: 0.05541666666666667    training-metric, ap: 0.9830046842970869    
2026-08-23 12:33:01,238 - INFO - Iter: 6344    training-loss, overall: 0.4298948645591736    training-loss, common: 0.16790001094341278    training-loss, specific: 0.3810506761074066    training-loss, reconstruction: 0.4354798495769501    training-loss, contrastive: 1.8649147748947144    
2026-08-23 12:33:01,238 - INFO - Iter: 6344    training-metric, acc: 0.9329166666666666    training-metric, acc_spe: 0.8819791666666666    training-metric, auc: 0.9818815104166667    training-metric, eer: 0.051458333333333335    training-metric, ap: 0.9838954825565955    
2026-08-23 12:34:47,557 - INFO - Iter: 6644    training-loss, overall: 0.3952629566192627    training-loss, common: 0.14977793395519257    training-loss, specific: 0.3675617277622223    training-loss, reconstruction: 0.4341718554496765    training-loss, contrastive: 1.5695430040359497    
2026-08-23 12:34:47,557 - INFO - Iter: 6644    training-metric, acc: 0.9379166666666666    training-metric, acc_spe: 0.8845833333333334    training-metric, auc: 0.9847005208333334    training-metric, eer: 0.045625    training-metric, ap: 0.9865163976504187    
2026-08-23 12:36:33,230 - INFO - Iter: 6944    training-loss, overall: 0.4070465564727783    training-loss, common: 0.15776970982551575    training-loss, specific: 0.3733532428741455    training-loss, reconstruction: 0.4260016083717346    training-loss, contrastive: 1.6828200817108154    
2026-08-23 12:36:33,230 - INFO - Iter: 6944    training-metric, acc: 0.9346875    training-metric, acc_spe: 0.8805208333333333    training-metric, auc: 0.9835677083333333    training-metric, eer: 0.048125    training-metric, ap: 0.9853907628575396    
2026-08-23 12:38:19,589 - INFO - Iter: 7244    training-loss, overall: 0.4032558798789978    training-loss, common: 0.1583634912967682    training-loss, specific: 0.3633710443973541    training-loss, reconstruction: 0.41989558935165405    training-loss, contrastive: 1.6517318487167358    
2026-08-23 12:38:19,589 - INFO - Iter: 7244    training-metric, acc: 0.9354166666666667    training-metric, acc_spe: 0.8872916666666667    training-metric, auc: 0.98322265625    training-metric, eer: 0.04708333333333333    training-metric, ap: 0.9853929621406174    
2026-08-23 12:40:04,238 - INFO - Iter: 7544    training-loss, overall: 0.3891325294971466    training-loss, common: 0.152826726436615    training-loss, specific: 0.3390461206436157    training-loss, reconstruction: 0.414943665266037    training-loss, contrastive: 1.5583617687225342    
2026-08-23 12:40:04,238 - INFO - Iter: 7544    training-metric, acc: 0.9375    training-metric, acc_spe: 0.8909375    training-metric, auc: 0.9845638020833334    training-metric, eer: 0.042083333333333334    training-metric, ap: 0.9863402728416604    
2026-08-23 12:41:50,610 - INFO - Iter: 7844    training-loss, overall: 0.3758225739002228    training-loss, common: 0.1430104672908783    training-loss, specific: 0.3363901972770691    training-loss, reconstruction: 0.415717750787735    training-loss, contrastive: 1.4891589879989624    
2026-08-23 12:41:50,610 - INFO - Iter: 7844    training-metric, acc: 0.9355208333333334    training-metric, acc_spe: 0.8903125    training-metric, auc: 0.9864192708333334    training-metric, eer: 0.044375    training-metric, ap: 0.9873084706935481    
2026-08-23 12:43:36,272 - INFO - Iter: 8144    training-loss, overall: 0.3920702040195465    training-loss, common: 0.15246528387069702    training-loss, specific: 0.35470375418663025    training-loss, reconstruction: 0.41550886631011963    training-loss, contrastive: 1.589637041091919    
2026-08-23 12:43:36,273 - INFO - Iter: 8144    training-metric, acc: 0.933125    training-metric, acc_spe: 0.8871875    training-metric, auc: 0.9840364583333333    training-metric, eer: 0.046875    training-metric, ap: 0.9860637014179853    
2026-08-23 12:45:22,205 - INFO - Iter: 8444    training-loss, overall: 0.38805779814720154    training-loss, common: 0.15178456902503967    training-loss, specific: 0.3423980474472046    training-loss, reconstruction: 0.4073585569858551    training-loss, contrastive: 1.5965138673782349    
2026-08-23 12:45:22,206 - INFO - Iter: 8444    training-metric, acc: 0.93625    training-metric, acc_spe: 0.8916666666666667    training-metric, auc: 0.9842252604166667    training-metric, eer: 0.04020833333333333    training-metric, ap: 0.9860593664257091    
2026-08-23 12:46:22,594 - INFO - ===> Test start!
2026-08-23 12:46:22,601 - INFO - data_dict saved to ./logs/training/ucf_2026-08-23-11-56-09/test/Celeb-DF-v2/data_dict_test.pickle
2026-08-23 12:46:43,031 - INFO - Checkpoint saved to ./logs/training/ucf_2026-08-23-11-56-09/test/Celeb-DF-v2/ckpt_best.pth, current ckpt is 1+2871
2026-08-23 12:46:43,032 - INFO - Metrics saved to ./logs/training/ucf_2026-08-23-11-56-09/test/Celeb-DF-v2/metric_dict_best.pickle
2026-08-23 12:46:43,033 - INFO - dataset: Celeb-DF-v2    step: 8615    testing-loss, common: 1.3464468717575073    
2026-08-23 12:46:43,035 - INFO - dataset: Celeb-DF-v2    step: 8615    testing-metric, acc: 0.5109622411693058    testing-metric, auc: 0.7341446965203637    testing-metric, eer: 0.3298932384341637    testing-metric, ap: 0.818865029903913    testing-metric, video_auc: 0.7807005948446796    testing-metric, acc_real:0.8966192170818506; acc_fake:0.31027777777777776
2026-08-23 12:46:43,313 - INFO - Checkpoint saved to ./logs/training/ucf_2026-08-23-11-56-09/test/avg/ckpt_best.pth, current ckpt is 1+2871
2026-08-23 12:46:43,314 - INFO - Metrics saved to ./logs/training/ucf_2026-08-23-11-56-09/test/avg/metric_dict_best.pickle
2026-08-23 12:46:43,314 - INFO - dataset: avg    step: 8615    testing-metric, acc: 0.5109622411693058    testing-metric, auc: 0.7341446965203637    testing-metric, eer: 0.3298932384341637    testing-metric, ap: 0.818865029903913    testing-metric, video_auc: 0.7807005948446796    
2026-08-23 12:46:43,314 - INFO - ===> Test Done!
2026-08-23 12:47:28,403 - INFO - Iter: 8744    training-loss, overall: 0.38048043847084045    training-loss, common: 0.15064547955989838    training-loss, specific: 0.33523961901664734    training-loss, reconstruction: 0.4000363051891327    training-loss, contrastive: 1.5260028839111328    
2026-08-23 12:47:28,403 - INFO - Iter: 8744    training-metric, acc: 0.9365625    training-metric, acc_spe: 0.8972916666666667    training-metric, auc: 0.9848958333333333    training-metric, eer: 0.04604166666666667    training-metric, ap: 0.9862927038163822    
2026-08-23 12:49:14,028 - INFO - Iter: 9044    training-loss, overall: 0.3701702654361725    training-loss, common: 0.14347730576992035    training-loss, specific: 0.33441397547721863    training-loss, reconstruction: 0.4006096422672272    training-loss, contrastive: 1.4613769054412842    
2026-08-23 12:49:14,029 - INFO - Iter: 9044    training-metric, acc: 0.9376041666666667    training-metric, acc_spe: 0.8926041666666666    training-metric, auc: 0.9859440104166667    training-metric, eer: 0.042083333333333334    training-metric, ap: 0.9873531797251375    
2026-08-23 12:51:00,019 - INFO - Iter: 9344    training-loss, overall: 0.3814728260040283    training-loss, common: 0.14833375811576843    training-loss, specific: 0.3357313871383667    training-loss, reconstruction: 0.39862924814224243    training-loss, contrastive: 1.5995392799377441    
2026-08-23 12:51:00,019 - INFO - Iter: 9344    training-metric, acc: 0.93625    training-metric, acc_spe: 0.8940625    training-metric, auc: 0.9851171875    training-metric, eer: 0.04625    training-metric, ap: 0.9869625802076297    
2026-08-23 12:52:46,160 - INFO - Iter: 9644    training-loss, overall: 0.3702526092529297    training-loss, common: 0.14612293243408203    training-loss, specific: 0.3272789418697357    training-loss, reconstruction: 0.3958985209465027    training-loss, contrastive: 1.4526442289352417    
2026-08-23 12:52:46,160 - INFO - Iter: 9644    training-metric, acc: 0.9420833333333334    training-metric, acc_spe: 0.8991666666666667    training-metric, auc: 0.9854752604166667    training-metric, eer: 0.036875    training-metric, ap: 0.9874675550077238    
2026-08-23 12:54:31,296 - INFO - Iter: 9944    training-loss, overall: 0.37213051319122314    training-loss, common: 0.14419953525066376    training-loss, specific: 0.33467212319374084    training-loss, reconstruction: 0.3939239978790283    training-loss, contrastive: 1.5257333517074585    
2026-08-23 12:54:31,297 - INFO - Iter: 9944    training-metric, acc: 0.9344791666666666    training-metric, acc_spe: 0.8927083333333333    training-metric, auc: 0.9860807291666667    training-metric, eer: 0.042708333333333334    training-metric, ap: 0.987515266168005    
2026-08-23 12:56:16,834 - INFO - Iter: 10244    training-loss, overall: 0.3542676866054535    training-loss, common: 0.1368681788444519    training-loss, specific: 0.31944555044174194    training-loss, reconstruction: 0.38737010955810547    training-loss, contrastive: 1.3848823308944702    
2026-08-23 12:56:16,834 - INFO - Iter: 10244    training-metric, acc: 0.9419791666666667    training-metric, acc_spe: 0.8982291666666666    training-metric, auc: 0.9869466145833333    training-metric, eer: 0.03895833333333333    training-metric, ap: 0.9880690819417745    
2026-08-23 12:58:02,349 - INFO - Iter: 10544    training-loss, overall: 0.36390960216522217    training-loss, common: 0.14265631139278412    training-loss, specific: 0.32920244336128235    training-loss, reconstruction: 0.3860955238342285    training-loss, contrastive: 1.4500913619995117    
2026-08-23 12:58:02,349 - INFO - Iter: 10544    training-metric, acc: 0.9379166666666666    training-metric, acc_spe: 0.8977083333333333    training-metric, auc: 0.9868229166666667    training-metric, eer: 0.04125    training-metric, ap: 0.9877932010205325    
2026-08-23 12:59:47,995 - INFO - Iter: 10844    training-loss, overall: 0.3624856770038605    training-loss, common: 0.14221857488155365    training-loss, specific: 0.31594759225845337    training-loss, reconstruction: 0.38913702964782715    training-loss, contrastive: 1.4386253356933594    
2026-08-23 12:59:47,995 - INFO - Iter: 10844    training-metric, acc: 0.9340625    training-metric, acc_spe: 0.9001041666666667    training-metric, auc: 0.9862825520833334    training-metric, eer: 0.04625    training-metric, ap: 0.987139397242294    
2026-08-23 13:01:33,225 - INFO - Iter: 11144    training-loss, overall: 0.35265886783599854    training-loss, common: 0.13707661628723145    training-loss, specific: 0.3277939558029175    training-loss, reconstruction: 0.3825978636741638    training-loss, contrastive: 1.3604718446731567    
2026-08-23 13:01:33,226 - INFO - Iter: 11144    training-metric, acc: 0.9409375    training-metric, acc_spe: 0.8978125    training-metric, auc: 0.9867513020833333    training-metric, eer: 0.0375    training-metric, ap: 0.9878466869831382    
2026-08-23 13:03:17,662 - INFO - Iter: 11444    training-loss, overall: 0.35066577792167664    training-loss, common: 0.13384106755256653    training-loss, specific: 0.3192148804664612    training-loss, reconstruction: 0.3818814754486084    training-loss, contrastive: 1.4067732095718384    
2026-08-23 13:03:17,662 - INFO - Iter: 11444    training-metric, acc: 0.941875    training-metric, acc_spe: 0.8991666666666667    training-metric, auc: 0.9884700520833334    training-metric, eer: 0.03895833333333333    training-metric, ap: 0.9895048269369888    
2026-08-23 13:03:32,910 - INFO - ===> Test start!
2026-08-23 13:03:32,916 - INFO - data_dict saved to ./logs/training/ucf_2026-08-23-11-56-09/test/Celeb-DF-v2/data_dict_test.pickle
2026-08-23 13:03:52,940 - INFO - dataset: Celeb-DF-v2    step: 11487    testing-loss, common: 1.486850380897522    
2026-08-23 13:03:52,942 - INFO - dataset: Celeb-DF-v2    step: 11487    testing-metric, acc: 0.5325213154689403    testing-metric, auc: 0.7037840055357848    testing-metric, eer: 0.35231316725978645    testing-metric, ap: 0.7976815230764477    testing-metric, video_auc: 0.7550396563119629    testing-metric, acc_real:0.8448398576512456; acc_fake:0.37
2026-08-23 13:03:52,943 - INFO - dataset: avg    step: 11487    testing-metric, acc: 0.5325213154689403    testing-metric, auc: 0.7037840055357848    testing-metric, eer: 0.35231316725978645    testing-metric, ap: 0.7976815230764477    testing-metric, video_auc: 0.7550396563119629    
2026-08-23 13:03:52,943 - INFO - ===> Test Done!
2026-08-23 13:03:53,263 - INFO - ===> Epoch[1] end with testing auc: 
================================ Each dataset best metric ================================ 
| Celeb-DF-v2:  auc=0.7341446965203637 | 
============================================================================================= 
================================== Average best metric ====================================== 
| avg auc: 0.7341446965203637 | 
| Celeb-DF-v2: 0.7341446965203637 | 
=============================================================================================!
2026-08-23 13:03:53,264 - INFO - ===> Epoch[1] end, current lr = 0.000150
2026-08-23 13:03:53,265 - INFO - ===> Epoch[2] start!
2026-08-23 13:03:53,334 - INFO - data_dict saved to ./logs/training/ucf_2026-08-23-11-56-09/train/FF-F2F,FF-DF,FF-FS,FF-NT/data_dict_train.pickle
2026-08-23 13:03:54,549 - INFO - MEMDBG iter0 start alloc=0.74GB reserved=13.44GB
2026-08-23 13:03:55,149 - INFO - Iter: 11488    training-loss, overall: 0.5964009165763855    training-loss, common: 0.2748223841190338    training-loss, specific: 0.4256320297718048    training-loss, reconstruction: 0.37582626938819885    training-loss, contrastive: 3.3253488540649414    
2026-08-23 13:03:55,150 - INFO - Iter: 11488    training-metric, acc: 0.875    training-metric, acc_spe: 0.90625    training-metric, auc: 0.95703125    training-metric, eer: 0.125    training-metric, ap: 0.9569128787878789    
2026-08-23 13:03:55,152 - INFO - MEMDBG iter0 end alloc=0.80GB peak=17.57GB
2026-08-23 13:03:55,154 - INFO - MEMDBG iter1 start alloc=0.80GB reserved=13.44GB
2026-08-23 13:03:55,523 - INFO - MEMDBG iter1 end alloc=0.82GB peak=17.57GB
2026-08-23 13:03:55,531 - INFO - MEMDBG iter2 start alloc=0.77GB reserved=13.44GB
2026-08-23 13:03:55,898 - INFO - MEMDBG iter2 end alloc=0.80GB peak=17.57GB
2026-08-23 13:03:55,901 - INFO - MEMDBG iter3 start alloc=0.80GB reserved=13.44GB
2026-08-23 13:03:56,254 - INFO - MEMDBG iter3 end alloc=0.82GB peak=17.57GB
2026-08-23 13:05:40,862 - INFO - Iter: 11788    training-loss, overall: 0.3077775239944458    training-loss, common: 0.11794742941856384    training-loss, specific: 0.27315372228622437    training-loss, reconstruction: 0.35773351788520813    training-loss, contrastive: 1.103894591331482    
2026-08-23 13:05:40,862 - INFO - Iter: 11788    training-metric, acc: 0.9505208333333334    training-metric, acc_spe: 0.9135416666666667    training-metric, auc: 0.9894661458333334    training-metric, eer: 0.030625    training-metric, ap: 0.9907493030299529    
2026-08-23 13:07:26,710 - INFO - Iter: 12088    training-loss, overall: 0.26810798048973083    training-loss, common: 0.0954509824514389    training-loss, specific: 0.2447739541530609    training-loss, reconstruction: 0.35778167843818665    training-loss, contrastive: 0.8169025182723999    
2026-08-23 13:07:26,711 - INFO - Iter: 12088    training-metric, acc: 0.9544791666666667    training-metric, acc_spe: 0.92    training-metric, auc: 0.99283203125    training-metric, eer: 0.029375    training-metric, ap: 0.9930425975222344    
2026-08-23 13:09:12,423 - INFO - Iter: 12388    training-loss, overall: 0.2710637152194977    training-loss, common: 0.09839529544115067    training-loss, specific: 0.2358468919992447    training-loss, reconstruction: 0.3588296175003052    training-loss, contrastive: 0.8286978006362915    
2026-08-23 13:09:12,424 - INFO - Iter: 12388    training-metric, acc: 0.9561458333333334    training-metric, acc_spe: 0.9228125    training-metric, auc: 0.9927994791666667    training-metric, eer: 0.026041666666666668    training-metric, ap: 0.9928909891894339    
2026-08-23 13:10:57,196 - INFO - Iter: 12688    training-loss, overall: 0.27485084533691406    training-loss, common: 0.10175306349992752    training-loss, specific: 0.23172158002853394    training-loss, reconstruction: 0.3549182415008545    training-loss, contrastive: 0.8690018057823181    
2026-08-23 13:10:57,196 - INFO - Iter: 12688    training-metric, acc: 0.9540625    training-metric, acc_spe: 0.9238541666666666    training-metric, auc: 0.99212890625    training-metric, eer: 0.028958333333333332    training-metric, ap: 0.9922186541888725    
2026-08-23 13:12:41,317 - INFO - Iter: 12988    training-loss, overall: 0.2667025625705719    training-loss, common: 0.09693881124258041    training-loss, specific: 0.2342337816953659    training-loss, reconstruction: 0.3545556962490082    training-loss, contrastive: 0.7994720935821533    
2026-08-23 13:12:41,318 - INFO - Iter: 12988    training-metric, acc: 0.9547916666666667    training-metric, acc_spe: 0.9226041666666667    training-metric, auc: 0.9932942708333333    training-metric, eer: 0.028333333333333332    training-metric, ap: 0.9934059106522947    
2026-08-23 13:14:25,120 - INFO - Iter: 13288    training-loss, overall: 0.2711936831474304    training-loss, common: 0.0994802787899971    training-loss, specific: 0.24125534296035767    training-loss, reconstruction: 0.35440024733543396    training-loss, contrastive: 0.825350821018219    
2026-08-23 13:14:25,121 - INFO - Iter: 13288    training-metric, acc: 0.9557291666666666    training-metric, acc_spe: 0.9220833333333334    training-metric, auc: 0.9926236979166667    training-metric, eer: 0.027083333333333334    training-metric, ap: 0.992992078258733    
2026-08-23 13:16:08,692 - INFO - Iter: 13588    training-loss, overall: 0.272443562746048    training-loss, common: 0.09947961568832397    training-loss, specific: 0.24381820857524872    training-loss, reconstruction: 0.3531247675418854    training-loss, contrastive: 0.852895975112915    
2026-08-23 13:16:08,693 - INFO - Iter: 13588    training-metric, acc: 0.9563541666666666    training-metric, acc_spe: 0.9215625    training-metric, auc: 0.99216796875    training-metric, eer: 0.026875    training-metric, ap: 0.9929227150571035    
2026-08-23 13:17:52,090 - INFO - Iter: 13888    training-loss, overall: 0.2631809711456299    training-loss, common: 0.09339700639247894    training-loss, specific: 0.2368987649679184    training-loss, reconstruction: 0.35520273447036743    training-loss, contrastive: 0.79066401720047    
2026-08-23 13:17:52,091 - INFO - Iter: 13888    training-metric, acc: 0.9551041666666666    training-metric, acc_spe: 0.9234375    training-metric, auc: 0.9935611979166666    training-metric, eer: 0.026458333333333334    training-metric, ap: 0.9936674036609766    
2026-08-23 13:19:36,095 - INFO - Iter: 14188    training-loss, overall: 0.2570343315601349    training-loss, common: 0.09060914814472198    training-loss, specific: 0.22753030061721802    training-loss, reconstruction: 0.3512774109840393    training-loss, contrastive: 0.7657778263092041    
2026-08-23 13:19:36,095 - INFO - Iter: 14188    training-metric, acc: 0.9583333333333334    training-metric, acc_spe: 0.924375    training-metric, auc: 0.9937630208333333    training-metric, eer: 0.022708333333333334    training-metric, ap: 0.9939081904685706    
2026-08-23 13:20:35,355 - INFO - ===> Test start!
2026-08-23 13:20:35,363 - INFO - data_dict saved to ./logs/training/ucf_2026-08-23-11-56-09/test/Celeb-DF-v2/data_dict_test.pickle
2026-08-23 13:20:55,456 - INFO - dataset: Celeb-DF-v2    step: 14359    testing-loss, common: 1.9617420434951782    
2026-08-23 13:20:55,458 - INFO - dataset: Celeb-DF-v2    step: 14359    testing-metric, acc: 0.546285018270402    testing-metric, auc: 0.7186630997100303    testing-metric, eer: 0.3412811387900356    testing-metric, ap: 0.8124330042427845    testing-metric, video_auc: 0.7637309980171845    testing-metric, acc_real:0.8498220640569395; acc_fake:0.3883333333333333
2026-08-23 13:20:55,458 - INFO - dataset: avg    step: 14359    testing-metric, acc: 0.546285018270402    testing-metric, auc: 0.7186630997100303    testing-metric, eer: 0.3412811387900356    testing-metric, ap: 0.8124330042427845    testing-metric, video_auc: 0.7637309980171845    
2026-08-23 13:20:55,458 - INFO - ===> Test Done!
2026-08-23 13:21:40,122 - INFO - Iter: 14488    training-loss, overall: 0.24205707013607025    training-loss, common: 0.0836489200592041    training-loss, specific: 0.20763671398162842    training-loss, reconstruction: 0.3504256308078766    training-loss, contrastive: 0.6503370404243469    
2026-08-23 13:21:40,122 - INFO - Iter: 14488    training-metric, acc: 0.9596875    training-metric, acc_spe: 0.9320833333333334    training-metric, auc: 0.9948177083333334    training-metric, eer: 0.020625    training-metric, ap: 0.9947807625283647    
2026-08-23 13:23:24,117 - INFO - Iter: 14788    training-loss, overall: 0.2654889225959778    training-loss, common: 0.09682655334472656    training-loss, specific: 0.23799237608909607    training-loss, reconstruction: 0.3538500666618347    training-loss, contrastive: 0.7741627097129822    
2026-08-23 13:23:24,117 - INFO - Iter: 14788    training-metric, acc: 0.9572916666666667    training-metric, acc_spe: 0.9233333333333333    training-metric, auc: 0.99318359375    training-metric, eer: 0.025416666666666667    training-metric, ap: 0.9932350277580155    
2026-08-23 13:25:07,582 - INFO - Iter: 15088    training-loss, overall: 0.2652362883090973    training-loss, common: 0.09534020721912384    training-loss, specific: 0.23715490102767944    training-loss, reconstruction: 0.3517408072948456    training-loss, contrastive: 0.8131676316261292    
2026-08-23 13:25:07,582 - INFO - Iter: 15088    training-metric, acc: 0.9579166666666666    training-metric, acc_spe: 0.9273958333333333    training-metric, auc: 0.9930989583333333    training-metric, eer: 0.024583333333333332    training-metric, ap: 0.993188245589636    
2026-08-23 13:26:50,453 - INFO - Iter: 15388    training-loss, overall: 0.2533915340900421    training-loss, common: 0.09003500640392303    training-loss, specific: 0.22235150635242462    training-loss, reconstruction: 0.3483269214630127    training-loss, contrastive: 0.732467532157898    
2026-08-23 13:26:50,454 - INFO - Iter: 15388    training-metric, acc: 0.9595833333333333    training-metric, acc_spe: 0.9280208333333333    training-metric, auc: 0.9938541666666667    training-metric, eer: 0.022916666666666665    training-metric, ap: 0.9940135144661004    
2026-08-23 13:28:33,444 - INFO - Iter: 15688    training-loss, overall: 0.25481462478637695    training-loss, common: 0.09086903184652328    training-loss, specific: 0.23036211729049683    training-loss, reconstruction: 0.3492297828197479    training-loss, contrastive: 0.7228087782859802    
2026-08-23 13:28:33,444 - INFO - Iter: 15688    training-metric, acc: 0.95875    training-metric, acc_spe: 0.9254166666666667    training-metric, auc: 0.993671875    training-metric, eer: 0.023958333333333335    training-metric, ap: 0.993650586635033    
2026-08-23 13:30:17,685 - INFO - Iter: 15988    training-loss, overall: 0.2536241412162781    training-loss, common: 0.0894385576248169    training-loss, specific: 0.23163960874080658    training-loss, reconstruction: 0.3458026647567749    training-loss, contrastive: 0.7456168532371521    
2026-08-23 13:30:17,685 - INFO - Iter: 15988    training-metric, acc: 0.9609375    training-metric, acc_spe: 0.924375    training-metric, auc: 0.9934830729166667    training-metric, eer: 0.021875    training-metric, ap: 0.9941014994896543    
2026-08-23 13:32:01,276 - INFO - Iter: 16288    training-loss, overall: 0.23615774512290955    training-loss, common: 0.08069921284914017    training-loss, specific: 0.208164781332016    training-loss, reconstruction: 0.3465946912765503    training-loss, contrastive: 0.6132751703262329    
2026-08-23 13:32:01,277 - INFO - Iter: 16288    training-metric, acc: 0.9642708333333333    training-metric, acc_spe: 0.9329166666666666    training-metric, auc: 0.9949088541666666    training-metric, eer: 0.021666666666666667    training-metric, ap: 0.9947673775858121    
2026-08-23 13:33:44,378 - INFO - Iter: 16588    training-loss, overall: 0.24415472149848938    training-loss, common: 0.08389769494533539    training-loss, specific: 0.2228316366672516    training-loss, reconstruction: 0.34742501378059387    training-loss, contrastive: 0.6749269962310791    
2026-08-23 13:33:44,379 - INFO - Iter: 16588    training-metric, acc: 0.9601041666666666    training-metric, acc_spe: 0.9289583333333333    training-metric, auc: 0.99494140625    training-metric, eer: 0.022708333333333334    training-metric, ap: 0.9948368751148017    
2026-08-23 13:35:27,448 - INFO - Iter: 16888    training-loss, overall: 0.25914326310157776    training-loss, common: 0.0943005159497261    training-loss, specific: 0.22448062896728516    training-loss, reconstruction: 0.34486162662506104    training-loss, contrastive: 0.7787232398986816    
2026-08-23 13:35:27,448 - INFO - Iter: 16888    training-metric, acc: 0.955625    training-metric, acc_spe: 0.9255208333333333    training-metric, auc: 0.992890625    training-metric, eer: 0.027083333333333334    training-metric, ap: 0.993200147485744    
2026-08-23 13:37:10,771 - INFO - Iter: 17188    training-loss, overall: 0.2417890727519989    training-loss, common: 0.0841699168086052    training-loss, specific: 0.2141164243221283    training-loss, reconstruction: 0.34539082646369934    training-loss, contrastive: 0.6518018841743469    
2026-08-23 13:37:10,771 - INFO - Iter: 17188    training-metric, acc: 0.9571875    training-metric, acc_spe: 0.9313541666666667    training-metric, auc: 0.9946744791666666    training-metric, eer: 0.022708333333333334    training-metric, ap: 0.9947598453418808    
2026-08-23 13:37:26,126 - INFO - ===> Test start!
2026-08-23 13:37:26,133 - INFO - data_dict saved to ./logs/training/ucf_2026-08-23-11-56-09/test/Celeb-DF-v2/data_dict_test.pickle
2026-08-23 13:37:46,518 - INFO - Checkpoint saved to ./logs/training/ucf_2026-08-23-11-56-09/test/Celeb-DF-v2/ckpt_best.pth, current ckpt is 2+5743
2026-08-23 13:37:46,521 - INFO - Metrics saved to ./logs/training/ucf_2026-08-23-11-56-09/test/Celeb-DF-v2/metric_dict_best.pickle
2026-08-23 13:37:46,522 - INFO - dataset: Celeb-DF-v2    step: 17231    testing-loss, common: 1.7376255989074707    
2026-08-23 13:37:46,523 - INFO - dataset: Celeb-DF-v2    step: 17231    testing-metric, acc: 0.5304506699147381    testing-metric, auc: 0.735003377487808    testing-metric, eer: 0.33451957295373663    testing-metric, ap: 0.8237466695981159    testing-metric, video_auc: 0.7716292134831461    testing-metric, acc_real:0.8830960854092527; acc_fake:0.34694444444444444
2026-08-23 13:37:46,875 - INFO - Checkpoint saved to ./logs/training/ucf_2026-08-23-11-56-09/test/avg/ckpt_best.pth, current ckpt is 2+5743
2026-08-23 13:37:46,876 - INFO - Metrics saved to ./logs/training/ucf_2026-08-23-11-56-09/test/avg/metric_dict_best.pickle
2026-08-23 13:37:46,876 - INFO - dataset: avg    step: 17231    testing-metric, acc: 0.5304506699147381    testing-metric, auc: 0.735003377487808    testing-metric, eer: 0.33451957295373663    testing-metric, ap: 0.8237466695981159    testing-metric, video_auc: 0.7716292134831461    
2026-08-23 13:37:46,876 - INFO - ===> Test Done!
2026-08-23 13:37:47,176 - INFO - ===> Epoch[2] end with testing auc: 
================================ Each dataset best metric ================================ 
| Celeb-DF-v2:  auc=0.735003377487808 | 
============================================================================================= 
================================== Average best metric ====================================== 
| avg auc: 0.735003377487808 | 
| Celeb-DF-v2: 0.735003377487808 | 
=============================================================================================!
2026-08-23 13:37:47,177 - INFO - ===> Epoch[2] end, current lr = 0.000051
2026-08-23 13:37:47,178 - INFO - ===> Epoch[3] start!
2026-08-23 13:37:47,239 - INFO - data_dict saved to ./logs/training/ucf_2026-08-23-11-56-09/train/FF-F2F,FF-DF,FF-FS,FF-NT/data_dict_train.pickle
2026-08-23 13:37:48,365 - INFO - MEMDBG iter0 start alloc=0.74GB reserved=13.44GB
2026-08-23 13:37:48,790 - INFO - Iter: 17232    training-loss, overall: 0.30576735734939575    training-loss, common: 0.11867085844278336    training-loss, specific: 0.21219989657402039    training-loss, reconstruction: 0.35658127069473267    training-loss, contrastive: 1.1780425310134888    
2026-08-23 13:37:48,790 - INFO - Iter: 17232    training-metric, acc: 0.96875    training-metric, acc_spe: 0.96875    training-metric, auc: 0.98828125    training-metric, eer: 0.0    training-metric, ap: 0.9901315789473684    
2026-08-23 13:37:48,792 - INFO - MEMDBG iter0 end alloc=0.80GB peak=17.57GB
2026-08-23 13:37:48,795 - INFO - MEMDBG iter1 start alloc=0.80GB reserved=13.44GB
2026-08-23 13:37:49,114 - INFO - MEMDBG iter1 end alloc=0.82GB peak=17.57GB
2026-08-23 13:37:49,122 - INFO - MEMDBG iter2 start alloc=0.77GB reserved=13.44GB
2026-08-23 13:37:49,436 - INFO - MEMDBG iter2 end alloc=0.80GB peak=17.57GB
2026-08-23 13:37:49,438 - INFO - MEMDBG iter3 start alloc=0.80GB reserved=13.44GB
2026-08-23 13:37:49,751 - INFO - MEMDBG iter3 end alloc=0.82GB peak=17.57GB
2026-08-23 13:39:31,941 - INFO - Iter: 17532    training-loss, overall: 0.2340289056301117    training-loss, common: 0.08177339285612106    training-loss, specific: 0.2100316733121872    training-loss, reconstruction: 0.33290764689445496    training-loss, contrastive: 0.6275994777679443    
2026-08-23 13:39:31,942 - INFO - Iter: 17532    training-metric, acc: 0.9620833333333333    training-metric, acc_spe: 0.9276041666666667    training-metric, auc: 0.9950325520833333    training-metric, eer: 0.021458333333333333    training-metric, ap: 0.9949310008603065    
2026-08-23 13:41:14,965 - INFO - Iter: 17832    training-loss, overall: 0.21956273913383484    training-loss, common: 0.07381918281316757    training-loss, specific: 0.19677965342998505    training-loss, reconstruction: 0.33176881074905396    training-loss, contrastive: 0.5307012796401978    
2026-08-23 13:41:14,965 - INFO - Iter: 17832    training-metric, acc: 0.9654166666666667    training-metric, acc_spe: 0.9336458333333333    training-metric, auc: 0.9953515625    training-metric, eer: 0.018958333333333334    training-metric, ap: 0.9952931378318108    
2026-08-23 13:42:58,158 - INFO - Iter: 18132    training-loss, overall: 0.2133454978466034    training-loss, common: 0.06727394461631775    training-loss, specific: 0.20023879408836365    training-loss, reconstruction: 0.33001601696014404    training-loss, contrastive: 0.5408556461334229    
2026-08-23 13:42:58,159 - INFO - Iter: 18132    training-metric, acc: 0.9671875    training-metric, acc_spe: 0.9335416666666667    training-metric, auc: 0.9965755208333333    training-metric, eer: 0.017291666666666667    training-metric, ap: 0.996350151422544    
2026-08-23 13:44:41,895 - INFO - Iter: 18432    training-loss, overall: 0.22724716365337372    training-loss, common: 0.07838871330022812    training-loss, specific: 0.19970852136611938    training-loss, reconstruction: 0.3309091031551361    training-loss, contrastive: 0.59229576587677    
2026-08-23 13:44:41,896 - INFO - Iter: 18432    training-metric, acc: 0.9603125    training-metric, acc_spe: 0.9330208333333333    training-metric, auc: 0.9949153645833333    training-metric, eer: 0.022916666666666665    training-metric, ap: 0.994710135482764    
2026-08-23 13:46:25,074 - INFO - Iter: 18732    training-loss, overall: 0.21430428326129913    training-loss, common: 0.068682000041008    training-loss, specific: 0.19872041046619415    training-loss, reconstruction: 0.3309214115142822    training-loss, contrastive: 0.529475748538971    
2026-08-23 13:46:25,074 - INFO - Iter: 18732    training-metric, acc: 0.9665625    training-metric, acc_spe: 0.9378125    training-metric, auc: 0.99638671875    training-metric, eer: 0.016458333333333332    training-metric, ap: 0.9960629434676952    
2026-08-23 13:48:09,048 - INFO - Iter: 19032    training-loss, overall: 0.22358094155788422    training-loss, common: 0.07517872750759125    training-loss, specific: 0.2063652127981186    training-loss, reconstruction: 0.3326803147792816    training-loss, contrastive: 0.5592312216758728    
2026-08-23 13:48:09,049 - INFO - Iter: 19032    training-metric, acc: 0.963125    training-metric, acc_spe: 0.9313541666666667    training-metric, auc: 0.995546875    training-metric, eer: 0.018333333333333333    training-metric, ap: 0.9954383320935501    
2026-08-23 13:49:52,481 - INFO - Iter: 19332    training-loss, overall: 0.2178162932395935    training-loss, common: 0.07307960838079453    training-loss, specific: 0.1985018104314804    training-loss, reconstruction: 0.3300580382347107    training-loss, contrastive: 0.517381489276886    
2026-08-23 13:49:52,482 - INFO - Iter: 19332    training-metric, acc: 0.9655208333333334    training-metric, acc_spe: 0.9328125    training-metric, auc: 0.9957356770833333    training-metric, eer: 0.017916666666666668    training-metric, ap: 0.9955765288425412    
2026-08-23 13:51:35,699 - INFO - Iter: 19632    training-loss, overall: 0.21740956604480743    training-loss, common: 0.07282295823097229    training-loss, specific: 0.188550665974617    training-loss, reconstruction: 0.33043959736824036    training-loss, contrastive: 0.5319920778274536    
2026-08-23 13:51:35,700 - INFO - Iter: 19632    training-metric, acc: 0.9639583333333334    training-metric, acc_spe: 0.9371875    training-metric, auc: 0.9954557291666667    training-metric, eer: 0.018958333333333334    training-metric, ap: 0.9953089856639559    
2026-08-23 13:53:19,411 - INFO - Iter: 19932    training-loss, overall: 0.21537218987941742    training-loss, common: 0.07245687395334244    training-loss, specific: 0.1900155395269394    training-loss, reconstruction: 0.3300297260284424    training-loss, contrastive: 0.4980981945991516    
2026-08-23 13:53:19,411 - INFO - Iter: 19932    training-metric, acc: 0.9642708333333333    training-metric, acc_spe: 0.9383333333333334    training-metric, auc: 0.995390625    training-metric, eer: 0.018125    training-metric, ap: 0.9950634270654742    
2026-08-23 13:54:18,786 - INFO - ===> Test start!
2026-08-23 13:54:18,794 - INFO - data_dict saved to ./logs/training/ucf_2026-08-23-11-56-09/test/Celeb-DF-v2/data_dict_test.pickle
2026-08-23 13:54:38,977 - INFO - dataset: Celeb-DF-v2    step: 20103    testing-loss, common: 2.0164988040924072    
2026-08-23 13:54:38,978 - INFO - dataset: Celeb-DF-v2    step: 20103    testing-metric, acc: 0.5342265529841657    testing-metric, auc: 0.7234267332278898    testing-metric, eer: 0.3421708185053381    testing-metric, ap: 0.8155426402841    testing-metric, video_auc: 0.7592200925313946    testing-metric, acc_real:0.8661921708185053; acc_fake:0.36148148148148146
2026-08-23 13:54:38,979 - INFO - dataset: avg    step: 20103    testing-metric, acc: 0.5342265529841657    testing-metric, auc: 0.7234267332278898    testing-metric, eer: 0.3421708185053381    testing-metric, ap: 0.8155426402841    testing-metric, video_auc: 0.7592200925313946    
2026-08-23 13:54:38,979 - INFO - ===> Test Done!
2026-08-23 13:55:23,287 - INFO - Iter: 20232    training-loss, overall: 0.21740713715553284    training-loss, common: 0.07277227938175201    training-loss, specific: 0.19829194247722626    training-loss, reconstruction: 0.3291693329811096    training-loss, contrastive: 0.5210968255996704    
2026-08-23 13:55:23,287 - INFO - Iter: 20232    training-metric, acc: 0.9661458333333334    training-metric, acc_spe: 0.9329166666666666    training-metric, auc: 0.9959440104166667    training-metric, eer: 0.017083333333333332    training-metric, ap: 0.9955296883372973    
2026-08-23 13:57:07,017 - INFO - Iter: 20532    training-loss, overall: 0.2164801061153412    training-loss, common: 0.07159049808979034    training-loss, specific: 0.19854111969470978    training-loss, reconstruction: 0.33150386810302734    training-loss, contrastive: 0.5116860866546631    
2026-08-23 13:57:07,017 - INFO - Iter: 20532    training-metric, acc: 0.9663541666666666    training-metric, acc_spe: 0.9347916666666667    training-metric, auc: 0.9958658854166667    training-metric, eer: 0.017083333333333332    training-metric, ap: 0.9957171564670974    
2026-08-23 13:58:50,803 - INFO - Iter: 20832    training-loss, overall: 0.21637754142284393    training-loss, common: 0.07206468284130096    training-loss, specific: 0.19564956426620483    training-loss, reconstruction: 0.3303903043270111    training-loss, contrastive: 0.512615442276001    
2026-08-23 13:58:50,803 - INFO - Iter: 20832    training-metric, acc: 0.9670833333333333    training-metric, acc_spe: 0.9364583333333333    training-metric, auc: 0.99564453125    training-metric, eer: 0.016041666666666666    training-metric, ap: 0.9956252586703899    
2026-08-23 14:00:34,118 - INFO - Iter: 21132    training-loss, overall: 0.21352612972259521    training-loss, common: 0.07058674842119217    training-loss, specific: 0.1963557004928589    training-loss, reconstruction: 0.3301425278186798    training-loss, contrastive: 0.485221266746521    
2026-08-23 14:00:34,119 - INFO - Iter: 21132    training-metric, acc: 0.9644791666666667    training-metric, acc_spe: 0.9365625    training-metric, auc: 0.9961328125    training-metric, eer: 0.016458333333333332    training-metric, ap: 0.9956768574929044    
2026-08-23 14:02:17,525 - INFO - Iter: 21432    training-loss, overall: 0.21480995416641235    training-loss, common: 0.0714573785662651    training-loss, specific: 0.19351723790168762    training-loss, reconstruction: 0.33039164543151855    training-loss, contrastive: 0.4976676106452942    
2026-08-23 14:02:17,525 - INFO - Iter: 21432    training-metric, acc: 0.9666666666666667    training-metric, acc_spe: 0.9328125    training-metric, auc: 0.9955989583333333    training-metric, eer: 0.016666666666666666    training-metric, ap: 0.9955790028969069    
2026-08-23 14:04:00,498 - INFO - Iter: 21732    training-loss, overall: 0.21813927590847015    training-loss, common: 0.07290252298116684    training-loss, specific: 0.1978064626455307    training-loss, reconstruction: 0.33054691553115845    training-loss, contrastive: 0.525840163230896    
2026-08-23 14:04:00,498 - INFO - Iter: 21732    training-metric, acc: 0.9641666666666666    training-metric, acc_spe: 0.9352083333333333    training-metric, auc: 0.99568359375    training-metric, eer: 0.018541666666666668    training-metric, ap: 0.9955043545421851    
2026-08-23 14:05:43,232 - INFO - Iter: 22032    training-loss, overall: 0.22264418005943298    training-loss, common: 0.07752493023872375    training-loss, specific: 0.19033271074295044    training-loss, reconstruction: 0.3307945132255554    training-loss, contrastive: 0.536952555179596    
2026-08-23 14:05:43,233 - INFO - Iter: 22032    training-metric, acc: 0.9622916666666667    training-metric, acc_spe: 0.934375    training-metric, auc: 0.9949283854166666    training-metric, eer: 0.019791666666666666    training-metric, ap: 0.9950038740189358    
2026-08-23 14:07:26,510 - INFO - Iter: 22332    training-loss, overall: 0.20458455383777618    training-loss, common: 0.06543935090303421    training-loss, specific: 0.18068258464336395    training-loss, reconstruction: 0.3311292827129364    training-loss, contrastive: 0.43476390838623047    
2026-08-23 14:07:26,511 - INFO - Iter: 22332    training-metric, acc: 0.9661458333333334    training-metric, acc_spe: 0.9417708333333333    training-metric, auc: 0.9965169270833333    training-metric, eer: 0.017916666666666668    training-metric, ap: 0.9961872070615053    
2026-08-23 14:09:09,196 - INFO - Iter: 22632    training-loss, overall: 0.21140679717063904    training-loss, common: 0.07040216028690338    training-loss, specific: 0.18851657211780548    training-loss, reconstruction: 0.32805153727531433    training-loss, contrastive: 0.47475001215934753    
2026-08-23 14:09:09,197 - INFO - Iter: 22632    training-metric, acc: 0.9663541666666666    training-metric, acc_spe: 0.938125    training-metric, auc: 0.9958203125    training-metric, eer: 0.016875    training-metric, ap: 0.9956454785328337    
2026-08-23 14:10:52,319 - INFO - Iter: 22932    training-loss, overall: 0.21292948722839355    training-loss, common: 0.0710502415895462    training-loss, specific: 0.19212953746318817    training-loss, reconstruction: 0.3276718258857727    training-loss, contrastive: 0.4872945249080658    
2026-08-23 14:10:52,319 - INFO - Iter: 22932    training-metric, acc: 0.9671875    training-metric, acc_spe: 0.9353125    training-metric, auc: 0.9954622395833334    training-metric, eer: 0.01625    training-metric, ap: 0.9953273588496704    
2026-08-23 14:11:07,510 - INFO - ===> Test start!
2026-08-23 14:11:07,516 - INFO - data_dict saved to ./logs/training/ucf_2026-08-23-11-56-09/test/Celeb-DF-v2/data_dict_test.pickle
2026-08-23 14:11:27,584 - INFO - dataset: Celeb-DF-v2    step: 22975    testing-loss, common: 1.7930353879928589    
2026-08-23 14:11:27,586 - INFO - dataset: Celeb-DF-v2    step: 22975    testing-metric, acc: 0.5747259439707674    testing-metric, auc: 0.732632900026361    testing-metric, eer: 0.33701067615658364    testing-metric, ap: 0.8242955020793069    testing-metric, video_auc: 0.7712491738268341    testing-metric, acc_real:0.8300711743772242; acc_fake:0.44185185185185183
2026-08-23 14:11:27,586 - INFO - dataset: avg    step: 22975    testing-metric, acc: 0.5747259439707674    testing-metric, auc: 0.732632900026361    testing-metric, eer: 0.33701067615658364    testing-metric, ap: 0.8242955020793069    testing-metric, video_auc: 0.7712491738268341    
2026-08-23 14:11:27,586 - INFO - ===> Test Done!
2026-08-23 14:11:27,885 - INFO - ===> Epoch[3] end with testing auc: 
================================ Each dataset best metric ================================ 
| Celeb-DF-v2:  auc=0.735003377487808 | 
============================================================================================= 
================================== Average best metric ====================================== 
| avg auc: 0.735003377487808 | 
| Celeb-DF-v2: 0.735003377487808 | 
=============================================================================================!
2026-08-23 14:11:27,886 - INFO - ===> Epoch[3] end, current lr = 0.000001
2026-08-23 14:11:27,887 - INFO - Stop Training on best Testing metric 
================================ Each dataset best metric ================================ 
| Celeb-DF-v2:  auc=0.735003377487808 | 
============================================================================================= 
================================== Average best metric ====================================== 
| avg auc: 0.735003377487808 | 
| Celeb-DF-v2: 0.735003377487808 | 
=============================================================================================
