2026-08-22 14:28:48,824 - INFO - Save log to ./logs/training/ucf_2026-08-22-14-28-48
2026-08-22 14:28:48,824 - INFO - --------------- Configuration ---------------
2026-08-22 14:28:48,824 - INFO - Parameters: 
log_dir: ./logs/training/
pretrained: ./training/pretrained/xception-b5690688.pth
model_name: ucf
backbone_name: xception
encoder_feat_dim: 512
backbone_config: {'mode': 'adjust_channel', 'num_classes': 2, 'inc': 3, 'dropout': False}
all_dataset: ['FaceForensics++', 'FF-F2F', 'FF-DF', 'FF-FS', 'FF-NT', 'FaceShifter', 'DeepFakeDetection', 'Celeb-DF-v1', 'Celeb-DF-v2', 'DFDCP', 'DFDC', 'DeeperForensics-1.0', 'UADFV']
train_dataset: ['FF-F2F', 'FF-DF', 'FF-FS', 'FF-NT']
test_dataset: ['Celeb-DF-v2']
dataset_type: pair
compression: c23
train_batchSize: 16
test_batchSize: 32
workers: 8
frame_num: {'train': 32, 'test': 32}
resolution: 256
with_mask: False
with_landmark: False
save_feat: True
label_dict: {'DFD_fake': 1, 'DFD_real': 0, 'FaceShifter': 1, 'FF-FH': 1, 'FF-DF': 1, 'FF-F2F': 2, 'FF-FS': 3, 'FF-NT': 4, 'FF-real': 0, 'CelebDFv1_real': 0, 'CelebDFv1_fake': 1, 'CelebDFv2_real': 0, 'CelebDFv2_fake': 1, 'DFDCP_Real': 0, 'DFDCP_FakeA': 1, 'DFDCP_FakeB': 1, 'DFDC_Fake': 1, 'DFDC_Real': 0, 'DF_fake': 1, 'DF_real': 0, 'UADFV_Fake': 1, 'UADFV_Real': 0, 'roop_Fake': 1, 'roop_Real': 0}
use_data_augmentation: True
data_aug: {'flip_prob': 0.5, 'rotate_prob': 0.5, 'rotate_limit': [-10, 10], 'blur_prob': 0.5, 'blur_limit': [3, 7], 'brightness_prob': 0.5, 'brightness_limit': [-0.1, 0.1], 'contrast_limit': [-0.1, 0.1], 'quality_lower': 40, 'quality_upper': 100}
mean: [0.5, 0.5, 0.5]
std: [0.5, 0.5, 0.5]
optimizer: {'type': 'adam', 'adam': {'lr': 0.0002, 'beta1': 0.9, 'beta2': 0.999, 'eps': 1e-08, 'weight_decay': 0.0005, 'amsgrad': False}, 'sgd': {'lr': 0.0002, 'momentum': 0.9, 'weight_decay': 0.0005}}
lr_scheduler: cosine
nEpochs: 3
start_epoch: 0
save_epoch: 1
rec_iter: 100
logdir: ./logs
manualSeed: 1024
save_ckpt: True
loss_func: {'cls_loss': 'cross_entropy', 'spe_loss': 'cross_entropy', 'con_loss': 'contrastive_regularization', 'rec_loss': 'l1loss', 'cons2_loss': 'cross_method_consistency'}
cross_method_consistency: False
consistency_weight: 0.1
consistency_temperature: 0.1
losstype: None
metric_scoring: auc
cuda: True
cudnn: True
lr_T_max: 3
lr_eta_min: 1e-06
SWA: False
swa_start: 2
spsa: True
mode: train
lmdb: False
dry_run: False
rgb_dir: ./datasets/rgb
lmdb_dir: ./datasets/lmdb
dataset_json_folder: ./preprocessing/dataset_json
save_avg: True
local_rank: 0
ddp: False

2026-08-22 14:28:49,748 - INFO - Load pretrained model successfully!
2026-08-22 14:28:50,191 - INFO - Load pretrained model successfully!
2026-08-22 14:28:50,292 - INFO - ===> Epoch[0] start!
2026-08-22 14:28:50,325 - INFO - data_dict saved to ./logs/training/ucf_2026-08-22-14-28-48/train/FF-F2F,FF-DF,FF-FS,FF-NT/data_dict_train.pickle
2026-08-22 14:28:51,255 - INFO - MEMDBG iter0 start alloc=0.18GB reserved=0.20GB
2026-08-22 14:28:53,446 - INFO - Iter: 0    training-loss, overall: 2.034231424331665    training-loss, common: 0.6949540972709656    training-loss, specific: 1.6118353605270386    training-loss, reconstruction: 1.9406161308288574    training-loss, contrastive: 11.91817855834961    
2026-08-22 14:28:53,449 - INFO - Iter: 0    training-metric, acc: 0.5    training-metric, acc_spe: 0.15625    training-metric, auc: 0.40625    training-metric, eer: 0.5    training-metric, ap: 0.47359788452120577    
2026-08-22 14:28:53,449 - INFO - MEMDBG iter0 end alloc=0.79GB peak=17.57GB
2026-08-22 14:28:53,451 - INFO - MEMDBG iter1 start alloc=0.79GB reserved=7.28GB
2026-08-22 14:28:53,825 - INFO - MEMDBG iter1 end alloc=0.82GB peak=17.57GB
2026-08-22 14:28:53,831 - INFO - MEMDBG iter2 start alloc=0.77GB reserved=14.75GB
2026-08-22 14:28:54,212 - INFO - MEMDBG iter2 end alloc=0.80GB peak=17.57GB
2026-08-22 14:28:54,216 - INFO - MEMDBG iter3 start alloc=0.80GB reserved=14.75GB
2026-08-22 14:28:54,588 - INFO - MEMDBG iter3 end alloc=0.82GB peak=17.57GB
2026-08-22 14:30:48,281 - INFO - Iter: 300    training-loss, overall: 1.5527254343032837    training-loss, common: 0.595372200012207    training-loss, specific: 1.3088349103927612    training-loss, reconstruction: 1.1649502515792847    training-loss, contrastive: 9.539688110351562    
2026-08-22 14:30:48,282 - INFO - Iter: 300    training-metric, acc: 0.67625    training-metric, acc_spe: 0.52625    training-metric, auc: 0.7281510416666667    training-metric, eer: 0.3202083333333333    training-metric, ap: 0.7491080207053588    
2026-08-22 14:32:45,293 - INFO - Iter: 600    training-loss, overall: 1.1177126169204712    training-loss, common: 0.43066924810409546    training-loss, specific: 1.1143500804901123    training-loss, reconstruction: 0.804516613483429    training-loss, contrastive: 6.685077667236328    
2026-08-22 14:32:45,293 - INFO - Iter: 600    training-metric, acc: 0.8021875    training-metric, acc_spe: 0.5851041666666666    training-metric, auc: 0.8797526041666667    training-metric, eer: 0.18166666666666667    training-metric, ap: 0.8942394342647615    
2026-08-22 14:34:43,350 - INFO - Iter: 900    training-loss, overall: 0.9573731422424316    training-loss, common: 0.37431982159614563    training-loss, specific: 1.0063146352767944    training-loss, reconstruction: 0.6931641697883606    training-loss, contrastive: 5.489448547363281    
2026-08-22 14:34:43,350 - INFO - Iter: 900    training-metric, acc: 0.8357291666666666    training-metric, acc_spe: 0.6236458333333333    training-metric, auc: 0.9127408854166666    training-metric, eer: 0.14895833333333333    training-metric, ap: 0.9229556892094756    
2026-08-22 14:36:40,229 - INFO - Iter: 1200    training-loss, overall: 0.8484275937080383    training-loss, common: 0.3320484757423401    training-loss, specific: 0.9194348454475403    training-loss, reconstruction: 0.6322977542877197    training-loss, contrastive: 4.694929122924805    
2026-08-22 14:36:40,229 - INFO - Iter: 1200    training-metric, acc: 0.858125    training-metric, acc_spe: 0.6579166666666667    training-metric, auc: 0.9319075520833333    training-metric, eer: 0.12604166666666666    training-metric, ap: 0.9402083420796604    
2026-08-22 14:38:37,672 - INFO - Iter: 1500    training-loss, overall: 0.7622314095497131    training-loss, common: 0.2960837185382843    training-loss, specific: 0.8446359634399414    training-loss, reconstruction: 0.5956839919090271    training-loss, contrastive: 4.059578895568848    
2026-08-22 14:38:37,672 - INFO - Iter: 1500    training-metric, acc: 0.873125    training-metric, acc_spe: 0.684375    training-metric, auc: 0.9440104166666666    training-metric, eer: 0.11395833333333333    training-metric, ap: 0.9518084273375873    
2026-08-22 14:40:34,225 - INFO - Iter: 1800    training-loss, overall: 0.7279523015022278    training-loss, common: 0.2855082154273987    training-loss, specific: 0.7993918657302856    training-loss, reconstruction: 0.5759962201118469    training-loss, contrastive: 3.794121265411377    
2026-08-22 14:40:34,225 - INFO - Iter: 1800    training-metric, acc: 0.8810416666666666    training-metric, acc_spe: 0.7165625    training-metric, auc: 0.95041015625    training-metric, eer: 0.098125    training-metric, ap: 0.9555759488152521    
2026-08-22 14:42:27,617 - INFO - Iter: 2100    training-loss, overall: 0.6822666525840759    training-loss, common: 0.2664591670036316    training-loss, specific: 0.7107696533203125    training-loss, reconstruction: 0.5488981604576111    training-loss, contrastive: 3.601226568222046    
2026-08-22 14:42:27,617 - INFO - Iter: 2100    training-metric, acc: 0.8867708333333333    training-metric, acc_spe: 0.7565625    training-metric, auc: 0.9560546875    training-metric, eer: 0.089375    training-metric, ap: 0.9623495273900494    
2026-08-22 14:44:24,833 - INFO - Iter: 2400    training-loss, overall: 0.6478404402732849    training-loss, common: 0.25711801648139954    training-loss, specific: 0.6561664342880249    training-loss, reconstruction: 0.5349466800689697    training-loss, contrastive: 3.2924373149871826    
2026-08-22 14:44:24,833 - INFO - Iter: 2400    training-metric, acc: 0.8939583333333333    training-metric, acc_spe: 0.7851041666666667    training-metric, auc: 0.9588346354166667    training-metric, eer: 0.0875    training-metric, ap: 0.9641463784572604    
2026-08-22 14:46:21,641 - INFO - Iter: 2700    training-loss, overall: 0.6072609424591064    training-loss, common: 0.23985368013381958    training-loss, specific: 0.5946469902992249    training-loss, reconstruction: 0.5263597965240479    training-loss, contrastive: 3.0006868839263916    
2026-08-22 14:46:21,642 - INFO - Iter: 2700    training-metric, acc: 0.9016666666666666    training-metric, acc_spe: 0.8135416666666667    training-metric, auc: 0.963046875    training-metric, eer: 0.076875    training-metric, ap: 0.9688484727066321    
2026-08-22 14:48:18,365 - INFO - Iter: 3000    training-loss, overall: 0.5857505798339844    training-loss, common: 0.23164932429790497    training-loss, specific: 0.5548877120018005    training-loss, reconstruction: 0.5158976316452026    training-loss, contrastive: 2.8768599033355713    
2026-08-22 14:48:18,365 - INFO - Iter: 3000    training-metric, acc: 0.9052083333333333    training-metric, acc_spe: 0.8264583333333333    training-metric, auc: 0.9656901041666667    training-metric, eer: 0.07541666666666667    training-metric, ap: 0.9707884908346736    
2026-08-22 14:50:15,023 - INFO - Iter: 3300    training-loss, overall: 0.5927375555038452    training-loss, common: 0.23971441388130188    training-loss, specific: 0.5349597334861755    training-loss, reconstruction: 0.4978767931461334    training-loss, contrastive: 3.003284215927124    
2026-08-22 14:50:15,023 - INFO - Iter: 3300    training-metric, acc: 0.8986458333333334    training-metric, acc_spe: 0.8314583333333333    training-metric, auc: 0.9639388020833334    training-metric, eer: 0.08    training-metric, ap: 0.9679177593065463    
2026-08-22 14:52:11,878 - INFO - Iter: 3600    training-loss, overall: 0.5423902869224548    training-loss, common: 0.21769653260707855    training-loss, specific: 0.49055859446525574    training-loss, reconstruction: 0.48848557472229004    training-loss, contrastive: 2.5818474292755127    
2026-08-22 14:52:11,878 - INFO - Iter: 3600    training-metric, acc: 0.9139583333333333    training-metric, acc_spe: 0.8497916666666666    training-metric, auc: 0.9694596354166667    training-metric, eer: 0.06625    training-metric, ap: 0.9730814999799107    
2026-08-22 14:54:08,582 - INFO - Iter: 3900    training-loss, overall: 0.5329782366752625    training-loss, common: 0.2119201421737671    training-loss, specific: 0.497161865234375    training-loss, reconstruction: 0.48097214102745056    training-loss, contrastive: 2.5410032272338867    
2026-08-22 14:54:08,582 - INFO - Iter: 3900    training-metric, acc: 0.9117708333333333    training-metric, acc_spe: 0.8465625    training-metric, auc: 0.9705859375    training-metric, eer: 0.07229166666666667    training-metric, ap: 0.973937720857521    
2026-08-22 14:56:05,462 - INFO - Iter: 4200    training-loss, overall: 0.5220447778701782    training-loss, common: 0.20770104229450226    training-loss, specific: 0.47964122891426086    training-loss, reconstruction: 0.47387972474098206    training-loss, contrastive: 2.4843125343322754    
2026-08-22 14:56:05,463 - INFO - Iter: 4200    training-metric, acc: 0.9140625    training-metric, acc_spe: 0.8480208333333333    training-metric, auc: 0.9710221354166667    training-metric, eer: 0.07    training-metric, ap: 0.9750463752620188    
2026-08-22 14:58:02,165 - INFO - Iter: 4500    training-loss, overall: 0.5165591835975647    training-loss, common: 0.20443905889987946    training-loss, specific: 0.4643034040927887    training-loss, reconstruction: 0.47148793935775757    training-loss, contrastive: 2.4848647117614746    
2026-08-22 14:58:02,165 - INFO - Iter: 4500    training-metric, acc: 0.9127083333333333    training-metric, acc_spe: 0.8546875    training-metric, auc: 0.97310546875    training-metric, eer: 0.06958333333333333    training-metric, ap: 0.9769533665043072    
2026-08-22 14:59:58,153 - INFO - Iter: 4800    training-loss, overall: 0.4835767149925232    training-loss, common: 0.18894769251346588    training-loss, specific: 0.44331809878349304    training-loss, reconstruction: 0.4672969579696655    training-loss, contrastive: 2.202160120010376    
2026-08-22 14:59:58,153 - INFO - Iter: 4800    training-metric, acc: 0.9245833333333333    training-metric, acc_spe: 0.8633333333333333    training-metric, auc: 0.9763802083333334    training-metric, eer: 0.055    training-metric, ap: 0.9798290407201014    
2026-08-22 15:01:54,926 - INFO - Iter: 5100    training-loss, overall: 0.4983525276184082    training-loss, common: 0.19674351811408997    training-loss, specific: 0.4443402588367462    training-loss, reconstruction: 0.46632254123687744    training-loss, contrastive: 2.3455636501312256    
2026-08-22 15:01:54,926 - INFO - Iter: 5100    training-metric, acc: 0.9160416666666666    training-metric, acc_spe: 0.8614583333333333    training-metric, auc: 0.97521484375    training-metric, eer: 0.06479166666666666    training-metric, ap: 0.9788525561205306    
2026-08-22 15:03:51,492 - INFO - Iter: 5400    training-loss, overall: 0.4831273555755615    training-loss, common: 0.1964591145515442    training-loss, specific: 0.4222140312194824    training-loss, reconstruction: 0.4492863714694977    training-loss, contrastive: 2.1932201385498047    
2026-08-22 15:03:51,492 - INFO - Iter: 5400    training-metric, acc: 0.9215625    training-metric, acc_spe: 0.8705208333333333    training-metric, auc: 0.97484375    training-metric, eer: 0.06291666666666666    training-metric, ap: 0.9784284804917702    
2026-08-22 15:05:47,972 - INFO - Iter: 5700    training-loss, overall: 0.46393561363220215    training-loss, common: 0.18610508739948273    training-loss, specific: 0.4153274893760681    training-loss, reconstruction: 0.44732666015625    training-loss, contrastive: 2.0419931411743164    
2026-08-22 15:05:47,972 - INFO - Iter: 5700    training-metric, acc: 0.9255208333333333    training-metric, acc_spe: 0.8704166666666666    training-metric, auc: 0.9781966145833333    training-metric, eer: 0.056666666666666664    training-metric, ap: 0.9808233428830565    
2026-08-22 15:06:05,526 - INFO - ===> Test start!
2026-08-22 15:06:05,530 - INFO - data_dict saved to ./logs/training/ucf_2026-08-22-14-28-48/test/Celeb-DF-v2/data_dict_test.pickle
2026-08-22 15:06:25,726 - INFO - Checkpoint saved to ./logs/training/ucf_2026-08-22-14-28-48/test/Celeb-DF-v2/ckpt_best.pth, current ckpt is 0+5743
2026-08-22 15:06:25,727 - INFO - Metrics saved to ./logs/training/ucf_2026-08-22-14-28-48/test/Celeb-DF-v2/metric_dict_best.pickle
2026-08-22 15:06:25,728 - INFO - dataset: Celeb-DF-v2    step: 5743    testing-loss, common: 1.388166904449463    
2026-08-22 15:06:25,732 - INFO - dataset: Celeb-DF-v2    step: 5743    testing-metric, acc: 0.47545676004872106    testing-metric, auc: 0.7150641969816792    testing-metric, eer: 0.3421708185053381    testing-metric, ap: 0.813085803780159    testing-metric, video_auc: 0.761962987442168    testing-metric, acc_real:0.9188612099644128; acc_fake:0.24472222222222223
2026-08-22 15:06:25,874 - INFO - Checkpoint saved to ./logs/training/ucf_2026-08-22-14-28-48/test/avg/ckpt_best.pth, current ckpt is 0+5743
2026-08-22 15:06:25,875 - INFO - Metrics saved to ./logs/training/ucf_2026-08-22-14-28-48/test/avg/metric_dict_best.pickle
2026-08-22 15:06:25,878 - INFO - dataset: avg    step: 5743    testing-metric, acc: 0.47545676004872106    testing-metric, auc: 0.7150641969816792    testing-metric, eer: 0.3421708185053381    testing-metric, ap: 0.813085803780159    testing-metric, video_auc: 0.761962987442168    
2026-08-22 15:06:25,878 - INFO - ===> Test Done!
2026-08-22 15:06:26,063 - INFO - ===> Epoch[0] end with testing auc: 
================================ Each dataset best metric ================================ 
| Celeb-DF-v2:  auc=0.7150641969816792 | 
============================================================================================= 
================================== Average best metric ====================================== 
| avg auc: 0.7150641969816792 | 
| Celeb-DF-v2: 0.7150641969816792 | 
=============================================================================================!
2026-08-22 15:06:26,064 - INFO - ===> Epoch[0] end, current lr = 0.000200
2026-08-22 15:06:26,064 - INFO - ===> Epoch[1] start!
2026-08-22 15:06:26,124 - INFO - data_dict saved to ./logs/training/ucf_2026-08-22-14-28-48/train/FF-F2F,FF-DF,FF-FS,FF-NT/data_dict_train.pickle
2026-08-22 15:06:27,197 - INFO - MEMDBG iter0 start alloc=0.73GB reserved=3.34GB
2026-08-22 15:06:27,864 - INFO - Iter: 5744    training-loss, overall: 0.526176929473877    training-loss, common: 0.18094991147518158    training-loss, specific: 0.49871498346328735    training-loss, reconstruction: 0.455203652381897    training-loss, contrastive: 3.1758880615234375    
2026-08-22 15:06:27,864 - INFO - Iter: 5744    training-metric, acc: 0.90625    training-metric, acc_spe: 0.84375    training-metric, auc: 0.9765625    training-metric, eer: 0.125    training-metric, ap: 0.9801470588235295    
2026-08-22 15:06:27,866 - INFO - MEMDBG iter0 end alloc=0.80GB peak=17.57GB
2026-08-22 15:06:27,874 - INFO - MEMDBG iter1 start alloc=0.80GB reserved=14.66GB
2026-08-22 15:06:28,268 - INFO - MEMDBG iter1 end alloc=0.82GB peak=17.57GB
2026-08-22 15:06:28,275 - INFO - MEMDBG iter2 start alloc=0.77GB reserved=14.66GB
2026-08-22 15:06:28,658 - INFO - MEMDBG iter2 end alloc=0.79GB peak=17.57GB
2026-08-22 15:06:28,659 - INFO - MEMDBG iter3 start alloc=0.79GB reserved=14.66GB
2026-08-22 15:06:29,011 - INFO - MEMDBG iter3 end alloc=0.82GB peak=17.57GB
2026-08-22 15:08:24,248 - INFO - Iter: 6044    training-loss, overall: 0.4352046251296997    training-loss, common: 0.1731182038784027    training-loss, specific: 0.378695547580719    training-loss, reconstruction: 0.43240800499916077    training-loss, contrastive: 1.8898873329162598    
2026-08-22 15:08:24,248 - INFO - Iter: 6044    training-metric, acc: 0.928125    training-metric, acc_spe: 0.8776041666666666    training-metric, auc: 0.9794140625    training-metric, eer: 0.05354166666666667    training-metric, ap: 0.9825650525247954    
2026-08-22 15:10:21,545 - INFO - Iter: 6344    training-loss, overall: 0.43653422594070435    training-loss, common: 0.17470411956310272    training-loss, specific: 0.37950780987739563    training-loss, reconstruction: 0.42582178115844727    training-loss, contrastive: 1.9226585626602173    
2026-08-22 15:10:21,546 - INFO - Iter: 6344    training-metric, acc: 0.9264583333333334    training-metric, acc_spe: 0.8786458333333333    training-metric, auc: 0.9799674479166667    training-metric, eer: 0.055    training-metric, ap: 0.9823851088584438    
2026-08-22 15:12:17,514 - INFO - Iter: 6644    training-loss, overall: 0.4069633483886719    training-loss, common: 0.15690776705741882    training-loss, specific: 0.3526862561702728    training-loss, reconstruction: 0.4248851537704468    training-loss, contrastive: 1.746425986289978    
2026-08-22 15:12:17,514 - INFO - Iter: 6644    training-metric, acc: 0.9336458333333333    training-metric, acc_spe: 0.888125    training-metric, auc: 0.9830794270833333    training-metric, eer: 0.04645833333333333    training-metric, ap: 0.9851500456827842    
2026-08-22 15:14:14,573 - INFO - Iter: 6944    training-loss, overall: 0.41119930148124695    training-loss, common: 0.16458266973495483    training-loss, specific: 0.3601716160774231    training-loss, reconstruction: 0.4190122187137604    training-loss, contrastive: 1.6979155540466309    
2026-08-22 15:14:14,573 - INFO - Iter: 6944    training-metric, acc: 0.9311458333333333    training-metric, acc_spe: 0.8871875    training-metric, auc: 0.9819791666666666    training-metric, eer: 0.05125    training-metric, ap: 0.9843765137159376    
2026-08-22 15:16:10,194 - INFO - Iter: 7244    training-loss, overall: 0.3865024745464325    training-loss, common: 0.14797350764274597    training-loss, specific: 0.3416562080383301    training-loss, reconstruction: 0.4196571409702301    training-loss, contrastive: 1.5693247318267822    
2026-08-22 15:16:10,194 - INFO - Iter: 7244    training-metric, acc: 0.9367708333333333    training-metric, acc_spe: 0.8936458333333334    training-metric, auc: 0.9853190104166667    training-metric, eer: 0.041041666666666664    training-metric, ap: 0.9869595883813215    
2026-08-22 15:18:06,576 - INFO - Iter: 7544    training-loss, overall: 0.4040262997150421    training-loss, common: 0.15921545028686523    training-loss, specific: 0.3506332337856293    training-loss, reconstruction: 0.41275325417518616    training-loss, contrastive: 1.7184330224990845    
2026-08-22 15:18:06,577 - INFO - Iter: 7544    training-metric, acc: 0.9327083333333334    training-metric, acc_spe: 0.89125    training-metric, auc: 0.9832682291666667    training-metric, eer: 0.046875    training-metric, ap: 0.9850296155095026    
2026-08-22 15:20:02,650 - INFO - Iter: 7844    training-loss, overall: 0.3823268711566925    training-loss, common: 0.14914731681346893    training-loss, specific: 0.35162752866744995    training-loss, reconstruction: 0.40885886549949646    training-loss, contrastive: 1.5071815252304077    
2026-08-22 15:20:02,650 - INFO - Iter: 7844    training-metric, acc: 0.9378125    training-metric, acc_spe: 0.8928125    training-metric, auc: 0.98525390625    training-metric, eer: 0.043333333333333335    training-metric, ap: 0.9867799321352002    
2026-08-22 15:21:59,568 - INFO - Iter: 8144    training-loss, overall: 0.3890966475009918    training-loss, common: 0.15583622455596924    training-loss, specific: 0.3442029654979706    training-loss, reconstruction: 0.4032893180847168    training-loss, contrastive: 1.5570635795593262    
2026-08-22 15:21:59,568 - INFO - Iter: 8144    training-metric, acc: 0.9347916666666667    training-metric, acc_spe: 0.8965625    training-metric, auc: 0.9834830729166667    training-metric, eer: 0.048125    training-metric, ap: 0.9854279295137283    
2026-08-22 15:23:55,890 - INFO - Iter: 8444    training-loss, overall: 0.39527246356010437    training-loss, common: 0.15535536408424377    training-loss, specific: 0.34507113695144653    training-loss, reconstruction: 0.405385822057724    training-loss, contrastive: 1.6758835315704346    
2026-08-22 15:23:55,890 - INFO - Iter: 8444    training-metric, acc: 0.9344791666666666    training-metric, acc_spe: 0.8938541666666666    training-metric, auc: 0.9828580729166667    training-metric, eer: 0.04833333333333333    training-metric, ap: 0.9855758851102561    
2026-08-22 15:25:02,364 - INFO - ===> Test start!
2026-08-22 15:25:02,370 - INFO - data_dict saved to ./logs/training/ucf_2026-08-22-14-28-48/test/Celeb-DF-v2/data_dict_test.pickle
2026-08-22 15:25:22,653 - INFO - Checkpoint saved to ./logs/training/ucf_2026-08-22-14-28-48/test/Celeb-DF-v2/ckpt_best.pth, current ckpt is 1+2871
2026-08-22 15:25:22,654 - INFO - Metrics saved to ./logs/training/ucf_2026-08-22-14-28-48/test/Celeb-DF-v2/metric_dict_best.pickle
2026-08-22 15:25:22,655 - INFO - dataset: Celeb-DF-v2    step: 8615    testing-loss, common: 0.9220407009124756    
2026-08-22 15:25:22,656 - INFO - dataset: Celeb-DF-v2    step: 8615    testing-metric, acc: 0.6607186358099878    testing-metric, auc: 0.7493347255173323    testing-metric, eer: 0.3202846975088968    testing-metric, ap: 0.8433733858066971    testing-metric, video_auc: 0.8293126239259749    testing-metric, acc_real:0.7313167259786477; acc_fake:0.6239814814814815
2026-08-22 15:25:22,955 - INFO - Checkpoint saved to ./logs/training/ucf_2026-08-22-14-28-48/test/avg/ckpt_best.pth, current ckpt is 1+2871
2026-08-22 15:25:22,955 - INFO - Metrics saved to ./logs/training/ucf_2026-08-22-14-28-48/test/avg/metric_dict_best.pickle
2026-08-22 15:25:22,956 - INFO - dataset: avg    step: 8615    testing-metric, acc: 0.6607186358099878    testing-metric, auc: 0.7493347255173323    testing-metric, eer: 0.3202846975088968    testing-metric, ap: 0.8433733858066971    testing-metric, video_auc: 0.8293126239259749    
2026-08-22 15:25:22,956 - INFO - ===> Test Done!
2026-08-22 15:26:12,977 - INFO - Iter: 8744    training-loss, overall: 0.36237311363220215    training-loss, common: 0.14196854829788208    training-loss, specific: 0.3161076009273529    training-loss, reconstruction: 0.39657288789749146    training-loss, contrastive: 1.396439552307129    
2026-08-22 15:26:12,977 - INFO - Iter: 8744    training-metric, acc: 0.9417708333333333    training-metric, acc_spe: 0.9033333333333333    training-metric, auc: 0.985390625    training-metric, eer: 0.04    training-metric, ap: 0.987182033059928    
2026-08-22 15:28:10,216 - INFO - Iter: 9044    training-loss, overall: 0.37819987535476685    training-loss, common: 0.15118658542633057    training-loss, specific: 0.3239102065563202    training-loss, reconstruction: 0.39991915225982666    training-loss, contrastive: 1.4929319620132446    
2026-08-22 15:28:10,217 - INFO - Iter: 9044    training-metric, acc: 0.9353125    training-metric, acc_spe: 0.8989583333333333    training-metric, auc: 0.9844140625    training-metric, eer: 0.04645833333333333    training-metric, ap: 0.985816660118164    
2026-08-22 15:30:05,207 - INFO - Iter: 9344    training-loss, overall: 0.3765515089035034    training-loss, common: 0.1471519023180008    training-loss, specific: 0.32489946484565735    training-loss, reconstruction: 0.39119458198547363    training-loss, contrastive: 1.5910265445709229    
2026-08-22 15:30:05,208 - INFO - Iter: 9344    training-metric, acc: 0.9369791666666667    training-metric, acc_spe: 0.8975    training-metric, auc: 0.985546875    training-metric, eer: 0.042708333333333334    training-metric, ap: 0.9870323058763213    
2026-08-22 15:32:02,120 - INFO - Iter: 9644    training-loss, overall: 0.37868911027908325    training-loss, common: 0.15119877457618713    training-loss, specific: 0.3310428261756897    training-loss, reconstruction: 0.39341115951538086    training-loss, contrastive: 1.5272538661956787    
2026-08-22 15:32:02,121 - INFO - Iter: 9644    training-metric, acc: 0.9372916666666666    training-metric, acc_spe: 0.8982291666666666    training-metric, auc: 0.9845377604166666    training-metric, eer: 0.04041666666666666    training-metric, ap: 0.9856769816210212    
2026-08-22 15:33:58,668 - INFO - Iter: 9944    training-loss, overall: 0.3709526062011719    training-loss, common: 0.14703677594661713    training-loss, specific: 0.3146551251411438    training-loss, reconstruction: 0.3868688941001892    training-loss, contrastive: 1.5277957916259766    
2026-08-22 15:33:58,668 - INFO - Iter: 9944    training-metric, acc: 0.9394791666666666    training-metric, acc_spe: 0.9013541666666667    training-metric, auc: 0.98548828125    training-metric, eer: 0.043958333333333335    training-metric, ap: 0.9869509701365966    
2026-08-22 15:35:55,319 - INFO - Iter: 10244    training-loss, overall: 0.36654242873191833    training-loss, common: 0.1441146433353424    training-loss, specific: 0.32118141651153564    training-loss, reconstruction: 0.38966479897499084    training-loss, contrastive: 1.4682033061981201    
2026-08-22 15:35:55,320 - INFO - Iter: 10244    training-metric, acc: 0.9407291666666666    training-metric, acc_spe: 0.9005208333333333    training-metric, auc: 0.98634765625    training-metric, eer: 0.03791666666666667    training-metric, ap: 0.9878300654359841    
2026-08-22 15:37:52,026 - INFO - Iter: 10544    training-loss, overall: 0.3640918433666229    training-loss, common: 0.14336951076984406    training-loss, specific: 0.31302058696746826    training-loss, reconstruction: 0.38594645261764526    training-loss, contrastive: 1.4727272987365723    
2026-08-22 15:37:52,027 - INFO - Iter: 10544    training-metric, acc: 0.9391666666666667    training-metric, acc_spe: 0.9061458333333333    training-metric, auc: 0.9856705729166667    training-metric, eer: 0.04145833333333333    training-metric, ap: 0.9874116159964853    
2026-08-22 15:39:47,452 - INFO - Iter: 10844    training-loss, overall: 0.34861648082733154    training-loss, common: 0.13629725575447083    training-loss, specific: 0.3114788234233856    training-loss, reconstruction: 0.38637158274650574    training-loss, contrastive: 1.3051953315734863    
2026-08-22 15:39:47,452 - INFO - Iter: 10844    training-metric, acc: 0.9401041666666666    training-metric, acc_spe: 0.900625    training-metric, auc: 0.9873177083333333    training-metric, eer: 0.036041666666666666    training-metric, ap: 0.988321302228598    
2026-08-22 15:41:43,800 - INFO - Iter: 11144    training-loss, overall: 0.36400124430656433    training-loss, common: 0.14572358131408691    training-loss, specific: 0.31311100721359253    training-loss, reconstruction: 0.3864944577217102    training-loss, contrastive: 1.420366883277893    
2026-08-22 15:41:43,801 - INFO - Iter: 11144    training-metric, acc: 0.934375    training-metric, acc_spe: 0.9038541666666666    training-metric, auc: 0.9854231770833334    training-metric, eer: 0.045208333333333336    training-metric, ap: 0.9865321161330439    
2026-08-22 15:43:40,668 - INFO - Iter: 11444    training-loss, overall: 0.34177958965301514    training-loss, common: 0.13267947733402252    training-loss, specific: 0.2942996919155121    training-loss, reconstruction: 0.37913766503334045    training-loss, contrastive: 1.3185737133026123    
2026-08-22 15:43:40,669 - INFO - Iter: 11444    training-metric, acc: 0.9436458333333333    training-metric, acc_spe: 0.9090625    training-metric, auc: 0.98806640625    training-metric, eer: 0.036875    training-metric, ap: 0.98904741869524    
2026-08-22 15:43:57,715 - INFO - ===> Test start!
2026-08-22 15:43:57,721 - INFO - data_dict saved to ./logs/training/ucf_2026-08-22-14-28-48/test/Celeb-DF-v2/data_dict_test.pickle
2026-08-22 15:44:17,958 - INFO - dataset: Celeb-DF-v2    step: 11487    testing-loss, common: 1.6856578588485718    
2026-08-22 15:44:17,959 - INFO - dataset: Celeb-DF-v2    step: 11487    testing-metric, acc: 0.5275274056029232    testing-metric, auc: 0.7061795423092131    testing-metric, eer: 0.35391459074733095    testing-metric, ap: 0.8073596120914335    testing-metric, video_auc: 0.7502478519497686    testing-metric, acc_real:0.848576512455516; acc_fake:0.360462962962963
2026-08-22 15:44:17,960 - INFO - dataset: avg    step: 11487    testing-metric, acc: 0.5275274056029232    testing-metric, auc: 0.7061795423092131    testing-metric, eer: 0.35391459074733095    testing-metric, ap: 0.8073596120914335    testing-metric, video_auc: 0.7502478519497686    
2026-08-22 15:44:17,960 - INFO - ===> Test Done!
2026-08-22 15:44:18,305 - INFO - ===> Epoch[1] end with testing auc: 
================================ Each dataset best metric ================================ 
| Celeb-DF-v2:  auc=0.7493347255173323 | 
============================================================================================= 
================================== Average best metric ====================================== 
| avg auc: 0.7493347255173323 | 
| Celeb-DF-v2: 0.7493347255173323 | 
=============================================================================================!
2026-08-22 15:44:18,306 - INFO - ===> Epoch[1] end, current lr = 0.000150
2026-08-22 15:44:18,306 - INFO - ===> Epoch[2] start!
2026-08-22 15:44:18,367 - INFO - data_dict saved to ./logs/training/ucf_2026-08-22-14-28-48/train/FF-F2F,FF-DF,FF-FS,FF-NT/data_dict_train.pickle
2026-08-22 15:44:19,677 - INFO - MEMDBG iter0 start alloc=0.74GB reserved=14.71GB
2026-08-22 15:44:20,365 - INFO - Iter: 11488    training-loss, overall: 0.20813417434692383    training-loss, common: 0.0323965847492218    training-loss, specific: 0.18141382932662964    training-loss, reconstruction: 0.42584601044654846    training-loss, contrastive: 0.5968481302261353    
2026-08-22 15:44:20,366 - INFO - Iter: 11488    training-metric, acc: 1.0    training-metric, acc_spe: 0.90625    training-metric, auc: 1.0    training-metric, eer: 0.0    training-metric, ap: 1.0    
2026-08-22 15:44:20,367 - INFO - MEMDBG iter0 end alloc=0.79GB peak=17.57GB
2026-08-22 15:44:20,372 - INFO - MEMDBG iter1 start alloc=0.79GB reserved=14.71GB
2026-08-22 15:44:20,779 - INFO - MEMDBG iter1 end alloc=0.82GB peak=17.57GB
2026-08-22 15:44:20,788 - INFO - MEMDBG iter2 start alloc=0.77GB reserved=14.71GB
2026-08-22 15:44:21,179 - INFO - MEMDBG iter2 end alloc=0.79GB peak=17.57GB
2026-08-22 15:44:21,181 - INFO - MEMDBG iter3 start alloc=0.79GB reserved=14.71GB
2026-08-22 15:44:21,592 - INFO - MEMDBG iter3 end alloc=0.82GB peak=17.57GB
2026-08-22 15:46:16,903 - INFO - Iter: 11788    training-loss, overall: 0.2912919819355011    training-loss, common: 0.11012808978557587    training-loss, specific: 0.24074207246303558    training-loss, reconstruction: 0.3554573655128479    training-loss, contrastive: 1.0090465545654297    
2026-08-22 15:46:16,904 - INFO - Iter: 11788    training-metric, acc: 0.9529166666666666    training-metric, acc_spe: 0.9219791666666667    training-metric, auc: 0.9913997395833334    training-metric, eer: 0.027291666666666665    training-metric, ap: 0.992496386680118    
2026-08-22 15:48:14,643 - INFO - Iter: 12088    training-loss, overall: 0.286053329706192    training-loss, common: 0.10732016712427139    training-loss, specific: 0.2489514946937561    training-loss, reconstruction: 0.3534293472766876    training-loss, contrastive: 0.9561863541603088    
2026-08-22 15:48:14,643 - INFO - Iter: 12088    training-metric, acc: 0.9541666666666667    training-metric, acc_spe: 0.92    training-metric, auc: 0.9915950520833333    training-metric, eer: 0.025    training-metric, ap: 0.99227075244853    
2026-08-22 15:50:11,120 - INFO - Iter: 12388    training-loss, overall: 0.27458569407463074    training-loss, common: 0.10074727982282639    training-loss, specific: 0.23806849122047424    training-loss, reconstruction: 0.3533336818218231    training-loss, contrastive: 0.8806315064430237    
2026-08-22 15:50:11,120 - INFO - Iter: 12388    training-metric, acc: 0.9536458333333333    training-metric, acc_spe: 0.9246875    training-metric, auc: 0.9922721354166667    training-metric, eer: 0.02666666666666667    training-metric, ap: 0.9928520572136111    
2026-08-22 15:52:06,874 - INFO - Iter: 12688    training-loss, overall: 0.27510491013526917    training-loss, common: 0.09971441328525543    training-loss, specific: 0.23554174602031708    training-loss, reconstruction: 0.3544278144836426    training-loss, contrastive: 0.9101605415344238    
2026-08-22 15:52:06,875 - INFO - Iter: 12688    training-metric, acc: 0.9539583333333334    training-metric, acc_spe: 0.9242708333333334    training-metric, auc: 0.9926171875    training-metric, eer: 0.031041666666666665    training-metric, ap: 0.9929624924686936    
2026-08-22 15:54:03,530 - INFO - Iter: 12988    training-loss, overall: 0.26201069355010986    training-loss, common: 0.09512534737586975    training-loss, specific: 0.22138655185699463    training-loss, reconstruction: 0.3530176877975464    training-loss, contrastive: 0.7768280506134033    
2026-08-22 15:54:03,530 - INFO - Iter: 12988    training-metric, acc: 0.9596875    training-metric, acc_spe: 0.9266666666666666    training-metric, auc: 0.9931640625    training-metric, eer: 0.021041666666666667    training-metric, ap: 0.9937093378967787    
2026-08-22 15:56:00,668 - INFO - Iter: 13288    training-loss, overall: 0.2795962691307068    training-loss, common: 0.10618151724338531    training-loss, specific: 0.23872968554496765    training-loss, reconstruction: 0.3500804305076599    training-loss, contrastive: 0.8903520703315735    
2026-08-22 15:56:00,668 - INFO - Iter: 13288    training-metric, acc: 0.9572916666666667    training-metric, acc_spe: 0.9248958333333334    training-metric, auc: 0.9914192708333334    training-metric, eer: 0.0225    training-metric, ap: 0.992355865576399    
2026-08-22 15:57:58,617 - INFO - Iter: 13588    training-loss, overall: 0.26482248306274414    training-loss, common: 0.09756650775671005    training-loss, specific: 0.21954381465911865    training-loss, reconstruction: 0.3500540256500244    training-loss, contrastive: 0.805708646774292    
2026-08-22 15:57:58,617 - INFO - Iter: 13588    training-metric, acc: 0.95625    training-metric, acc_spe: 0.9288541666666666    training-metric, auc: 0.99326171875    training-metric, eer: 0.023125    training-metric, ap: 0.9934871758805525    
2026-08-22 15:59:55,917 - INFO - Iter: 13888    training-loss, overall: 0.26309868693351746    training-loss, common: 0.09608475118875504    training-loss, specific: 0.23381361365318298    training-loss, reconstruction: 0.34790360927581787    training-loss, contrastive: 0.7852301001548767    
2026-08-22 15:59:55,917 - INFO - Iter: 13888    training-metric, acc: 0.9528125    training-metric, acc_spe: 0.9252083333333333    training-metric, auc: 0.9936197916666667    training-metric, eer: 0.025208333333333333    training-metric, ap: 0.9936683775719509    
2026-08-22 16:01:53,073 - INFO - Iter: 14188    training-loss, overall: 0.25357186794281006    training-loss, common: 0.08999768644571304    training-loss, specific: 0.22562111914157867    training-loss, reconstruction: 0.3496013283729553    training-loss, contrastive: 0.7226317524909973    
2026-08-22 16:01:53,074 - INFO - Iter: 14188    training-metric, acc: 0.9570833333333333    training-metric, acc_spe: 0.9257291666666667    training-metric, auc: 0.99353515625    training-metric, eer: 0.025    training-metric, ap: 0.9939654766613755    
2026-08-22 16:03:00,487 - INFO - ===> Test start!
2026-08-22 16:03:00,493 - INFO - data_dict saved to ./logs/training/ucf_2026-08-22-14-28-48/test/Celeb-DF-v2/data_dict_test.pickle
2026-08-22 16:03:20,263 - INFO - dataset: Celeb-DF-v2    step: 14359    testing-loss, common: 1.7983007431030273    
2026-08-22 16:03:20,265 - INFO - dataset: Celeb-DF-v2    step: 14359    testing-metric, acc: 0.5158952496954933    testing-metric, auc: 0.7236365823118494    testing-metric, eer: 0.3403914590747331    testing-metric, ap: 0.8216147555582078    testing-metric, video_auc: 0.7709517514871116    testing-metric, acc_real:0.896797153024911; acc_fake:0.3176851851851852
2026-08-22 16:03:20,265 - INFO - dataset: avg    step: 14359    testing-metric, acc: 0.5158952496954933    testing-metric, auc: 0.7236365823118494    testing-metric, eer: 0.3403914590747331    testing-metric, ap: 0.8216147555582078    testing-metric, video_auc: 0.7709517514871116    
2026-08-22 16:03:20,265 - INFO - ===> Test Done!
2026-08-22 16:04:11,210 - INFO - Iter: 14488    training-loss, overall: 0.259561687707901    training-loss, common: 0.09335100650787354    training-loss, specific: 0.22485123574733734    training-loss, reconstruction: 0.3483019173145294    training-loss, contrastive: 0.7846992015838623    
2026-08-22 16:04:11,211 - INFO - Iter: 14488    training-metric, acc: 0.9579166666666666    training-metric, acc_spe: 0.924375    training-metric, auc: 0.99349609375    training-metric, eer: 0.023333333333333334    training-metric, ap: 0.9939602960787421    
2026-08-22 16:06:08,358 - INFO - Iter: 14788    training-loss, overall: 0.2514166831970215    training-loss, common: 0.09064581990242004    training-loss, specific: 0.21800105273723602    training-loss, reconstruction: 0.34702226519584656    training-loss, contrastive: 0.6972833871841431    
2026-08-22 16:06:08,359 - INFO - Iter: 14788    training-metric, acc: 0.9570833333333333    training-metric, acc_spe: 0.9286458333333333    training-metric, auc: 0.9941927083333333    training-metric, eer: 0.020416666666666666    training-metric, ap: 0.9940317647959247    
2026-08-22 16:08:02,648 - INFO - Iter: 15088    training-loss, overall: 0.255651593208313    training-loss, common: 0.09104102104902267    training-loss, specific: 0.22165441513061523    training-loss, reconstruction: 0.34692561626434326    training-loss, contrastive: 0.7673478126525879    
2026-08-22 16:08:02,649 - INFO - Iter: 15088    training-metric, acc: 0.9583333333333334    training-metric, acc_spe: 0.9286458333333333    training-metric, auc: 0.9936588541666667    training-metric, eer: 0.022916666666666665    training-metric, ap: 0.9937828296720624    
2026-08-22 16:10:00,423 - INFO - Iter: 15388    training-loss, overall: 0.263034850358963    training-loss, common: 0.09517952799797058    training-loss, specific: 0.22919142246246338    training-loss, reconstruction: 0.3457936644554138    training-loss, contrastive: 0.8239607810974121    
2026-08-22 16:10:00,424 - INFO - Iter: 15388    training-metric, acc: 0.9570833333333333    training-metric, acc_spe: 0.9273958333333333    training-metric, auc: 0.9938541666666667    training-metric, eer: 0.025208333333333333    training-metric, ap: 0.9940621819070162    
2026-08-22 16:11:57,437 - INFO - Iter: 15688    training-loss, overall: 0.24841438233852386    training-loss, common: 0.0888090431690216    training-loss, specific: 0.21420510113239288    training-loss, reconstruction: 0.34535446763038635    training-loss, contrastive: 0.691567063331604    
2026-08-22 16:11:57,437 - INFO - Iter: 15688    training-metric, acc: 0.9584375    training-metric, acc_spe: 0.9278125    training-metric, auc: 0.9938932291666667    training-metric, eer: 0.024791666666666667    training-metric, ap: 0.9938183882125959    
2026-08-22 16:13:55,366 - INFO - Iter: 15988    training-loss, overall: 0.24301934242248535    training-loss, common: 0.08658403903245926    training-loss, specific: 0.20527590811252594    training-loss, reconstruction: 0.3423957824707031    training-loss, contrastive: 0.66377854347229    
2026-08-22 16:13:55,366 - INFO - Iter: 15988    training-metric, acc: 0.9596875    training-metric, acc_spe: 0.9322916666666666    training-metric, auc: 0.9941341145833333    training-metric, eer: 0.022708333333333334    training-metric, ap: 0.9944792696976256    
2026-08-22 16:15:53,052 - INFO - Iter: 16288    training-loss, overall: 0.2584051191806793    training-loss, common: 0.09557805210351944    training-loss, specific: 0.22397799789905548    training-loss, reconstruction: 0.34285661578178406    training-loss, contrastive: 0.7514464259147644    
2026-08-22 16:15:53,053 - INFO - Iter: 16288    training-metric, acc: 0.955625    training-metric, acc_spe: 0.9254166666666667    training-metric, auc: 0.9931510416666667    training-metric, eer: 0.022291666666666668    training-metric, ap: 0.9934044758293752    
2026-08-22 16:17:50,285 - INFO - Iter: 16588    training-loss, overall: 0.2501765191555023    training-loss, common: 0.091006338596344    training-loss, specific: 0.21341168880462646    training-loss, reconstruction: 0.3426376283168793    training-loss, contrastive: 0.7007530927658081    
2026-08-22 16:17:50,285 - INFO - Iter: 16588    training-metric, acc: 0.9592708333333333    training-metric, acc_spe: 0.931875    training-metric, auc: 0.99369140625    training-metric, eer: 0.024375    training-metric, ap: 0.9939685505362064    
2026-08-22 16:19:47,860 - INFO - Iter: 16888    training-loss, overall: 0.2563594877719879    training-loss, common: 0.09095732122659683    training-loss, specific: 0.2213381826877594    training-loss, reconstruction: 0.3440650403499603    training-loss, contrastive: 0.8009774684906006    
2026-08-22 16:19:47,860 - INFO - Iter: 16888    training-metric, acc: 0.9586458333333333    training-metric, acc_spe: 0.9284375    training-metric, auc: 0.99380859375    training-metric, eer: 0.025    training-metric, ap: 0.9942371551102667    
2026-08-22 16:21:45,463 - INFO - Iter: 17188    training-loss, overall: 0.2473987191915512    training-loss, common: 0.08717280626296997    training-loss, specific: 0.21373464167118073    training-loss, reconstruction: 0.34411174058914185    training-loss, contrastive: 0.7123801112174988    
2026-08-22 16:21:45,463 - INFO - Iter: 17188    training-metric, acc: 0.9610416666666667    training-metric, acc_spe: 0.9282291666666667    training-metric, auc: 0.994453125    training-metric, eer: 0.02125    training-metric, ap: 0.9947771289303212    
2026-08-22 16:22:02,287 - INFO - ===> Test start!
2026-08-22 16:22:02,294 - INFO - data_dict saved to ./logs/training/ucf_2026-08-22-14-28-48/test/Celeb-DF-v2/data_dict_test.pickle
2026-08-22 16:22:22,727 - INFO - dataset: Celeb-DF-v2    step: 17231    testing-loss, common: 2.0949530601501465    
2026-08-22 16:22:22,729 - INFO - dataset: Celeb-DF-v2    step: 17231    testing-metric, acc: 0.4932399512789281    testing-metric, auc: 0.7151153123764333    testing-metric, eer: 0.33754448398576514    testing-metric, ap: 0.8152588573829825    testing-metric, video_auc: 0.7667547918043622    testing-metric, acc_real:0.9137010676156584; acc_fake:0.27444444444444444
2026-08-22 16:22:22,729 - INFO - dataset: avg    step: 17231    testing-metric, acc: 0.4932399512789281    testing-metric, auc: 0.7151153123764333    testing-metric, eer: 0.33754448398576514    testing-metric, ap: 0.8152588573829825    testing-metric, video_auc: 0.7667547918043622    
2026-08-22 16:22:22,729 - INFO - ===> Test Done!
2026-08-22 16:22:22,999 - INFO - ===> Epoch[2] end with testing auc: 
================================ Each dataset best metric ================================ 
| Celeb-DF-v2:  auc=0.7493347255173323 | 
============================================================================================= 
================================== Average best metric ====================================== 
| avg auc: 0.7493347255173323 | 
| Celeb-DF-v2: 0.7493347255173323 | 
=============================================================================================!
2026-08-22 16:22:23,001 - INFO - ===> Epoch[2] end, current lr = 0.000051
2026-08-22 16:22:23,001 - INFO - ===> Epoch[3] start!
2026-08-22 16:22:23,066 - INFO - data_dict saved to ./logs/training/ucf_2026-08-22-14-28-48/train/FF-F2F,FF-DF,FF-FS,FF-NT/data_dict_train.pickle
2026-08-22 16:22:24,351 - INFO - MEMDBG iter0 start alloc=0.74GB reserved=14.71GB
2026-08-22 16:22:24,866 - INFO - Iter: 17232    training-loss, overall: 0.22350598871707916    training-loss, common: 0.08169601857662201    training-loss, specific: 0.15885840356349945    training-loss, reconstruction: 0.3398400843143463    training-loss, contrastive: 0.4794418513774872    
2026-08-22 16:22:24,867 - INFO - Iter: 17232    training-metric, acc: 0.9375    training-metric, acc_spe: 0.96875    training-metric, auc: 0.99609375    training-metric, eer: 0.0625    training-metric, ap: 0.9963235294117647    
2026-08-22 16:22:24,869 - INFO - MEMDBG iter0 end alloc=0.80GB peak=17.57GB
2026-08-22 16:22:24,871 - INFO - MEMDBG iter1 start alloc=0.80GB reserved=14.71GB
2026-08-22 16:22:25,272 - INFO - MEMDBG iter1 end alloc=0.82GB peak=17.57GB
2026-08-22 16:22:25,275 - INFO - MEMDBG iter2 start alloc=0.77GB reserved=14.71GB
2026-08-22 16:22:25,651 - INFO - MEMDBG iter2 end alloc=0.80GB peak=17.57GB
2026-08-22 16:22:25,657 - INFO - MEMDBG iter3 start alloc=0.80GB reserved=14.71GB
2026-08-22 16:22:26,054 - INFO - MEMDBG iter3 end alloc=0.82GB peak=17.57GB
2026-08-22 16:24:20,672 - INFO - Iter: 17532    training-loss, overall: 0.24304629862308502    training-loss, common: 0.08610492944717407    training-loss, specific: 0.22321994602680206    training-loss, reconstruction: 0.3312523365020752    training-loss, contrastive: 0.7048711180686951    
2026-08-22 16:24:20,673 - INFO - Iter: 17532    training-metric, acc: 0.9605208333333334    training-metric, acc_spe: 0.9280208333333333    training-metric, auc: 0.9947916666666666    training-metric, eer: 0.022291666666666668    training-metric, ap: 0.9949536789693297    
2026-08-22 16:26:17,160 - INFO - Iter: 17832    training-loss, overall: 0.22339460253715515    training-loss, common: 0.07597912847995758    training-loss, specific: 0.203435480594635    training-loss, reconstruction: 0.32827720046043396    training-loss, contrastive: 0.5717774629592896    
2026-08-22 16:26:17,161 - INFO - Iter: 17832    training-metric, acc: 0.96375    training-metric, acc_spe: 0.9302083333333333    training-metric, auc: 0.99556640625    training-metric, eer: 0.017916666666666668    training-metric, ap: 0.9955417168415543    
2026-08-22 16:28:14,012 - INFO - Iter: 18132    training-loss, overall: 0.23066416382789612    training-loss, common: 0.08030600100755692    training-loss, specific: 0.20751579105854034    training-loss, reconstruction: 0.3305584788322449    training-loss, contrastive: 0.6087803244590759    
2026-08-22 16:28:14,012 - INFO - Iter: 18132    training-metric, acc: 0.9603125    training-metric, acc_spe: 0.930625    training-metric, auc: 0.9950325520833333    training-metric, eer: 0.022083333333333333    training-metric, ap: 0.9950090048767884    
2026-08-22 16:30:11,169 - INFO - Iter: 18432    training-loss, overall: 0.22918076813220978    training-loss, common: 0.08077231794595718    training-loss, specific: 0.20658718049526215    training-loss, reconstruction: 0.327180951833725    training-loss, contrastive: 0.5919092297554016    
2026-08-22 16:30:11,170 - INFO - Iter: 18432    training-metric, acc: 0.9634375    training-metric, acc_spe: 0.9302083333333333    training-metric, auc: 0.9952213541666667    training-metric, eer: 0.018333333333333333    training-metric, ap: 0.995231358960167    
2026-08-22 16:32:05,311 - INFO - Iter: 18732    training-loss, overall: 0.23697802424430847    training-loss, common: 0.08352148532867432    training-loss, specific: 0.21131734549999237    training-loss, reconstruction: 0.32859885692596436    training-loss, contrastive: 0.6749057769775391    
2026-08-22 16:32:05,311 - INFO - Iter: 18732    training-metric, acc: 0.9597916666666667    training-metric, acc_spe: 0.9327083333333334    training-metric, auc: 0.99470703125    training-metric, eer: 0.0225    training-metric, ap: 0.9947391610837951    
2026-08-22 16:34:01,754 - INFO - Iter: 19032    training-loss, overall: 0.22449269890785217    training-loss, common: 0.07838759571313858    training-loss, specific: 0.19173447787761688    training-loss, reconstruction: 0.3289359211921692    training-loss, contrastive: 0.5650184154510498    
2026-08-22 16:34:01,754 - INFO - Iter: 19032    training-metric, acc: 0.9634375    training-metric, acc_spe: 0.9365625    training-metric, auc: 0.99541015625    training-metric, eer: 0.02020833333333333    training-metric, ap: 0.995341746061477    
2026-08-22 16:35:58,827 - INFO - Iter: 19332    training-loss, overall: 0.21142002940177917    training-loss, common: 0.07025569677352905    training-loss, specific: 0.18466156721115112    training-loss, reconstruction: 0.32632091641426086    training-loss, contrastive: 0.496038019657135    
2026-08-22 16:35:58,828 - INFO - Iter: 19332    training-metric, acc: 0.9667708333333334    training-metric, acc_spe: 0.9391666666666667    training-metric, auc: 0.99638671875    training-metric, eer: 0.013958333333333333    training-metric, ap: 0.9961322777041287    
2026-08-22 16:37:55,670 - INFO - Iter: 19632    training-loss, overall: 0.21239741146564484    training-loss, common: 0.07081407308578491    training-loss, specific: 0.18979158997535706    training-loss, reconstruction: 0.3272517919540405    training-loss, contrastive: 0.4885706305503845    
2026-08-22 16:37:55,670 - INFO - Iter: 19632    training-metric, acc: 0.9660416666666667    training-metric, acc_spe: 0.9361458333333333    training-metric, auc: 0.9960481770833334    training-metric, eer: 0.016041666666666666    training-metric, ap: 0.9958507767663667    
2026-08-22 16:39:52,011 - INFO - Iter: 19932    training-loss, overall: 0.21637265384197235    training-loss, common: 0.07150749862194061    training-loss, specific: 0.1978967785835266    training-loss, reconstruction: 0.3267041742801666    training-loss, contrastive: 0.5412861108779907    
2026-08-22 16:39:52,012 - INFO - Iter: 19932    training-metric, acc: 0.9653125    training-metric, acc_spe: 0.9348958333333334    training-metric, auc: 0.9963606770833333    training-metric, eer: 0.015    training-metric, ap: 0.9962221486018094    
2026-08-22 16:40:58,431 - INFO - ===> Test start!
2026-08-22 16:40:58,437 - INFO - data_dict saved to ./logs/training/ucf_2026-08-22-14-28-48/test/Celeb-DF-v2/data_dict_test.pickle
2026-08-22 16:41:18,695 - INFO - dataset: Celeb-DF-v2    step: 20103    testing-loss, common: 1.940804123878479    
2026-08-22 16:41:18,696 - INFO - dataset: Celeb-DF-v2    step: 20103    testing-metric, acc: 0.5244214372716199    testing-metric, auc: 0.7201143979833926    testing-metric, eer: 0.33629893238434166    testing-metric, ap: 0.8184593093661104    testing-metric, video_auc: 0.7699107732980832    testing-metric, acc_real:0.8786476868327402; acc_fake:0.3400925925925926
2026-08-22 16:41:18,696 - INFO - dataset: avg    step: 20103    testing-metric, acc: 0.5244214372716199    testing-metric, auc: 0.7201143979833926    testing-metric, eer: 0.33629893238434166    testing-metric, ap: 0.8184593093661104    testing-metric, video_auc: 0.7699107732980832    
2026-08-22 16:41:18,697 - INFO - ===> Test Done!
2026-08-22 16:42:08,875 - INFO - Iter: 20232    training-loss, overall: 0.22256261110305786    training-loss, common: 0.07779257744550705    training-loss, specific: 0.1907452791929245    training-loss, reconstruction: 0.3262033760547638    training-loss, contrastive: 0.5566914677619934    
2026-08-22 16:42:08,876 - INFO - Iter: 20232    training-metric, acc: 0.9646875    training-metric, acc_spe: 0.9373958333333333    training-metric, auc: 0.9950065104166667    training-metric, eer: 0.021666666666666667    training-metric, ap: 0.9950471645113345    
2026-08-22 16:44:05,190 - INFO - Iter: 20532    training-loss, overall: 0.22387833893299103    training-loss, common: 0.07729139178991318    training-loss, specific: 0.1957223266363144    training-loss, reconstruction: 0.32806652784347534    training-loss, contrastive: 0.5718968510627747    
2026-08-22 16:44:05,191 - INFO - Iter: 20532    training-metric, acc: 0.9642708333333333    training-metric, acc_spe: 0.9329166666666666    training-metric, auc: 0.9955859375    training-metric, eer: 0.017708333333333333    training-metric, ap: 0.9956683744146336    
2026-08-22 16:46:02,050 - INFO - Iter: 20832    training-loss, overall: 0.22338934242725372    training-loss, common: 0.07786012440919876    training-loss, specific: 0.19208671152591705    training-loss, reconstruction: 0.32683300971984863    training-loss, contrastive: 0.5654121041297913    
2026-08-22 16:46:02,051 - INFO - Iter: 20832    training-metric, acc: 0.9628125    training-metric, acc_spe: 0.9359375    training-metric, auc: 0.99533203125    training-metric, eer: 0.019583333333333335    training-metric, ap: 0.9952347652599142    
2026-08-22 16:47:58,864 - INFO - Iter: 21132    training-loss, overall: 0.21419434249401093    training-loss, common: 0.07065659016370773    training-loss, specific: 0.19126266241073608    training-loss, reconstruction: 0.32715529203414917    training-loss, contrastive: 0.5252975821495056    
2026-08-22 16:47:58,864 - INFO - Iter: 21132    training-metric, acc: 0.9610416666666667    training-metric, acc_spe: 0.9372916666666666    training-metric, auc: 0.9961393229166666    training-metric, eer: 0.018958333333333334    training-metric, ap: 0.995767537681402    
2026-08-22 16:49:52,505 - INFO - Iter: 21432    training-loss, overall: 0.22073493897914886    training-loss, common: 0.0759216919541359    training-loss, specific: 0.1905021369457245    training-loss, reconstruction: 0.32676270604133606    training-loss, contrastive: 0.5546870231628418    
2026-08-22 16:49:52,506 - INFO - Iter: 21432    training-metric, acc: 0.9635416666666666    training-metric, acc_spe: 0.94    training-metric, auc: 0.9952408854166667    training-metric, eer: 0.02    training-metric, ap: 0.9953822365017772    
2026-08-22 16:51:49,221 - INFO - Iter: 21732    training-loss, overall: 0.21770106256008148    training-loss, common: 0.07229720056056976    training-loss, specific: 0.19198502600193024    training-loss, reconstruction: 0.32766497135162354    training-loss, contrastive: 0.5581164360046387    
2026-08-22 16:51:49,221 - INFO - Iter: 21732    training-metric, acc: 0.9665625    training-metric, acc_spe: 0.9369791666666667    training-metric, auc: 0.9959505208333334    training-metric, eer: 0.016041666666666666    training-metric, ap: 0.9959310679021826    
2026-08-22 16:53:45,731 - INFO - Iter: 22032    training-loss, overall: 0.21385538578033447    training-loss, common: 0.07183044403791428    training-loss, specific: 0.18360058963298798    training-loss, reconstruction: 0.3287137448787689    training-loss, contrastive: 0.5010151267051697    
2026-08-22 16:53:45,731 - INFO - Iter: 22032    training-metric, acc: 0.96375    training-metric, acc_spe: 0.9407291666666666    training-metric, auc: 0.9957421875    training-metric, eer: 0.016458333333333332    training-metric, ap: 0.9957206353558438    
2026-08-22 16:55:42,732 - INFO - Iter: 22332    training-loss, overall: 0.2121318131685257    training-loss, common: 0.06939761340618134    training-loss, specific: 0.19040775299072266    training-loss, reconstruction: 0.3274548649787903    training-loss, contrastive: 0.5091388821601868    
2026-08-22 16:55:42,733 - INFO - Iter: 22332    training-metric, acc: 0.9664583333333333    training-metric, acc_spe: 0.9397916666666667    training-metric, auc: 0.99603515625    training-metric, eer: 0.017083333333333332    training-metric, ap: 0.9960631829359275    
2026-08-22 16:57:40,199 - INFO - Iter: 22632    training-loss, overall: 0.2187080681324005    training-loss, common: 0.07387431710958481    training-loss, specific: 0.19567567110061646    training-loss, reconstruction: 0.3287908434867859    training-loss, contrastive: 0.5325785279273987    
2026-08-22 16:57:40,199 - INFO - Iter: 22632    training-metric, acc: 0.9653125    training-metric, acc_spe: 0.9375    training-metric, auc: 0.9953450520833333    training-metric, eer: 0.019583333333333335    training-metric, ap: 0.9954912547447591    
2026-08-22 16:59:36,789 - INFO - Iter: 22932    training-loss, overall: 0.2163417935371399    training-loss, common: 0.0723651722073555    training-loss, specific: 0.18563751876354218    training-loss, reconstruction: 0.32604894042015076    training-loss, contrastive: 0.5519635081291199    
2026-08-22 16:59:36,789 - INFO - Iter: 22932    training-metric, acc: 0.9667708333333334    training-metric, acc_spe: 0.940625    training-metric, auc: 0.9956640625    training-metric, eer: 0.016875    training-metric, ap: 0.9955973475408183    
2026-08-22 16:59:53,754 - INFO - ===> Test start!
2026-08-22 16:59:53,760 - INFO - data_dict saved to ./logs/training/ucf_2026-08-22-14-28-48/test/Celeb-DF-v2/data_dict_test.pickle
2026-08-22 17:00:13,616 - INFO - dataset: Celeb-DF-v2    step: 22975    testing-loss, common: 1.962336540222168    
2026-08-22 17:00:13,617 - INFO - dataset: Celeb-DF-v2    step: 22975    testing-metric, acc: 0.5307551766138855    testing-metric, auc: 0.7144109002240675    testing-metric, eer: 0.34199288256227756    testing-metric, ap: 0.8161551690279831    testing-metric, video_auc: 0.7652511566424323    testing-metric, acc_real:0.8718861209964412; acc_fake:0.35324074074074074
2026-08-22 17:00:13,618 - INFO - dataset: avg    step: 22975    testing-metric, acc: 0.5307551766138855    testing-metric, auc: 0.7144109002240675    testing-metric, eer: 0.34199288256227756    testing-metric, ap: 0.8161551690279831    testing-metric, video_auc: 0.7652511566424323    
2026-08-22 17:00:13,618 - INFO - ===> Test Done!
2026-08-22 17:00:13,918 - INFO - ===> Epoch[3] end with testing auc: 
================================ Each dataset best metric ================================ 
| Celeb-DF-v2:  auc=0.7493347255173323 | 
============================================================================================= 
================================== Average best metric ====================================== 
| avg auc: 0.7493347255173323 | 
| Celeb-DF-v2: 0.7493347255173323 | 
=============================================================================================!
2026-08-22 17:00:13,919 - INFO - ===> Epoch[3] end, current lr = 0.000001
2026-08-22 17:00:13,919 - INFO - Stop Training on best Testing metric 
================================ Each dataset best metric ================================ 
| Celeb-DF-v2:  auc=0.7493347255173323 | 
============================================================================================= 
================================== Average best metric ====================================== 
| avg auc: 0.7493347255173323 | 
| Celeb-DF-v2: 0.7493347255173323 | 
=============================================================================================
