2026-09-21 07:51:21,604 - INFO - Save log to /autodl-fs/data/r34m/logs/ucf_2026-09-21-07-51-21
2026-09-21 07:51:21,604 - INFO - --------------- Configuration ---------------
2026-09-21 07:51:21,605 - INFO - Parameters: 
log_dir: /autodl-fs/data/r34m/logs
pretrained: ./training/pretrained/resnet34-b627a593.pth
model_name: ucf
backbone_name: resnet34
encoder_feat_dim: 512
backbone_config: {'mode': 'adjust_channel', 'num_classes': 2, 'inc': 3, 'dropout': False}
all_dataset: ['FaceForensics++', 'FF-F2F', 'FF-DF', 'FF-FS', 'FF-NT', 'FaceShifter', 'DeepFakeDetection', 'Celeb-DF-v1', 'Celeb-DF-v2', 'DFDCP', 'DFDC', 'DeeperForensics-1.0', 'UADFV']
train_dataset: ['FF-F2F', 'FF-DF', 'FF-FS', 'FF-NT']
test_dataset: ['Celeb-DF-v2']
dataset_type: pair
compression: c23
train_batchSize: 16
test_batchSize: 32
workers: 8
frame_num: {'train': 32, 'test': 32}
resolution: 256
with_mask: False
with_landmark: False
save_feat: True
label_dict: {'DFD_fake': 1, 'DFD_real': 0, 'FaceShifter': 1, 'FF-FH': 1, 'FF-DF': 1, 'FF-F2F': 2, 'FF-FS': 3, 'FF-NT': 4, 'FF-real': 0, 'CelebDFv1_real': 0, 'CelebDFv1_fake': 1, 'CelebDFv2_real': 0, 'CelebDFv2_fake': 1, 'DFDCP_Real': 0, 'DFDCP_FakeA': 1, 'DFDCP_FakeB': 1, 'DFDC_Fake': 1, 'DFDC_Real': 0, 'DF_fake': 1, 'DF_real': 0, 'UADFV_Fake': 1, 'UADFV_Real': 0, 'roop_Fake': 1, 'roop_Real': 0}
use_data_augmentation: True
data_aug: {'flip_prob': 0.5, 'rotate_prob': 0.5, 'rotate_limit': [-10, 10], 'blur_prob': 0.5, 'blur_limit': [3, 7], 'brightness_prob': 0.5, 'brightness_limit': [-0.1, 0.1], 'contrast_limit': [-0.1, 0.1], 'quality_lower': 40, 'quality_upper': 100}
mean: [0.5, 0.5, 0.5]
std: [0.5, 0.5, 0.5]
optimizer: {'type': 'adam', 'adam': {'lr': 0.0002, 'beta1': 0.9, 'beta2': 0.999, 'eps': 1e-08, 'weight_decay': 0.0005, 'amsgrad': False}, 'sgd': {'lr': 0.0002, 'momentum': 0.9, 'weight_decay': 0.0005}}
lr_scheduler: cosine
nEpochs: 3
start_epoch: 0
save_epoch: 1
rec_iter: 100
logdir: ./logs
manualSeed: 2048
save_ckpt: True
loss_func: {'cls_loss': 'cross_entropy', 'spe_loss': 'cross_entropy', 'con_loss': 'contrastive_regularization', 'rec_loss': 'l1loss', 'cons2_loss': 'cross_method_consistency'}
cross_method_consistency: False
consistency_weight: 0.1
consistency_temperature: 0.1
losstype: None
metric_scoring: auc
cuda: True
cudnn: False
lr_T_max: 3
lr_eta_min: 1e-06
SWA: True
swa_start: 2
spsa: False
rng_neutral_build: True
swa_ws: [1.0, 0.5, 0.25, 0.125, 0.0625]
probe_every: 300
probe_grad_every: 300
test_times_per_epoch: 6
bn_recalib_batches: 100
tail_lam: 0.0
mode: train
lmdb: False
dry_run: False
rgb_dir: ./datasets/rgb
lmdb_dir: ./datasets/lmdb
dataset_json_folder: ./preprocessing/dataset_json
save_avg: True
local_rank: 0
ddp: False

2026-09-21 07:51:23,098 - INFO - Load pretrained model successfully!
2026-09-21 07:51:23,935 - INFO - Load pretrained model successfully!
2026-09-21 07:51:25,854 - INFO - SWA window widths: 0.0625,0.125,0.25,0.5,1
2026-09-21 07:51:25,911 - INFO - ===> Epoch[0] start!
2026-09-21 07:51:26,174 - INFO - data_dict saved to /autodl-fs/data/r34m/logs/ucf_2026-09-21-07-51-21/train/FF-F2F,FF-DF,FF-FS,FF-NT/data_dict_train.pickle
2026-09-21 07:51:27,989 - INFO - MEMDBG iter0 start alloc=1.05GB reserved=1.12GB
2026-09-21 07:51:29,673 - INFO - Iter: 0    training-loss, overall: 1.9958505630493164    training-loss, common: 0.6909855604171753    training-loss, specific: 1.5892349481582642    training-loss, reconstruction: 1.923343300819397    training-loss, contrastive: 11.37877082824707    
2026-09-21 07:51:29,732 - INFO - Iter: 0    training-metric, acc: 0.53125    training-metric, acc_spe: 0.375    training-metric, auc: 0.59375    training-metric, eer: 0.375    training-metric, ap: 0.61305787516779    
2026-09-21 07:51:29,734 - INFO - MEMDBG iter0 end alloc=1.71GB peak=4.60GB
2026-09-21 07:51:29,739 - INFO - MEMDBG iter1 start alloc=1.71GB reserved=5.34GB
2026-09-21 07:51:30,224 - INFO - MEMDBG iter1 end alloc=1.74GB peak=5.21GB
2026-09-21 07:51:30,226 - INFO - MEMDBG iter2 start alloc=1.69GB reserved=5.56GB
2026-09-21 07:51:30,690 - INFO - MEMDBG iter2 end alloc=1.71GB peak=5.21GB
2026-09-21 07:51:30,692 - INFO - MEMDBG iter3 start alloc=1.71GB reserved=5.56GB
2026-09-21 07:51:31,167 - INFO - MEMDBG iter3 end alloc=1.73GB peak=5.21GB
2026-09-21 07:53:58,600 - INFO - Iter: 300    training-loss, overall: 1.6359323263168335    training-loss, common: 0.6583340764045715    training-loss, specific: 1.3847514390945435    training-loss, reconstruction: 1.0414940118789673    training-loss, contrastive: 10.53351879119873    
2026-09-21 07:53:58,601 - INFO - Iter: 300    training-metric, acc: 0.6007291666666666    training-metric, acc_spe: 0.5014583333333333    training-metric, auc: 0.64357421875    training-metric, eer: 0.3825    training-metric, ap: 0.6674274380545553    
2026-09-21 07:56:30,711 - INFO - Iter: 600    training-loss, overall: 1.3693957328796387    training-loss, common: 0.5780476927757263    training-loss, specific: 1.2678685188293457    training-loss, reconstruction: 0.6760451197624207    training-loss, contrastive: 9.234946250915527    
2026-09-21 07:56:30,711 - INFO - Iter: 600    training-metric, acc: 0.6998958333333334    training-metric, acc_spe: 0.5269791666666667    training-metric, auc: 0.7659114583333333    training-metric, eer: 0.29375    training-metric, ap: 0.7820354367335295    
2026-09-21 07:59:00,010 - INFO - Iter: 900    training-loss, overall: 1.2132811546325684    training-loss, common: 0.5120521187782288    training-loss, specific: 1.1871451139450073    training-loss, reconstruction: 0.6002402901649475    training-loss, contrastive: 8.048837661743164    
2026-09-21 07:59:00,011 - INFO - Iter: 900    training-metric, acc: 0.7525    training-metric, acc_spe: 0.56125    training-metric, auc: 0.8270377604166667    training-metric, eer: 0.23520833333333332    training-metric, ap: 0.8424669757778372    
2026-09-21 07:59:29,367 - INFO - ===> Test start!
2026-09-21 07:59:29,402 - INFO - data_dict saved to /autodl-fs/data/r34m/logs/ucf_2026-09-21-07-51-21/test/Celeb-DF-v2/data_dict_test.pickle
2026-09-21 07:59:51,540 - INFO - Checkpoint saved to /autodl-fs/data/r34m/logs/ucf_2026-09-21-07-51-21/test/Celeb-DF-v2/ckpt_best.pth, current ckpt is 0+956
2026-09-21 07:59:51,553 - INFO - Metrics saved to /autodl-fs/data/r34m/logs/ucf_2026-09-21-07-51-21/test/Celeb-DF-v2/metric_dict_best.pickle
2026-09-21 07:59:51,564 - INFO - dataset: Celeb-DF-v2    step: 956    testing-loss, common: 0.6251264214515686    
2026-09-21 07:59:51,624 - INFO - dataset: Celeb-DF-v2    step: 956    testing-metric, acc: 0.6615712545676005    testing-metric, auc: 0.698713078291815    testing-metric, eer: 0.3594306049822064    testing-metric, ap: 0.8018701103570643    testing-metric, video_auc: 0.755816259087905    testing-metric, acc_real:0.5676156583629893; acc_fake:0.710462962962963
2026-09-21 07:59:53,346 - INFO - Checkpoint saved to /autodl-fs/data/r34m/logs/ucf_2026-09-21-07-51-21/test/avg/ckpt_best.pth, current ckpt is 0+956
2026-09-21 07:59:53,353 - INFO - Metrics saved to /autodl-fs/data/r34m/logs/ucf_2026-09-21-07-51-21/test/avg/metric_dict_best.pickle
2026-09-21 07:59:53,429 - INFO - dataset: avg    step: 956    testing-metric, acc: 0.6615712545676005    testing-metric, auc: 0.698713078291815    testing-metric, eer: 0.3594306049822064    testing-metric, ap: 0.8018701103570643    testing-metric, video_auc: 0.755816259087905    
2026-09-21 07:59:53,430 - INFO - ===> Test Done!
2026-09-21 07:59:55,124 - INFO - Step ckpt saved: step_956.pth
2026-09-21 08:01:54,043 - INFO - Iter: 1200    training-loss, overall: 1.1246662139892578    training-loss, common: 0.4752013385295868    training-loss, specific: 1.123626947402954    training-loss, reconstruction: 0.5590373277664185    training-loss, contrastive: 7.387818336486816    
2026-09-21 08:01:54,043 - INFO - Iter: 1200    training-metric, acc: 0.7751041666666667    training-metric, acc_spe: 0.5810416666666667    training-metric, auc: 0.8551106770833333    training-metric, eer: 0.21208333333333335    training-metric, ap: 0.8720059099989403    
2026-09-21 08:04:18,615 - INFO - Iter: 1500    training-loss, overall: 1.0387353897094727    training-loss, common: 0.4366845190525055    training-loss, specific: 1.1045807600021362    training-loss, reconstruction: 0.5339819192886353    training-loss, contrastive: 6.627966403961182    
2026-09-21 08:04:18,615 - INFO - Iter: 1500    training-metric, acc: 0.801875    training-metric, acc_spe: 0.5827083333333334    training-metric, auc: 0.87939453125    training-metric, eer: 0.185625    training-metric, ap: 0.8936044983793519    
2026-09-21 08:06:43,515 - INFO - Iter: 1800    training-loss, overall: 0.9829673767089844    training-loss, common: 0.4106169044971466    training-loss, specific: 1.051269292831421    training-loss, reconstruction: 0.5090643167495728    training-loss, contrastive: 6.290088653564453    
2026-09-21 08:06:43,516 - INFO - Iter: 1800    training-metric, acc: 0.8098958333333334    training-metric, acc_spe: 0.6083333333333333    training-metric, auc: 0.89396484375    training-metric, eer: 0.178125    training-metric, ap: 0.906411509640542    
2026-09-21 08:07:38,595 - INFO - ===> Test start!
2026-09-21 08:07:38,629 - INFO - data_dict saved to /autodl-fs/data/r34m/logs/ucf_2026-09-21-07-51-21/test/Celeb-DF-v2/data_dict_test.pickle
2026-09-21 08:08:00,569 - INFO - Checkpoint saved to /autodl-fs/data/r34m/logs/ucf_2026-09-21-07-51-21/test/Celeb-DF-v2/ckpt_best.pth, current ckpt is 0+1913
2026-09-21 08:08:00,595 - INFO - Metrics saved to /autodl-fs/data/r34m/logs/ucf_2026-09-21-07-51-21/test/Celeb-DF-v2/metric_dict_best.pickle
2026-09-21 08:08:00,596 - INFO - dataset: Celeb-DF-v2    step: 1913    testing-loss, common: 0.8667955994606018    
2026-09-21 08:08:00,597 - INFO - dataset: Celeb-DF-v2    step: 1913    testing-metric, acc: 0.5158952496954933    testing-metric, auc: 0.7192233672729669    testing-metric, eer: 0.3389679715302491    testing-metric, ap: 0.8194428094885586    testing-metric, video_auc: 0.7777924653007271    testing-metric, acc_real:0.8934163701067616; acc_fake:0.3194444444444444
2026-09-21 08:08:02,310 - INFO - Checkpoint saved to /autodl-fs/data/r34m/logs/ucf_2026-09-21-07-51-21/test/avg/ckpt_best.pth, current ckpt is 0+1913
2026-09-21 08:08:02,330 - INFO - Metrics saved to /autodl-fs/data/r34m/logs/ucf_2026-09-21-07-51-21/test/avg/metric_dict_best.pickle
2026-09-21 08:08:02,331 - INFO - dataset: avg    step: 1913    testing-metric, acc: 0.5158952496954933    testing-metric, auc: 0.7192233672729669    testing-metric, eer: 0.3389679715302491    testing-metric, ap: 0.8194428094885586    testing-metric, video_auc: 0.7777924653007271    
2026-09-21 08:08:02,332 - INFO - ===> Test Done!
2026-09-21 08:08:03,999 - INFO - Step ckpt saved: step_1913.pth
2026-09-21 08:09:34,065 - INFO - Iter: 2100    training-loss, overall: 0.9249944090843201    training-loss, common: 0.39159438014030457    training-loss, specific: 1.0012285709381104    training-loss, reconstruction: 0.48671194911003113    training-loss, contrastive: 5.745275497436523    
2026-09-21 08:09:34,065 - INFO - Iter: 2100    training-metric, acc: 0.82375    training-metric, acc_spe: 0.6317708333333333    training-metric, auc: 0.9052799479166667    training-metric, eer: 0.15625    training-metric, ap: 0.916233963858161    
2026-09-21 08:11:59,700 - INFO - Iter: 2400    training-loss, overall: 0.9083939790725708    training-loss, common: 0.3813852369785309    training-loss, specific: 0.9827476143836975    training-loss, reconstruction: 0.4825681149959564    training-loss, contrastive: 5.67927360534668    
2026-09-21 08:11:59,701 - INFO - Iter: 2400    training-metric, acc: 0.8258333333333333    training-metric, acc_spe: 0.633125    training-metric, auc: 0.9086263020833333    training-metric, eer: 0.16    training-metric, ap: 0.9190773787402112    
2026-09-21 08:14:23,961 - INFO - Iter: 2700    training-loss, overall: 0.8690451979637146    training-loss, common: 0.3636796474456787    training-loss, specific: 0.9470394253730774    training-loss, reconstruction: 0.46593329310417175    training-loss, contrastive: 5.417638301849365    
2026-09-21 08:14:23,961 - INFO - Iter: 2700    training-metric, acc: 0.8391666666666666    training-metric, acc_spe: 0.6539583333333333    training-metric, auc: 0.9174934895833333    training-metric, eer: 0.150625    training-metric, ap: 0.9285924005409826    
2026-09-21 08:15:46,288 - INFO - ===> Test start!
2026-09-21 08:15:46,322 - INFO - data_dict saved to /autodl-fs/data/r34m/logs/ucf_2026-09-21-07-51-21/test/Celeb-DF-v2/data_dict_test.pickle
2026-09-21 08:16:06,605 - INFO - dataset: Celeb-DF-v2    step: 2870    testing-loss, common: 1.4647608995437622    
2026-09-21 08:16:06,607 - INFO - dataset: Celeb-DF-v2    step: 2870    testing-metric, acc: 0.4056029232643118    testing-metric, auc: 0.6417168429550547    testing-metric, eer: 0.40373665480427046    testing-metric, ap: 0.7786340996273173    testing-metric, video_auc: 0.688615333773959    testing-metric, acc_real:0.9747330960854093; acc_fake:0.10944444444444444
2026-09-21 08:16:06,607 - INFO - dataset: avg    step: 2870    testing-metric, acc: 0.4056029232643118    testing-metric, auc: 0.6417168429550547    testing-metric, eer: 0.40373665480427046    testing-metric, ap: 0.7786340996273173    testing-metric, video_auc: 0.688615333773959    
2026-09-21 08:16:06,608 - INFO - ===> Test Done!
2026-09-21 08:16:08,372 - INFO - Step ckpt saved: step_2870.pth
2026-09-21 08:17:10,842 - INFO - Iter: 3000    training-loss, overall: 0.8202034831047058    training-loss, common: 0.35150691866874695    training-loss, specific: 0.9161209464073181    training-loss, reconstruction: 0.44401633739471436    training-loss, contrastive: 4.87759256362915    
2026-09-21 08:17:10,843 - INFO - Iter: 3000    training-metric, acc: 0.8467708333333334    training-metric, acc_spe: 0.6666666666666666    training-metric, auc: 0.9229166666666667    training-metric, eer: 0.13541666666666666    training-metric, ap: 0.933895246379534    
2026-09-21 08:19:36,312 - INFO - Iter: 3300    training-loss, overall: 0.8054249882698059    training-loss, common: 0.3470768630504608    training-loss, specific: 0.8721763491630554    training-loss, reconstruction: 0.4293518662452698    training-loss, contrastive: 4.846487522125244    
2026-09-21 08:19:36,313 - INFO - Iter: 3300    training-metric, acc: 0.8517708333333334    training-metric, acc_spe: 0.6872916666666666    training-metric, auc: 0.9248111979166667    training-metric, eer: 0.13229166666666667    training-metric, ap: 0.9346931635733134    
2026-09-21 08:22:00,737 - INFO - Iter: 3600    training-loss, overall: 0.7684266567230225    training-loss, common: 0.32701629400253296    training-loss, specific: 0.8226566910743713    training-loss, reconstruction: 0.4243866205215454    training-loss, contrastive: 4.6365742683410645    
2026-09-21 08:22:00,737 - INFO - Iter: 3600    training-metric, acc: 0.8545833333333334    training-metric, acc_spe: 0.7097916666666667    training-metric, auc: 0.9328515625    training-metric, eer: 0.12625    training-metric, ap: 0.9422962790575081    
2026-09-21 08:23:50,692 - INFO - ===> Test start!
2026-09-21 08:23:50,724 - INFO - data_dict saved to /autodl-fs/data/r34m/logs/ucf_2026-09-21-07-51-21/test/Celeb-DF-v2/data_dict_test.pickle
2026-09-21 08:24:10,914 - INFO - dataset: Celeb-DF-v2    step: 3827    testing-loss, common: 0.7671344876289368    
2026-09-21 08:24:10,916 - INFO - dataset: Celeb-DF-v2    step: 3827    testing-metric, acc: 0.6068818514007308    testing-metric, auc: 0.6904610682746803    testing-metric, eer: 0.3620996441281139    testing-metric, ap: 0.7910818158737538    testing-metric, video_auc: 0.7531229345670852    testing-metric, acc_real:0.7151245551601424; acc_fake:0.5505555555555556
2026-09-21 08:24:10,916 - INFO - dataset: avg    step: 3827    testing-metric, acc: 0.6068818514007308    testing-metric, auc: 0.6904610682746803    testing-metric, eer: 0.3620996441281139    testing-metric, ap: 0.7910818158737538    testing-metric, video_auc: 0.7531229345670852    
2026-09-21 08:24:10,917 - INFO - ===> Test Done!
2026-09-21 08:24:12,714 - INFO - Step ckpt saved: step_3827.pth
2026-09-21 08:24:48,563 - INFO - Iter: 3900    training-loss, overall: 0.7689056396484375    training-loss, common: 0.33055341243743896    training-loss, specific: 0.8005038499832153    training-loss, reconstruction: 0.4243144989013672    training-loss, contrastive: 4.620156288146973    
2026-09-21 08:24:48,563 - INFO - Iter: 3900    training-metric, acc: 0.8558333333333333    training-metric, acc_spe: 0.7283333333333334    training-metric, auc: 0.9312565104166667    training-metric, eer: 0.12625    training-metric, ap: 0.9410369046165952    
2026-09-21 08:27:15,017 - INFO - Iter: 4200    training-loss, overall: 0.7394852042198181    training-loss, common: 0.3208191394805908    training-loss, specific: 0.7544681429862976    training-loss, reconstruction: 0.4101097285747528    training-loss, contrastive: 4.403721809387207    
2026-09-21 08:27:15,018 - INFO - Iter: 4200    training-metric, acc: 0.8636458333333333    training-metric, acc_spe: 0.7413541666666666    training-metric, auc: 0.9361458333333333    training-metric, eer: 0.12125    training-metric, ap: 0.9464491187941636    
2026-09-21 08:29:39,469 - INFO - Iter: 4500    training-loss, overall: 0.690122663974762    training-loss, common: 0.2974296808242798    training-loss, specific: 0.6984047889709473    training-loss, reconstruction: 0.396762877702713    training-loss, contrastive: 4.076472282409668    
2026-09-21 08:29:39,469 - INFO - Iter: 4500    training-metric, acc: 0.8705208333333333    training-metric, acc_spe: 0.7630208333333334    training-metric, auc: 0.9440690104166667    training-metric, eer: 0.110625    training-metric, ap: 0.951934030395307    
2026-09-21 08:31:56,118 - INFO - ===> Test start!
2026-09-21 08:31:56,153 - INFO - data_dict saved to /autodl-fs/data/r34m/logs/ucf_2026-09-21-07-51-21/test/Celeb-DF-v2/data_dict_test.pickle
2026-09-21 08:32:16,426 - INFO - dataset: Celeb-DF-v2    step: 4784    testing-loss, common: 1.6889052391052246    
2026-09-21 08:32:16,428 - INFO - dataset: Celeb-DF-v2    step: 4784    testing-metric, acc: 0.4063337393422655    testing-metric, auc: 0.6270893221958613    testing-metric, eer: 0.41530249110320283    testing-metric, ap: 0.7616342569447507    testing-metric, video_auc: 0.6754957038995373    testing-metric, acc_real:0.9610320284697509; acc_fake:0.11768518518518518
2026-09-21 08:32:16,428 - INFO - dataset: avg    step: 4784    testing-metric, acc: 0.4063337393422655    testing-metric, auc: 0.6270893221958613    testing-metric, eer: 0.41530249110320283    testing-metric, ap: 0.7616342569447507    testing-metric, video_auc: 0.6754957038995373    
2026-09-21 08:32:16,429 - INFO - ===> Test Done!
2026-09-21 08:32:18,328 - INFO - Step ckpt saved: step_4784.pth
2026-09-21 08:32:26,543 - INFO - Iter: 4800    training-loss, overall: 0.6691029071807861    training-loss, common: 0.29069995880126953    training-loss, specific: 0.6757607460021973    training-loss, reconstruction: 0.3984357416629791    training-loss, contrastive: 3.8259212970733643    
2026-09-21 08:32:26,543 - INFO - Iter: 4800    training-metric, acc: 0.8779166666666667    training-metric, acc_spe: 0.7798958333333333    training-metric, auc: 0.94658203125    training-metric, eer: 0.10770833333333334    training-metric, ap: 0.9548581796863416    
2026-09-21 08:34:50,979 - INFO - Iter: 5100    training-loss, overall: 0.6804019212722778    training-loss, common: 0.29841506481170654    training-loss, specific: 0.6923217177391052    training-loss, reconstruction: 0.388640820980072    training-loss, contrastive: 3.9232540130615234    
2026-09-21 08:34:50,979 - INFO - Iter: 5100    training-metric, acc: 0.8736458333333333    training-metric, acc_spe: 0.7711458333333333    training-metric, auc: 0.94388671875    training-metric, eer: 0.11458333333333333    training-metric, ap: 0.9521838091482823    
2026-09-21 08:37:16,562 - INFO - Iter: 5400    training-loss, overall: 0.6877521276473999    training-loss, common: 0.30016496777534485    training-loss, specific: 0.7005742788314819    training-loss, reconstruction: 0.37266606092453003    training-loss, contrastive: 4.114595890045166    
2026-09-21 08:37:16,562 - INFO - Iter: 5400    training-metric, acc: 0.8725    training-metric, acc_spe: 0.7691666666666667    training-metric, auc: 0.9442122395833333    training-metric, eer: 0.11    training-metric, ap: 0.9510486088633293    
2026-09-21 08:39:43,040 - INFO - Iter: 5700    training-loss, overall: 0.6681627631187439    training-loss, common: 0.28891801834106445    training-loss, specific: 0.6554594039916992    training-loss, reconstruction: 0.3915887475013733    training-loss, contrastive: 3.924441337585449    
2026-09-21 08:39:43,040 - INFO - Iter: 5700    training-metric, acc: 0.8772916666666667    training-metric, acc_spe: 0.7873958333333333    training-metric, auc: 0.9473177083333333    training-metric, eer: 0.10458333333333333    training-metric, ap: 0.9551718993224919    
2026-09-21 08:40:04,145 - INFO - ===> Test start!
2026-09-21 08:40:04,181 - INFO - data_dict saved to /autodl-fs/data/r34m/logs/ucf_2026-09-21-07-51-21/test/Celeb-DF-v2/data_dict_test.pickle
2026-09-21 08:40:24,417 - INFO - dataset: Celeb-DF-v2    step: 5741    testing-loss, common: 1.3251854181289673    
2026-09-21 08:40:24,419 - INFO - dataset: Celeb-DF-v2    step: 5741    testing-metric, acc: 0.538611449451888    testing-metric, auc: 0.687927557005404    testing-metric, eer: 0.36423487544483985    testing-metric, ap: 0.7888822872034852    testing-metric, video_auc: 0.7443489755452742    testing-metric, acc_real:0.8412811387900356; acc_fake:0.3811111111111111
2026-09-21 08:40:24,419 - INFO - dataset: avg    step: 5741    testing-metric, acc: 0.538611449451888    testing-metric, auc: 0.687927557005404    testing-metric, eer: 0.36423487544483985    testing-metric, ap: 0.7888822872034852    testing-metric, video_auc: 0.7443489755452742    
2026-09-21 08:40:24,420 - INFO - ===> Test Done!
2026-09-21 08:40:26,344 - INFO - Step ckpt saved: step_5741.pth
2026-09-21 08:40:27,576 - INFO - ===> Epoch[0] end with testing auc: 
================================ Each dataset best metric ================================ 
| Celeb-DF-v2:  auc=0.7192233672729669 | 
============================================================================================= 
================================== Average best metric ====================================== 
| avg auc: 0.7192233672729669 | 
| Celeb-DF-v2: 0.7192233672729669 | 
=============================================================================================!
2026-09-21 08:40:27,578 - INFO - ===> Epoch[0] end, current lr = 0.000200
2026-09-21 08:40:27,578 - INFO - ===> Epoch[1] start!
2026-09-21 08:40:27,829 - INFO - data_dict saved to /autodl-fs/data/r34m/logs/ucf_2026-09-21-07-51-21/train/FF-F2F,FF-DF,FF-FS,FF-NT/data_dict_train.pickle
2026-09-21 08:40:29,904 - INFO - MEMDBG iter0 start alloc=1.64GB reserved=5.61GB
2026-09-21 08:40:30,808 - INFO - Iter: 5744    training-loss, overall: 0.6316279172897339    training-loss, common: 0.24978119134902954    training-loss, specific: 0.6030717492103577    training-loss, reconstruction: 0.3391276001930237    training-loss, contrastive: 4.396026134490967    
2026-09-21 08:40:30,808 - INFO - Iter: 5744    training-metric, acc: 0.90625    training-metric, acc_spe: 0.78125    training-metric, auc: 0.9609375    training-metric, eer: 0.0625    training-metric, ap: 0.9656096507659008    
2026-09-21 08:40:30,810 - INFO - MEMDBG iter0 end alloc=1.71GB peak=5.22GB
2026-09-21 08:40:30,822 - INFO - MEMDBG iter1 start alloc=1.71GB reserved=5.61GB
2026-09-21 08:40:31,319 - INFO - MEMDBG iter1 end alloc=1.73GB peak=5.22GB
2026-09-21 08:40:31,321 - INFO - MEMDBG iter2 start alloc=1.69GB reserved=5.61GB
2026-09-21 08:40:31,796 - INFO - MEMDBG iter2 end alloc=1.71GB peak=5.22GB
2026-09-21 08:40:31,798 - INFO - MEMDBG iter3 start alloc=1.71GB reserved=5.61GB
2026-09-21 08:40:32,281 - INFO - MEMDBG iter3 end alloc=1.73GB peak=5.22GB
2026-09-21 08:42:54,248 - INFO - Iter: 6044    training-loss, overall: 0.5744684338569641    training-loss, common: 0.2481098771095276    training-loss, specific: 0.5935888290405273    training-loss, reconstruction: 0.3618186414241791    training-loss, contrastive: 3.1690807342529297    
2026-09-21 08:42:54,249 - INFO - Iter: 6044    training-metric, acc: 0.8940625    training-metric, acc_spe: 0.8095833333333333    training-metric, auc: 0.96162109375    training-metric, eer: 0.08708333333333333    training-metric, ap: 0.9672238336045118    
2026-09-21 08:45:20,939 - INFO - Iter: 6344    training-loss, overall: 0.5754365921020508    training-loss, common: 0.25300899147987366    training-loss, specific: 0.5752114653587341    training-loss, reconstruction: 0.356575071811676    training-loss, contrastive: 3.158674955368042    
2026-09-21 08:45:20,939 - INFO - Iter: 6344    training-metric, acc: 0.8925    training-metric, acc_spe: 0.8130208333333333    training-metric, auc: 0.9598502604166667    training-metric, eer: 0.09041666666666667    training-metric, ap: 0.9657846493457691    
2026-09-21 08:47:46,275 - INFO - Iter: 6644    training-loss, overall: 0.5709095597267151    training-loss, common: 0.2505728006362915    training-loss, specific: 0.5617912411689758    training-loss, reconstruction: 0.3488098680973053    training-loss, contrastive: 3.1902945041656494    
2026-09-21 08:47:46,276 - INFO - Iter: 6644    training-metric, acc: 0.8939583333333333    training-metric, acc_spe: 0.8221875    training-metric, auc: 0.9590625    training-metric, eer: 0.089375    training-metric, ap: 0.9651338158669851    
2026-09-21 08:48:12,637 - INFO - ===> Test start!
2026-09-21 08:48:12,673 - INFO - data_dict saved to /autodl-fs/data/r34m/logs/ucf_2026-09-21-07-51-21/test/Celeb-DF-v2/data_dict_test.pickle
2026-09-21 08:48:32,603 - INFO - dataset: Celeb-DF-v2    step: 6698    testing-loss, common: 1.9009571075439453    
2026-09-21 08:48:32,605 - INFO - dataset: Celeb-DF-v2    step: 6698    testing-metric, acc: 0.4218026796589525    testing-metric, auc: 0.6856536509819429    testing-metric, eer: 0.37064056939501777    testing-metric, ap: 0.7948766538700816    testing-metric, video_auc: 0.7456543291473893    testing-metric, acc_real:0.958185053380783; acc_fake:0.1426851851851852
2026-09-21 08:48:32,605 - INFO - dataset: avg    step: 6698    testing-metric, acc: 0.4218026796589525    testing-metric, auc: 0.6856536509819429    testing-metric, eer: 0.37064056939501777    testing-metric, ap: 0.7948766538700816    testing-metric, video_auc: 0.7456543291473893    
2026-09-21 08:48:32,606 - INFO - ===> Test Done!
2026-09-21 08:48:34,446 - INFO - Step ckpt saved: step_6698.pth
2026-09-21 08:50:33,164 - INFO - Iter: 6944    training-loss, overall: 0.5429359674453735    training-loss, common: 0.23520269989967346    training-loss, specific: 0.5612632632255554    training-loss, reconstruction: 0.3418564796447754    training-loss, contrastive: 2.980997085571289    
2026-09-21 08:50:33,164 - INFO - Iter: 6944    training-metric, acc: 0.9028125    training-metric, acc_spe: 0.8205208333333334    training-metric, auc: 0.9651041666666667    training-metric, eer: 0.08229166666666667    training-metric, ap: 0.9704490710668667    
2026-09-21 08:52:58,339 - INFO - Iter: 7244    training-loss, overall: 0.5371840000152588    training-loss, common: 0.23460552096366882    training-loss, specific: 0.533770740032196    training-loss, reconstruction: 0.34400808811187744    training-loss, contrastive: 2.9199740886688232    
2026-09-21 08:52:58,340 - INFO - Iter: 7244    training-metric, acc: 0.8994791666666667    training-metric, acc_spe: 0.8310416666666667    training-metric, auc: 0.9652473958333333    training-metric, eer: 0.08    training-metric, ap: 0.9702354849434762    
2026-09-21 08:55:24,569 - INFO - Iter: 7544    training-loss, overall: 0.5464540123939514    training-loss, common: 0.24206256866455078    training-loss, specific: 0.5492812991142273    training-loss, reconstruction: 0.3411722779273987    training-loss, contrastive: 2.9422354698181152    
2026-09-21 08:55:24,569 - INFO - Iter: 7544    training-metric, acc: 0.8959375    training-metric, acc_spe: 0.8254166666666667    training-metric, auc: 0.9627213541666667    training-metric, eer: 0.08833333333333333    training-metric, ap: 0.9684307834237812    
2026-09-21 08:56:20,285 - INFO - ===> Test start!
2026-09-21 08:56:20,321 - INFO - data_dict saved to /autodl-fs/data/r34m/logs/ucf_2026-09-21-07-51-21/test/Celeb-DF-v2/data_dict_test.pickle
2026-09-21 08:56:40,778 - INFO - dataset: Celeb-DF-v2    step: 7655    testing-loss, common: 1.1627172231674194    
2026-09-21 08:56:40,780 - INFO - dataset: Celeb-DF-v2    step: 7655    testing-metric, acc: 0.5345919610231425    testing-metric, auc: 0.6919173751153289    testing-metric, eer: 0.3596085409252669    testing-metric, ap: 0.7977137175787424    testing-metric, video_auc: 0.7526933245208196    testing-metric, acc_real:0.8405693950177936; acc_fake:0.37537037037037035
2026-09-21 08:56:40,781 - INFO - dataset: avg    step: 7655    testing-metric, acc: 0.5345919610231425    testing-metric, auc: 0.6919173751153289    testing-metric, eer: 0.3596085409252669    testing-metric, ap: 0.7977137175787424    testing-metric, video_auc: 0.7526933245208196    
2026-09-21 08:56:40,782 - INFO - ===> Test Done!
2026-09-21 08:56:42,703 - INFO - Step ckpt saved: step_7655.pth
2026-09-21 08:58:15,560 - INFO - Iter: 7844    training-loss, overall: 0.5279125571250916    training-loss, common: 0.23165985941886902    training-loss, specific: 0.5169985294342041    training-loss, reconstruction: 0.33760765194892883    training-loss, contrastive: 2.8654136657714844    
2026-09-21 08:58:15,560 - INFO - Iter: 7844    training-metric, acc: 0.9033333333333333    training-metric, acc_spe: 0.8319791666666667    training-metric, auc: 0.9658333333333333    training-metric, eer: 0.08104166666666666    training-metric, ap: 0.9708214004198156    
2026-09-21 09:00:41,578 - INFO - Iter: 8144    training-loss, overall: 0.5249764919281006    training-loss, common: 0.23460286855697632    training-loss, specific: 0.52094966173172    training-loss, reconstruction: 0.3281571567058563    training-loss, contrastive: 2.796632766723633    
2026-09-21 09:00:41,578 - INFO - Iter: 8144    training-metric, acc: 0.903125    training-metric, acc_spe: 0.8344791666666667    training-metric, auc: 0.9652408854166666    training-metric, eer: 0.07666666666666666    training-metric, ap: 0.9696356953559025    
2026-09-21 09:03:07,569 - INFO - Iter: 8444    training-loss, overall: 0.5014255046844482    training-loss, common: 0.22039121389389038    training-loss, specific: 0.49085500836372375    training-loss, reconstruction: 0.3290584087371826    training-loss, contrastive: 2.6646246910095215    
2026-09-21 09:03:07,569 - INFO - Iter: 8444    training-metric, acc: 0.9060416666666666    training-metric, acc_spe: 0.845625    training-metric, auc: 0.9690299479166666    training-metric, eer: 0.07958333333333334    training-metric, ap: 0.9727433579762073    
2026-09-21 09:04:29,289 - INFO - ===> Test start!
2026-09-21 09:04:29,325 - INFO - data_dict saved to /autodl-fs/data/r34m/logs/ucf_2026-09-21-07-51-21/test/Celeb-DF-v2/data_dict_test.pickle
2026-09-21 09:04:49,541 - INFO - dataset: Celeb-DF-v2    step: 8612    testing-loss, common: 1.0089057683944702    
2026-09-21 09:04:49,543 - INFO - dataset: Celeb-DF-v2    step: 8612    testing-metric, acc: 0.5953105968331304    testing-metric, auc: 0.7120049014762093    testing-metric, eer: 0.3469750889679715    testing-metric, ap: 0.8153539119318866    testing-metric, video_auc: 0.7789325842696629    testing-metric, acc_real:0.7845195729537366; acc_fake:0.4968518518518519
2026-09-21 09:04:49,543 - INFO - dataset: avg    step: 8612    testing-metric, acc: 0.5953105968331304    testing-metric, auc: 0.7120049014762093    testing-metric, eer: 0.3469750889679715    testing-metric, ap: 0.8153539119318866    testing-metric, video_auc: 0.7789325842696629    
2026-09-21 09:04:49,544 - INFO - ===> Test Done!
2026-09-21 09:04:51,792 - INFO - Step ckpt saved: step_8612.pth
2026-09-21 09:05:56,511 - INFO - Iter: 8744    training-loss, overall: 0.5073352456092834    training-loss, common: 0.2259170114994049    training-loss, specific: 0.4959050714969635    training-loss, reconstruction: 0.3246980309486389    training-loss, contrastive: 2.6883671283721924    
2026-09-21 09:05:56,512 - INFO - Iter: 8744    training-metric, acc: 0.9047916666666667    training-metric, acc_spe: 0.8433333333333334    training-metric, auc: 0.9669075520833333    training-metric, eer: 0.07395833333333333    training-metric, ap: 0.9723387553095955    
2026-09-21 09:08:21,197 - INFO - Iter: 9044    training-loss, overall: 0.49641382694244385    training-loss, common: 0.21968509256839752    training-loss, specific: 0.4920949935913086    training-loss, reconstruction: 0.3240629732608795    training-loss, contrastive: 2.606006622314453    
2026-09-21 09:08:21,197 - INFO - Iter: 9044    training-metric, acc: 0.9098958333333333    training-metric, acc_spe: 0.8446875    training-metric, auc: 0.9693424479166667    training-metric, eer: 0.07416666666666667    training-metric, ap: 0.9735687850140969    
2026-09-21 09:10:48,276 - INFO - Iter: 9344    training-loss, overall: 0.49451687932014465    training-loss, common: 0.21723124384880066    training-loss, specific: 0.48811426758766174    training-loss, reconstruction: 0.316964715719223    training-loss, contrastive: 2.6676933765411377    
2026-09-21 09:10:48,276 - INFO - Iter: 9344    training-metric, acc: 0.9119791666666667    training-metric, acc_spe: 0.84125    training-metric, auc: 0.9697330729166667    training-metric, eer: 0.073125    training-metric, ap: 0.9740384058004898    
2026-09-21 09:12:39,965 - INFO - ===> Test start!
2026-09-21 09:12:39,997 - INFO - data_dict saved to /autodl-fs/data/r34m/logs/ucf_2026-09-21-07-51-21/test/Celeb-DF-v2/data_dict_test.pickle
2026-09-21 09:13:00,465 - INFO - dataset: Celeb-DF-v2    step: 9569    testing-loss, common: 1.3180153369903564    
2026-09-21 09:13:00,467 - INFO - dataset: Celeb-DF-v2    step: 9569    testing-metric, acc: 0.5392204628501827    testing-metric, auc: 0.6820142431132199    testing-metric, eer: 0.3701067615658363    testing-metric, ap: 0.7982435446753484    testing-metric, video_auc: 0.7331460674157304    testing-metric, acc_real:0.8209964412811388; acc_fake:0.3925925925925926
2026-09-21 09:13:00,467 - INFO - dataset: avg    step: 9569    testing-metric, acc: 0.5392204628501827    testing-metric, auc: 0.6820142431132199    testing-metric, eer: 0.3701067615658363    testing-metric, ap: 0.7982435446753484    testing-metric, video_auc: 0.7331460674157304    
2026-09-21 09:13:00,468 - INFO - ===> Test Done!
2026-09-21 09:13:02,750 - INFO - Step ckpt saved: step_9569.pth
2026-09-21 09:13:40,780 - INFO - Iter: 9644    training-loss, overall: 0.47480475902557373    training-loss, common: 0.21147437393665314    training-loss, specific: 0.46123048663139343    training-loss, reconstruction: 0.31480672955513    training-loss, contrastive: 2.455307960510254    
2026-09-21 09:13:40,781 - INFO - Iter: 9644    training-metric, acc: 0.9108333333333334    training-metric, acc_spe: 0.8533333333333334    training-metric, auc: 0.9721223958333334    training-metric, eer: 0.06604166666666667    training-metric, ap: 0.9754726046052896    
2026-09-21 09:16:09,214 - INFO - Iter: 9944    training-loss, overall: 0.4801138937473297    training-loss, common: 0.21341776847839355    training-loss, specific: 0.46839192509651184    training-loss, reconstruction: 0.31557807326316833    training-loss, contrastive: 2.5036699771881104    
2026-09-21 09:16:09,215 - INFO - Iter: 9944    training-metric, acc: 0.91    training-metric, acc_spe: 0.8488541666666667    training-metric, auc: 0.9702994791666667    training-metric, eer: 0.06729166666666667    training-metric, ap: 0.9748158233795249    
2026-09-21 09:18:41,016 - INFO - Iter: 10244    training-loss, overall: 0.4829910397529602    training-loss, common: 0.21416908502578735    training-loss, specific: 0.47789502143859863    training-loss, reconstruction: 0.31077441573143005    training-loss, contrastive: 2.5560035705566406    
2026-09-21 09:18:41,016 - INFO - Iter: 10244    training-metric, acc: 0.9123958333333333    training-metric, acc_spe: 0.8490625    training-metric, auc: 0.970078125    training-metric, eer: 0.070625    training-metric, ap: 0.9742245466875672    
2026-09-21 09:21:06,577 - INFO - ===> Test start!
2026-09-21 09:21:06,609 - INFO - data_dict saved to /autodl-fs/data/r34m/logs/ucf_2026-09-21-07-51-21/test/Celeb-DF-v2/data_dict_test.pickle
2026-09-21 09:21:26,169 - INFO - dataset: Celeb-DF-v2    step: 10526    testing-loss, common: 1.1325500011444092    
2026-09-21 09:21:26,172 - INFO - dataset: Celeb-DF-v2    step: 10526    testing-metric, acc: 0.5657734470158343    testing-metric, auc: 0.6983658890206933    testing-metric, eer: 0.35604982206405694    testing-metric, ap: 0.8088708260178306    testing-metric, video_auc: 0.7638631857237277    testing-metric, acc_real:0.8240213523131673; acc_fake:0.4313888888888889
2026-09-21 09:21:26,173 - INFO - dataset: avg    step: 10526    testing-metric, acc: 0.5657734470158343    testing-metric, auc: 0.6983658890206933    testing-metric, eer: 0.35604982206405694    testing-metric, ap: 0.8088708260178306    testing-metric, video_auc: 0.7638631857237277    
2026-09-21 09:21:26,174 - INFO - ===> Test Done!
2026-09-21 09:21:28,711 - INFO - Step ckpt saved: step_10526.pth
2026-09-21 09:21:37,606 - INFO - Iter: 10544    training-loss, overall: 0.47544822096824646    training-loss, common: 0.21144981682300568    training-loss, specific: 0.46899914741516113    training-loss, reconstruction: 0.3094231188297272    training-loss, contrastive: 2.4854302406311035    
2026-09-21 09:21:37,607 - INFO - Iter: 10544    training-metric, acc: 0.9127083333333333    training-metric, acc_spe: 0.8520833333333333    training-metric, auc: 0.97111328125    training-metric, eer: 0.0675    training-metric, ap: 0.9754121382891972    
2026-09-21 09:24:10,420 - INFO - Iter: 10844    training-loss, overall: 0.47232499718666077    training-loss, common: 0.20907451212406158    training-loss, specific: 0.4662024676799774    training-loss, reconstruction: 0.30799204111099243    training-loss, contrastive: 2.4846549034118652    
2026-09-21 09:24:10,421 - INFO - Iter: 10844    training-metric, acc: 0.9114583333333334    training-metric, acc_spe: 0.85125    training-metric, auc: 0.97150390625    training-metric, eer: 0.06979166666666667    training-metric, ap: 0.9752087249802427    
2026-09-21 09:26:43,643 - INFO - Iter: 11144    training-loss, overall: 0.4487046003341675    training-loss, common: 0.1978694647550583    training-loss, specific: 0.4444328546524048    training-loss, reconstruction: 0.30922824144363403    training-loss, contrastive: 2.272467613220215    
2026-09-21 09:26:43,643 - INFO - Iter: 11144    training-metric, acc: 0.9184375    training-metric, acc_spe: 0.8592708333333333    training-metric, auc: 0.97416015625    training-metric, eer: 0.06625    training-metric, ap: 0.978229333914048    
2026-09-21 09:29:13,573 - INFO - Iter: 11444    training-loss, overall: 0.4566369652748108    training-loss, common: 0.20236845314502716    training-loss, specific: 0.45556604862213135    training-loss, reconstruction: 0.3053283989429474    training-loss, contrastive: 2.342266082763672    
2026-09-21 09:29:13,574 - INFO - Iter: 11444    training-metric, acc: 0.915625    training-metric, acc_spe: 0.85625    training-metric, auc: 0.9733528645833334    training-metric, eer: 0.066875    training-metric, ap: 0.9772093371423699    
2026-09-21 09:29:33,635 - INFO - ===> Test start!
2026-09-21 09:29:33,669 - INFO - data_dict saved to /autodl-fs/data/r34m/logs/ucf_2026-09-21-07-51-21/test/Celeb-DF-v2/data_dict_test.pickle
2026-09-21 09:29:53,324 - INFO - dataset: Celeb-DF-v2    step: 11483    testing-loss, common: 1.775546908378601    
2026-09-21 09:29:53,326 - INFO - dataset: Celeb-DF-v2    step: 11483    testing-metric, acc: 0.447442143727162    testing-metric, auc: 0.696277201133518    testing-metric, eer: 0.35587188612099646    testing-metric, ap: 0.8070050543528511    testing-metric, video_auc: 0.7523132848645077    testing-metric, acc_real:0.9512455516014234; acc_fake:0.1852777777777778
2026-09-21 09:29:53,327 - INFO - dataset: avg    step: 11483    testing-metric, acc: 0.447442143727162    testing-metric, auc: 0.696277201133518    testing-metric, eer: 0.35587188612099646    testing-metric, ap: 0.8070050543528511    testing-metric, video_auc: 0.7523132848645077    
2026-09-21 09:29:53,328 - INFO - ===> Test Done!
2026-09-21 09:29:55,851 - INFO - Step ckpt saved: step_11483.pth
2026-09-21 09:29:58,482 - INFO - ===> Epoch[1] end with testing auc: 
================================ Each dataset best metric ================================ 
| Celeb-DF-v2:  auc=0.7192233672729669 | 
============================================================================================= 
================================== Average best metric ====================================== 
| avg auc: 0.7192233672729669 | 
| Celeb-DF-v2: 0.7192233672729669 | 
=============================================================================================!
2026-09-21 09:29:58,484 - INFO - ===> Epoch[1] end, current lr = 0.000150
2026-09-21 09:29:58,486 - INFO - ===> Epoch[2] start!
2026-09-21 09:29:58,735 - INFO - data_dict saved to /autodl-fs/data/r34m/logs/ucf_2026-09-21-07-51-21/train/FF-F2F,FF-DF,FF-FS,FF-NT/data_dict_train.pickle
2026-09-21 09:30:00,883 - INFO - MEMDBG iter0 start alloc=1.63GB reserved=5.61GB
2026-09-21 09:30:01,753 - INFO - Iter: 11488    training-loss, overall: 0.5040985345840454    training-loss, common: 0.20452021062374115    training-loss, specific: 0.368457555770874    training-loss, reconstruction: 0.35821011662483215    training-loss, contrastive: 3.1053900718688965    
2026-09-21 09:30:01,754 - INFO - Iter: 11488    training-metric, acc: 0.9375    training-metric, acc_spe: 0.90625    training-metric, auc: 0.96484375    training-metric, eer: 0.125    training-metric, ap: 0.9736253196930946    
2026-09-21 09:30:01,757 - INFO - MEMDBG iter0 end alloc=1.71GB peak=5.22GB
2026-09-21 09:30:01,763 - INFO - MEMDBG iter1 start alloc=1.71GB reserved=5.61GB
2026-09-21 09:30:02,279 - INFO - MEMDBG iter1 end alloc=1.74GB peak=5.22GB
2026-09-21 09:30:02,286 - INFO - MEMDBG iter2 start alloc=1.69GB reserved=5.61GB
2026-09-21 09:30:02,782 - INFO - MEMDBG iter2 end alloc=1.71GB peak=5.22GB
2026-09-21 09:30:02,784 - INFO - MEMDBG iter3 start alloc=1.71GB reserved=5.61GB
2026-09-21 09:30:03,282 - INFO - MEMDBG iter3 end alloc=1.73GB peak=5.22GB
2026-09-21 09:32:29,623 - INFO - Iter: 11788    training-loss, overall: 0.36550700664520264    training-loss, common: 0.159108504652977    training-loss, specific: 0.37731224298477173    training-loss, reconstruction: 0.2818535268306732    training-loss, contrastive: 1.6822253465652466    
2026-09-21 09:32:29,624 - INFO - Iter: 11788    training-metric, acc: 0.9336458333333333    training-metric, acc_spe: 0.88375    training-metric, auc: 0.9822005208333333    training-metric, eer: 0.049166666666666664    training-metric, ap: 0.984653880022648    
2026-09-21 09:35:00,027 - INFO - Iter: 12088    training-loss, overall: 0.33819103240966797    training-loss, common: 0.14753936231136322    training-loss, specific: 0.3431757390499115    training-loss, reconstruction: 0.2750888764858246    training-loss, contrastive: 1.4761497974395752    
2026-09-21 09:35:00,028 - INFO - Iter: 12088    training-metric, acc: 0.9388541666666667    training-metric, acc_spe: 0.8933333333333333    training-metric, auc: 0.98416015625    training-metric, eer: 0.04541666666666667    training-metric, ap: 0.9863441103784305    
2026-09-21 09:37:27,073 - INFO - Iter: 12388    training-loss, overall: 0.3513973355293274    training-loss, common: 0.15314681828022003    training-loss, specific: 0.35304346680641174    training-loss, reconstruction: 0.27259767055511475    training-loss, contrastive: 1.6233364343643188    
2026-09-21 09:37:27,073 - INFO - Iter: 12388    training-metric, acc: 0.9365625    training-metric, acc_spe: 0.8913541666666667    training-metric, auc: 0.9838346354166667    training-metric, eer: 0.04895833333333333    training-metric, ap: 0.9855495892542526    
2026-09-21 09:37:53,171 - INFO - ===> Test start!
2026-09-21 09:37:53,205 - INFO - data_dict saved to /autodl-fs/data/r34m/logs/ucf_2026-09-21-07-51-21/test/Celeb-DF-v2/data_dict_test.pickle
2026-09-21 09:38:13,208 - INFO - dataset: Celeb-DF-v2    step: 12440    testing-loss, common: 1.9857242107391357    
2026-09-21 09:38:13,210 - INFO - dataset: Celeb-DF-v2    step: 12440    testing-metric, acc: 0.48471376370280145    testing-metric, auc: 0.6816498533676024    testing-metric, eer: 0.3693950177935943    testing-metric, ap: 0.8026989077692088    testing-metric, video_auc: 0.738780568407138    testing-metric, acc_real:0.9169039145907474; acc_fake:0.25981481481481483
2026-09-21 09:38:13,210 - INFO - dataset: avg    step: 12440    testing-metric, acc: 0.48471376370280145    testing-metric, auc: 0.6816498533676024    testing-metric, eer: 0.3693950177935943    testing-metric, ap: 0.8026989077692088    testing-metric, video_auc: 0.738780568407138    
2026-09-21 09:38:13,211 - INFO - ===> Test Done!
2026-09-21 09:38:15,758 - INFO - Step ckpt saved: step_12440.pth
2026-09-21 09:40:19,153 - INFO - Iter: 12688    training-loss, overall: 0.33162185549736023    training-loss, common: 0.1446751207113266    training-loss, specific: 0.33102110028266907    training-loss, reconstruction: 0.2710250914096832    training-loss, contrastive: 1.4507445096969604    
2026-09-21 09:40:19,154 - INFO - Iter: 12688    training-metric, acc: 0.9383333333333334    training-metric, acc_spe: 0.8939583333333333    training-metric, auc: 0.9853645833333333    training-metric, eer: 0.045    training-metric, ap: 0.9871346065216778    
2026-09-21 09:42:47,687 - INFO - Iter: 12988    training-loss, overall: 0.3395240902900696    training-loss, common: 0.15074829757213593    training-loss, specific: 0.3365004062652588    training-loss, reconstruction: 0.2705877721309662    training-loss, contrastive: 1.4789880514144897    
2026-09-21 09:42:47,687 - INFO - Iter: 12988    training-metric, acc: 0.9357291666666666    training-metric, acc_spe: 0.894375    training-metric, auc: 0.9839192708333333    training-metric, eer: 0.043541666666666666    training-metric, ap: 0.9858106722192483    
2026-09-21 09:45:20,679 - INFO - Iter: 13288    training-loss, overall: 0.32410773634910583    training-loss, common: 0.14025762677192688    training-loss, specific: 0.3212394118309021    training-loss, reconstruction: 0.27204883098602295    training-loss, contrastive: 1.4022319316864014    
2026-09-21 09:45:20,680 - INFO - Iter: 13288    training-metric, acc: 0.9397916666666667    training-metric, acc_spe: 0.8982291666666666    training-metric, auc: 0.9858268229166667    training-metric, eer: 0.03979166666666667    training-metric, ap: 0.9877487091698024    
2026-09-21 09:46:16,053 - INFO - ===> Test start!
2026-09-21 09:46:16,086 - INFO - data_dict saved to /autodl-fs/data/r34m/logs/ucf_2026-09-21-07-51-21/test/Celeb-DF-v2/data_dict_test.pickle
2026-09-21 09:46:35,680 - INFO - dataset: Celeb-DF-v2    step: 13397    testing-loss, common: 1.8665212392807007    
2026-09-21 09:46:35,682 - INFO - dataset: Celeb-DF-v2    step: 13397    testing-metric, acc: 0.49981729598051156    testing-metric, auc: 0.6821144803611441    testing-metric, eer: 0.3702846975088968    testing-metric, ap: 0.798643037574968    testing-metric, video_auc: 0.7375413086582947    testing-metric, acc_real:0.8823843416370106; acc_fake:0.30074074074074075
2026-09-21 09:46:35,683 - INFO - dataset: avg    step: 13397    testing-metric, acc: 0.49981729598051156    testing-metric, auc: 0.6821144803611441    testing-metric, eer: 0.3702846975088968    testing-metric, ap: 0.798643037574968    testing-metric, video_auc: 0.7375413086582947    
2026-09-21 09:46:35,683 - INFO - ===> Test Done!
2026-09-21 09:46:38,173 - INFO - Step ckpt saved: step_13397.pth
2026-09-21 09:48:13,697 - INFO - Iter: 13588    training-loss, overall: 0.3116658627986908    training-loss, common: 0.13324908912181854    training-loss, specific: 0.31098344922065735    training-loss, reconstruction: 0.27195772528648376    training-loss, contrastive: 1.3146218061447144    
2026-09-21 09:48:13,697 - INFO - Iter: 13588    training-metric, acc: 0.9436458333333333    training-metric, acc_spe: 0.8975    training-metric, auc: 0.9872395833333333    training-metric, eer: 0.035625    training-metric, ap: 0.9887926232142619    
2026-09-21 09:50:44,032 - INFO - Iter: 13888    training-loss, overall: 0.3278824985027313    training-loss, common: 0.14069774746894836    training-loss, specific: 0.33569401502609253    training-loss, reconstruction: 0.27042514085769653    training-loss, contrastive: 1.4497617483139038    
2026-09-21 09:50:44,033 - INFO - Iter: 13888    training-metric, acc: 0.93625    training-metric, acc_spe: 0.8923958333333334    training-metric, auc: 0.9859049479166667    training-metric, eer: 0.04604166666666667    training-metric, ap: 0.9871643185899217    
2026-09-21 09:53:13,208 - INFO - Iter: 14188    training-loss, overall: 0.3157316744327545    training-loss, common: 0.1351781040430069    training-loss, specific: 0.3239535987377167    training-loss, reconstruction: 0.2688143849372864    training-loss, contrastive: 1.3502782583236694    
2026-09-21 09:53:13,208 - INFO - Iter: 14188    training-metric, acc: 0.9457291666666666    training-metric, acc_spe: 0.8972916666666667    training-metric, auc: 0.9865755208333333    training-metric, eer: 0.036041666666666666    training-metric, ap: 0.9885761851554292    
2026-09-21 09:54:35,971 - INFO - ===> Test start!
2026-09-21 09:54:36,006 - INFO - data_dict saved to /autodl-fs/data/r34m/logs/ucf_2026-09-21-07-51-21/test/Celeb-DF-v2/data_dict_test.pickle
2026-09-21 09:54:55,505 - INFO - dataset: Celeb-DF-v2    step: 14354    testing-loss, common: 1.9629143476486206    
2026-09-21 09:54:55,507 - INFO - dataset: Celeb-DF-v2    step: 14354    testing-metric, acc: 0.46656516443361756    testing-metric, auc: 0.6967182104257281    testing-metric, eer: 0.3556939501779359    testing-metric, ap: 0.8096778040600761    testing-metric, video_auc: 0.7554857898215466    testing-metric, acc_real:0.9364768683274022; acc_fake:0.22203703703703703
2026-09-21 09:54:55,508 - INFO - dataset: avg    step: 14354    testing-metric, acc: 0.46656516443361756    testing-metric, auc: 0.6967182104257281    testing-metric, eer: 0.3556939501779359    testing-metric, ap: 0.8096778040600761    testing-metric, video_auc: 0.7554857898215466    
2026-09-21 09:54:55,508 - INFO - ===> Test Done!
2026-09-21 09:54:58,106 - INFO - Step ckpt saved: step_14354.pth
2026-09-21 09:56:03,754 - INFO - Iter: 14488    training-loss, overall: 0.3195122182369232    training-loss, common: 0.13874508440494537    training-loss, specific: 0.3242625892162323    training-loss, reconstruction: 0.2669193148612976    training-loss, contrastive: 1.3653030395507812    
2026-09-21 09:56:03,754 - INFO - Iter: 14488    training-metric, acc: 0.9408333333333333    training-metric, acc_spe: 0.8933333333333333    training-metric, auc: 0.98611328125    training-metric, eer: 0.042083333333333334    training-metric, ap: 0.9882518346413957    
2026-09-21 09:58:32,061 - INFO - Iter: 14788    training-loss, overall: 0.3033047914505005    training-loss, common: 0.1304168999195099    training-loss, specific: 0.30458712577819824    training-loss, reconstruction: 0.2705082595348358    training-loss, contrastive: 1.2255340814590454    
2026-09-21 09:58:32,062 - INFO - Iter: 14788    training-metric, acc: 0.9454166666666667    training-metric, acc_spe: 0.9017708333333333    training-metric, auc: 0.9876627604166667    training-metric, eer: 0.035208333333333335    training-metric, ap: 0.9893706479874212    
2026-09-21 10:00:59,067 - INFO - Iter: 15088    training-loss, overall: 0.2962271571159363    training-loss, common: 0.12511487305164337    training-loss, specific: 0.2982925474643707    training-loss, reconstruction: 0.2657758295536041    training-loss, contrastive: 1.2310051918029785    
2026-09-21 10:00:59,068 - INFO - Iter: 15088    training-metric, acc: 0.9471875    training-metric, acc_spe: 0.9041666666666667    training-metric, auc: 0.988671875    training-metric, eer: 0.035416666666666666    training-metric, ap: 0.9900368236831449    
2026-09-21 10:02:50,139 - INFO - ===> Test start!
2026-09-21 10:02:50,175 - INFO - data_dict saved to /autodl-fs/data/r34m/logs/ucf_2026-09-21-07-51-21/test/Celeb-DF-v2/data_dict_test.pickle
2026-09-21 10:03:10,487 - INFO - dataset: Celeb-DF-v2    step: 15311    testing-loss, common: 1.7023561000823975    
2026-09-21 10:03:10,490 - INFO - dataset: Celeb-DF-v2    step: 15311    testing-metric, acc: 0.5161997563946407    testing-metric, auc: 0.6822564089890601    testing-metric, eer: 0.3701067615658363    testing-metric, ap: 0.8048425313796324    testing-metric, video_auc: 0.7432749504296099    testing-metric, acc_real:0.8852313167259787; acc_fake:0.32416666666666666
2026-09-21 10:03:10,491 - INFO - dataset: avg    step: 15311    testing-metric, acc: 0.5161997563946407    testing-metric, auc: 0.6822564089890601    testing-metric, eer: 0.3701067615658363    testing-metric, ap: 0.8048425313796324    testing-metric, video_auc: 0.7432749504296099    
2026-09-21 10:03:10,492 - INFO - ===> Test Done!
2026-09-21 10:03:13,173 - INFO - Step ckpt saved: step_15311.pth
2026-09-21 10:03:52,774 - INFO - Iter: 15388    training-loss, overall: 0.29994863271713257    training-loss, common: 0.12867996096611023    training-loss, specific: 0.30877044796943665    training-loss, reconstruction: 0.2645300626754761    training-loss, contrastive: 1.2206522226333618    
2026-09-21 10:03:52,776 - INFO - Iter: 15388    training-metric, acc: 0.9451041666666666    training-metric, acc_spe: 0.9052083333333333    training-metric, auc: 0.9878776041666667    training-metric, eer: 0.036875    training-metric, ap: 0.9892849151554483    
2026-09-21 10:06:30,014 - INFO - Iter: 15688    training-loss, overall: 0.30987244844436646    training-loss, common: 0.1364130824804306    training-loss, specific: 0.30973008275032043    training-loss, reconstruction: 0.262572318315506    training-loss, contrastive: 1.2742966413497925    
2026-09-21 10:06:30,015 - INFO - Iter: 15688    training-metric, acc: 0.944375    training-metric, acc_spe: 0.9010416666666666    training-metric, auc: 0.9858333333333333    training-metric, eer: 0.03958333333333333    training-metric, ap: 0.9876359582416538    
2026-09-21 10:09:03,486 - INFO - Iter: 15988    training-loss, overall: 0.3064829409122467    training-loss, common: 0.13209444284439087    training-loss, specific: 0.3180140554904938    training-loss, reconstruction: 0.26384609937667847    training-loss, contrastive: 1.2686692476272583    
2026-09-21 10:09:03,487 - INFO - Iter: 15988    training-metric, acc: 0.9422916666666666    training-metric, acc_spe: 0.8963541666666667    training-metric, auc: 0.9871549479166667    training-metric, eer: 0.03666666666666667    training-metric, ap: 0.9889092020293685    
2026-09-21 10:11:25,578 - INFO - ===> Test start!
2026-09-21 10:11:25,615 - INFO - data_dict saved to /autodl-fs/data/r34m/logs/ucf_2026-09-21-07-51-21/test/Celeb-DF-v2/data_dict_test.pickle
2026-09-21 10:11:46,094 - INFO - dataset: Celeb-DF-v2    step: 16268    testing-loss, common: 1.5470961332321167    
2026-09-21 10:11:46,097 - INFO - dataset: Celeb-DF-v2    step: 16268    testing-metric, acc: 0.5482338611449452    testing-metric, auc: 0.6948705680769738    testing-metric, eer: 0.3617437722419929    testing-metric, ap: 0.8123321590835879    testing-metric, video_auc: 0.7586748182419034    testing-metric, acc_real:0.8537366548042704; acc_fake:0.38925925925925925
2026-09-21 10:11:46,098 - INFO - dataset: avg    step: 16268    testing-metric, acc: 0.5482338611449452    testing-metric, auc: 0.6948705680769738    testing-metric, eer: 0.3617437722419929    testing-metric, ap: 0.8123321590835879    testing-metric, video_auc: 0.7586748182419034    
2026-09-21 10:11:46,098 - INFO - ===> Test Done!
2026-09-21 10:11:48,779 - INFO - Step ckpt saved: step_16268.pth
2026-09-21 10:11:58,811 - INFO - Iter: 16288    training-loss, overall: 0.30020058155059814    training-loss, common: 0.1309548169374466    training-loss, specific: 0.29991665482521057    training-loss, reconstruction: 0.2645200788974762    training-loss, contrastive: 1.1979607343673706    
2026-09-21 10:11:58,812 - INFO - Iter: 16288    training-metric, acc: 0.9435416666666666    training-metric, acc_spe: 0.90125    training-metric, auc: 0.98716796875    training-metric, eer: 0.03854166666666667    training-metric, ap: 0.98857681515902    
2026-09-21 10:14:31,425 - INFO - Iter: 16588    training-loss, overall: 0.29509031772613525    training-loss, common: 0.12771907448768616    training-loss, specific: 0.2978071868419647    training-loss, reconstruction: 0.26119983196258545    training-loss, contrastive: 1.1846133470535278    
2026-09-21 10:14:31,426 - INFO - Iter: 16588    training-metric, acc: 0.9453125    training-metric, acc_spe: 0.9059375    training-metric, auc: 0.9883333333333333    training-metric, eer: 0.036458333333333336    training-metric, ap: 0.9893690985461444    
2026-09-21 10:17:02,318 - INFO - Iter: 16888    training-loss, overall: 0.2814315855503082    training-loss, common: 0.11858464777469635    training-loss, specific: 0.28550663590431213    training-loss, reconstruction: 0.26246586441993713    training-loss, contrastive: 1.1111332178115845    
2026-09-21 10:17:02,319 - INFO - Iter: 16888    training-metric, acc: 0.9508333333333333    training-metric, acc_spe: 0.9095833333333333    training-metric, auc: 0.9896354166666667    training-metric, eer: 0.030416666666666668    training-metric, ap: 0.9909034151887518    
2026-09-21 10:19:33,667 - INFO - Iter: 17188    training-loss, overall: 0.3027411103248596    training-loss, common: 0.13084915280342102    training-loss, specific: 0.30192726850509644    training-loss, reconstruction: 0.2626846134662628    training-loss, contrastive: 1.2578786611557007    
2026-09-21 10:19:33,668 - INFO - Iter: 17188    training-metric, acc: 0.9434375    training-metric, acc_spe: 0.9035416666666667    training-metric, auc: 0.9873177083333333    training-metric, eer: 0.03729166666666667    training-metric, ap: 0.9886227776634022    
2026-09-21 10:19:53,199 - INFO - ===> Test start!
2026-09-21 10:19:53,233 - INFO - data_dict saved to /autodl-fs/data/r34m/logs/ucf_2026-09-21-07-51-21/test/Celeb-DF-v2/data_dict_test.pickle
2026-09-21 10:20:14,338 - INFO - dataset: Celeb-DF-v2    step: 17225    testing-loss, common: 1.8511396646499634    
2026-09-21 10:20:14,339 - INFO - dataset: Celeb-DF-v2    step: 17225    testing-metric, acc: 0.5174177831912302    testing-metric, auc: 0.6960039129431923    testing-metric, eer: 0.36263345195729535    testing-metric, ap: 0.811803149829831    testing-metric, video_auc: 0.7488433575677462    testing-metric, acc_real:0.892526690391459; acc_fake:0.32222222222222224
2026-09-21 10:20:14,340 - INFO - dataset: avg    step: 17225    testing-metric, acc: 0.5174177831912302    testing-metric, auc: 0.6960039129431923    testing-metric, eer: 0.36263345195729535    testing-metric, ap: 0.811803149829831    testing-metric, video_auc: 0.7488433575677462    
2026-09-21 10:20:14,341 - INFO - ===> Test Done!
2026-09-21 10:20:16,981 - INFO - Step ckpt saved: step_17225.pth
2026-09-21 10:20:20,202 - INFO - ===> Epoch[2] end with testing auc: 
================================ Each dataset best metric ================================ 
| Celeb-DF-v2:  auc=0.7192233672729669 | 
============================================================================================= 
================================== Average best metric ====================================== 
| avg auc: 0.7192233672729669 | 
| Celeb-DF-v2: 0.7192233672729669 | 
=============================================================================================!
2026-09-21 10:20:20,204 - INFO - ===> Epoch[2] end, current lr = 0.000051
2026-09-21 10:20:20,206 - INFO - ===> Epoch[3] start!
2026-09-21 10:20:20,450 - INFO - data_dict saved to /autodl-fs/data/r34m/logs/ucf_2026-09-21-07-51-21/train/FF-F2F,FF-DF,FF-FS,FF-NT/data_dict_train.pickle
2026-09-21 10:20:22,589 - INFO - MEMDBG iter0 start alloc=1.63GB reserved=5.61GB
2026-09-21 10:20:23,422 - INFO - ===> SWA window open at step 17232 (len=5744 = 1 epochs x 5744, w=0.0625,0.125,0.25,0.5,1)
2026-09-21 10:20:24,060 - INFO - ===> probe batch captured: image(32, 3, 256, 256), label(32,), label_spe(32,)
2026-09-21 10:20:25,192 - INFO - Iter: 17232    training-loss, overall: 0.2841094434261322    training-loss, common: 0.11697778105735779    training-loss, specific: 0.2039586454629898    training-loss, reconstruction: 0.2703273892402649    training-loss, contrastive: 1.3127515316009521    
2026-09-21 10:20:25,193 - INFO - Iter: 17232    training-metric, acc: 0.9375    training-metric, acc_spe: 0.9375    training-metric, auc: 0.9921875    training-metric, eer: 0.0    training-metric, ap: 0.9930555555555556    
2026-09-21 10:20:25,194 - INFO - MEMDBG iter0 end alloc=1.73GB peak=5.22GB
2026-09-21 10:20:25,196 - INFO - MEMDBG iter1 start alloc=1.73GB reserved=5.61GB
2026-09-21 10:20:25,748 - INFO - MEMDBG iter1 end alloc=1.94GB peak=5.25GB
2026-09-21 10:20:25,752 - INFO - MEMDBG iter2 start alloc=1.89GB reserved=5.61GB
2026-09-21 10:20:26,265 - INFO - MEMDBG iter2 end alloc=1.92GB peak=5.40GB
2026-09-21 10:20:26,271 - INFO - MEMDBG iter3 start alloc=1.92GB reserved=5.76GB
2026-09-21 10:20:26,789 - INFO - MEMDBG iter3 end alloc=1.94GB peak=5.43GB
2026-09-21 10:23:05,976 - INFO - Iter: 17532    training-loss, overall: 0.2809755206108093    training-loss, common: 0.11983514577150345    training-loss, specific: 0.284870445728302    training-loss, reconstruction: 0.24972249567508698    training-loss, contrastive: 1.1547296047210693    
2026-09-21 10:23:05,977 - INFO - Iter: 17532    training-metric, acc: 0.9448958333333334    training-metric, acc_spe: 0.9084375    training-metric, auc: 0.9894010416666666    training-metric, eer: 0.035416666666666666    training-metric, ap: 0.99028507961762    
2026-09-21 10:25:43,985 - INFO - Iter: 17832    training-loss, overall: 0.2734189033508301    training-loss, common: 0.11726903915405273    training-loss, specific: 0.2818472981452942    training-loss, reconstruction: 0.24740704894065857    training-loss, contrastive: 1.0748618841171265    
2026-09-21 10:25:43,986 - INFO - Iter: 17832    training-metric, acc: 0.9495833333333333    training-metric, acc_spe: 0.9070833333333334    training-metric, auc: 0.9904427083333334    training-metric, eer: 0.031041666666666665    training-metric, ap: 0.991398915191136    
2026-09-21 10:28:22,873 - INFO - Iter: 18132    training-loss, overall: 0.2601521611213684    training-loss, common: 0.10891172289848328    training-loss, specific: 0.264019250869751    training-loss, reconstruction: 0.24600057303905487    training-loss, contrastive: 1.020768165588379    
2026-09-21 10:28:22,874 - INFO - Iter: 18132    training-metric, acc: 0.9544791666666667    training-metric, acc_spe: 0.9141666666666667    training-metric, auc: 0.9916536458333334    training-metric, eer: 0.025    training-metric, ap: 0.9923670295738526    
2026-09-21 10:28:49,449 - INFO - ===> Test start!
2026-09-21 10:28:49,482 - INFO - data_dict saved to /autodl-fs/data/r34m/logs/ucf_2026-09-21-07-51-21/test/Celeb-DF-v2/data_dict_test.pickle
2026-09-21 10:29:09,744 - INFO - dataset: Celeb-DF-v2    step: 18182    testing-loss, common: 1.7976658344268799    
2026-09-21 10:29:09,746 - INFO - dataset: Celeb-DF-v2    step: 18182    testing-metric, acc: 0.5198538367844092    testing-metric, auc: 0.7029877586661395    testing-metric, eer: 0.3588967971530249    testing-metric, ap: 0.8157632481682868    testing-metric, video_auc: 0.7571381361533376    testing-metric, acc_real:0.8905693950177936; acc_fake:0.3269444444444444
2026-09-21 10:29:09,746 - INFO - dataset: avg    step: 18182    testing-metric, acc: 0.5198538367844092    testing-metric, auc: 0.7029877586661395    testing-metric, eer: 0.3588967971530249    testing-metric, ap: 0.8157632481682868    testing-metric, video_auc: 0.7571381361533376    
2026-09-21 10:29:09,747 - INFO - ===> Test Done!
2026-09-21 10:29:12,413 - INFO - Step ckpt saved: step_18182.pth
2026-09-21 10:31:22,473 - INFO - Iter: 18432    training-loss, overall: 0.27685418725013733    training-loss, common: 0.11871835589408875    training-loss, specific: 0.27216169238090515    training-loss, reconstruction: 0.24554874002933502    training-loss, contrastive: 1.1451011896133423    
2026-09-21 10:31:22,474 - INFO - Iter: 18432    training-metric, acc: 0.9472916666666666    training-metric, acc_spe: 0.9090625    training-metric, auc: 0.9896549479166666    training-metric, eer: 0.035208333333333335    training-metric, ap: 0.9905593429298466    
2026-09-21 10:33:58,993 - INFO - Iter: 18732    training-loss, overall: 0.2634337842464447    training-loss, common: 0.11312896013259888    training-loss, specific: 0.25993937253952026    training-loss, reconstruction: 0.2456086277961731    training-loss, contrastive: 1.0125645399093628    
2026-09-21 10:33:58,994 - INFO - Iter: 18732    training-metric, acc: 0.9501041666666666    training-metric, acc_spe: 0.9161458333333333    training-metric, auc: 0.9906184895833333    training-metric, eer: 0.03166666666666667    training-metric, ap: 0.9914285617996295    
2026-09-21 10:36:34,900 - INFO - Iter: 19032    training-loss, overall: 0.24859248101711273    training-loss, common: 0.10218149423599243    training-loss, specific: 0.26591208577156067    training-loss, reconstruction: 0.24571236968040466    training-loss, contrastive: 0.9221222996711731    
2026-09-21 10:36:34,900 - INFO - Iter: 19032    training-metric, acc: 0.9517708333333333    training-metric, acc_spe: 0.9119791666666667    training-metric, auc: 0.9921354166666667    training-metric, eer: 0.030625    training-metric, ap: 0.9925559676047739    
2026-09-21 10:37:29,641 - INFO - ===> Test start!
2026-09-21 10:37:29,679 - INFO - data_dict saved to /autodl-fs/data/r34m/logs/ucf_2026-09-21-07-51-21/test/Celeb-DF-v2/data_dict_test.pickle
2026-09-21 10:37:49,689 - INFO - dataset: Celeb-DF-v2    step: 19139    testing-loss, common: 1.906008005142212    
2026-09-21 10:37:49,691 - INFO - dataset: Celeb-DF-v2    step: 19139    testing-metric, acc: 0.5146163215590743    testing-metric, auc: 0.7024136434031897    testing-metric, eer: 0.3594306049822064    testing-metric, ap: 0.8146398133994021    testing-metric, video_auc: 0.7562954395241243    testing-metric, acc_real:0.8944839857651246; acc_fake:0.3169444444444444
2026-09-21 10:37:49,691 - INFO - dataset: avg    step: 19139    testing-metric, acc: 0.5146163215590743    testing-metric, auc: 0.7024136434031897    testing-metric, eer: 0.3594306049822064    testing-metric, ap: 0.8146398133994021    testing-metric, video_auc: 0.7562954395241243    
2026-09-21 10:37:49,692 - INFO - ===> Test Done!
2026-09-21 10:37:52,388 - INFO - Step ckpt saved: step_19139.pth
2026-09-21 10:39:33,887 - INFO - Iter: 19332    training-loss, overall: 0.25672855973243713    training-loss, common: 0.1085505411028862    training-loss, specific: 0.26581186056137085    training-loss, reconstruction: 0.24459196627140045    training-loss, contrastive: 0.9643852710723877    
2026-09-21 10:39:33,887 - INFO - Iter: 19332    training-metric, acc: 0.9517708333333333    training-metric, acc_spe: 0.9101041666666667    training-metric, auc: 0.9921223958333333    training-metric, eer: 0.029583333333333333    training-metric, ap: 0.9926157373297574    
2026-09-21 10:42:11,300 - INFO - Iter: 19632    training-loss, overall: 0.25166887044906616    training-loss, common: 0.1038333997130394    training-loss, specific: 0.26349252462387085    training-loss, reconstruction: 0.2458535134792328    training-loss, contrastive: 0.9546017646789551    
2026-09-21 10:42:11,301 - INFO - Iter: 19632    training-metric, acc: 0.9520833333333333    training-metric, acc_spe: 0.9134375    training-metric, auc: 0.991953125    training-metric, eer: 0.029375    training-metric, ap: 0.9925643469249004    
2026-09-21 10:44:48,888 - INFO - Iter: 19932    training-loss, overall: 0.25535956025123596    training-loss, common: 0.10562614351511002    training-loss, specific: 0.26327967643737793    training-loss, reconstruction: 0.24464775621891022    training-loss, contrastive: 1.0002228021621704    
2026-09-21 10:44:48,889 - INFO - Iter: 19932    training-metric, acc: 0.9526041666666667    training-metric, acc_spe: 0.9157291666666667    training-metric, auc: 0.9915104166666666    training-metric, eer: 0.029583333333333333    training-metric, ap: 0.9922885015914109    
2026-09-21 10:46:14,688 - INFO - ===> Test start!
2026-09-21 10:46:14,724 - INFO - data_dict saved to /autodl-fs/data/r34m/logs/ucf_2026-09-21-07-51-21/test/Celeb-DF-v2/data_dict_test.pickle
2026-09-21 10:46:34,921 - INFO - dataset: Celeb-DF-v2    step: 20096    testing-loss, common: 1.7764872312545776    
2026-09-21 10:46:34,923 - INFO - dataset: Celeb-DF-v2    step: 20096    testing-metric, acc: 0.5417174177831913    testing-metric, auc: 0.7053740197047581    testing-metric, eer: 0.35640569395017796    testing-metric, ap: 0.8178177561287336    testing-metric, video_auc: 0.7606080634500991    testing-metric, acc_real:0.8724199288256228; acc_fake:0.36962962962962964
2026-09-21 10:46:34,923 - INFO - dataset: avg    step: 20096    testing-metric, acc: 0.5417174177831913    testing-metric, auc: 0.7053740197047581    testing-metric, eer: 0.35640569395017796    testing-metric, ap: 0.8178177561287336    testing-metric, video_auc: 0.7606080634500991    
2026-09-21 10:46:34,924 - INFO - ===> Test Done!
2026-09-21 10:46:37,734 - INFO - Step ckpt saved: step_20096.pth
2026-09-21 10:47:52,378 - INFO - Iter: 20232    training-loss, overall: 0.2605486512184143    training-loss, common: 0.11002648621797562    training-loss, specific: 0.2660365104675293    training-loss, reconstruction: 0.24523335695266724    training-loss, contrastive: 1.0069701671600342    
2026-09-21 10:47:52,378 - INFO - Iter: 20232    training-metric, acc: 0.9508333333333333    training-metric, acc_spe: 0.91125    training-metric, auc: 0.9906640625    training-metric, eer: 0.03145833333333333    training-metric, ap: 0.9916257137309915    
2026-09-21 10:50:37,886 - INFO - Iter: 20532    training-loss, overall: 0.2654895484447479    training-loss, common: 0.1147233247756958    training-loss, specific: 0.26743486523628235    training-loss, reconstruction: 0.24412629008293152    training-loss, contrastive: 1.015696406364441    
2026-09-21 10:50:37,887 - INFO - Iter: 20532    training-metric, acc: 0.9496875    training-metric, acc_spe: 0.9142708333333334    training-metric, auc: 0.9899088541666666    training-metric, eer: 0.034583333333333334    training-metric, ap: 0.9907846374926564    
2026-09-21 10:53:20,876 - INFO - Iter: 20832    training-loss, overall: 0.2441972941160202    training-loss, common: 0.09966591000556946    training-loss, specific: 0.2621331214904785    training-loss, reconstruction: 0.24481099843978882    training-loss, contrastive: 0.8974945545196533    
2026-09-21 10:53:20,877 - INFO - Iter: 20832    training-metric, acc: 0.9541666666666667    training-metric, acc_spe: 0.9170833333333334    training-metric, auc: 0.9923177083333333    training-metric, eer: 0.029583333333333333    training-metric, ap: 0.9930403529199057    
2026-09-21 10:55:19,153 - INFO - ===> Test start!
2026-09-21 10:55:19,189 - INFO - data_dict saved to /autodl-fs/data/r34m/logs/ucf_2026-09-21-07-51-21/test/Celeb-DF-v2/data_dict_test.pickle
2026-09-21 10:55:39,402 - INFO - dataset: Celeb-DF-v2    step: 21053    testing-loss, common: 1.969124674797058    
2026-09-21 10:55:39,405 - INFO - dataset: Celeb-DF-v2    step: 21053    testing-metric, acc: 0.5194884287454324    testing-metric, auc: 0.7058194691577699    testing-metric, eer: 0.35551601423487544    testing-metric, ap: 0.8175361038604019    testing-metric, video_auc: 0.7609881031064111    testing-metric, acc_real:0.8955516014234876; acc_fake:0.3237962962962963
2026-09-21 10:55:39,405 - INFO - dataset: avg    step: 21053    testing-metric, acc: 0.5194884287454324    testing-metric, auc: 0.7058194691577699    testing-metric, eer: 0.35551601423487544    testing-metric, ap: 0.8175361038604019    testing-metric, video_auc: 0.7609881031064111    
2026-09-21 10:55:39,406 - INFO - ===> Test Done!
2026-09-21 10:55:42,288 - INFO - Step ckpt saved: step_21053.pth
2026-09-21 10:56:26,190 - INFO - Iter: 21132    training-loss, overall: 0.23638339340686798    training-loss, common: 0.09762846678495407    training-loss, specific: 0.2489180564880371    training-loss, reconstruction: 0.24505987763404846    training-loss, contrastive: 0.8069026470184326    
2026-09-21 10:56:26,190 - INFO - Iter: 21132    training-metric, acc: 0.9558333333333333    training-metric, acc_spe: 0.9171875    training-metric, auc: 0.9924544270833333    training-metric, eer: 0.025625    training-metric, ap: 0.9930110907592747    
2026-09-21 10:59:10,276 - INFO - Iter: 21432    training-loss, overall: 0.2503111958503723    training-loss, common: 0.10465097427368164    training-loss, specific: 0.26090580224990845    training-loss, reconstruction: 0.2436784952878952    training-loss, contrastive: 0.9293192028999329    
2026-09-21 10:59:10,277 - INFO - Iter: 21432    training-metric, acc: 0.9527083333333334    training-metric, acc_spe: 0.915625    training-metric, auc: 0.9918098958333333    training-metric, eer: 0.026041666666666668    training-metric, ap: 0.9924092465792939    
2026-09-21 11:01:53,493 - INFO - Iter: 21732    training-loss, overall: 0.24387164413928986    training-loss, common: 0.10163408517837524    training-loss, specific: 0.25341007113456726    training-loss, reconstruction: 0.24413976073265076    training-loss, contrastive: 0.8730903267860413    
2026-09-21 11:01:53,493 - INFO - Iter: 21732    training-metric, acc: 0.9553125    training-metric, acc_spe: 0.918125    training-metric, auc: 0.99212890625    training-metric, eer: 0.025625    training-metric, ap: 0.9928006532287471    
2026-09-21 11:04:26,479 - INFO - ===> Test start!
2026-09-21 11:04:26,516 - INFO - data_dict saved to /autodl-fs/data/r34m/logs/ucf_2026-09-21-07-51-21/test/Celeb-DF-v2/data_dict_test.pickle
2026-09-21 11:04:47,129 - INFO - dataset: Celeb-DF-v2    step: 22010    testing-loss, common: 2.0737192630767822    
2026-09-21 11:04:47,131 - INFO - dataset: Celeb-DF-v2    step: 22010    testing-metric, acc: 0.5082825822168088    testing-metric, auc: 0.7040067632133914    testing-metric, eer: 0.3562277580071174    testing-metric, ap: 0.816409654948914    testing-metric, video_auc: 0.7596001321877066    testing-metric, acc_real:0.9064056939501779; acc_fake:0.3011111111111111
2026-09-21 11:04:47,132 - INFO - dataset: avg    step: 22010    testing-metric, acc: 0.5082825822168088    testing-metric, auc: 0.7040067632133914    testing-metric, eer: 0.3562277580071174    testing-metric, ap: 0.816409654948914    testing-metric, video_auc: 0.7596001321877066    
2026-09-21 11:04:47,133 - INFO - ===> Test Done!
2026-09-21 11:04:49,796 - INFO - Step ckpt saved: step_22010.pth
2026-09-21 11:05:04,090 - INFO - Iter: 22032    training-loss, overall: 0.25798726081848145    training-loss, common: 0.11044098436832428    training-loss, specific: 0.26250404119491577    training-loss, reconstruction: 0.24362441897392273    training-loss, contrastive: 0.9641704559326172    
2026-09-21 11:05:04,090 - INFO - Iter: 22032    training-metric, acc: 0.9520833333333333    training-metric, acc_spe: 0.9146875    training-metric, auc: 0.9907421875    training-metric, eer: 0.028333333333333332    training-metric, ap: 0.9917380560540707    
2026-09-21 11:07:55,077 - INFO - Iter: 22332    training-loss, overall: 0.24256691336631775    training-loss, common: 0.10031837224960327    training-loss, specific: 0.2645767629146576    training-loss, reconstruction: 0.24425598978996277    training-loss, contrastive: 0.8502788543701172    
2026-09-21 11:07:55,078 - INFO - Iter: 22332    training-metric, acc: 0.9536458333333333    training-metric, acc_spe: 0.9171875    training-metric, auc: 0.9926627604166667    training-metric, eer: 0.025    training-metric, ap: 0.9932303033339402    
2026-09-21 11:10:53,793 - INFO - Iter: 22632    training-loss, overall: 0.2577105462551117    training-loss, common: 0.10815096646547318    training-loss, specific: 0.2655203938484192    training-loss, reconstruction: 0.24348822236061096    training-loss, contrastive: 0.9992193579673767    
2026-09-21 11:10:53,794 - INFO - Iter: 22632    training-metric, acc: 0.9526041666666667    training-metric, acc_spe: 0.9147916666666667    training-metric, auc: 0.99091796875    training-metric, eer: 0.028333333333333332    training-metric, ap: 0.991857990604564    
2026-09-21 11:13:52,089 - INFO - Iter: 22932    training-loss, overall: 0.23870259523391724    training-loss, common: 0.09979911893606186    training-loss, specific: 0.24821388721466064    training-loss, reconstruction: 0.24480128288269043    training-loss, contrastive: 0.8128356337547302    
2026-09-21 11:13:52,090 - INFO - Iter: 22932    training-metric, acc: 0.9573958333333333    training-metric, acc_spe: 0.9178125    training-metric, auc: 0.9923567708333333    training-metric, eer: 0.027291666666666665    training-metric, ap: 0.9928116213695194    
2026-09-21 11:14:12,923 - INFO - ===> Test start!
2026-09-21 11:14:12,961 - INFO - data_dict saved to /autodl-fs/data/r34m/logs/ucf_2026-09-21-07-51-21/test/Celeb-DF-v2/data_dict_test.pickle
2026-09-21 11:14:33,521 - INFO - dataset: Celeb-DF-v2    step: 22967    testing-loss, common: 1.9539501667022705    
2026-09-21 11:14:33,524 - INFO - dataset: Celeb-DF-v2    step: 22967    testing-metric, acc: 0.5234470158343484    testing-metric, auc: 0.6990888196915777    testing-metric, eer: 0.3633451957295374    testing-metric, ap: 0.8152588375640735    testing-metric, video_auc: 0.754857898215466    testing-metric, acc_real:0.8905693950177936; acc_fake:0.33240740740740743
2026-09-21 11:14:33,526 - INFO - dataset: avg    step: 22967    testing-metric, acc: 0.5234470158343484    testing-metric, auc: 0.6990888196915777    testing-metric, eer: 0.3633451957295374    testing-metric, ap: 0.8152588375640735    testing-metric, video_auc: 0.754857898215466    
2026-09-21 11:14:33,527 - INFO - ===> Test Done!
2026-09-21 11:14:36,301 - INFO - Step ckpt saved: step_22967.pth
2026-09-21 11:14:41,193 - INFO - ===> Epoch[3] end with testing auc: 
================================ Each dataset best metric ================================ 
| Celeb-DF-v2:  auc=0.7192233672729669 | 
============================================================================================= 
================================== Average best metric ====================================== 
| avg auc: 0.7192233672729669 | 
| Celeb-DF-v2: 0.7192233672729669 | 
=============================================================================================!
2026-09-21 11:14:41,195 - INFO - ===> Epoch[3] end, current lr = 0.000001
2026-09-21 11:14:41,198 - INFO - Stop Training on best Testing metric 
================================ Each dataset best metric ================================ 
| Celeb-DF-v2:  auc=0.7192233672729669 | 
============================================================================================= 
================================== Average best metric ====================================== 
| avg auc: 0.7192233672729669 | 
| Celeb-DF-v2: 0.7192233672729669 | 
=============================================================================================
2026-09-21 11:14:52,962 - INFO - ===> BN recalibrated over 100 batches
2026-09-21 11:15:04,286 - INFO - ===> BN recalibrated over 100 batches
2026-09-21 11:15:15,657 - INFO - ===> BN recalibrated over 100 batches
2026-09-21 11:15:27,046 - INFO - ===> BN recalibrated over 100 batches
2026-09-21 11:15:38,089 - INFO - ===> BN recalibrated over 100 batches
2026-09-21 11:15:50,932 - INFO - ===> window_end_probe written: J={'0.0625': 0.003942, '0.125': -0.018031, '0.25': -0.009356, '0.5': 0.009174, '1': 0.013157} B=-0.021831
2026-09-21 11:15:53,846 - INFO - SWA Checkpoint saved to /autodl-fs/data/r34m/logs/ucf_2026-09-21-07-51-21/swa_w0.0625.pth
2026-09-21 11:15:56,795 - INFO - SWA Checkpoint saved to /autodl-fs/data/r34m/logs/ucf_2026-09-21-07-51-21/swa_w0.125.pth
2026-09-21 11:15:59,696 - INFO - SWA Checkpoint saved to /autodl-fs/data/r34m/logs/ucf_2026-09-21-07-51-21/swa_w0.25.pth
2026-09-21 11:16:02,582 - INFO - SWA Checkpoint saved to /autodl-fs/data/r34m/logs/ucf_2026-09-21-07-51-21/swa_w0.5.pth
2026-09-21 11:16:05,229 - INFO - SWA Checkpoint saved to /autodl-fs/data/r34m/logs/ucf_2026-09-21-07-51-21/swa_w1.pth
2026-09-21 11:16:05,273 - INFO - data_dict saved to /autodl-fs/data/r34m/logs/ucf_2026-09-21-07-51-21/test/Celeb-DF-v2/data_dict_test.pickle
2026-09-21 11:16:26,454 - INFO - Iter Final for SWA (w=0.0625):    testing-metric, acc: 0.5183313032886724    testing-metric, auc: 0.6980134193357058    testing-metric, eer: 0.3615658362989324    testing-metric, ap: 0.81374034349073    testing-metric, pred: [8.0730970e-04 3.1401277e-01 3.5779800e-02 ... 1.3401698e-02 3.3035496e-01
 9.9554437e-01]    testing-metric, video_auc: 0.7543456708526108    testing-metric, label: [0 1 0 ... 1 1 1]    
2026-09-21 11:16:26,462 - INFO - dataset: avg    step: 0    testing-metric, acc: 0.5183313032886724    testing-metric, auc: 0.6980134193357058    testing-metric, eer: 0.3615658362989324    testing-metric, ap: 0.81374034349073    testing-metric, video_auc: 0.7543456708526108    
2026-09-21 11:16:26,463 - INFO - ===> Test Done!
2026-09-21 11:16:26,463 - INFO - ===> Final SWA testing done! (w=0.0625)
2026-09-21 11:16:26,494 - INFO - data_dict saved to /autodl-fs/data/r34m/logs/ucf_2026-09-21-07-51-21/test/Celeb-DF-v2/data_dict_test.pickle
2026-09-21 11:16:47,748 - INFO - Iter Final for SWA (w=0.125):    testing-metric, acc: 0.5196102314250913    testing-metric, auc: 0.699074238829577    testing-metric, eer: 0.36192170818505337    testing-metric, ap: 0.8142492515294051    testing-metric, pred: [7.9038367e-04 3.1678644e-01 3.7369072e-02 ... 1.3989977e-02 3.3005276e-01
 9.9420542e-01]    testing-metric, video_auc: 0.7553701255783212    testing-metric, label: [0 1 0 ... 1 1 1]    
2026-09-21 11:16:47,756 - INFO - dataset: avg    step: 0    testing-metric, acc: 0.5196102314250913    testing-metric, auc: 0.699074238829577    testing-metric, eer: 0.36192170818505337    testing-metric, ap: 0.8142492515294051    testing-metric, video_auc: 0.7553701255783212    
2026-09-21 11:16:47,757 - INFO - ===> Test Done!
2026-09-21 11:16:47,757 - INFO - ===> Final SWA testing done! (w=0.125)
2026-09-21 11:16:47,791 - INFO - data_dict saved to /autodl-fs/data/r34m/logs/ucf_2026-09-21-07-51-21/test/Celeb-DF-v2/data_dict_test.pickle
2026-09-21 11:17:09,253 - INFO - Iter Final for SWA (w=0.25):    testing-metric, acc: 0.5224116930572472    testing-metric, auc: 0.6998421230394096    testing-metric, eer: 0.3608540925266904    testing-metric, ap: 0.8144256001966879    testing-metric, pred: [7.7360938e-04 3.3520079e-01 4.4157051e-02 ... 1.4572859e-02 3.2137573e-01
 9.9373108e-01]    testing-metric, video_auc: 0.7561136814276272    testing-metric, label: [0 1 0 ... 1 1 1]    
2026-09-21 11:17:09,261 - INFO - dataset: avg    step: 0    testing-metric, acc: 0.5224116930572472    testing-metric, auc: 0.6998421230394096    testing-metric, eer: 0.3608540925266904    testing-metric, ap: 0.8144256001966879    testing-metric, video_auc: 0.7561136814276272    
2026-09-21 11:17:09,262 - INFO - ===> Test Done!
2026-09-21 11:17:09,262 - INFO - ===> Final SWA testing done! (w=0.25)
2026-09-21 11:17:09,300 - INFO - data_dict saved to /autodl-fs/data/r34m/logs/ucf_2026-09-21-07-51-21/test/Celeb-DF-v2/data_dict_test.pickle
2026-09-21 11:17:30,792 - INFO - Iter Final for SWA (w=0.5):    testing-metric, acc: 0.5189403166869672    testing-metric, auc: 0.6993996144721233    testing-metric, eer: 0.3608540925266904    testing-metric, ap: 0.8135274903096342    testing-metric, pred: [7.2675414e-04 3.1051490e-01 3.7102427e-02 ... 1.3292093e-02 2.7445596e-01
 9.9174339e-01]    testing-metric, video_auc: 0.7552544613350959    testing-metric, label: [0 1 0 ... 1 1 1]    
2026-09-21 11:17:30,800 - INFO - dataset: avg    step: 0    testing-metric, acc: 0.5189403166869672    testing-metric, auc: 0.6993996144721233    testing-metric, eer: 0.3608540925266904    testing-metric, ap: 0.8135274903096342    testing-metric, video_auc: 0.7552544613350959    
2026-09-21 11:17:30,801 - INFO - ===> Test Done!
2026-09-21 11:17:30,801 - INFO - ===> Final SWA testing done! (w=0.5)
2026-09-21 11:17:30,830 - INFO - data_dict saved to /autodl-fs/data/r34m/logs/ucf_2026-09-21-07-51-21/test/Celeb-DF-v2/data_dict_test.pickle
2026-09-21 11:17:51,953 - INFO - Iter Final for SWA (w=1):    testing-metric, acc: 0.5118757612667478    testing-metric, auc: 0.6997114884012126    testing-metric, eer: 0.3601423487544484    testing-metric, ap: 0.8133478395173562    testing-metric, pred: [6.8215723e-04 2.0427369e-01 1.3992899e-02 ... 1.1479750e-02 2.4965723e-01
 9.9030930e-01]    testing-metric, video_auc: 0.7559814937210838    testing-metric, label: [0 1 0 ... 1 1 1]    
2026-09-21 11:17:51,960 - INFO - dataset: avg    step: 0    testing-metric, acc: 0.5118757612667478    testing-metric, auc: 0.6997114884012126    testing-metric, eer: 0.3601423487544484    testing-metric, ap: 0.8133478395173562    testing-metric, video_auc: 0.7559814937210838    
2026-09-21 11:17:51,961 - INFO - ===> Test Done!
2026-09-21 11:17:51,961 - INFO - ===> Final SWA testing done! (w=1)
2026-09-21 11:17:52,154 - INFO - data_dict saved to /autodl-fs/data/r34m/logs/ucf_2026-09-21-07-51-21/test/Celeb-DF-v2/data_dict_test.pickle
2026-09-21 11:18:13,433 - INFO - Iter Final for SWA (w=0.0625, BN recalibrated):    testing-metric, acc: 0.5252131546894032    testing-metric, auc: 0.7000302161592198    testing-metric, eer: 0.3608540925266904    testing-metric, ap: 0.8155635121078245    testing-metric, pred: [8.9350005e-04 3.7435636e-01 7.3632717e-02 ... 1.7385259e-02 3.2155478e-01
 9.9721140e-01]    testing-metric, video_auc: 0.7553866490416391    testing-metric, label: [0 1 0 ... 1 1 1]    
2026-09-21 11:18:13,442 - INFO - dataset: avg    step: 0    testing-metric, acc: 0.5252131546894032    testing-metric, auc: 0.7000302161592198    testing-metric, eer: 0.3608540925266904    testing-metric, ap: 0.8155635121078245    testing-metric, video_auc: 0.7553866490416391    
2026-09-21 11:18:13,444 - INFO - ===> Test Done!
2026-09-21 11:18:13,444 - INFO - ===> Final SWA testing done! (w=0.0625, BN recalibrated)
2026-09-21 11:18:13,737 - INFO - data_dict saved to /autodl-fs/data/r34m/logs/ucf_2026-09-21-07-51-21/test/Celeb-DF-v2/data_dict_test.pickle
2026-09-21 11:18:35,121 - INFO - Iter Final for SWA (w=0.125, BN recalibrated):    testing-metric, acc: 0.5260657734470159    testing-metric, auc: 0.7009211644918941    testing-metric, eer: 0.3597864768683274    testing-metric, ap: 0.8159718770369753    testing-metric, pred: [8.9334470e-04 3.7023765e-01 7.5057238e-02 ... 1.8299187e-02 3.2107556e-01
 9.9645078e-01]    testing-metric, video_auc: 0.7570224719101124    testing-metric, label: [0 1 0 ... 1 1 1]    
2026-09-21 11:18:35,131 - INFO - dataset: avg    step: 0    testing-metric, acc: 0.5260657734470159    testing-metric, auc: 0.7009211644918941    testing-metric, eer: 0.3597864768683274    testing-metric, ap: 0.8159718770369753    testing-metric, video_auc: 0.7570224719101124    
2026-09-21 11:18:35,132 - INFO - ===> Test Done!
2026-09-21 11:18:35,132 - INFO - ===> Final SWA testing done! (w=0.125, BN recalibrated)
2026-09-21 11:18:35,274 - INFO - data_dict saved to /autodl-fs/data/r34m/logs/ucf_2026-09-21-07-51-21/test/Celeb-DF-v2/data_dict_test.pickle
2026-09-21 11:18:56,799 - INFO - Iter Final for SWA (w=0.25, BN recalibrated):    testing-metric, acc: 0.5250913520097442    testing-metric, auc: 0.7017092889152498    testing-metric, eer: 0.35925266903914593    testing-metric, ap: 0.8161710768996919    testing-metric, pred: [8.6929608e-04 3.5887247e-01 7.6579817e-02 ... 1.7840808e-02 2.9551506e-01
 9.9561787e-01]    testing-metric, video_auc: 0.7576173165895572    testing-metric, label: [0 1 0 ... 1 1 1]    
2026-09-21 11:18:56,807 - INFO - dataset: avg    step: 0    testing-metric, acc: 0.5250913520097442    testing-metric, auc: 0.7017092889152498    testing-metric, eer: 0.35925266903914593    testing-metric, ap: 0.8161710768996919    testing-metric, video_auc: 0.7576173165895572    
2026-09-21 11:18:56,808 - INFO - ===> Test Done!
2026-09-21 11:18:56,808 - INFO - ===> Final SWA testing done! (w=0.25, BN recalibrated)
2026-09-21 11:18:56,917 - INFO - data_dict saved to /autodl-fs/data/r34m/logs/ucf_2026-09-21-07-51-21/test/Celeb-DF-v2/data_dict_test.pickle
2026-09-21 11:19:18,258 - INFO - Iter Final for SWA (w=0.5, BN recalibrated):    testing-metric, acc: 0.5235079171741779    testing-metric, auc: 0.7017777695400026    testing-metric, eer: 0.3583629893238434    testing-metric, ap: 0.8156801464529749    testing-metric, pred: [8.4844942e-04 3.5097751e-01 7.1278788e-02 ... 1.8186992e-02 2.6027778e-01
 9.9431843e-01]    testing-metric, video_auc: 0.7571546596166556    testing-metric, label: [0 1 0 ... 1 1 1]    
2026-09-21 11:19:18,266 - INFO - dataset: avg    step: 0    testing-metric, acc: 0.5235079171741779    testing-metric, auc: 0.7017777695400026    testing-metric, eer: 0.3583629893238434    testing-metric, ap: 0.8156801464529749    testing-metric, video_auc: 0.7571546596166556    
2026-09-21 11:19:18,267 - INFO - ===> Test Done!
2026-09-21 11:19:18,267 - INFO - ===> Final SWA testing done! (w=0.5, BN recalibrated)
2026-09-21 11:19:18,365 - INFO - data_dict saved to /autodl-fs/data/r34m/logs/ucf_2026-09-21-07-51-21/test/Celeb-DF-v2/data_dict_test.pickle
2026-09-21 11:19:39,983 - INFO - Iter Final for SWA (w=1, BN recalibrated):    testing-metric, acc: 0.5227161997563946    testing-metric, auc: 0.7023357222881245    testing-metric, eer: 0.3590747330960854    testing-metric, ap: 0.8156904274528883    testing-metric, pred: [8.9717482e-04 3.0996811e-01 5.8229811e-02 ... 2.1395354e-02 2.4533902e-01
 9.9244517e-01]    testing-metric, video_auc: 0.7565928618638467    testing-metric, label: [0 1 0 ... 1 1 1]    
2026-09-21 11:19:39,992 - INFO - dataset: avg    step: 0    testing-metric, acc: 0.5227161997563946    testing-metric, auc: 0.7023357222881245    testing-metric, eer: 0.3590747330960854    testing-metric, ap: 0.8156904274528883    testing-metric, video_auc: 0.7565928618638467    
2026-09-21 11:19:39,993 - INFO - ===> Test Done!
2026-09-21 11:19:39,993 - INFO - ===> Final SWA testing done! (w=1, BN recalibrated)
