2026-09-18 06:52:17,054 - INFO - Save log to /autodl-fs/data/swa_exp/logs/ucf_2026-09-18-06-52-17
2026-09-18 06:52:17,055 - INFO - --------------- Configuration ---------------
2026-09-18 06:52:17,055 - INFO - Parameters: 
log_dir: /autodl-fs/data/swa_exp/logs
pretrained: ./training/pretrained/xception-b5690688.pth
model_name: ucf
backbone_name: xception
encoder_feat_dim: 512
backbone_config: {'mode': 'adjust_channel', 'num_classes': 2, 'inc': 3, 'dropout': False}
all_dataset: ['FaceForensics++', 'FF-F2F', 'FF-DF', 'FF-FS', 'FF-NT', 'FaceShifter', 'DeepFakeDetection', 'Celeb-DF-v1', 'Celeb-DF-v2', 'DFDCP', 'DFDC', 'DeeperForensics-1.0', 'UADFV']
train_dataset: ['FF-F2F', 'FF-DF', 'FF-FS', 'FF-NT']
test_dataset: ['Celeb-DF-v2']
dataset_type: pair
compression: c23
train_batchSize: 16
test_batchSize: 32
workers: 8
frame_num: {'train': 32, 'test': 32}
resolution: 256
with_mask: False
with_landmark: False
save_feat: True
label_dict: {'DFD_fake': 1, 'DFD_real': 0, 'FaceShifter': 1, 'FF-FH': 1, 'FF-DF': 1, 'FF-F2F': 2, 'FF-FS': 3, 'FF-NT': 4, 'FF-real': 0, 'CelebDFv1_real': 0, 'CelebDFv1_fake': 1, 'CelebDFv2_real': 0, 'CelebDFv2_fake': 1, 'DFDCP_Real': 0, 'DFDCP_FakeA': 1, 'DFDCP_FakeB': 1, 'DFDC_Fake': 1, 'DFDC_Real': 0, 'DF_fake': 1, 'DF_real': 0, 'UADFV_Fake': 1, 'UADFV_Real': 0, 'roop_Fake': 1, 'roop_Real': 0}
use_data_augmentation: True
data_aug: {'flip_prob': 0.5, 'rotate_prob': 0.5, 'rotate_limit': [-10, 10], 'blur_prob': 0.5, 'blur_limit': [3, 7], 'brightness_prob': 0.5, 'brightness_limit': [-0.1, 0.1], 'contrast_limit': [-0.1, 0.1], 'quality_lower': 40, 'quality_upper': 100}
mean: [0.5, 0.5, 0.5]
std: [0.5, 0.5, 0.5]
optimizer: {'type': 'adam', 'adam': {'lr': 0.0002, 'beta1': 0.9, 'beta2': 0.999, 'eps': 1e-08, 'weight_decay': 0.0005, 'amsgrad': False}, 'sgd': {'lr': 0.0002, 'momentum': 0.9, 'weight_decay': 0.0005}}
lr_scheduler: cosine
nEpochs: 3
start_epoch: 0
save_epoch: 1
rec_iter: 100
logdir: ./logs
manualSeed: 2048
save_ckpt: True
loss_func: {'cls_loss': 'cross_entropy', 'spe_loss': 'cross_entropy', 'con_loss': 'contrastive_regularization', 'rec_loss': 'l1loss', 'cons2_loss': 'cross_method_consistency'}
cross_method_consistency: False
consistency_weight: 0.1
consistency_temperature: 0.1
losstype: None
metric_scoring: auc
cuda: True
cudnn: False
lr_T_max: 3
lr_eta_min: 1e-06
SWA: True
swa_start: 2
spsa: False
rng_neutral_build: True
spsa_mode: spsa
swa_ws: [1.0, 0.5, 0.25, 0.125, 0.0625]
probe_every: 300
probe_grad_every: 1500
test_times_per_epoch: 6
bn_recalib_batches: 100
tail_lam: 1.0
mode: train
lmdb: False
dry_run: False
rgb_dir: ./datasets/rgb
lmdb_dir: ./datasets/lmdb
dataset_json_folder: ./preprocessing/dataset_json
save_avg: True
local_rank: 0
ddp: False

2026-09-18 06:52:19,274 - INFO - Load pretrained model successfully!
2026-09-18 06:52:20,477 - INFO - Load pretrained model successfully!
2026-09-18 06:52:23,945 - INFO - SWA window widths: 0.0625,0.125,0.25,0.5,1
2026-09-18 06:52:23,995 - INFO - ===> Epoch[0] start!
2026-09-18 06:52:24,272 - INFO - data_dict saved to /autodl-fs/data/swa_exp/logs/ucf_2026-09-18-06-52-17/train/FF-F2F,FF-DF,FF-FS,FF-NT/data_dict_train.pickle
2026-09-18 06:52:26,124 - INFO - MEMDBG iter0 start alloc=1.06GB reserved=1.11GB
2026-09-18 06:52:27,970 - INFO - Iter: 0    training-loss, overall: 2.0360140800476074    training-loss, common: 0.6927101612091064    training-loss, specific: 1.6210964918136597    training-loss, reconstruction: 1.9672528505325317    training-loss, contrastive: 11.820367813110352    
2026-09-18 06:52:28,006 - INFO - Iter: 0    training-metric, acc: 0.53125    training-metric, acc_spe: 0.09375    training-metric, auc: 0.56640625    training-metric, eer: 0.5    training-metric, ap: 0.639390252444688    
2026-09-18 06:52:28,008 - INFO - MEMDBG iter0 end alloc=1.72GB peak=12.67GB
2026-09-18 06:52:28,016 - INFO - MEMDBG iter1 start alloc=1.72GB reserved=13.66GB
2026-09-18 06:52:28,599 - INFO - MEMDBG iter1 end alloc=1.75GB peak=13.28GB
2026-09-18 06:52:28,605 - INFO - MEMDBG iter2 start alloc=1.70GB reserved=14.08GB
2026-09-18 06:52:29,169 - INFO - MEMDBG iter2 end alloc=1.73GB peak=13.28GB
2026-09-18 06:52:29,172 - INFO - MEMDBG iter3 start alloc=1.73GB reserved=14.08GB
2026-09-18 06:52:29,738 - INFO - MEMDBG iter3 end alloc=1.75GB peak=13.28GB
2026-09-18 06:55:21,131 - INFO - Iter: 300    training-loss, overall: 1.5544100999832153    training-loss, common: 0.5873382091522217    training-loss, specific: 1.3140740394592285    training-loss, reconstruction: 1.204884648323059    training-loss, contrastive: 9.483976364135742    
2026-09-18 06:55:21,131 - INFO - Iter: 300    training-metric, acc: 0.6841666666666667    training-metric, acc_spe: 0.52375    training-metric, auc: 0.7439583333333334    training-metric, eer: 0.3102083333333333    training-metric, ap: 0.760380413647316    
2026-09-18 06:58:13,931 - INFO - Iter: 600    training-loss, overall: 1.1217443943023682    training-loss, common: 0.4357745945453644    training-loss, specific: 1.1186217069625854    training-loss, reconstruction: 0.7988908290863037    training-loss, contrastive: 6.688806533813477    
2026-09-18 06:58:13,932 - INFO - Iter: 600    training-metric, acc: 0.8014583333333334    training-metric, acc_spe: 0.5716666666666667    training-metric, auc: 0.8795963541666667    training-metric, eer: 0.18770833333333334    training-metric, ap: 0.8906418060114072    
2026-09-18 07:01:06,925 - INFO - Iter: 900    training-loss, overall: 0.9738301634788513    training-loss, common: 0.3817906379699707    training-loss, specific: 1.0389409065246582    training-loss, reconstruction: 0.6953246593475342    training-loss, contrastive: 5.590964317321777    
2026-09-18 07:01:06,926 - INFO - Iter: 900    training-metric, acc: 0.8310416666666667    training-metric, acc_spe: 0.59875    training-metric, auc: 0.9100065104166667    training-metric, eer: 0.15604166666666666    training-metric, ap: 0.9211718024611449    
2026-09-18 07:01:39,300 - INFO - ===> Test start!
2026-09-18 07:01:39,420 - INFO - data_dict saved to /autodl-fs/data/swa_exp/logs/ucf_2026-09-18-06-52-17/test/Celeb-DF-v2/data_dict_test.pickle
2026-09-18 07:02:09,592 - INFO - Checkpoint saved to /autodl-fs/data/swa_exp/logs/ucf_2026-09-18-06-52-17/test/Celeb-DF-v2/ckpt_best.pth, current ckpt is 0+956
2026-09-18 07:02:09,604 - INFO - Metrics saved to /autodl-fs/data/swa_exp/logs/ucf_2026-09-18-06-52-17/test/Celeb-DF-v2/metric_dict_best.pickle
2026-09-18 07:02:09,614 - INFO - dataset: Celeb-DF-v2    step: 956    testing-loss, common: 1.1175907850265503    
2026-09-18 07:02:09,667 - INFO - dataset: Celeb-DF-v2    step: 956    testing-metric, acc: 0.5379415347137637    testing-metric, auc: 0.7199073003163305    testing-metric, eer: 0.34395017793594307    testing-metric, ap: 0.8213686207372037    testing-metric, video_auc: 0.7727362855254463    testing-metric, acc_real:0.8685053380782918; acc_fake:0.36592592592592593
2026-09-18 07:02:11,446 - INFO - Checkpoint saved to /autodl-fs/data/swa_exp/logs/ucf_2026-09-18-06-52-17/test/avg/ckpt_best.pth, current ckpt is 0+956
2026-09-18 07:02:11,453 - INFO - Metrics saved to /autodl-fs/data/swa_exp/logs/ucf_2026-09-18-06-52-17/test/avg/metric_dict_best.pickle
2026-09-18 07:02:11,512 - INFO - dataset: avg    step: 956    testing-metric, acc: 0.5379415347137637    testing-metric, auc: 0.7199073003163305    testing-metric, eer: 0.34395017793594307    testing-metric, ap: 0.8213686207372037    testing-metric, video_auc: 0.7727362855254463    
2026-09-18 07:02:11,512 - INFO - ===> Test Done!
2026-09-18 07:02:13,290 - INFO - Step ckpt saved: step_956.pth
2026-09-18 07:04:33,676 - INFO - Iter: 1200    training-loss, overall: 0.8557950258255005    training-loss, common: 0.3348742425441742    training-loss, specific: 0.9345987439155579    training-loss, reconstruction: 0.6294763088226318    training-loss, contrastive: 4.772359848022461    
2026-09-18 07:04:33,677 - INFO - Iter: 1200    training-metric, acc: 0.8541666666666666    training-metric, acc_spe: 0.6514583333333334    training-metric, auc: 0.9316015625    training-metric, eer: 0.12604166666666666    training-metric, ap: 0.939239838344458    
2026-09-18 07:07:25,816 - INFO - Iter: 1500    training-loss, overall: 0.7913690209388733    training-loss, common: 0.31027060747146606    training-loss, specific: 0.8799541592597961    training-loss, reconstruction: 0.5982503294944763    training-loss, contrastive: 4.272554874420166    
2026-09-18 07:07:25,817 - INFO - Iter: 1500    training-metric, acc: 0.8683333333333333    training-metric, acc_spe: 0.6741666666666667    training-metric, auc: 0.9397005208333333    training-metric, eer: 0.113125    training-metric, ap: 0.9453780253666323    
2026-09-18 07:10:15,182 - INFO - Iter: 1800    training-loss, overall: 0.733089029788971    training-loss, common: 0.2891617715358734    training-loss, specific: 0.810895562171936    training-loss, reconstruction: 0.5626189112663269    training-loss, contrastive: 3.881042242050171    
2026-09-18 07:10:15,183 - INFO - Iter: 1800    training-metric, acc: 0.8775    training-metric, acc_spe: 0.7054166666666667    training-metric, auc: 0.9480013020833333    training-metric, eer: 0.10041666666666667    training-metric, ap: 0.9540945917982748    
2026-09-18 07:11:20,463 - INFO - ===> Test start!
2026-09-18 07:11:20,499 - INFO - data_dict saved to /autodl-fs/data/swa_exp/logs/ucf_2026-09-18-06-52-17/test/Celeb-DF-v2/data_dict_test.pickle
2026-09-18 07:11:48,842 - INFO - dataset: Celeb-DF-v2    step: 1913    testing-loss, common: 1.4512616395950317    
2026-09-18 07:11:48,845 - INFO - dataset: Celeb-DF-v2    step: 1913    testing-metric, acc: 0.48721071863581    testing-metric, auc: 0.7098291567813365    testing-metric, eer: 0.34679715302491104    testing-metric, ap: 0.8068975015466924    testing-metric, video_auc: 0.7606576338400528    testing-metric, acc_real:0.9097864768683274; acc_fake:0.26731481481481484
2026-09-18 07:11:48,845 - INFO - dataset: avg    step: 1913    testing-metric, acc: 0.48721071863581    testing-metric, auc: 0.7098291567813365    testing-metric, eer: 0.34679715302491104    testing-metric, ap: 0.8068975015466924    testing-metric, video_auc: 0.7606576338400528    
2026-09-18 07:11:48,846 - INFO - ===> Test Done!
2026-09-18 07:11:50,931 - INFO - Step ckpt saved: step_1913.pth
2026-09-18 07:13:38,621 - INFO - Iter: 2100    training-loss, overall: 0.6632835268974304    training-loss, common: 0.25886672735214233    training-loss, specific: 0.747100293636322    training-loss, reconstruction: 0.5349197387695312    training-loss, contrastive: 3.3846142292022705    
2026-09-18 07:13:38,621 - INFO - Iter: 2100    training-metric, acc: 0.8917708333333333    training-metric, acc_spe: 0.7310416666666667    training-metric, auc: 0.9566080729166667    training-metric, eer: 0.09458333333333334    training-metric, ap: 0.9612747769525142    
2026-09-18 07:16:31,084 - INFO - Iter: 2400    training-loss, overall: 0.6471863985061646    training-loss, common: 0.2572415769100189    training-loss, specific: 0.7141390442848206    training-loss, reconstruction: 0.5260307192802429    training-loss, contrastive: 3.2144315242767334    
2026-09-18 07:16:31,084 - INFO - Iter: 2400    training-metric, acc: 0.8941666666666667    training-metric, acc_spe: 0.7554166666666666    training-metric, auc: 0.9580208333333333    training-metric, eer: 0.08770833333333333    training-metric, ap: 0.9635621269311498    
2026-09-18 07:19:23,850 - INFO - Iter: 2700    training-loss, overall: 0.6089739799499512    training-loss, common: 0.24009782075881958    training-loss, specific: 0.6562468409538269    training-loss, reconstruction: 0.5124314427375793    training-loss, contrastive: 2.9904415607452393    
2026-09-18 07:19:23,850 - INFO - Iter: 2700    training-metric, acc: 0.9003125    training-metric, acc_spe: 0.7752083333333334    training-metric, auc: 0.9627083333333334    training-metric, eer: 0.08583333333333333    training-metric, ap: 0.9676542057037453    
2026-09-18 07:21:01,296 - INFO - ===> Test start!
2026-09-18 07:21:01,336 - INFO - data_dict saved to /autodl-fs/data/swa_exp/logs/ucf_2026-09-18-06-52-17/test/Celeb-DF-v2/data_dict_test.pickle
2026-09-18 07:21:31,319 - INFO - Checkpoint saved to /autodl-fs/data/swa_exp/logs/ucf_2026-09-18-06-52-17/test/Celeb-DF-v2/ckpt_best.pth, current ckpt is 0+2870
2026-09-18 07:21:31,332 - INFO - Metrics saved to /autodl-fs/data/swa_exp/logs/ucf_2026-09-18-06-52-17/test/Celeb-DF-v2/metric_dict_best.pickle
2026-09-18 07:21:31,334 - INFO - dataset: Celeb-DF-v2    step: 2870    testing-loss, common: 1.1922074556350708    
2026-09-18 07:21:31,336 - INFO - dataset: Celeb-DF-v2    step: 2870    testing-metric, acc: 0.5451278928136419    testing-metric, auc: 0.7264476983656254    testing-metric, eer: 0.3373665480427046    testing-metric, ap: 0.8245789192455504    testing-metric, video_auc: 0.7767514871116986    testing-metric, acc_real:0.8619217081850534; acc_fake:0.38027777777777777
2026-09-18 07:21:33,140 - INFO - Checkpoint saved to /autodl-fs/data/swa_exp/logs/ucf_2026-09-18-06-52-17/test/avg/ckpt_best.pth, current ckpt is 0+2870
2026-09-18 07:21:33,148 - INFO - Metrics saved to /autodl-fs/data/swa_exp/logs/ucf_2026-09-18-06-52-17/test/avg/metric_dict_best.pickle
2026-09-18 07:21:33,148 - INFO - dataset: avg    step: 2870    testing-metric, acc: 0.5451278928136419    testing-metric, auc: 0.7264476983656254    testing-metric, eer: 0.3373665480427046    testing-metric, ap: 0.8245789192455504    testing-metric, video_auc: 0.7767514871116986    
2026-09-18 07:21:33,150 - INFO - ===> Test Done!
2026-09-18 07:21:34,940 - INFO - Step ckpt saved: step_2870.pth
2026-09-18 07:22:50,097 - INFO - Iter: 3000    training-loss, overall: 0.5903277397155762    training-loss, common: 0.23207977414131165    training-loss, specific: 0.6451875567436218    training-loss, reconstruction: 0.4990421533584595    training-loss, contrastive: 2.8803300857543945    
2026-09-18 07:22:50,098 - INFO - Iter: 3000    training-metric, acc: 0.9059375    training-metric, acc_spe: 0.7822916666666667    training-metric, auc: 0.9662955729166667    training-metric, eer: 0.0775    training-metric, ap: 0.9711646687599532    
2026-09-18 07:25:42,821 - INFO - Iter: 3300    training-loss, overall: 0.5631126165390015    training-loss, common: 0.22136899828910828    training-loss, specific: 0.596316933631897    training-loss, reconstruction: 0.49342331290245056    training-loss, contrastive: 2.6816956996917725    
2026-09-18 07:25:42,822 - INFO - Iter: 3300    training-metric, acc: 0.9057291666666667    training-metric, acc_spe: 0.7997916666666667    training-metric, auc: 0.9678645833333334    training-metric, eer: 0.07520833333333334    training-metric, ap: 0.9721816097227342    
2026-09-18 07:28:35,636 - INFO - Iter: 3600    training-loss, overall: 0.5570293068885803    training-loss, common: 0.21928639709949493    training-loss, specific: 0.5685433745384216    training-loss, reconstruction: 0.48899903893470764    training-loss, contrastive: 2.683774471282959    
2026-09-18 07:28:35,637 - INFO - Iter: 3600    training-metric, acc: 0.9102083333333333    training-metric, acc_spe: 0.8186458333333333    training-metric, auc: 0.96818359375    training-metric, eer: 0.076875    training-metric, ap: 0.972226680520483    
2026-09-18 07:30:46,307 - INFO - ===> Test start!
2026-09-18 07:30:46,341 - INFO - data_dict saved to /autodl-fs/data/swa_exp/logs/ucf_2026-09-18-06-52-17/test/Celeb-DF-v2/data_dict_test.pickle
2026-09-18 07:31:14,752 - INFO - dataset: Celeb-DF-v2    step: 3827    testing-loss, common: 0.8808839321136475    
2026-09-18 07:31:14,753 - INFO - dataset: Celeb-DF-v2    step: 3827    testing-metric, acc: 0.6323386114494519    testing-metric, auc: 0.7185818670093581    testing-metric, eer: 0.34466192170818505    testing-metric, ap: 0.8223738141027175    testing-metric, video_auc: 0.7748512888301389    testing-metric, acc_real:0.708185053380783; acc_fake:0.5928703703703704
2026-09-18 07:31:14,754 - INFO - dataset: avg    step: 3827    testing-metric, acc: 0.6323386114494519    testing-metric, auc: 0.7185818670093581    testing-metric, eer: 0.34466192170818505    testing-metric, ap: 0.8223738141027175    testing-metric, video_auc: 0.7748512888301389    
2026-09-18 07:31:14,754 - INFO - ===> Test Done!
2026-09-18 07:31:16,744 - INFO - Step ckpt saved: step_3827.pth
2026-09-18 07:31:58,813 - INFO - Iter: 3900    training-loss, overall: 0.5439059138298035    training-loss, common: 0.21309790015220642    training-loss, specific: 0.5601093769073486    training-loss, reconstruction: 0.48041245341300964    training-loss, contrastive: 2.6134650707244873    
2026-09-18 07:31:58,813 - INFO - Iter: 3900    training-metric, acc: 0.9115625    training-metric, acc_spe: 0.8195833333333333    training-metric, auc: 0.9704231770833334    training-metric, eer: 0.07    training-metric, ap: 0.9741350577170432    
2026-09-18 07:34:50,286 - INFO - Iter: 4200    training-loss, overall: 0.5129345059394836    training-loss, common: 0.20368340611457825    training-loss, specific: 0.5202593207359314    training-loss, reconstruction: 0.4680536985397339    training-loss, contrastive: 2.3361823558807373    
2026-09-18 07:34:50,287 - INFO - Iter: 4200    training-metric, acc: 0.9148958333333334    training-metric, acc_spe: 0.8380208333333333    training-metric, auc: 0.9734375    training-metric, eer: 0.06208333333333333    training-metric, ap: 0.9760967763863715    
2026-09-18 07:37:43,077 - INFO - Iter: 4500    training-loss, overall: 0.5048193335533142    training-loss, common: 0.19811247289180756    training-loss, specific: 0.5068460702896118    training-loss, reconstruction: 0.4702138900756836    training-loss, contrastive: 2.2991621494293213    
2026-09-18 07:37:43,078 - INFO - Iter: 4500    training-metric, acc: 0.9190625    training-metric, acc_spe: 0.8389583333333334    training-metric, auc: 0.9756184895833333    training-metric, eer: 0.06145833333333333    training-metric, ap: 0.9778690386713165    
2026-09-18 07:40:25,453 - INFO - ===> Test start!
2026-09-18 07:40:25,486 - INFO - data_dict saved to /autodl-fs/data/swa_exp/logs/ucf_2026-09-18-06-52-17/test/Celeb-DF-v2/data_dict_test.pickle
2026-09-18 07:40:53,885 - INFO - dataset: Celeb-DF-v2    step: 4784    testing-loss, common: 1.3827013969421387    
2026-09-18 07:40:53,887 - INFO - dataset: Celeb-DF-v2    step: 4784    testing-metric, acc: 0.5472594397076735    testing-metric, auc: 0.6988367684855674    testing-metric, eer: 0.3601423487544484    testing-metric, ap: 0.8085608693043301    testing-metric, video_auc: 0.7588235294117647    testing-metric, acc_real:0.8361209964412811; acc_fake:0.39694444444444443
2026-09-18 07:40:53,887 - INFO - dataset: avg    step: 4784    testing-metric, acc: 0.5472594397076735    testing-metric, auc: 0.6988367684855674    testing-metric, eer: 0.3601423487544484    testing-metric, ap: 0.8085608693043301    testing-metric, video_auc: 0.7588235294117647    
2026-09-18 07:40:53,888 - INFO - ===> Test Done!
2026-09-18 07:40:55,721 - INFO - Step ckpt saved: step_4784.pth
2026-09-18 07:41:05,103 - INFO - Iter: 4800    training-loss, overall: 0.4840984642505646    training-loss, common: 0.18946313858032227    training-loss, specific: 0.4769987463951111    training-loss, reconstruction: 0.4577448070049286    training-loss, contrastive: 2.1922407150268555    
2026-09-18 07:41:05,104 - INFO - Iter: 4800    training-metric, acc: 0.9215625    training-metric, acc_spe: 0.85125    training-metric, auc: 0.9761653645833334    training-metric, eer: 0.060625    training-metric, ap: 0.9785656212180159    
2026-09-18 07:43:59,074 - INFO - Iter: 5100    training-loss, overall: 0.5015683174133301    training-loss, common: 0.20023761689662933    training-loss, specific: 0.5077874660491943    training-loss, reconstruction: 0.4493069648742676    training-loss, contrastive: 2.315199136734009    
2026-09-18 07:43:59,075 - INFO - Iter: 5100    training-metric, acc: 0.916875    training-metric, acc_spe: 0.8389583333333334    training-metric, auc: 0.9744661458333334    training-metric, eer: 0.06125    training-metric, ap: 0.9772674117759874    
2026-09-18 07:46:52,204 - INFO - Iter: 5400    training-loss, overall: 0.48214951157569885    training-loss, common: 0.19311028718948364    training-loss, specific: 0.4650968909263611    training-loss, reconstruction: 0.444518506526947    training-loss, contrastive: 2.1834824085235596    
2026-09-18 07:46:52,205 - INFO - Iter: 5400    training-metric, acc: 0.9185416666666667    training-metric, acc_spe: 0.8571875    training-metric, auc: 0.97525390625    training-metric, eer: 0.059583333333333335    training-metric, ap: 0.9784929265295388    
2026-09-18 07:49:45,725 - INFO - Iter: 5700    training-loss, overall: 0.4801159203052521    training-loss, common: 0.19070443511009216    training-loss, specific: 0.45179516077041626    training-loss, reconstruction: 0.44852301478385925    training-loss, contrastive: 2.193500280380249    
2026-09-18 07:49:45,726 - INFO - Iter: 5700    training-metric, acc: 0.9222916666666666    training-metric, acc_spe: 0.861875    training-metric, auc: 0.976484375    training-metric, eer: 0.057291666666666664    training-metric, ap: 0.9800396853578908    
2026-09-18 07:50:09,660 - INFO - ===> Test start!
2026-09-18 07:50:09,695 - INFO - data_dict saved to /autodl-fs/data/swa_exp/logs/ucf_2026-09-18-06-52-17/test/Celeb-DF-v2/data_dict_test.pickle
2026-09-18 07:50:38,990 - INFO - dataset: Celeb-DF-v2    step: 5741    testing-loss, common: 2.2319400310516357    
2026-09-18 07:50:38,992 - INFO - dataset: Celeb-DF-v2    step: 5741    testing-metric, acc: 0.4417783191230207    testing-metric, auc: 0.6752320169368656    testing-metric, eer: 0.3763345195729537    testing-metric, ap: 0.7857584371299855    testing-metric, video_auc: 0.7156146728354263    testing-metric, acc_real:0.9350533807829181; acc_fake:0.1850925925925926
2026-09-18 07:50:38,993 - INFO - dataset: avg    step: 5741    testing-metric, acc: 0.4417783191230207    testing-metric, auc: 0.6752320169368656    testing-metric, eer: 0.3763345195729537    testing-metric, ap: 0.7857584371299855    testing-metric, video_auc: 0.7156146728354263    
2026-09-18 07:50:38,994 - INFO - ===> Test Done!
2026-09-18 07:50:41,008 - INFO - Step ckpt saved: step_5741.pth
2026-09-18 07:50:42,445 - INFO - ===> Epoch[0] end with testing auc: 
================================ Each dataset best metric ================================ 
| Celeb-DF-v2:  auc=0.7264476983656254 | 
============================================================================================= 
================================== Average best metric ====================================== 
| avg auc: 0.7264476983656254 | 
| Celeb-DF-v2: 0.7264476983656254 | 
=============================================================================================!
2026-09-18 07:50:42,446 - INFO - ===> Epoch[0] end, current lr = 0.000200
2026-09-18 07:50:42,447 - INFO - ===> Epoch[1] start!
2026-09-18 07:50:42,701 - INFO - data_dict saved to /autodl-fs/data/swa_exp/logs/ucf_2026-09-18-06-52-17/train/FF-F2F,FF-DF,FF-FS,FF-NT/data_dict_train.pickle
2026-09-18 07:50:44,710 - INFO - MEMDBG iter0 start alloc=1.66GB reserved=14.11GB
2026-09-18 07:50:45,695 - INFO - Iter: 5744    training-loss, overall: 0.3326190412044525    training-loss, common: 0.12832623720169067    training-loss, specific: 0.4915444850921631    training-loss, reconstruction: 0.39563074707984924    training-loss, contrastive: 0.7289826273918152    
2026-09-18 07:50:45,696 - INFO - Iter: 5744    training-metric, acc: 0.9375    training-metric, acc_spe: 0.8125    training-metric, auc: 0.9921875    training-metric, eer: 0.0    training-metric, ap: 0.9930555555555556    
2026-09-18 07:50:45,698 - INFO - MEMDBG iter0 end alloc=1.73GB peak=13.29GB
2026-09-18 07:50:45,701 - INFO - MEMDBG iter1 start alloc=1.73GB reserved=14.11GB
2026-09-18 07:50:46,282 - INFO - MEMDBG iter1 end alloc=1.75GB peak=13.29GB
2026-09-18 07:50:46,284 - INFO - MEMDBG iter2 start alloc=1.70GB reserved=14.11GB
2026-09-18 07:50:46,954 - INFO - MEMDBG iter2 end alloc=1.73GB peak=13.29GB
2026-09-18 07:50:46,961 - INFO - MEMDBG iter3 start alloc=1.73GB reserved=14.11GB
2026-09-18 07:50:47,542 - INFO - MEMDBG iter3 end alloc=1.75GB peak=13.29GB
2026-09-18 07:53:39,793 - INFO - Iter: 6044    training-loss, overall: 0.4239220917224884    training-loss, common: 0.16274094581604004    training-loss, specific: 0.4086768329143524    training-loss, reconstruction: 0.42891988158226013    training-loss, contrastive: 1.8327497243881226    
2026-09-18 07:53:39,794 - INFO - Iter: 6044    training-metric, acc: 0.9307291666666667    training-metric, acc_spe: 0.8772916666666667    training-metric, auc: 0.98205078125    training-metric, eer: 0.05    training-metric, ap: 0.9848499166486306    
2026-09-18 07:56:32,818 - INFO - Iter: 6344    training-loss, overall: 0.43113937973976135    training-loss, common: 0.16849951446056366    training-loss, specific: 0.40630242228507996    training-loss, reconstruction: 0.4258572459220886    training-loss, contrastive: 1.885047197341919    
2026-09-18 07:56:32,819 - INFO - Iter: 6344    training-metric, acc: 0.9269791666666667    training-metric, acc_spe: 0.8720833333333333    training-metric, auc: 0.9810026041666666    training-metric, eer: 0.05479166666666667    training-metric, ap: 0.9829961138457108    
2026-09-18 07:59:25,454 - INFO - Iter: 6644    training-loss, overall: 0.4248262047767639    training-loss, common: 0.16735853254795074    training-loss, specific: 0.3937273323535919    training-loss, reconstruction: 0.41407859325408936    training-loss, contrastive: 1.8774280548095703    
2026-09-18 07:59:25,455 - INFO - Iter: 6644    training-metric, acc: 0.9291666666666667    training-metric, acc_spe: 0.8791666666666667    training-metric, auc: 0.9816145833333333    training-metric, eer: 0.049791666666666665    training-metric, ap: 0.9838172824195103    
2026-09-18 07:59:57,088 - INFO - ===> Test start!
2026-09-18 07:59:57,124 - INFO - data_dict saved to /autodl-fs/data/swa_exp/logs/ucf_2026-09-18-06-52-17/test/Celeb-DF-v2/data_dict_test.pickle
2026-09-18 08:00:25,139 - INFO - dataset: Celeb-DF-v2    step: 6698    testing-loss, common: 1.6404430866241455    
2026-09-18 08:00:25,140 - INFO - dataset: Celeb-DF-v2    step: 6698    testing-metric, acc: 0.4930572472594397    testing-metric, auc: 0.6973602214313958    testing-metric, eer: 0.3620996441281139    testing-metric, ap: 0.7962006202862371    testing-metric, video_auc: 0.7354263053536021    testing-metric, acc_real:0.8806049822064057; acc_fake:0.29138888888888886
2026-09-18 08:00:25,140 - INFO - dataset: avg    step: 6698    testing-metric, acc: 0.4930572472594397    testing-metric, auc: 0.6973602214313958    testing-metric, eer: 0.3620996441281139    testing-metric, ap: 0.7962006202862371    testing-metric, video_auc: 0.7354263053536021    
2026-09-18 08:00:25,141 - INFO - ===> Test Done!
2026-09-18 08:00:27,298 - INFO - Step ckpt saved: step_6698.pth
2026-09-18 08:02:48,796 - INFO - Iter: 6944    training-loss, overall: 0.4166635572910309    training-loss, common: 0.16464494168758392    training-loss, specific: 0.40002524852752686    training-loss, reconstruction: 0.4047814905643463    training-loss, contrastive: 1.811635136604309    
2026-09-18 08:02:48,797 - INFO - Iter: 6944    training-metric, acc: 0.9313541666666667    training-metric, acc_spe: 0.8738541666666667    training-metric, auc: 0.9814908854166666    training-metric, eer: 0.04791666666666667    training-metric, ap: 0.9837724385195351    
2026-09-18 08:05:40,195 - INFO - Iter: 7244    training-loss, overall: 0.3905514180660248    training-loss, common: 0.15293101966381073    training-loss, specific: 0.36626601219177246    training-loss, reconstruction: 0.4081660807132721    training-loss, contrastive: 1.5708811283111572    
2026-09-18 08:05:40,195 - INFO - Iter: 7244    training-metric, acc: 0.9333333333333333    training-metric, acc_spe: 0.8892708333333333    training-metric, auc: 0.9843619791666667    training-metric, eer: 0.04708333333333333    training-metric, ap: 0.9856861444892354    
2026-09-18 08:08:32,675 - INFO - Iter: 7544    training-loss, overall: 0.39466047286987305    training-loss, common: 0.15411150455474854    training-loss, specific: 0.38099467754364014    training-loss, reconstruction: 0.40285685658454895    training-loss, contrastive: 1.631848692893982    
2026-09-18 08:08:32,675 - INFO - Iter: 7544    training-metric, acc: 0.9347916666666667    training-metric, acc_spe: 0.8866666666666667    training-metric, auc: 0.9839583333333334    training-metric, eer: 0.0475    training-metric, ap: 0.985825755105288    
2026-09-18 08:09:36,277 - INFO - ===> Test start!
2026-09-18 08:09:36,312 - INFO - data_dict saved to /autodl-fs/data/swa_exp/logs/ucf_2026-09-18-06-52-17/test/Celeb-DF-v2/data_dict_test.pickle
2026-09-18 08:10:04,621 - INFO - dataset: Celeb-DF-v2    step: 7655    testing-loss, common: 1.9991576671600342    
2026-09-18 08:10:04,622 - INFO - dataset: Celeb-DF-v2    step: 7655    testing-metric, acc: 0.4641291108404385    testing-metric, auc: 0.7098448085541057    testing-metric, eer: 0.3508896797153025    testing-metric, ap: 0.8031266069285448    testing-metric, video_auc: 0.7406311962987442    testing-metric, acc_real:0.9147686832740214; acc_fake:0.22962962962962963
2026-09-18 08:10:04,623 - INFO - dataset: avg    step: 7655    testing-metric, acc: 0.4641291108404385    testing-metric, auc: 0.7098448085541057    testing-metric, eer: 0.3508896797153025    testing-metric, ap: 0.8031266069285448    testing-metric, video_auc: 0.7406311962987442    
2026-09-18 08:10:04,624 - INFO - ===> Test Done!
2026-09-18 08:10:06,865 - INFO - Step ckpt saved: step_7655.pth
2026-09-18 08:11:55,587 - INFO - Iter: 7844    training-loss, overall: 0.39082396030426025    training-loss, common: 0.15365789830684662    training-loss, specific: 0.3633500635623932    training-loss, reconstruction: 0.3986770808696747    training-loss, contrastive: 1.624556303024292    
2026-09-18 08:11:55,587 - INFO - Iter: 7844    training-metric, acc: 0.9363541666666667    training-metric, acc_spe: 0.8917708333333333    training-metric, auc: 0.9840755208333334    training-metric, eer: 0.045    training-metric, ap: 0.9862505826166362    
2026-09-18 08:14:46,157 - INFO - Iter: 8144    training-loss, overall: 0.40108874440193176    training-loss, common: 0.16021457314491272    training-loss, specific: 0.3802989721298218    training-loss, reconstruction: 0.39483562111854553    training-loss, contrastive: 1.687868356704712    
2026-09-18 08:14:46,158 - INFO - Iter: 8144    training-metric, acc: 0.9326041666666667    training-metric, acc_spe: 0.885    training-metric, auc: 0.9830924479166666    training-metric, eer: 0.049166666666666664    training-metric, ap: 0.9849693982852116    
2026-09-18 08:17:39,356 - INFO - Iter: 8444    training-loss, overall: 0.3664223849773407    training-loss, common: 0.14254839718341827    training-loss, specific: 0.3425532877445221    training-loss, reconstruction: 0.393818199634552    training-loss, contrastive: 1.4294629096984863    
2026-09-18 08:17:39,356 - INFO - Iter: 8444    training-metric, acc: 0.9398958333333334    training-metric, acc_spe: 0.8957291666666667    training-metric, auc: 0.9858854166666666    training-metric, eer: 0.03916666666666667    training-metric, ap: 0.9876740029715543    
2026-09-18 08:19:16,129 - INFO - ===> Test start!
2026-09-18 08:19:16,164 - INFO - data_dict saved to /autodl-fs/data/swa_exp/logs/ucf_2026-09-18-06-52-17/test/Celeb-DF-v2/data_dict_test.pickle
2026-09-18 08:19:46,646 - INFO - Checkpoint saved to /autodl-fs/data/swa_exp/logs/ucf_2026-09-18-06-52-17/test/Celeb-DF-v2/ckpt_best.pth, current ckpt is 1+2868
2026-09-18 08:19:46,659 - INFO - Metrics saved to /autodl-fs/data/swa_exp/logs/ucf_2026-09-18-06-52-17/test/Celeb-DF-v2/metric_dict_best.pickle
2026-09-18 08:19:46,661 - INFO - dataset: Celeb-DF-v2    step: 8612    testing-loss, common: 1.0909849405288696    
2026-09-18 08:19:46,663 - INFO - dataset: Celeb-DF-v2    step: 8612    testing-metric, acc: 0.5670523751522534    testing-metric, auc: 0.7717882891788586    testing-metric, eer: 0.30177935943060497    testing-metric, ap: 0.8477188625502537    testing-metric, video_auc: 0.8288830138797092    testing-metric, acc_real:0.8829181494661922; acc_fake:0.4026851851851852
2026-09-18 08:19:48,933 - INFO - Checkpoint saved to /autodl-fs/data/swa_exp/logs/ucf_2026-09-18-06-52-17/test/avg/ckpt_best.pth, current ckpt is 1+2868
2026-09-18 08:19:48,940 - INFO - Metrics saved to /autodl-fs/data/swa_exp/logs/ucf_2026-09-18-06-52-17/test/avg/metric_dict_best.pickle
2026-09-18 08:19:48,941 - INFO - dataset: avg    step: 8612    testing-metric, acc: 0.5670523751522534    testing-metric, auc: 0.7717882891788586    testing-metric, eer: 0.30177935943060497    testing-metric, ap: 0.8477188625502537    testing-metric, video_auc: 0.8288830138797092    
2026-09-18 08:19:48,942 - INFO - ===> Test Done!
2026-09-18 08:19:51,226 - INFO - Step ckpt saved: step_8612.pth
2026-09-18 08:21:07,525 - INFO - Iter: 8744    training-loss, overall: 0.3794139325618744    training-loss, common: 0.14803467690944672    training-loss, specific: 0.350345641374588    training-loss, reconstruction: 0.38824939727783203    training-loss, contrastive: 1.597395420074463    
2026-09-18 08:21:07,525 - INFO - Iter: 8744    training-metric, acc: 0.9383333333333334    training-metric, acc_spe: 0.8957291666666667    training-metric, auc: 0.9854166666666667    training-metric, eer: 0.043541666666666666    training-metric, ap: 0.9867390288009497    
2026-09-18 08:24:00,366 - INFO - Iter: 9044    training-loss, overall: 0.3701302111148834    training-loss, common: 0.1443968266248703    training-loss, specific: 0.3464661240577698    training-loss, reconstruction: 0.3905886709690094    training-loss, contrastive: 1.4782050848007202    
2026-09-18 08:24:00,367 - INFO - Iter: 9044    training-metric, acc: 0.9347916666666667    training-metric, acc_spe: 0.8932291666666666    training-metric, auc: 0.9862434895833333    training-metric, eer: 0.048541666666666664    training-metric, ap: 0.9873698384301463    
2026-09-18 08:26:53,136 - INFO - Iter: 9344    training-loss, overall: 0.3582231104373932    training-loss, common: 0.13910652697086334    training-loss, specific: 0.34238189458847046    training-loss, reconstruction: 0.3829326331615448    training-loss, contrastive: 1.3999688625335693    
2026-09-18 08:26:53,136 - INFO - Iter: 9344    training-metric, acc: 0.9445833333333333    training-metric, acc_spe: 0.8936458333333334    training-metric, auc: 0.9871809895833333    training-metric, eer: 0.037083333333333336    training-metric, ap: 0.9883282857979261    
2026-09-18 08:29:02,259 - INFO - ===> Test start!
2026-09-18 08:29:02,294 - INFO - data_dict saved to /autodl-fs/data/swa_exp/logs/ucf_2026-09-18-06-52-17/test/Celeb-DF-v2/data_dict_test.pickle
2026-09-18 08:29:30,641 - INFO - dataset: Celeb-DF-v2    step: 9569    testing-loss, common: 2.115651845932007    
2026-09-18 08:29:30,642 - INFO - dataset: Celeb-DF-v2    step: 9569    testing-metric, acc: 0.4957978075517661    testing-metric, auc: 0.7096731745090286    testing-metric, eer: 0.35480427046263346    testing-metric, ap: 0.8122696648731725    testing-metric, video_auc: 0.7600297422339722    testing-metric, acc_real:0.903202846975089; acc_fake:0.28379629629629627
2026-09-18 08:29:30,643 - INFO - dataset: avg    step: 9569    testing-metric, acc: 0.4957978075517661    testing-metric, auc: 0.7096731745090286    testing-metric, eer: 0.35480427046263346    testing-metric, ap: 0.8122696648731725    testing-metric, video_auc: 0.7600297422339722    
2026-09-18 08:29:30,644 - INFO - ===> Test Done!
2026-09-18 08:29:32,963 - INFO - Step ckpt saved: step_9569.pth
2026-09-18 08:30:16,401 - INFO - Iter: 9644    training-loss, overall: 0.35955145955085754    training-loss, common: 0.13932180404663086    training-loss, specific: 0.3321612477302551    training-loss, reconstruction: 0.3864867687225342    training-loss, contrastive: 1.4213526248931885    
2026-09-18 08:30:16,401 - INFO - Iter: 9644    training-metric, acc: 0.9427083333333334    training-metric, acc_spe: 0.8964583333333334    training-metric, auc: 0.98693359375    training-metric, eer: 0.038125    training-metric, ap: 0.9877919208097582    
2026-09-18 08:33:08,275 - INFO - Iter: 9944    training-loss, overall: 0.36625561118125916    training-loss, common: 0.14083170890808105    training-loss, specific: 0.3455873131752014    training-loss, reconstruction: 0.38745617866516113    training-loss, contrastive: 1.4925663471221924    
2026-09-18 08:33:08,276 - INFO - Iter: 9944    training-metric, acc: 0.9380208333333333    training-metric, acc_spe: 0.89375    training-metric, auc: 0.9864973958333333    training-metric, eer: 0.043333333333333335    training-metric, ap: 0.9873828775463941    
2026-09-18 08:36:00,841 - INFO - Iter: 10244    training-loss, overall: 0.37132659554481506    training-loss, common: 0.14735913276672363    training-loss, specific: 0.34286150336265564    training-loss, reconstruction: 0.38147491216659546    training-loss, contrastive: 1.5047751665115356    
2026-09-18 08:36:00,842 - INFO - Iter: 10244    training-metric, acc: 0.9390625    training-metric, acc_spe: 0.8997916666666667    training-metric, auc: 0.9851497395833333    training-metric, eer: 0.04145833333333333    training-metric, ap: 0.9869689172691997    
2026-09-18 08:38:42,530 - INFO - ===> Test start!
2026-09-18 08:38:42,566 - INFO - data_dict saved to /autodl-fs/data/swa_exp/logs/ucf_2026-09-18-06-52-17/test/Celeb-DF-v2/data_dict_test.pickle
2026-09-18 08:39:10,582 - INFO - dataset: Celeb-DF-v2    step: 10526    testing-loss, common: 1.1218621730804443    
2026-09-18 08:39:10,583 - INFO - dataset: Celeb-DF-v2    step: 10526    testing-metric, acc: 0.584774665042631    testing-metric, auc: 0.6805315589165678    testing-metric, eer: 0.3708185053380783    testing-metric, ap: 0.789414835997341    testing-metric, video_auc: 0.7352610707204229    testing-metric, acc_real:0.7245551601423488; acc_fake:0.5120370370370371
2026-09-18 08:39:10,584 - INFO - dataset: avg    step: 10526    testing-metric, acc: 0.584774665042631    testing-metric, auc: 0.6805315589165678    testing-metric, eer: 0.3708185053380783    testing-metric, ap: 0.789414835997341    testing-metric, video_auc: 0.7352610707204229    
2026-09-18 08:39:10,585 - INFO - ===> Test Done!
2026-09-18 08:39:12,879 - INFO - Step ckpt saved: step_10526.pth
2026-09-18 08:39:23,274 - INFO - Iter: 10544    training-loss, overall: 0.35976701974868774    training-loss, common: 0.13998456299304962    training-loss, specific: 0.3303459584712982    training-loss, reconstruction: 0.3804892599582672    training-loss, contrastive: 1.452021598815918    
2026-09-18 08:39:23,275 - INFO - Iter: 10544    training-metric, acc: 0.9414583333333333    training-metric, acc_spe: 0.896875    training-metric, auc: 0.9865885416666667    training-metric, eer: 0.041041666666666664    training-metric, ap: 0.9882434664040247    
2026-09-18 08:42:17,065 - INFO - Iter: 10844    training-loss, overall: 0.3598192632198334    training-loss, common: 0.14069761335849762    training-loss, specific: 0.3432126045227051    training-loss, reconstruction: 0.37357819080352783    training-loss, contrastive: 1.4545369148254395    
2026-09-18 08:42:17,065 - INFO - Iter: 10844    training-metric, acc: 0.9407291666666666    training-metric, acc_spe: 0.8945833333333333    training-metric, auc: 0.9867578125    training-metric, eer: 0.042291666666666665    training-metric, ap: 0.9875950871838889    
2026-09-18 08:45:10,431 - INFO - Iter: 11144    training-loss, overall: 0.34672999382019043    training-loss, common: 0.13311944901943207    training-loss, specific: 0.3191216289997101    training-loss, reconstruction: 0.3816677927970886    training-loss, contrastive: 1.3439637422561646    
2026-09-18 08:45:10,431 - INFO - Iter: 11144    training-metric, acc: 0.940625    training-metric, acc_spe: 0.8983333333333333    training-metric, auc: 0.9871744791666667    training-metric, eer: 0.03895833333333333    training-metric, ap: 0.9886518102087244    
2026-09-18 08:48:04,027 - INFO - Iter: 11444    training-loss, overall: 0.33744531869888306    training-loss, common: 0.1335494965314865    training-loss, specific: 0.3091484606266022    training-loss, reconstruction: 0.3756134808063507    training-loss, contrastive: 1.2059379816055298    
2026-09-18 08:48:04,028 - INFO - Iter: 11444    training-metric, acc: 0.9459375    training-metric, acc_spe: 0.90625    training-metric, auc: 0.9878255208333333    training-metric, eer: 0.037083333333333336    training-metric, ap: 0.9891285428662858    
2026-09-18 08:48:26,937 - INFO - ===> Test start!
2026-09-18 08:48:26,973 - INFO - data_dict saved to /autodl-fs/data/swa_exp/logs/ucf_2026-09-18-06-52-17/test/Celeb-DF-v2/data_dict_test.pickle
2026-09-18 08:48:55,121 - INFO - dataset: Celeb-DF-v2    step: 11483    testing-loss, common: 1.203183650970459    
2026-09-18 08:48:55,123 - INFO - dataset: Celeb-DF-v2    step: 11483    testing-metric, acc: 0.5775274056029233    testing-metric, auc: 0.7152990312376433    testing-metric, eer: 0.3412811387900356    testing-metric, ap: 0.8081845666260498    testing-metric, video_auc: 0.7658955717118308    testing-metric, acc_real:0.7998220640569395; acc_fake:0.46185185185185185
2026-09-18 08:48:55,123 - INFO - dataset: avg    step: 11483    testing-metric, acc: 0.5775274056029233    testing-metric, auc: 0.7152990312376433    testing-metric, eer: 0.3412811387900356    testing-metric, ap: 0.8081845666260498    testing-metric, video_auc: 0.7658955717118308    
2026-09-18 08:48:55,124 - INFO - ===> Test Done!
2026-09-18 08:48:57,463 - INFO - Step ckpt saved: step_11483.pth
2026-09-18 08:49:00,085 - INFO - ===> Epoch[1] end with testing auc: 
================================ Each dataset best metric ================================ 
| Celeb-DF-v2:  auc=0.7717882891788586 | 
============================================================================================= 
================================== Average best metric ====================================== 
| avg auc: 0.7717882891788586 | 
| Celeb-DF-v2: 0.7717882891788586 | 
=============================================================================================!
2026-09-18 08:49:00,086 - INFO - ===> Epoch[1] end, current lr = 0.000150
2026-09-18 08:49:00,087 - INFO - ===> Epoch[2] start!
2026-09-18 08:49:00,333 - INFO - data_dict saved to /autodl-fs/data/swa_exp/logs/ucf_2026-09-18-06-52-17/train/FF-F2F,FF-DF,FF-FS,FF-NT/data_dict_train.pickle
2026-09-18 08:49:02,326 - INFO - MEMDBG iter0 start alloc=1.67GB reserved=14.11GB
2026-09-18 08:49:03,243 - INFO - Iter: 11488    training-loss, overall: 0.2603801190853119    training-loss, common: 0.08453238010406494    training-loss, specific: 0.23316049575805664    training-loss, reconstruction: 0.384713351726532    training-loss, contrastive: 0.7423535585403442    
2026-09-18 08:49:03,244 - INFO - Iter: 11488    training-metric, acc: 0.96875    training-metric, acc_spe: 0.875    training-metric, auc: 0.9921875    training-metric, eer: 0.0    training-metric, ap: 0.9930555555555556    
2026-09-18 08:49:03,246 - INFO - MEMDBG iter0 end alloc=1.73GB peak=13.29GB
2026-09-18 08:49:03,249 - INFO - MEMDBG iter1 start alloc=1.73GB reserved=14.11GB
2026-09-18 08:49:03,847 - INFO - MEMDBG iter1 end alloc=1.75GB peak=13.29GB
2026-09-18 08:49:03,856 - INFO - MEMDBG iter2 start alloc=1.70GB reserved=14.11GB
2026-09-18 08:49:04,530 - INFO - MEMDBG iter2 end alloc=1.73GB peak=13.29GB
2026-09-18 08:49:04,536 - INFO - MEMDBG iter3 start alloc=1.73GB reserved=14.11GB
2026-09-18 08:49:05,111 - INFO - MEMDBG iter3 end alloc=1.75GB peak=13.29GB
2026-09-18 08:51:56,727 - INFO - Iter: 11788    training-loss, overall: 0.2813810408115387    training-loss, common: 0.1027563139796257    training-loss, specific: 0.27265211939811707    training-loss, reconstruction: 0.352231502532959    training-loss, contrastive: 0.9137996435165405    
2026-09-18 08:51:56,727 - INFO - Iter: 11788    training-metric, acc: 0.9526041666666667    training-metric, acc_spe: 0.9170833333333334    training-metric, auc: 0.99177734375    training-metric, eer: 0.0275    training-metric, ap: 0.9922986413462443    
2026-09-18 08:54:47,231 - INFO - Iter: 12088    training-loss, overall: 0.2723747491836548    training-loss, common: 0.0997597873210907    training-loss, specific: 0.24820618331432343    training-loss, reconstruction: 0.34950512647628784    training-loss, contrastive: 0.8588557243347168    
2026-09-18 08:54:47,231 - INFO - Iter: 12088    training-metric, acc: 0.95375    training-metric, acc_spe: 0.9192708333333334    training-metric, auc: 0.99240234375    training-metric, eer: 0.024791666666666667    training-metric, ap: 0.9927888702463289    
2026-09-18 08:57:37,310 - INFO - Iter: 12388    training-loss, overall: 0.26684707403182983    training-loss, common: 0.0955805703997612    training-loss, specific: 0.24101626873016357    training-loss, reconstruction: 0.3456951975822449    training-loss, contrastive: 0.869123637676239    
2026-09-18 08:57:37,310 - INFO - Iter: 12388    training-metric, acc: 0.9557291666666666    training-metric, acc_spe: 0.9251041666666666    training-metric, auc: 0.9932421875    training-metric, eer: 0.027708333333333335    training-metric, ap: 0.993324834524726    
2026-09-18 08:58:06,390 - INFO - ===> Test start!
2026-09-18 08:58:06,425 - INFO - data_dict saved to /autodl-fs/data/swa_exp/logs/ucf_2026-09-18-06-52-17/test/Celeb-DF-v2/data_dict_test.pickle
2026-09-18 08:58:34,615 - INFO - dataset: Celeb-DF-v2    step: 12440    testing-loss, common: 1.6251300573349    
2026-09-18 08:58:34,617 - INFO - dataset: Celeb-DF-v2    step: 12440    testing-metric, acc: 0.5578562728380024    testing-metric, auc: 0.7348070383550811    testing-metric, eer: 0.3311387900355872    testing-metric, ap: 0.8302944013745003    testing-metric, video_auc: 0.782452081956378    testing-metric, acc_real:0.8565836298932384; acc_fake:0.4024074074074074
2026-09-18 08:58:34,617 - INFO - dataset: avg    step: 12440    testing-metric, acc: 0.5578562728380024    testing-metric, auc: 0.7348070383550811    testing-metric, eer: 0.3311387900355872    testing-metric, ap: 0.8302944013745003    testing-metric, video_auc: 0.782452081956378    
2026-09-18 08:58:34,618 - INFO - ===> Test Done!
2026-09-18 08:58:36,922 - INFO - Step ckpt saved: step_12440.pth
2026-09-18 09:01:00,363 - INFO - Iter: 12688    training-loss, overall: 0.2776089310646057    training-loss, common: 0.1042255088686943    training-loss, specific: 0.2524677515029907    training-loss, reconstruction: 0.34676986932754517    training-loss, contrastive: 0.8821150660514832    
2026-09-18 09:01:00,364 - INFO - Iter: 12688    training-metric, acc: 0.955    training-metric, acc_spe: 0.9211458333333333    training-metric, auc: 0.9918815104166666    training-metric, eer: 0.0275    training-metric, ap: 0.9923131048236951    
2026-09-18 09:03:53,674 - INFO - Iter: 12988    training-loss, overall: 0.2649269700050354    training-loss, common: 0.09800747781991959    training-loss, specific: 0.24109739065170288    training-loss, reconstruction: 0.34424668550491333    training-loss, contrastive: 0.7907173037528992    
2026-09-18 09:03:53,675 - INFO - Iter: 12988    training-metric, acc: 0.9580208333333333    training-metric, acc_spe: 0.9227083333333334    training-metric, auc: 0.99298828125    training-metric, eer: 0.025625    training-metric, ap: 0.9934107814573769    
2026-09-18 09:06:46,814 - INFO - Iter: 13288    training-loss, overall: 0.26344311237335205    training-loss, common: 0.09249962866306305    training-loss, specific: 0.23927827179431915    training-loss, reconstruction: 0.346873015165329    training-loss, contrastive: 0.8590726852416992    
2026-09-18 09:06:46,814 - INFO - Iter: 13288    training-metric, acc: 0.9588541666666667    training-metric, acc_spe: 0.9220833333333334    training-metric, auc: 0.9941015625    training-metric, eer: 0.024166666666666666    training-metric, ap: 0.99430080645437    
2026-09-18 09:07:49,199 - INFO - ===> Test start!
2026-09-18 09:07:49,232 - INFO - data_dict saved to /autodl-fs/data/swa_exp/logs/ucf_2026-09-18-06-52-17/test/Celeb-DF-v2/data_dict_test.pickle
2026-09-18 09:08:17,332 - INFO - dataset: Celeb-DF-v2    step: 13397    testing-loss, common: 1.8327540159225464    
2026-09-18 09:08:17,334 - INFO - dataset: Celeb-DF-v2    step: 13397    testing-metric, acc: 0.5314250913520098    testing-metric, auc: 0.7219323761038619    testing-metric, eer: 0.3371886120996441    testing-metric, ap: 0.8173479192305437    testing-metric, video_auc: 0.7651520158625247    testing-metric, acc_real:0.8679715302491103; acc_fake:0.3562962962962963
2026-09-18 09:08:17,334 - INFO - dataset: avg    step: 13397    testing-metric, acc: 0.5314250913520098    testing-metric, auc: 0.7219323761038619    testing-metric, eer: 0.3371886120996441    testing-metric, ap: 0.8173479192305437    testing-metric, video_auc: 0.7651520158625247    
2026-09-18 09:08:17,335 - INFO - ===> Test Done!
2026-09-18 09:08:19,718 - INFO - Step ckpt saved: step_13397.pth
2026-09-18 09:10:10,153 - INFO - Iter: 13588    training-loss, overall: 0.25163501501083374    training-loss, common: 0.09002929925918579    training-loss, specific: 0.2290908396244049    training-loss, reconstruction: 0.345517635345459    training-loss, contrastive: 0.7008246183395386    
2026-09-18 09:10:10,153 - INFO - Iter: 13588    training-metric, acc: 0.959375    training-metric, acc_spe: 0.928125    training-metric, auc: 0.9936848958333333    training-metric, eer: 0.022916666666666665    training-metric, ap: 0.993810705974462    
2026-09-18 09:13:02,844 - INFO - Iter: 13888    training-loss, overall: 0.26040104031562805    training-loss, common: 0.093848817050457    training-loss, specific: 0.23295937478542328    training-loss, reconstruction: 0.3475177586078644    training-loss, contrastive: 0.780016303062439    
2026-09-18 09:13:02,845 - INFO - Iter: 13888    training-metric, acc: 0.9570833333333333    training-metric, acc_spe: 0.9246875    training-metric, auc: 0.9934049479166667    training-metric, eer: 0.024583333333333332    training-metric, ap: 0.9932983300968302    
2026-09-18 09:15:56,120 - INFO - Iter: 14188    training-loss, overall: 0.2574007213115692    training-loss, common: 0.09064879268407822    training-loss, specific: 0.23689588904380798    training-loss, reconstruction: 0.3453340232372284    training-loss, contrastive: 0.7892396450042725    
2026-09-18 09:15:56,120 - INFO - Iter: 14188    training-metric, acc: 0.9561458333333334    training-metric, acc_spe: 0.9253125    training-metric, auc: 0.9940104166666667    training-metric, eer: 0.025625    training-metric, ap: 0.9939696069591291    
2026-09-18 09:17:31,765 - INFO - ===> Test start!
2026-09-18 09:17:31,799 - INFO - data_dict saved to /autodl-fs/data/swa_exp/logs/ucf_2026-09-18-06-52-17/test/Celeb-DF-v2/data_dict_test.pickle
2026-09-18 09:18:00,136 - INFO - dataset: Celeb-DF-v2    step: 14354    testing-loss, common: 2.262205123901367    
2026-09-18 09:18:00,138 - INFO - dataset: Celeb-DF-v2    step: 14354    testing-metric, acc: 0.49372716199756395    testing-metric, auc: 0.7001377685514696    testing-metric, eer: 0.34893238434163704    testing-metric, ap: 0.8071987675285803    testing-metric, video_auc: 0.7472405816259088    testing-metric, acc_real:0.9001779359430605; acc_fake:0.2822222222222222
2026-09-18 09:18:00,138 - INFO - dataset: avg    step: 14354    testing-metric, acc: 0.49372716199756395    testing-metric, auc: 0.7001377685514696    testing-metric, eer: 0.34893238434163704    testing-metric, ap: 0.8071987675285803    testing-metric, video_auc: 0.7472405816259088    
2026-09-18 09:18:00,139 - INFO - ===> Test Done!
2026-09-18 09:18:02,631 - INFO - Step ckpt saved: step_14354.pth
2026-09-18 09:19:19,897 - INFO - Iter: 14488    training-loss, overall: 0.25971993803977966    training-loss, common: 0.09366637468338013    training-loss, specific: 0.24008023738861084    training-loss, reconstruction: 0.3410325050354004    training-loss, contrastive: 0.7947160005569458    
2026-09-18 09:19:19,898 - INFO - Iter: 14488    training-metric, acc: 0.958125    training-metric, acc_spe: 0.9245833333333333    training-metric, auc: 0.9930078125    training-metric, eer: 0.024375    training-metric, ap: 0.9931919874964458    
2026-09-18 09:22:13,605 - INFO - Iter: 14788    training-loss, overall: 0.26352018117904663    training-loss, common: 0.09526252746582031    training-loss, specific: 0.2388988584280014    training-loss, reconstruction: 0.3426428437232971    training-loss, contrastive: 0.8314998745918274    
2026-09-18 09:22:13,606 - INFO - Iter: 14788    training-metric, acc: 0.9588541666666667    training-metric, acc_spe: 0.9247916666666667    training-metric, auc: 0.9929361979166667    training-metric, eer: 0.0225    training-metric, ap: 0.9934535848912343    
2026-09-18 09:25:06,249 - INFO - Iter: 15088    training-loss, overall: 0.23572953045368195    training-loss, common: 0.07991699129343033    training-loss, specific: 0.22213633358478546    training-loss, reconstruction: 0.3399910628795624    training-loss, contrastive: 0.6320279240608215    
2026-09-18 09:25:06,249 - INFO - Iter: 15088    training-metric, acc: 0.9625    training-metric, acc_spe: 0.9308333333333333    training-metric, auc: 0.9950911458333334    training-metric, eer: 0.02020833333333333    training-metric, ap: 0.9953378944861523    
2026-09-18 09:27:14,540 - INFO - ===> Test start!
2026-09-18 09:27:14,576 - INFO - data_dict saved to /autodl-fs/data/swa_exp/logs/ucf_2026-09-18-06-52-17/test/Celeb-DF-v2/data_dict_test.pickle
2026-09-18 09:27:42,961 - INFO - dataset: Celeb-DF-v2    step: 15311    testing-loss, common: 1.7402669191360474    
2026-09-18 09:27:42,963 - INFO - dataset: Celeb-DF-v2    step: 15311    testing-metric, acc: 0.529415347137637    testing-metric, auc: 0.7174314452352709    testing-metric, eer: 0.347153024911032    testing-metric, ap: 0.8150229403428526    testing-metric, video_auc: 0.7585261070720423    testing-metric, acc_real:0.8642348754448399; acc_fake:0.35518518518518516
2026-09-18 09:27:42,963 - INFO - dataset: avg    step: 15311    testing-metric, acc: 0.529415347137637    testing-metric, auc: 0.7174314452352709    testing-metric, eer: 0.347153024911032    testing-metric, ap: 0.8150229403428526    testing-metric, video_auc: 0.7585261070720423    
2026-09-18 09:27:42,964 - INFO - ===> Test Done!
2026-09-18 09:27:45,446 - INFO - Step ckpt saved: step_15311.pth
2026-09-18 09:28:29,982 - INFO - Iter: 15388    training-loss, overall: 0.2520692050457001    training-loss, common: 0.09063082933425903    training-loss, specific: 0.23067714273929596    training-loss, reconstruction: 0.33884191513061523    training-loss, contrastive: 0.7343589663505554    
2026-09-18 09:28:29,983 - INFO - Iter: 15388    training-metric, acc: 0.9588541666666667    training-metric, acc_spe: 0.925    training-metric, auc: 0.9935091145833334    training-metric, eer: 0.023125    training-metric, ap: 0.9937275675326112    
2026-09-18 09:31:22,601 - INFO - Iter: 15688    training-loss, overall: 0.2524682283401489    training-loss, common: 0.09352042526006699    training-loss, specific: 0.21710950136184692    training-loss, reconstruction: 0.3377225697040558    training-loss, contrastive: 0.7184010744094849    
2026-09-18 09:31:22,602 - INFO - Iter: 15688    training-metric, acc: 0.9589583333333334    training-metric, acc_spe: 0.9316666666666666    training-metric, auc: 0.9929947916666667    training-metric, eer: 0.020416666666666666    training-metric, ap: 0.9931950759168184    
2026-09-18 09:34:16,025 - INFO - Iter: 15988    training-loss, overall: 0.2477346658706665    training-loss, common: 0.08750088512897491    training-loss, specific: 0.228394016623497    training-loss, reconstruction: 0.3392055630683899    training-loss, contrastive: 0.7126566171646118    
2026-09-18 09:34:16,026 - INFO - Iter: 15988    training-metric, acc: 0.96125    training-metric, acc_spe: 0.9222916666666666    training-metric, auc: 0.99388671875    training-metric, eer: 0.02375    training-metric, ap: 0.9939015389180845    
2026-09-18 09:36:56,891 - INFO - ===> Test start!
2026-09-18 09:36:56,926 - INFO - data_dict saved to /autodl-fs/data/swa_exp/logs/ucf_2026-09-18-06-52-17/test/Celeb-DF-v2/data_dict_test.pickle
2026-09-18 09:37:25,254 - INFO - dataset: Celeb-DF-v2    step: 16268    testing-loss, common: 2.3281545639038086    
2026-09-18 09:37:25,256 - INFO - dataset: Celeb-DF-v2    step: 16268    testing-metric, acc: 0.5105968331303289    testing-metric, auc: 0.680570235270858    testing-metric, eer: 0.3676156583629893    testing-metric, ap: 0.7845127568185044    testing-metric, video_auc: 0.7180270984798414    testing-metric, acc_real:0.847508896797153; acc_fake:0.3352777777777778
2026-09-18 09:37:25,256 - INFO - dataset: avg    step: 16268    testing-metric, acc: 0.5105968331303289    testing-metric, auc: 0.680570235270858    testing-metric, eer: 0.3676156583629893    testing-metric, ap: 0.7845127568185044    testing-metric, video_auc: 0.7180270984798414    
2026-09-18 09:37:25,257 - INFO - ===> Test Done!
2026-09-18 09:37:27,704 - INFO - Step ckpt saved: step_16268.pth
2026-09-18 09:37:39,127 - INFO - Iter: 16288    training-loss, overall: 0.24872548878192902    training-loss, common: 0.08820239454507828    training-loss, specific: 0.22221794724464417    training-loss, reconstruction: 0.3396803140640259    training-loss, contrastive: 0.7279455065727234    
2026-09-18 09:37:39,127 - INFO - Iter: 16288    training-metric, acc: 0.9584375    training-metric, acc_spe: 0.9270833333333334    training-metric, auc: 0.9941731770833333    training-metric, eer: 0.027083333333333334    training-metric, ap: 0.9941533790669335    
2026-09-18 09:40:31,543 - INFO - Iter: 16588    training-loss, overall: 0.2513715624809265    training-loss, common: 0.08904260396957397    training-loss, specific: 0.23179660737514496    training-loss, reconstruction: 0.33838707208633423    training-loss, contrastive: 0.7526636719703674    
2026-09-18 09:40:31,544 - INFO - Iter: 16588    training-metric, acc: 0.9582291666666667    training-metric, acc_spe: 0.929375    training-metric, auc: 0.9938736979166667    training-metric, eer: 0.025    training-metric, ap: 0.9939402885696335    
2026-09-18 09:43:23,912 - INFO - Iter: 16888    training-loss, overall: 0.24913300573825836    training-loss, common: 0.08848614245653152    training-loss, specific: 0.2303828001022339    training-loss, reconstruction: 0.3377034068107605    training-loss, contrastive: 0.7259504199028015    
2026-09-18 09:43:23,912 - INFO - Iter: 16888    training-metric, acc: 0.9572916666666667    training-metric, acc_spe: 0.9230208333333333    training-metric, auc: 0.9942317708333334    training-metric, eer: 0.021458333333333333    training-metric, ap: 0.9943081665744021    
2026-09-18 09:46:17,375 - INFO - Iter: 17188    training-loss, overall: 0.2505582273006439    training-loss, common: 0.08910464495420456    training-loss, specific: 0.22209501266479492    training-loss, reconstruction: 0.335942804813385    training-loss, contrastive: 0.7692234516143799    
2026-09-18 09:46:17,376 - INFO - Iter: 17188    training-metric, acc: 0.9578125    training-metric, acc_spe: 0.9317708333333333    training-metric, auc: 0.9936653645833333    training-metric, eer: 0.02375    training-metric, ap: 0.9939248294192627    
2026-09-18 09:46:38,979 - INFO - ===> Test start!
2026-09-18 09:46:39,015 - INFO - data_dict saved to /autodl-fs/data/swa_exp/logs/ucf_2026-09-18-06-52-17/test/Celeb-DF-v2/data_dict_test.pickle
2026-09-18 09:47:07,459 - INFO - dataset: Celeb-DF-v2    step: 17225    testing-loss, common: 1.6848764419555664    
2026-09-18 09:47:07,460 - INFO - dataset: Celeb-DF-v2    step: 17225    testing-metric, acc: 0.5233861144945189    testing-metric, auc: 0.7166607272307896    testing-metric, eer: 0.34288256227758007    testing-metric, ap: 0.8079396293823446    testing-metric, video_auc: 0.765862524785195    testing-metric, acc_real:0.8768683274021353; acc_fake:0.33944444444444444
2026-09-18 09:47:07,461 - INFO - dataset: avg    step: 17225    testing-metric, acc: 0.5233861144945189    testing-metric, auc: 0.7166607272307896    testing-metric, eer: 0.34288256227758007    testing-metric, ap: 0.8079396293823446    testing-metric, video_auc: 0.765862524785195    
2026-09-18 09:47:07,462 - INFO - ===> Test Done!
2026-09-18 09:47:10,094 - INFO - Step ckpt saved: step_17225.pth
2026-09-18 09:47:13,751 - INFO - ===> Epoch[2] end with testing auc: 
================================ Each dataset best metric ================================ 
| Celeb-DF-v2:  auc=0.7717882891788586 | 
============================================================================================= 
================================== Average best metric ====================================== 
| avg auc: 0.7717882891788586 | 
| Celeb-DF-v2: 0.7717882891788586 | 
=============================================================================================!
2026-09-18 09:47:13,753 - INFO - ===> Epoch[2] end, current lr = 0.000051
2026-09-18 09:47:13,755 - INFO - ===> Epoch[3] start!
2026-09-18 09:47:14,010 - INFO - data_dict saved to /autodl-fs/data/swa_exp/logs/ucf_2026-09-18-06-52-17/train/FF-F2F,FF-DF,FF-FS,FF-NT/data_dict_train.pickle
2026-09-18 09:47:16,099 - INFO - MEMDBG iter0 start alloc=1.66GB reserved=14.11GB
2026-09-18 09:47:16,975 - INFO - ===> SWA window open at step 17232 (len=5744 = 1 epochs x 5744, w=0.0625,0.125,0.25,0.5,1)
2026-09-18 09:47:17,840 - INFO - ===> probe batch captured: image(32, 3, 256, 256), label(32,), label_spe(32,)
2026-09-18 09:47:18,591 - INFO - ===> tail_lam=1 ACTIVE from step 17232 (lr 0.0002 -> 0.0002)
2026-09-18 09:47:19,478 - INFO - Iter: 17232    training-loss, overall: 0.2784256041049957    training-loss, common: 0.12149522453546524    training-loss, specific: 0.2556321322917938    training-loss, reconstruction: 0.3513825535774231    training-loss, contrastive: 0.5190480947494507    
2026-09-18 09:47:19,479 - INFO - Iter: 17232    training-metric, acc: 0.875    training-metric, acc_spe: 0.9375    training-metric, auc: 0.98046875    training-metric, eer: 0.125    training-metric, ap: 0.9783496732026143    
2026-09-18 09:47:19,482 - INFO - MEMDBG iter0 end alloc=1.75GB peak=13.29GB
2026-09-18 09:47:19,489 - INFO - MEMDBG iter1 start alloc=1.75GB reserved=14.11GB
2026-09-18 09:47:20,126 - INFO - MEMDBG iter1 end alloc=1.95GB peak=13.31GB
2026-09-18 09:47:20,128 - INFO - MEMDBG iter2 start alloc=1.90GB reserved=14.11GB
2026-09-18 09:47:20,732 - INFO - MEMDBG iter2 end alloc=1.93GB peak=13.46GB
2026-09-18 09:47:20,745 - INFO - MEMDBG iter3 start alloc=1.93GB reserved=14.11GB
2026-09-18 09:47:21,378 - INFO - MEMDBG iter3 end alloc=1.95GB peak=13.48GB
2026-09-18 09:50:27,578 - INFO - Iter: 17532    training-loss, overall: 0.35135847330093384    training-loss, common: 0.13499003648757935    training-loss, specific: 0.3334490656852722    training-loss, reconstruction: 0.3808321952819824    training-loss, contrastive: 1.3754767179489136    
2026-09-18 09:50:27,579 - INFO - Iter: 17532    training-metric, acc: 0.94    training-metric, acc_spe: 0.8980208333333334    training-metric, auc: 0.9871614583333334    training-metric, eer: 0.03895833333333333    training-metric, ap: 0.9879768813861036    
2026-09-18 09:53:34,693 - INFO - Iter: 17832    training-loss, overall: 0.36337602138519287    training-loss, common: 0.14350329339504242    training-loss, specific: 0.32998013496398926    training-loss, reconstruction: 0.38119909167289734    training-loss, contrastive: 1.4502997398376465    
2026-09-18 09:53:34,774 - INFO - Iter: 17832    training-metric, acc: 0.9425    training-metric, acc_spe: 0.8958333333333334    training-metric, auc: 0.9862239583333333    training-metric, eer: 0.03666666666666667    training-metric, ap: 0.9878037950914864    
2026-09-18 09:56:41,874 - INFO - Iter: 18132    training-loss, overall: 0.35729891061782837    training-loss, common: 0.14301392436027527    training-loss, specific: 0.3292895257472992    training-loss, reconstruction: 0.36871984601020813    training-loss, contrastive: 1.4148017168045044    
2026-09-18 09:56:41,875 - INFO - Iter: 18132    training-metric, acc: 0.9426041666666667    training-metric, acc_spe: 0.8991666666666667    training-metric, auc: 0.9854557291666667    training-metric, eer: 0.03958333333333333    training-metric, ap: 0.986731229900742    
2026-09-18 09:57:13,700 - INFO - ===> Test start!
2026-09-18 09:57:13,734 - INFO - data_dict saved to /autodl-fs/data/swa_exp/logs/ucf_2026-09-18-06-52-17/test/Celeb-DF-v2/data_dict_test.pickle
2026-09-18 09:57:42,385 - INFO - dataset: Celeb-DF-v2    step: 18182    testing-loss, common: 2.185800075531006    
2026-09-18 09:57:42,386 - INFO - dataset: Celeb-DF-v2    step: 18182    testing-metric, acc: 0.4705237515225335    testing-metric, auc: 0.6836058636483459    testing-metric, eer: 0.3725978647686833    testing-metric, ap: 0.7977427756681128    testing-metric, video_auc: 0.7339061467283543    testing-metric, acc_real:0.9192170818505339; acc_fake:0.23703703703703705
2026-09-18 09:57:42,387 - INFO - dataset: avg    step: 18182    testing-metric, acc: 0.4705237515225335    testing-metric, auc: 0.6836058636483459    testing-metric, eer: 0.3725978647686833    testing-metric, ap: 0.7977427756681128    testing-metric, video_auc: 0.7339061467283543    
2026-09-18 09:57:42,388 - INFO - ===> Test Done!
2026-09-18 09:57:45,212 - INFO - Step ckpt saved: step_18182.pth
2026-09-18 10:00:21,093 - INFO - Iter: 18432    training-loss, overall: 0.3861270844936371    training-loss, common: 0.1567009836435318    training-loss, specific: 0.36233535408973694    training-loss, reconstruction: 0.367000013589859    training-loss, contrastive: 1.6618520021438599    
2026-09-18 10:00:21,094 - INFO - Iter: 18432    training-metric, acc: 0.9344791666666666    training-metric, acc_spe: 0.8878125    training-metric, auc: 0.9834049479166667    training-metric, eer: 0.04791666666666667    training-metric, ap: 0.9849093012248709    
2026-09-18 10:03:27,977 - INFO - Iter: 18732    training-loss, overall: 0.36638379096984863    training-loss, common: 0.1463446468114853    training-loss, specific: 0.33640462160110474    training-loss, reconstruction: 0.3644712269306183    training-loss, contrastive: 1.5411481857299805    
2026-09-18 10:03:27,978 - INFO - Iter: 18732    training-metric, acc: 0.9352083333333333    training-metric, acc_spe: 0.8945833333333333    training-metric, auc: 0.9853059895833334    training-metric, eer: 0.04604166666666667    training-metric, ap: 0.9864303578039652    
2026-09-18 10:06:34,495 - INFO - Iter: 19032    training-loss, overall: 0.3600454032421112    training-loss, common: 0.14366310834884644    training-loss, specific: 0.33803191781044006    training-loss, reconstruction: 0.366434246301651    training-loss, contrastive: 1.4529765844345093    
2026-09-18 10:06:34,496 - INFO - Iter: 19032    training-metric, acc: 0.9365625    training-metric, acc_spe: 0.8939583333333333    training-metric, auc: 0.9862630208333333    training-metric, eer: 0.042083333333333334    training-metric, ap: 0.9876286868088535    
2026-09-18 10:07:40,499 - INFO - ===> Test start!
2026-09-18 10:07:40,534 - INFO - data_dict saved to /autodl-fs/data/swa_exp/logs/ucf_2026-09-18-06-52-17/test/Celeb-DF-v2/data_dict_test.pickle
2026-09-18 10:08:08,572 - INFO - dataset: Celeb-DF-v2    step: 19139    testing-loss, common: 1.3040482997894287    
2026-09-18 10:08:08,573 - INFO - dataset: Celeb-DF-v2    step: 19139    testing-metric, acc: 0.5200974421437271    testing-metric, auc: 0.7386975171345722    testing-metric, eer: 0.3231316725978648    testing-metric, ap: 0.8304932855754927    testing-metric, video_auc: 0.7859054857898216    testing-metric, acc_real:0.9; acc_fake:0.3224074074074074
2026-09-18 10:08:08,574 - INFO - dataset: avg    step: 19139    testing-metric, acc: 0.5200974421437271    testing-metric, auc: 0.7386975171345722    testing-metric, eer: 0.3231316725978648    testing-metric, ap: 0.8304932855754927    testing-metric, video_auc: 0.7859054857898216    
2026-09-18 10:08:08,575 - INFO - ===> Test Done!
2026-09-18 10:08:11,153 - INFO - Step ckpt saved: step_19139.pth
2026-09-18 10:10:11,496 - INFO - Iter: 19332    training-loss, overall: 0.37066295742988586    training-loss, common: 0.15133509039878845    training-loss, specific: 0.3397614061832428    training-loss, reconstruction: 0.36109569668769836    training-loss, contrastive: 1.5404609441757202    
2026-09-18 10:10:11,497 - INFO - Iter: 19332    training-metric, acc: 0.9366666666666666    training-metric, acc_spe: 0.8959375    training-metric, auc: 0.9840169270833333    training-metric, eer: 0.04541666666666667    training-metric, ap: 0.9859787962848251    
2026-09-18 10:13:16,876 - INFO - Iter: 19632    training-loss, overall: 0.3500591218471527    training-loss, common: 0.13924843072891235    training-loss, specific: 0.33225616812705994    training-loss, reconstruction: 0.3609611690044403    training-loss, contrastive: 1.3859373331069946    
2026-09-18 10:13:16,877 - INFO - Iter: 19632    training-metric, acc: 0.9423958333333333    training-metric, acc_spe: 0.8973958333333333    training-metric, auc: 0.9871484375    training-metric, eer: 0.038125    training-metric, ap: 0.988131372419012    
2026-09-18 10:16:21,776 - INFO - Iter: 19932    training-loss, overall: 0.354053258895874    training-loss, common: 0.1408298909664154    training-loss, specific: 0.32371795177459717    training-loss, reconstruction: 0.3641820251941681    training-loss, contrastive: 1.4319419860839844    
2026-09-18 10:16:21,777 - INFO - Iter: 19932    training-metric, acc: 0.9401041666666666    training-metric, acc_spe: 0.8984375    training-metric, auc: 0.986875    training-metric, eer: 0.043541666666666666    training-metric, ap: 0.9878551804935243    
2026-09-18 10:18:03,404 - INFO - ===> Test start!
2026-09-18 10:18:03,437 - INFO - data_dict saved to /autodl-fs/data/swa_exp/logs/ucf_2026-09-18-06-52-17/test/Celeb-DF-v2/data_dict_test.pickle
2026-09-18 10:18:31,681 - INFO - dataset: Celeb-DF-v2    step: 20096    testing-loss, common: 2.3324859142303467    
2026-09-18 10:18:31,683 - INFO - dataset: Celeb-DF-v2    step: 20096    testing-metric, acc: 0.43112058465286235    testing-metric, auc: 0.6518018979833926    testing-metric, eer: 0.3895017793594306    testing-metric, ap: 0.7652598423804111    testing-metric, video_auc: 0.681890284203569    testing-metric, acc_real:0.9161921708185053; acc_fake:0.1787037037037037
2026-09-18 10:18:31,683 - INFO - dataset: avg    step: 20096    testing-metric, acc: 0.43112058465286235    testing-metric, auc: 0.6518018979833926    testing-metric, eer: 0.3895017793594306    testing-metric, ap: 0.7652598423804111    testing-metric, video_auc: 0.681890284203569    
2026-09-18 10:18:31,684 - INFO - ===> Test Done!
2026-09-18 10:18:34,238 - INFO - Step ckpt saved: step_20096.pth
2026-09-18 10:20:02,999 - INFO - Iter: 20232    training-loss, overall: 0.35983407497406006    training-loss, common: 0.1440095603466034    training-loss, specific: 0.33906644582748413    training-loss, reconstruction: 0.3640762269496918    training-loss, contrastive: 1.4539027214050293    
2026-09-18 10:20:03,075 - INFO - Iter: 20232    training-metric, acc: 0.9411458333333333    training-metric, acc_spe: 0.8991666666666667    training-metric, auc: 0.9860807291666667    training-metric, eer: 0.04416666666666667    training-metric, ap: 0.9874505049807082    
2026-09-18 10:23:17,875 - INFO - Iter: 20532    training-loss, overall: 0.3537890911102295    training-loss, common: 0.14198316633701324    training-loss, specific: 0.33474549651145935    training-loss, reconstruction: 0.35298067331314087    training-loss, contrastive: 1.448743224143982    
2026-09-18 10:23:17,876 - INFO - Iter: 20532    training-metric, acc: 0.9404166666666667    training-metric, acc_spe: 0.8980208333333334    training-metric, auc: 0.9859049479166667    training-metric, eer: 0.03895833333333333    training-metric, ap: 0.9874151023483506    
2026-09-18 10:26:31,086 - INFO - Iter: 20832    training-loss, overall: 0.3537863492965698    training-loss, common: 0.14153772592544556    training-loss, specific: 0.3220894932746887    training-loss, reconstruction: 0.35711896419525146    training-loss, contrastive: 1.4580790996551514    
2026-09-18 10:26:31,087 - INFO - Iter: 20832    training-metric, acc: 0.938125    training-metric, acc_spe: 0.901875    training-metric, auc: 0.9866927083333333    training-metric, eer: 0.03770833333333334    training-metric, ap: 0.9878765777278299    
2026-09-18 10:28:53,168 - INFO - ===> Test start!
2026-09-18 10:28:53,205 - INFO - data_dict saved to /autodl-fs/data/swa_exp/logs/ucf_2026-09-18-06-52-17/test/Celeb-DF-v2/data_dict_test.pickle
2026-09-18 10:29:21,543 - INFO - dataset: Celeb-DF-v2    step: 21053    testing-loss, common: 1.1898540258407593    
2026-09-18 10:29:21,545 - INFO - dataset: Celeb-DF-v2    step: 21053    testing-metric, acc: 0.5444579780755177    testing-metric, auc: 0.7032967164228285    testing-metric, eer: 0.3556939501779359    testing-metric, ap: 0.8074486037210821    testing-metric, video_auc: 0.7514705882352942    testing-metric, acc_real:0.8341637010676156; acc_fake:0.3937037037037037
2026-09-18 10:29:21,546 - INFO - dataset: avg    step: 21053    testing-metric, acc: 0.5444579780755177    testing-metric, auc: 0.7032967164228285    testing-metric, eer: 0.3556939501779359    testing-metric, ap: 0.8074486037210821    testing-metric, video_auc: 0.7514705882352942    
2026-09-18 10:29:21,546 - INFO - ===> Test Done!
2026-09-18 10:29:24,492 - INFO - Step ckpt saved: step_21053.pth
2026-09-18 10:30:16,976 - INFO - Iter: 21132    training-loss, overall: 0.34017789363861084    training-loss, common: 0.1355811208486557    training-loss, specific: 0.30178308486938477    training-loss, reconstruction: 0.35694238543510437    training-loss, contrastive: 1.346714973449707    
2026-09-18 10:30:16,977 - INFO - Iter: 21132    training-metric, acc: 0.9410416666666667    training-metric, acc_spe: 0.9095833333333333    training-metric, auc: 0.9871549479166667    training-metric, eer: 0.043125    training-metric, ap: 0.9884207645065918    
2026-09-18 10:33:31,676 - INFO - Iter: 21432    training-loss, overall: 0.34803974628448486    training-loss, common: 0.14052170515060425    training-loss, specific: 0.3186261057853699    training-loss, reconstruction: 0.35572320222854614    training-loss, contrastive: 1.3787683248519897    
2026-09-18 10:33:31,678 - INFO - Iter: 21432    training-metric, acc: 0.9401041666666666    training-metric, acc_spe: 0.9014583333333334    training-metric, auc: 0.98568359375    training-metric, eer: 0.042708333333333334    training-metric, ap: 0.9873105927269618    
2026-09-18 10:36:50,893 - INFO - Iter: 21732    training-loss, overall: 0.35014215111732483    training-loss, common: 0.14112314581871033    training-loss, specific: 0.3234476149082184    training-loss, reconstruction: 0.3558662235736847    training-loss, contrastive: 1.3982864618301392    
2026-09-18 10:36:50,894 - INFO - Iter: 21732    training-metric, acc: 0.9447916666666667    training-metric, acc_spe: 0.9017708333333333    training-metric, auc: 0.9867317708333333    training-metric, eer: 0.0425    training-metric, ap: 0.9883005123770857    
2026-09-18 10:39:57,387 - INFO - ===> Test start!
2026-09-18 10:39:57,422 - INFO - data_dict saved to /autodl-fs/data/swa_exp/logs/ucf_2026-09-18-06-52-17/test/Celeb-DF-v2/data_dict_test.pickle
2026-09-18 10:40:25,900 - INFO - dataset: Celeb-DF-v2    step: 22010    testing-loss, common: 1.7052431106567383    
2026-09-18 10:40:25,902 - INFO - dataset: Celeb-DF-v2    step: 22010    testing-metric, acc: 0.47801461632155906    testing-metric, auc: 0.7085094569658625    testing-metric, eer: 0.347153024911032    testing-metric, ap: 0.8061572171218715    testing-metric, video_auc: 0.761004626569729    testing-metric, acc_real:0.9106761565836299; acc_fake:0.25287037037037036
2026-09-18 10:40:25,903 - INFO - dataset: avg    step: 22010    testing-metric, acc: 0.47801461632155906    testing-metric, auc: 0.7085094569658625    testing-metric, eer: 0.347153024911032    testing-metric, ap: 0.8061572171218715    testing-metric, video_auc: 0.761004626569729    
2026-09-18 10:40:25,904 - INFO - ===> Test Done!
2026-09-18 10:40:28,482 - INFO - Step ckpt saved: step_22010.pth
2026-09-18 10:40:46,989 - INFO - Iter: 22032    training-loss, overall: 0.35632768273353577    training-loss, common: 0.14511889219284058    training-loss, specific: 0.3236357569694519    training-loss, reconstruction: 0.36046719551086426    training-loss, contrastive: 1.4140945672988892    
2026-09-18 10:40:46,990 - INFO - Iter: 22032    training-metric, acc: 0.9389583333333333    training-metric, acc_spe: 0.9005208333333333    training-metric, auc: 0.9855208333333333    training-metric, eer: 0.03895833333333333    training-metric, ap: 0.987363190267786    
2026-09-18 10:44:15,598 - INFO - Iter: 22332    training-loss, overall: 0.3421465754508972    training-loss, common: 0.1374077945947647    training-loss, specific: 0.3190576732158661    training-loss, reconstruction: 0.35453811287879944    training-loss, contrastive: 1.3294315338134766    
2026-09-18 10:44:15,600 - INFO - Iter: 22332    training-metric, acc: 0.940625    training-metric, acc_spe: 0.8983333333333333    training-metric, auc: 0.98708984375    training-metric, eer: 0.043125    training-metric, ap: 0.9882321459260356    
2026-09-18 10:47:45,977 - INFO - Iter: 22632    training-loss, overall: 0.34692293405532837    training-loss, common: 0.13932114839553833    training-loss, specific: 0.32083892822265625    training-loss, reconstruction: 0.3494883179664612    training-loss, contrastive: 1.4134304523468018    
2026-09-18 10:47:45,979 - INFO - Iter: 22632    training-metric, acc: 0.9397916666666667    training-metric, acc_spe: 0.9046875    training-metric, auc: 0.98771484375    training-metric, eer: 0.03854166666666667    training-metric, ap: 0.9887841521250554    
2026-09-18 10:51:19,677 - INFO - Iter: 22932    training-loss, overall: 0.34156838059425354    training-loss, common: 0.1357859969139099    training-loss, specific: 0.31093835830688477    training-loss, reconstruction: 0.3566471338272095    training-loss, contrastive: 1.3538888692855835    
2026-09-18 10:51:19,677 - INFO - Iter: 22932    training-metric, acc: 0.943125    training-metric, acc_spe: 0.9040625    training-metric, auc: 0.9869010416666667    training-metric, eer: 0.036041666666666666    training-metric, ap: 0.9883953562043443    
2026-09-18 10:51:44,400 - INFO - ===> Test start!
2026-09-18 10:51:44,441 - INFO - data_dict saved to /autodl-fs/data/swa_exp/logs/ucf_2026-09-18-06-52-17/test/Celeb-DF-v2/data_dict_test.pickle
2026-09-18 10:52:13,787 - INFO - dataset: Celeb-DF-v2    step: 22967    testing-loss, common: 1.5744922161102295    
2026-09-18 10:52:13,789 - INFO - dataset: Celeb-DF-v2    step: 22967    testing-metric, acc: 0.5253349573690621    testing-metric, auc: 0.7356603071042573    testing-metric, eer: 0.33362989323843417    testing-metric, ap: 0.8297567403425992    testing-metric, video_auc: 0.7864342366159947    testing-metric, acc_real:0.8948398576512455; acc_fake:0.33305555555555555
2026-09-18 10:52:13,789 - INFO - dataset: avg    step: 22967    testing-metric, acc: 0.5253349573690621    testing-metric, auc: 0.7356603071042573    testing-metric, eer: 0.33362989323843417    testing-metric, ap: 0.8297567403425992    testing-metric, video_auc: 0.7864342366159947    
2026-09-18 10:52:13,790 - INFO - ===> Test Done!
2026-09-18 10:52:16,422 - INFO - Step ckpt saved: step_22967.pth
2026-09-18 10:52:22,553 - INFO - ===> Epoch[3] end with testing auc: 
================================ Each dataset best metric ================================ 
| Celeb-DF-v2:  auc=0.7717882891788586 | 
============================================================================================= 
================================== Average best metric ====================================== 
| avg auc: 0.7717882891788586 | 
| Celeb-DF-v2: 0.7717882891788586 | 
=============================================================================================!
2026-09-18 10:52:22,557 - INFO - ===> Epoch[3] end, current lr = 0.000001
2026-09-18 10:52:22,561 - INFO - Stop Training on best Testing metric 
================================ Each dataset best metric ================================ 
| Celeb-DF-v2:  auc=0.7717882891788586 | 
============================================================================================= 
================================== Average best metric ====================================== 
| avg auc: 0.7717882891788586 | 
| Celeb-DF-v2: 0.7717882891788586 | 
=============================================================================================
2026-09-18 10:52:36,339 - INFO - ===> BN recalibrated over 100 batches
2026-09-18 10:52:48,983 - INFO - ===> BN recalibrated over 100 batches
2026-09-18 10:53:02,191 - INFO - ===> BN recalibrated over 100 batches
2026-09-18 10:53:15,681 - INFO - ===> BN recalibrated over 100 batches
2026-09-18 10:53:28,784 - INFO - ===> BN recalibrated over 100 batches
2026-09-18 10:53:57,942 - INFO - ===> window_end_probe written: J={'0.0625': -0.006359, '0.125': -0.087441, '0.25': -0.069739, '0.5': -0.184554, '1': -0.356868} B=0.019701
2026-09-18 10:54:00,207 - INFO - SWA Checkpoint saved to /autodl-fs/data/swa_exp/logs/ucf_2026-09-18-06-52-17/swa_w0.0625.pth
2026-09-18 10:54:02,400 - INFO - SWA Checkpoint saved to /autodl-fs/data/swa_exp/logs/ucf_2026-09-18-06-52-17/swa_w0.125.pth
2026-09-18 10:54:04,601 - INFO - SWA Checkpoint saved to /autodl-fs/data/swa_exp/logs/ucf_2026-09-18-06-52-17/swa_w0.25.pth
2026-09-18 10:54:06,841 - INFO - SWA Checkpoint saved to /autodl-fs/data/swa_exp/logs/ucf_2026-09-18-06-52-17/swa_w0.5.pth
2026-09-18 10:54:09,119 - INFO - SWA Checkpoint saved to /autodl-fs/data/swa_exp/logs/ucf_2026-09-18-06-52-17/swa_w1.pth
2026-09-18 10:54:09,163 - INFO - data_dict saved to /autodl-fs/data/swa_exp/logs/ucf_2026-09-18-06-52-17/test/Celeb-DF-v2/data_dict_test.pickle
2026-09-18 10:54:37,849 - INFO - Iter Final for SWA (w=0.0625):    testing-metric, acc: 0.5415956151035323    testing-metric, auc: 0.742845813562673    testing-metric, eer: 0.32686832740213523    testing-metric, ap: 0.8283642190249099    testing-metric, pred: [0.00349628 0.55149263 0.73200876 ... 0.26787707 0.9858212  0.6321264 ]    testing-metric, video_auc: 0.7873925974884335    testing-metric, label: [0 1 0 ... 1 1 1]    
2026-09-18 10:54:37,856 - INFO - dataset: avg    step: 0    testing-metric, acc: 0.5415956151035323    testing-metric, auc: 0.742845813562673    testing-metric, eer: 0.32686832740213523    testing-metric, ap: 0.8283642190249099    testing-metric, video_auc: 0.7873925974884335    
2026-09-18 10:54:37,857 - INFO - ===> Test Done!
2026-09-18 10:54:37,857 - INFO - ===> Final SWA testing done! (w=0.0625)
2026-09-18 10:54:37,894 - INFO - data_dict saved to /autodl-fs/data/swa_exp/logs/ucf_2026-09-18-06-52-17/test/Celeb-DF-v2/data_dict_test.pickle
2026-09-18 10:55:06,444 - INFO - Iter Final for SWA (w=0.125):    testing-metric, acc: 0.5447015834348355    testing-metric, auc: 0.7410635956240939    testing-metric, eer: 0.32473309608540923    testing-metric, ap: 0.8302541658366981    testing-metric, pred: [0.00179816 0.5767493  0.6826187  ... 0.13649443 0.5103587  0.8821003 ]    testing-metric, video_auc: 0.7878717779246529    testing-metric, label: [0 1 0 ... 1 1 1]    
2026-09-18 10:55:06,451 - INFO - dataset: avg    step: 0    testing-metric, acc: 0.5447015834348355    testing-metric, auc: 0.7410635956240939    testing-metric, eer: 0.32473309608540923    testing-metric, ap: 0.8302541658366981    testing-metric, video_auc: 0.7878717779246529    
2026-09-18 10:55:06,452 - INFO - ===> Test Done!
2026-09-18 10:55:06,452 - INFO - ===> Final SWA testing done! (w=0.125)
2026-09-18 10:55:06,490 - INFO - data_dict saved to /autodl-fs/data/swa_exp/logs/ucf_2026-09-18-06-52-17/test/Celeb-DF-v2/data_dict_test.pickle
2026-09-18 10:55:35,439 - INFO - Iter Final for SWA (w=0.25):    testing-metric, acc: 0.5250913520097442    testing-metric, auc: 0.7417872429814155    testing-metric, eer: 0.32615658362989325    testing-metric, ap: 0.8333182551858067    testing-metric, pred: [0.00163544 0.5409579  0.39546362 ... 0.00700021 0.04305173 0.83573   ]    testing-metric, video_auc: 0.7868142762723067    testing-metric, label: [0 1 0 ... 1 1 1]    
2026-09-18 10:55:35,446 - INFO - dataset: avg    step: 0    testing-metric, acc: 0.5250913520097442    testing-metric, auc: 0.7417872429814155    testing-metric, eer: 0.32615658362989325    testing-metric, ap: 0.8333182551858067    testing-metric, video_auc: 0.7868142762723067    
2026-09-18 10:55:35,447 - INFO - ===> Test Done!
2026-09-18 10:55:35,447 - INFO - ===> Final SWA testing done! (w=0.25)
2026-09-18 10:55:35,489 - INFO - data_dict saved to /autodl-fs/data/swa_exp/logs/ucf_2026-09-18-06-52-17/test/Celeb-DF-v2/data_dict_test.pickle
2026-09-18 10:56:04,489 - INFO - Iter Final for SWA (w=0.5):    testing-metric, acc: 0.5537758830694275    testing-metric, auc: 0.7242600747989983    testing-metric, eer: 0.33629893238434166    testing-metric, ap: 0.8258075472010253    testing-metric, pred: [0.00120143 0.9040209  0.5153424  ... 0.00215015 0.07251138 0.83697766]    testing-metric, video_auc: 0.7748512888301388    testing-metric, label: [0 1 0 ... 1 1 1]    
2026-09-18 10:56:04,497 - INFO - dataset: avg    step: 0    testing-metric, acc: 0.5537758830694275    testing-metric, auc: 0.7242600747989983    testing-metric, eer: 0.33629893238434166    testing-metric, ap: 0.8258075472010253    testing-metric, video_auc: 0.7748512888301388    
2026-09-18 10:56:04,498 - INFO - ===> Test Done!
2026-09-18 10:56:04,499 - INFO - ===> Final SWA testing done! (w=0.5)
2026-09-18 10:56:04,534 - INFO - data_dict saved to /autodl-fs/data/swa_exp/logs/ucf_2026-09-18-06-52-17/test/Celeb-DF-v2/data_dict_test.pickle
2026-09-18 10:56:33,547 - INFO - Iter Final for SWA (w=1):    testing-metric, acc: 0.5193057247259439    testing-metric, auc: 0.6732674970344009    testing-metric, eer: 0.3724199288256228    testing-metric, ap: 0.801645539850711    testing-metric, pred: [7.6844421e-04 9.8019952e-01 7.4423468e-03 ... 2.6647130e-03 8.2511105e-02
 4.6066654e-01]    testing-metric, video_auc: 0.7557666886979512    testing-metric, label: [0 1 0 ... 1 1 1]    
2026-09-18 10:56:33,555 - INFO - dataset: avg    step: 0    testing-metric, acc: 0.5193057247259439    testing-metric, auc: 0.6732674970344009    testing-metric, eer: 0.3724199288256228    testing-metric, ap: 0.801645539850711    testing-metric, video_auc: 0.7557666886979512    
2026-09-18 10:56:33,556 - INFO - ===> Test Done!
2026-09-18 10:56:33,556 - INFO - ===> Final SWA testing done! (w=1)
2026-09-18 10:56:33,792 - INFO - data_dict saved to /autodl-fs/data/swa_exp/logs/ucf_2026-09-18-06-52-17/test/Celeb-DF-v2/data_dict_test.pickle
2026-09-18 10:57:03,128 - INFO - Iter Final for SWA (w=0.0625, BN recalibrated):    testing-metric, acc: 0.5267965895249695    testing-metric, auc: 0.721236803084223    testing-metric, eer: 0.3414590747330961    testing-metric, ap: 0.8143092602353075    testing-metric, pred: [0.00359275 0.54476523 0.7074371  ... 0.16715439 0.99260736 0.3190821 ]    testing-metric, video_auc: 0.7673165895571712    testing-metric, label: [0 1 0 ... 1 1 1]    
2026-09-18 10:57:03,135 - INFO - dataset: avg    step: 0    testing-metric, acc: 0.5267965895249695    testing-metric, auc: 0.721236803084223    testing-metric, eer: 0.3414590747330961    testing-metric, ap: 0.8143092602353075    testing-metric, video_auc: 0.7673165895571712    
2026-09-18 10:57:03,136 - INFO - ===> Test Done!
2026-09-18 10:57:03,136 - INFO - ===> Final SWA testing done! (w=0.0625, BN recalibrated)
2026-09-18 10:57:03,259 - INFO - data_dict saved to /autodl-fs/data/swa_exp/logs/ucf_2026-09-18-06-52-17/test/Celeb-DF-v2/data_dict_test.pickle
2026-09-18 10:57:32,066 - INFO - Iter Final for SWA (w=0.125, BN recalibrated):    testing-metric, acc: 0.5115712545676004    testing-metric, auc: 0.7195427458152102    testing-metric, eer: 0.3407473309608541    testing-metric, ap: 0.814703045852663    testing-metric, pred: [0.00360797 0.5672639  0.58309    ... 0.08839501 0.83927673 0.40556958]    testing-metric, video_auc: 0.767333113020489    testing-metric, label: [0 1 0 ... 1 1 1]    
2026-09-18 10:57:32,073 - INFO - dataset: avg    step: 0    testing-metric, acc: 0.5115712545676004    testing-metric, auc: 0.7195427458152102    testing-metric, eer: 0.3407473309608541    testing-metric, ap: 0.814703045852663    testing-metric, video_auc: 0.767333113020489    
2026-09-18 10:57:32,074 - INFO - ===> Test Done!
2026-09-18 10:57:32,074 - INFO - ===> Final SWA testing done! (w=0.125, BN recalibrated)
2026-09-18 10:57:32,233 - INFO - data_dict saved to /autodl-fs/data/swa_exp/logs/ucf_2026-09-18-06-52-17/test/Celeb-DF-v2/data_dict_test.pickle
2026-09-18 10:58:01,166 - INFO - Iter Final for SWA (w=0.25, BN recalibrated):    testing-metric, acc: 0.5105359317904994    testing-metric, auc: 0.724336801436668    testing-metric, eer: 0.3389679715302491    testing-metric, ap: 0.8188521284836131    testing-metric, pred: [0.00461152 0.60946125 0.29390824 ... 0.02235204 0.18492793 0.3976293 ]    testing-metric, video_auc: 0.7733972240581626    testing-metric, label: [0 1 0 ... 1 1 1]    
2026-09-18 10:58:01,173 - INFO - dataset: avg    step: 0    testing-metric, acc: 0.5105359317904994    testing-metric, auc: 0.724336801436668    testing-metric, eer: 0.3389679715302491    testing-metric, ap: 0.8188521284836131    testing-metric, video_auc: 0.7733972240581626    
2026-09-18 10:58:01,174 - INFO - ===> Test Done!
2026-09-18 10:58:01,174 - INFO - ===> Final SWA testing done! (w=0.25, BN recalibrated)
2026-09-18 10:58:01,340 - INFO - data_dict saved to /autodl-fs/data/swa_exp/logs/ucf_2026-09-18-06-52-17/test/Celeb-DF-v2/data_dict_test.pickle
2026-09-18 10:58:30,526 - INFO - Iter Final for SWA (w=0.5, BN recalibrated):    testing-metric, acc: 0.5095006090133983    testing-metric, auc: 0.7255611490048768    testing-metric, eer: 0.3398576512455516    testing-metric, ap: 0.8186096884718534    testing-metric, pred: [0.00480858 0.76947075 0.26389444 ... 0.00817947 0.06585629 0.2867371 ]    testing-metric, video_auc: 0.7723727693324521    testing-metric, label: [0 1 0 ... 1 1 1]    
2026-09-18 10:58:30,533 - INFO - dataset: avg    step: 0    testing-metric, acc: 0.5095006090133983    testing-metric, auc: 0.7255611490048768    testing-metric, eer: 0.3398576512455516    testing-metric, ap: 0.8186096884718534    testing-metric, video_auc: 0.7723727693324521    
2026-09-18 10:58:30,534 - INFO - ===> Test Done!
2026-09-18 10:58:30,534 - INFO - ===> Final SWA testing done! (w=0.5, BN recalibrated)
2026-09-18 10:58:30,678 - INFO - data_dict saved to /autodl-fs/data/swa_exp/logs/ucf_2026-09-18-06-52-17/test/Celeb-DF-v2/data_dict_test.pickle
2026-09-18 10:58:59,645 - INFO - Iter Final for SWA (w=1, BN recalibrated):    testing-metric, acc: 0.5066991473812423    testing-metric, auc: 0.7254145001318044    testing-metric, eer: 0.33807829181494664    testing-metric, ap: 0.8192931123720701    testing-metric, pred: [0.00471199 0.85255945 0.17524478 ... 0.00825496 0.07008099 0.22303176]    testing-metric, video_auc: 0.7728684732319894    testing-metric, label: [0 1 0 ... 1 1 1]    
2026-09-18 10:58:59,653 - INFO - dataset: avg    step: 0    testing-metric, acc: 0.5066991473812423    testing-metric, auc: 0.7254145001318044    testing-metric, eer: 0.33807829181494664    testing-metric, ap: 0.8192931123720701    testing-metric, video_auc: 0.7728684732319894    
2026-09-18 10:58:59,654 - INFO - ===> Test Done!
2026-09-18 10:58:59,654 - INFO - ===> Final SWA testing done! (w=1, BN recalibrated)
